需要补齐的港股: 48 只
  [1/48] hk00001 -> yfinance: 0001.HK (现有从2021-08-03开始)
    [限流] retry 1/3, 等待120s
    -> 补充成功, 总行数: 2458
  [2/48] hk00002 -> yfinance: 0002.HK (现有从2021-08-03开始)
    [限流] retry 1/3, 等待120s
    -> 补充成功, 总行数: 2462
  [3/48] hk00003 -> yfinance: 0003.HK (现有从2021-08-03开始)
    -> 补充成功, 总行数: 2462
  [4/48] hk00005 -> yfinance: 0005.HK (现有从2021-08-03开始)
    -> 补充成功, 总行数: 2462
  [5/48] hk00006 -> yfinance: 0006.HK (现有从2021-08-03开始)
    -> 补充成功, 总行数: 2462
  [6/48] hk00011 -> yfinance: 0011.HK (现有从2021-08-03开始)
    [限流] retry 1/3, 等待120s
    [限流] retry 2/3, 等待120s
    [限流] retry 3/3, 等待120s
    -> 3次重试仍失败
  [7/48] hk00012 -> yfinance: 0012.HK (现有从2021-08-03开始)
    [限流] retry 1/3, 等待120s
    [限流] retry 2/3, 等待120s
    [限流] retry 3/3, 等待120s
    -> 3次重试仍失败
  [8/48] hk00016 -> yfinance: 0016.HK (现有从2021-08-03开始)
    [限流] retry 1/3, 等待120s
    -> 补充成功, 总行数: 2462
  [9/48] hk00020 -> yfinance: 0020.HK (现有从2021-12-30开始)
$0020.HK: possibly delisted; no price data found  (1d 2016-04-24 -> 2021-12-30) (Yahoo error = "Data doesn't exist for startDate = 1461427200, endDate = 1640793600")
    -> yfinance返回空数据
$0020.HK: possibly delisted; no price data found  (1d 2016-04-24 -> 2021-12-30) (Yahoo error = "Data doesn't exist for startDate = 1461427200, endDate = 1640793600")
    -> yfinance返回空数据
$0020.HK: possibly delisted; no price data found  (1d 2016-04-24 -> 2021-12-30) (Yahoo error = "Data doesn't exist for startDate = 1461427200, endDate = 1640793600")
    -> yfinance返回空数据
    -> 3次重试仍失败
  [10/48] hk00027 -> yfinance: 0027.HK (现有从2021-08-03开始)
    -> 补充成功, 总行数: 2462
  [11/48] hk00066 -> yfinance: 0066.HK (现有从2021-08-03开始)
    [限流] retry 1/3, 等待120s
    [限流] retry 2/3, 等待120s
    [限流] retry 3/3, 等待120s
    -> 3次重试仍失败
  [12/48] hk00101 -> yfinance: 0101.HK (现有从2021-08-03开始)
    -> 补充成功, 总行数: 2462
  [13/48] hk00175 -> yfinance: 0175.HK (现有从2021-08-03开始)
    -> 补充成功, 总行数: 2462
  [14/48] hk00241 -> yfinance: 0241.HK (现有从2021-08-03开始)
    -> 补充成功, 总行数: 2462
  [15/48] hk00267 -> yfinance: 0267.HK (现有从2021-08-03开始)
    -> 补充成功, 总行数: 2462
  [16/48] hk00268 -> yfinance: 0268.HK (现有从2021-08-03开始)
    -> 补充成功, 总行数: 2462
  [17/48] hk00285 -> yfinance: 0285.HK (现有从2021-08-03开始)
    -> 补充成功, 总行数: 2462
  [18/48] hk00288 -> yfinance: 0288.HK (现有从2021-08-03开始)
    -> 补充成功, 总行数: 2462
  [19/48] hk00291 -> yfinance: 0291.HK (现有从2021-08-03开始)
    -> 补充成功, 总行数: 2462
  [20/48] hk00300 -> yfinance: 0300.HK (现有从2024-09-17开始)
    -> 补充成功, 总行数: 392
  [21/48] hk00316 -> yfinance: 0316.HK (现有从2021-08-03开始)
    -> 补充成功, 总行数: 2462
  [22/48] hk00322 -> yfinance: 0322.HK (现有从2021-08-03开始)
    -> 补充成功, 总行数: 2462
  [23/48] hk00386 -> yfinance: 0386.HK (现有从2021-08-03开始)
    -> 补充成功, 总行数: 2462
  [24/48] hk00388 -> yfinance: 0388.HK (现有从2021-08-03开始)
    -> 补充成功, 总行数: 2462
  [25/48] hk00669 -> yfinance: 0669.HK (现有从2021-08-03开始)
    [限流] retry 1/3, 等待120s
    [限流] retry 2/3, 等待120s
    -> 补充成功, 总行数: 2462
  [26/48] hk00688 -> yfinance: 0688.HK (现有从2021-08-03开始)
    [限流] retry 1/3, 等待120s
    -> 补充成功, 总行数: 2462
  [27/48] hk00700 -> yfinance: 0700.HK (现有从2021-08-03开始)
    -> 补充成功, 总行数: 2462
  [28/48] hk00728 -> yfinance: 0728.HK (现有从2021-08-03开始)
    -> 补充成功, 总行数: 2462
  [29/48] hk00762 -> yfinance: 0762.HK (现有从2021-08-03开始)
    -> 补充成功, 总行数: 2462
  [30/48] hk00780 -> yfinance: 0780.HK (现有从2021-08-03开始)
    -> 补充成功, 总行数: 1820
  [31/48] hk00836 -> yfinance: 0836.HK (现有从2021-08-03开始)
    [限流] retry 1/3, 等待120s
    -> 补充成功, 总行数: 2462
  [32/48] hk00857 -> yfinance: 0857.HK (现有从2021-08-03开始)
    -> 补充成功, 总行数: 2458
  [33/48] hk00868 -> yfinance: 0868.HK (现有从2021-08-03开始)
    -> 补充成功, 总行数: 2458
  [34/48] hk00881 -> yfinance: 0881.HK (现有从2021-08-03开始)
    [限流] retry 1/3, 等待120s
    [限流] retry 2/3, 等待120s
    -> 补充成功, 总行数: 2458
  [35/48] hk00883 -> yfinance: 0883.HK (现有从2021-08-03开始)
    -> 补充成功, 总行数: 2458
  [36/48] hk00939 -> yfinance: 0939.HK (现有从2021-08-03开始)
    -> 补充成功, 总行数: 2458
  [37/48] hk00941 -> yfinance: 0941.HK (现有从2021-08-03开始)
    -> 补充成功, 总行数: 2458
  [38/48] hk00960 -> yfinance: 0960.HK (现有从2021-08-03开始)
    -> 补充成功, 总行数: 2458
  [39/48] hk00968 -> yfinance: 0968.HK (现有从2021-08-03开始)
    -> 补充成功, 总行数: 2458
  [40/48] hk00981 -> yfinance: 0981.HK (现有从2021-08-03开始)
    -> 补充成功, 总行数: 2458
  [41/48] hk00992 -> yfinance: 0992.HK (现有从2021-08-03开始)
    -> 补充成功, 总行数: 2458
  [42/48] hk01698 -> yfinance: 1698.HK (现有从2022-09-21开始)
$1698.HK: possibly delisted; no price data found  (1d 2016-04-24 -> 2022-09-21) (Yahoo error = "Data doesn't exist for startDate = 1461427200, endDate = 1663689600")
    -> yfinance返回空数据
$1698.HK: possibly delisted; no price data found  (1d 2016-04-24 -> 2022-09-21) (Yahoo error = "Data doesn't exist for startDate = 1461427200, endDate = 1663689600")
    -> yfinance返回空数据
$1698.HK: possibly delisted; no price data found  (1d 2016-04-24 -> 2022-09-21) (Yahoo error = "Data doesn't exist for startDate = 1461427200, endDate = 1663689600")
    -> yfinance返回空数据
    -> 3次重试仍失败
  [43/48] hk02015 -> yfinance: 2015.HK (现有从2021-08-12开始)
    [限流] retry 1/3, 等待120s
    [限流] retry 2/3, 等待120s
    [限流] retry 3/3, 等待120s
    -> 3次重试仍失败
  [44/48] hk03750 -> yfinance: 3750.HK (现有从2025-05-20开始)
$3750.HK: possibly delisted; no price data found  (1d 2016-04-24 -> 2025-05-20) (Yahoo error = "Data doesn't exist for startDate = 1461427200, endDate = 1747670400")
    -> yfinance返回空数据
$3750.HK: possibly delisted; no price data found  (1d 2016-04-24 -> 2025-05-20) (Yahoo error = "Data doesn't exist for startDate = 1461427200, endDate = 1747670400")
    -> yfinance返回空数据
$3750.HK: possibly delisted; no price data found  (1d 2016-04-24 -> 2025-05-20) (Yahoo error = "Data doesn't exist for startDate = 1461427200, endDate = 1747670400")
    -> yfinance返回空数据
    -> 3次重试仍失败
  [45/48] hk06181 -> yfinance: 6181.HK (现有从2024-06-28开始)
$6181.HK: possibly delisted; no price data found  (1d 2016-04-24 -> 2024-06-28) (Yahoo error = "Data doesn't exist for startDate = 1461427200, endDate = 1719504000")
    -> yfinance返回空数据
$6181.HK: possibly delisted; no price data found  (1d 2016-04-24 -> 2024-06-28) (Yahoo error = "Data doesn't exist for startDate = 1461427200, endDate = 1719504000")
    -> yfinance返回空数据
$6181.HK: possibly delisted; no price data found  (1d 2016-04-24 -> 2024-06-28) (Yahoo error = "Data doesn't exist for startDate = 1461427200, endDate = 1719504000")
    -> yfinance返回空数据
    -> 3次重试仍失败
  [46/48] hk09660 -> yfinance: 9660.HK (现有从2024-10-24开始)
    [限流] retry 1/3, 等待120s
    [限流] retry 2/3, 等待120s
$9660.HK: possibly delisted; no price data found  (1d 2016-04-24 -> 2024-10-24) (Yahoo error = "Data doesn't exist for startDate = 1461427200, endDate = 1729699200")
    -> yfinance返回空数据
    -> 3次重试仍失败
  [47/48] hk09863 -> yfinance: 9863.HK (现有从2022-09-29开始)
    [限流] retry 1/3, 等待120s
$9863.HK: possibly delisted; no price data found  (1d 2016-04-24 -> 2022-09-29) (Yahoo error = "Data doesn't exist for startDate = 1461427200, endDate = 1664380800")
    -> yfinance返回空数据
$9863.HK: possibly delisted; no price data found  (1d 2016-04-24 -> 2022-09-29) (Yahoo error = "Data doesn't exist for startDate = 1461427200, endDate = 1664380800")
    -> yfinance返回空数据
    -> 3次重试仍失败
  [48/48] hk09866 -> yfinance: 9866.HK (现有从2022-03-10开始)
    [限流] retry 1/3, 等待120s
$9866.HK: possibly delisted; no price data found  (1d 2016-04-24 -> 2022-03-10) (Yahoo error = "Data doesn't exist for startDate = 1461427200, endDate = 1646841600")
    -> yfinance返回空数据
$9866.HK: possibly delisted; no price data found  (1d 2016-04-24 -> 2022-03-10) (Yahoo error = "Data doesn't exist for startDate = 1461427200, endDate = 1646841600")
    -> yfinance返回空数据
    -> 3次重试仍失败

补齐结果: 成功 37, 仍失败 11
空数据
$00669.HK: possibly delisted; no price data found  (1d 2016-04-24 -> 2021-08-03)
    -> yfinance返回空数据
    -> 3次重试仍失败
  [26/48] hk00688 -> yfinance: 00688.HK (现有从2021-08-03开始)
$00688.HK: possibly delisted; no price data found  (1d 2016-04-24 -> 2021-08-03)
    -> yfinance返回空数据
$00688.HK: possibly delisted; no price data found  (1d 2016-04-24 -> 2021-08-03)
    -> yfinance返回空数据
$00688.HK: possibly delisted; no price data found  (1d 2016-04-24 -> 2021-08-03)
    -> yfinance返回空数据
    -> 3次重试仍失败
  [27/48] hk00700 -> yfinance: 00700.HK (现有从2021-08-03开始)
$00700.HK: possibly delisted; no price data found  (1d 2016-04-24 -> 2021-08-03)
    -> yfinance返回空数据
$00700.HK: possibly delisted; no price data found  (1d 2016-04-24 -> 2021-08-03)
    -> yfinance返回空数据
$00700.HK: possibly delisted; no price data found  (1d 2016-04-24 -> 2021-08-03)
    -> yfinance返回空数据
    -> 3次重试仍失败
  [28/48] hk00728 -> yfinance: 00728.HK (现有从2021-08-03开始)
    [限流] retry 1/3, 等待60s
$00728.HK: possibly delisted; no price data found  (1d 2016-04-24 -> 2021-08-03)
    -> yfinance返回空数据
$00728.HK: possibly delisted; no price data found  (1d 2016-04-24 -> 2021-08-03)
    -> yfinance返回空数据
    -> 3次重试仍失败
  [29/48] hk00762 -> yfinance: 00762.HK (现有从2016-04-25开始)
    [限流] retry 1/3, 等待60s
    [限流] retry 2/3, 等待60s
$00762.HK: possibly delisted; no price data found  (1d 2016-04-24 -> 2016-04-25)
    -> yfinance返回空数据
    -> 3次重试仍失败
  [30/48] hk00780 -> yfinance: 00780.HK (现有从2018-11-26开始)
HTTP Error 404: {"quoteSummary":{"result":null,"error":{"code":"Not Found","description":"Quote not found for symbol: 00780.HK"}}}
$00780.HK: possibly delisted; no timezone found
    -> yfinance返回空数据
    [限流] retry 2/3, 等待60s
$00780.HK: possibly delisted; no timezone found
    -> yfinance返回空数据
    -> 3次重试仍失败
  [31/48] hk00836 -> yfinance: 00836.HK (现有从2016-04-25开始)
    [限流] retry 1/3, 等待60s
    [限流] retry 2/3, 等待60s
    [限流] retry 3/3, 等待60s
    -> 3次重试仍失败
  [32/48] hk00857 -> yfinance: 00857.HK (现有从2016-04-25开始)
    [限流] retry 1/3, 等待60s
    [限流] retry 2/3, 等待60s
    [限流] retry 3/3, 等待60s
    -> 3次重试仍失败
  [33/48] hk00868 -> yfinance: 00868.HK (现有从2016-04-25开始)
    [限流] retry 1/3, 等待60s
    [限流] retry 2/3, 等待60s
    [限流] retry 3/3, 等待60s
    -> 3次重试仍失败
  [34/48] hk00881 -> yfinance: 00881.HK (现有从2016-04-25开始)
    [限流] retry 1/3, 等待60s
    [限流] retry 2/3, 等待60s
    [限流] retry 3/3, 等待60s
    -> 3次重试仍失败
  [35/48] hk00883 -> yfinance: 00883.HK (现有从2016-04-25开始)
$00883.HK: possibly delisted; no price data found  (1d 2016-04-24 -> 2016-04-25)
    -> yfinance返回空数据
$00883.HK: possibly delisted; no price data found  (1d 2016-04-24 -> 2016-04-25)
    -> yfinance返回空数据
$00883.HK: possibly delisted; no price data found  (1d 2016-04-24 -> 2016-04-25)
    -> yfinance返回空数据
    -> 3次重试仍失败
  [36/48] hk00939 -> yfinance: 00939.HK (现有从2016-04-25开始)
    [限流] retry 1/3, 等待60s
    [限流] retry 2/3, 等待60s
    [限流] retry 3/3, 等待60s
    -> 3次重试仍失败
  [37/48] hk00941 -> yfinance: 00941.HK (现有从2016-04-25开始)
    [限流] retry 1/3, 等待60s
$00941.HK: possibly delisted; no price data found  (1d 2016-04-24 -> 2016-04-25)
    -> yfinance返回空数据
$00941.HK: possibly delisted; no price data found  (1d 2016-04-24 -> 2016-04-25)
    -> yfinance返回空数据
    -> 3次重试仍失败
  [38/48] hk00960 -> yfinance: 00960.HK (现有从2016-04-25开始)
    [限流] retry 1/3, 等待60s
    [限流] retry 2/3, 等待60s
$00960.HK: possibly delisted; no timezone found
    -> yfinance返回空数据
    -> 3次重试仍失败
  [39/48] hk00968 -> yfinance: 00968.HK (现有从2016-04-25开始)
$00968.HK: possibly delisted; no price data found  (1d 2016-04-24 -> 2016-04-25)
    -> yfinance返回空数据
$00968.HK: possibly delisted; no price data found  (1d 2016-04-24 -> 2016-04-25)
    -> yfinance返回空数据
$00968.HK: possibly delisted; no price data found  (1d 2016-04-24 -> 2016-04-25)
    -> yfinance返回空数据
    -> 3次重试仍失败
  [40/48] hk00981 -> yfinance: 00981.HK (现有从2016-04-25开始)
$00981.HK: possibly delisted; no price data found  (1d 2016-04-24 -> 2016-04-25)
    -> yfinance返回空数据
$00981.HK: possibly delisted; no price data found  (1d 2016-04-24 -> 2016-04-25)
    -> yfinance返回空数据
$00981.HK: possibly delisted; no price data found  (1d 2016-04-24 -> 2016-04-25)
    -> yfinance返回空数据
    -> 3次重试仍失败
  [41/48] hk00992 -> yfinance: 00992.HK (现有从2016-04-25开始)
    [限流] retry 1/3, 等待60s
$00992.HK: possibly delisted; no price data found  (1d 2016-04-24 -> 2016-04-25)
    -> yfinance返回空数据
$00992.HK: possibly delisted; no price data found  (1d 2016-04-24 -> 2016-04-25)
    -> yfinance返回空数据
    -> 3次重试仍失败
  [42/48] hk01698 -> yfinance: 01698.HK (现有从2022-09-21开始)
$01698.HK: possibly delisted; no timezone found
    -> yfinance返回空数据
$01698.HK: possibly delisted; no timezone found
    -> yfinance返回空数据
$01698.HK: possibly delisted; no timezone found
    -> yfinance返回空数据
    -> 3次重试仍失败
  [43/48] hk02015 -> yfinance: 02015.HK (现有从2021-08-12开始)
    [限流] retry 1/3, 等待60s
    [限流] retry 2/3, 等待60s
    [限流] retry 3/3, 等待60s
    -> 3次重试仍失败
  [44/48] hk03750 -> yfinance: 03750.HK (现有从2025-05-20开始)
    [限流] retry 1/3, 等待60s
    [限流] retry 2/3, 等待60s
$03750.HK: possibly delisted; no timezone found
    -> yfinance返回空数据
    -> 3次重试仍失败
  [45/48] hk06181 -> yfinance: 06181.HK (现有从2024-06-28开始)
    [限流] retry 1/3, 等待60s
$06181.HK: possibly delisted; no timezone found
    -> yfinance返回空数据
$06181.HK: possibly delisted; no timezone found
    -> yfinance返回空数据
    -> 3次重试仍失败
  [46/48] hk09660 -> yfinance: 09660.HK (现有从2024-10-24开始)
    [限流] retry 1/3, 等待60s
    [限流] retry 2/3, 等待60s
    [限流] retry 3/3, 等待60s
    -> 3次重试仍失败
  [47/48] hk09863 -> yfinance: 09863.HK (现有从2022-09-29开始)
    [限流] retry 1/3, 等待60s
    [限流] retry 2/3, 等待60s
$09863.HK: possibly delisted; no timezone found
    -> yfinance返回空数据
    -> 3次重试仍失败
  [48/48] hk09866 -> yfinance: 09866.HK (现有从2022-03-10开始)
$09866.HK: possibly delisted; no timezone found
    -> yfinance返回空数据
$09866.HK: possibly delisted; no timezone found
    -> yfinance返回空数据
$09866.HK: possibly delisted; no timezone found
    -> yfinance返回空数据
    -> 3次重试仍失败

补齐结果: 成功 0, 仍失败 48
