======================================================================
简化数据获取脚本 v3
数据源: JQData(试用) + westock-data + yfinance
JQData试用账号限制: 仅2025-01-14~2026-01-21
yfinance可获取近10年数据（可能限流）
======================================================================
auth success 
JQData登录成功

======================================================================
任务1: 中证500成分股数据获取 (JQData)
======================================================================
中证500成分股数量: 500

中证500结果: 成功 0, 跳过 500, 失败 0

======================================================================
任务2: 美股数据补充至近10年 (yfinance)
======================================================================
美股CSV文件数: 463
  [1/463] A (现有从2022-01-03开始)
    [限流] yfinance retry 1/3
    -> 补充成功, 总行数: 2510
  [2/463] AAP (现有从2022-01-03开始)
    [限流] yfinance retry 1/3
    -> 补充成功, 总行数: 2510
  [3/463] AAPL (现有从2021-01-04开始)
    -> 补充成功, 总行数: 2510
  [4/463] ABBV (现有从2022-01-03开始)
    [限流] yfinance retry 1/3
    [限流] yfinance retry 2/3
    -> 补充成功, 总行数: 2510
  [5/463] ABNB (现有从2021-01-04开始)
    -> 补充成功, 总行数: 1343
  [6/463] ABT (现有从2022-01-03开始)
    [限流] yfinance retry 1/3
    -> 补充成功, 总行数: 2510
  [7/463] ACGL (现有从2022-01-03开始)
    -> 补充成功, 总行数: 2510
  [8/463] ACN (现有从2022-01-03开始)
    [限流] yfinance retry 1/3
    [限流] yfinance retry 2/3
    -> 补充成功, 总行数: 2510
  [9/463] ADBE (现有从2021-01-04开始)
    -> 补充成功, 总行数: 2510
  [10/463] ADI (现有从2021-01-04开始)
    -> 补充成功, 总行数: 2510
  [11/463] ADM (现有从2022-01-03开始)
    -> 补充成功, 总行数: 2510
  [12/463] ADP (现有从2021-01-04开始)
    -> 补充成功, 总行数: 2510
  [13/463] ADSK (现有从2021-01-04开始)
    -> 补充成功, 总行数: 2510
  [14/463] AEE (现有从2022-01-03开始)
    -> 补充成功, 总行数: 2510
  [15/463] AEP (现有从2021-01-04开始)
    -> 补充成功, 总行数: 2510
  [16/463] AFL (现有从2022-01-03开始)
    -> 补充成功, 总行数: 2510
  [17/463] AIG (现有从2022-01-03开始)
    -> 补充成功, 总行数: 2510
  [18/463] AJG (现有从2022-01-03开始)
    -> 补充成功, 总行数: 2510
  [19/463] AKAM (现有从2022-01-03开始)
    -> 补充成功, 总行数: 2510
  [20/463] ALB (现有从2022-01-03开始)
    -> 补充成功, 总行数: 2510
  [21/463] ALGN (现有从2022-01-03开始)
    -> 补充成功, 总行数: 2510
  [22/463] ALL (现有从2022-01-03开始)
    -> 补充成功, 总行数: 2510
  [23/463] ALLE (现有从2022-01-03开始)
    [限流] yfinance retry 1/3
    [限流] yfinance retry 2/3
    -> 补充成功, 总行数: 2510
  [24/463] ALNY (现有从2021-01-04开始)
    [限流] yfinance retry 1/3
    [限流] yfinance retry 2/3
    [限流] yfinance retry 3/3
    -> yfinance获取失败
  [25/463] AMAT (现有从2021-01-04开始)
    -> 补充成功, 总行数: 2510
  [26/463] AMCR (现有从2022-01-03开始)
    -> 补充成功, 总行数: 2510
  [27/463] AMD (现有从2021-01-04开始)
    -> 补充成功, 总行数: 2510
  [28/463] AME (现有从2022-01-03开始)
    -> 补充成功, 总行数: 2510
  [29/463] AMGN (现有从2021-01-04开始)
    -> 补充成功, 总行数: 2510
  [30/463] AMP (现有从2022-01-03开始)
    -> 补充成功, 总行数: 2510
  [31/463] AMT (现有从2022-01-03开始)
    -> 补充成功, 总行数: 2510
  [32/463] AMZN (现有从2021-01-04开始)
    -> 补充成功, 总行数: 2510
  [33/463] ANET (现有从2022-01-03开始)
    -> 补充成功, 总行数: 2510
  [34/463] AON (现有从2022-01-03开始)
    -> 补充成功, 总行数: 2510
  [35/463] AOS (现有从2022-01-03开始)
    -> 补充成功, 总行数: 2510
  [36/463] APA (现有从2022-01-03开始)
    -> 补充成功, 总行数: 2510
  [37/463] APD (现有从2022-01-03开始)
    -> 补充成功, 总行数: 2510
  [38/463] APH (现有从2022-01-03开始)
    -> 补充成功, 总行数: 2510
  [39/463] APO (现有从2022-01-03开始)
    -> 补充成功, 总行数: 2510
  [40/463] APP (现有从2021-04-15开始)
    [限流] yfinance retry 1/3
    [限流] yfinance retry 2/3
$APP: possibly delisted; no price data found  (1d 2016-04-24 -> 2021-04-15) (Yahoo error = "Data doesn't exist for startDate = 1461470400, endDate = 1618459200")
    -> yfinance获取失败
  [41/463] APT (现有从2022-01-03开始)
    -> 补充成功, 总行数: 2510
  [42/463] ARES (现有从2022-01-03开始)
    -> 补充成功, 总行数: 2510
  [43/463] ARM (现有从2023-09-14开始)
$ARM: possibly delisted; no price data found  (1d 2016-04-24 -> 2023-09-14) (Yahoo error = "Data doesn't exist for startDate = 1461470400, endDate = 1694664000")
    -> yfinance获取失败
  [44/463] ASML (现有从2021-01-04开始)
    -> 补充成功, 总行数: 2510
  [45/463] ATO (现有从2022-01-03开始)
    [限流] yfinance retry 1/3
    [限流] yfinance retry 2/3
    [限流] yfinance retry 3/3
    -> yfinance获取失败
  [46/463] AVB (现有从2022-01-03开始)
    [限流] yfinance retry 1/3
    -> 补充成功, 总行数: 2510
  [47/463] AVGO (现有从2021-01-04开始)
    -> 补充成功, 总行数: 2510
  [48/463] AVY (现有从2022-01-03开始)
    -> 补充成功, 总行数: 2510
  [49/463] AWK (现有从2022-01-03开始)
    -> 补充成功, 总行数: 2510
  [50/463] AXON (现有从2021-01-04开始)
    -> 补充成功, 总行数: 2510
  [51/463] AXP (现有从2022-01-03开始)
    -> 补充成功, 总行数: 2510
  [52/463] AZO (现有从2022-01-03开始)
    -> 补充成功, 总行数: 2510
  [53/463] BA (现有从2022-01-03开始)
    [限流] yfinance retry 1/3
    -> 补充成功, 总行数: 2510
  [54/463] BAC (现有从2022-01-03开始)
    -> 补充成功, 总行数: 2510
  [55/463] BALL (现有从2022-05-10开始)
    -> 补充成功, 总行数: 2510
  [56/463] BAX (现有从2022-01-03开始)
    -> 补充成功, 总行数: 2510
  [57/463] BBY (现有从2022-01-03开始)
    [限流] yfinance retry 1/3
    -> 补充成功, 总行数: 2510
  [58/463] BDX (现有从2022-01-03开始)
    -> 补充成功, 总行数: 2510
  [59/463] BEN (现有从2022-01-03开始)
    -> 补充成功, 总行数: 2510
  [60/463] BF.B (现有从2022-01-03开始)
$BF.B: possibly delisted; no price data found  (1d 2016-04-24 -> 2022-01-03)
    -> yfinance获取失败
  [61/463] BIIB (现有从2022-01-03开始)
    -> 补充成功, 总行数: 2510
  [62/463] BK (现有从2022-01-03开始)
    -> 补充成功, 总行数: 2510
  [63/463] BKNG (现有从2021-01-04开始)
    -> 补充成功, 总行数: 2510
  [64/463] BKR (现有从2021-01-04开始)
    -> 补充成功, 总行数: 2510
  [65/463] BLDR (现有从2022-01-03开始)
    -> 补充成功, 总行数: 2510
  [66/463] BLK (现有从2022-01-03开始)
    -> 补充成功, 总行数: 2510
  [67/463] BMY (现有从2022-01-03开始)
    -> 补充成功, 总行数: 2510
  [68/463] BR (现有从2022-01-03开始)
    -> 补充成功, 总行数: 2510
  [69/463] BRK.B (现有从2022-01-03开始)
$BRK.B: possibly delisted; no timezone found
    -> yfinance获取失败
  [70/463] BRO (现有从2022-01-03开始)
    -> 补充成功, 总行数: 2510
  [71/463] BSX (现有从2022-01-03开始)
    -> 补充成功, 总行数: 2510
  [72/463] BX (现有从2022-01-03开始)
    -> 补充成功, 总行数: 2510
  [73/463] BXP (现有从2022-01-03开始)
    [限流] yfinance retry 1/3
    [限流] yfinance retry 2/3
    [限流] yfinance retry 3/3
    -> yfinance获取失败
  [74/463] C (现有从2022-01-03开始)
    [限流] yfinance retry 1/3
    [限流] yfinance retry 2/3
    [限流] yfinance retry 3/3
    -> yfinance获取失败
  [75/463] CARR (现有从2022-01-03开始)
    -> 补充成功, 总行数: 1528
  [76/463] CAT (现有从2022-01-03开始)
    -> 补充成功, 总行数: 2510
  [77/463] CB (现有从2022-01-03开始)
    -> 补充成功, 总行数: 2510
  [78/463] CBOE (现有从2022-01-03开始)
    -> 补充成功, 总行数: 2510
  [79/463] CBRE (现有从2022-01-03开始)
    -> 补充成功, 总行数: 2510
  [80/463] CCEP (现有从2021-01-04开始)
    [限流] yfinance retry 1/3
    [限流] yfinance retry 2/3
    [限流] yfinance retry 3/3
    -> yfinance获取失败
  [81/463] CCI (现有从2022-01-03开始)
    -> 补充成功, 总行数: 2510
  [82/463] CCL (现有从2022-01-03开始)
    -> 补充成功, 总行数: 2510
  [83/463] CDNS (现有从2021-01-04开始)
    -> 补充成功, 总行数: 2510
  [84/463] CDW (现有从2022-01-03开始)
    -> 补充成功, 总行数: 2510
  [85/463] CE (现有从2022-01-03开始)
    -> 补充成功, 总行数: 2510
  [86/463] CEG (现有从2022-01-19开始)
    [限流] yfinance retry 1/3
$CEG: possibly delisted; no price data found  (1d 2016-04-24 -> 2022-01-19) (Yahoo error = "Data doesn't exist for startDate = 1461470400, endDate = 1642568400")
    -> yfinance获取失败
  [87/463] CF (现有从2022-01-03开始)
    -> 补充成功, 总行数: 2510
  [88/463] CFG (现有从2022-01-03开始)
    -> 补充成功, 总行数: 2510
  [89/463] CHD (现有从2022-01-03开始)
    -> 补充成功, 总行数: 2510
  [90/463] CHRW (现有从2022-01-03开始)
    [限流] yfinance retry 1/3
    -> 补充成功, 总行数: 2510
  [91/463] CHTR (现有从2021-01-04开始)
    -> 补充成功, 总行数: 2510
  [92/463] CI (现有从2022-01-03开始)
    -> 补充成功, 总行数: 2510
  [93/463] CIEN (现有从2022-01-03开始)
    [限流] yfinance retry 1/3
    -> 补充成功, 总行数: 2510
  [94/463] CINF (现有从2022-01-03开始)
    -> 补充成功, 总行数: 2510
  [95/463] CL (现有从2022-01-03开始)
    [限流] yfinance retry 1/3
    -> 补充成功, 总行数: 2510
  [96/463] CLX (现有从2022-01-03开始)
    -> 补充成功, 总行数: 2510
  [97/463] CMCSA (现有从2021-01-04开始)
    -> 补充成功, 总行数: 2510
  [98/463] CME (现有从2022-01-03开始)
    -> 补充成功, 总行数: 2510
  [99/463] CMG (现有从2022-01-03开始)
    -> 补充成功, 总行数: 2510
  [100/463] CMI (现有从2022-01-03开始)
    -> 补充成功, 总行数: 2510
  [101/463] CMS (现有从2022-01-03开始)
    -> 补充成功, 总行数: 2510
  [102/463] CNC (现有从2022-01-03开始)
    -> 补充成功, 总行数: 2510
  [103/463] CNP (现有从2022-01-03开始)
    -> 补充成功, 总行数: 2510
  [104/463] COF (现有从2022-01-03开始)
    -> 补充成功, 总行数: 2510
  [105/463] COIN (现有从2022-01-03开始)
    [限流] yfinance retry 1/3
    [限流] yfinance retry 2/3
    [限流] yfinance retry 3/3
    -> yfinance获取失败
  [106/463] COO (现有从2023-09-26开始)
    -> 补充成功, 总行数: 2510
  [107/463] COP (现有从2022-01-03开始)
    [限流] yfinance retry 1/3
    [限流] yfinance retry 2/3
    [限流] yfinance retry 3/3
    -> yfinance获取失败
  [108/463] COR (现有从2023-08-30开始)
    -> 补充成功, 总行数: 2510
  [109/463] COST (现有从2021-01-04开始)
    -> 补充成功, 总行数: 2510
  [110/463] COTY (现有从2022-01-03开始)
    -> 补充成功, 总行数: 2510
  [111/463] CPAY (现有从2024-03-25开始)
    -> 补充成功, 总行数: 2510
  [112/463] CPB (现有从2024-08-19开始)
    -> 补充成功, 总行数: 2510
  [113/463] CPRT (现有从2021-01-04开始)
    -> 补充成功, 总行数: 2510
  [114/463] CRH (现有从2023-09-25开始)
    -> 补充成功, 总行数: 2510
  [115/463] CRM (现有从2022-01-03开始)
    -> 补充成功, 总行数: 2510
  [116/463] CROX (现有从2022-01-03开始)
    -> 补充成功, 总行数: 2510
  [117/463] CRWD (现有从2021-01-04开始)
    [限流] yfinance retry 1/3
    [限流] yfinance retry 2/3
    [限流] yfinance retry 3/3
    -> yfinance获取失败
  [118/463] CSX (现有从2021-01-04开始)
    [限流] yfinance retry 1/3
    -> 补充成功, 总行数: 2510
  [119/463] CTAS (现有从2021-01-04开始)
    -> 补充成功, 总行数: 2510
  [120/463] CTRA (现有从2022-01-03开始)
    -> 补充成功, 总行数: 2510
  [121/463] CTSH (现有从2021-01-04开始)
    -> 补充成功, 总行数: 2510
  [122/463] CTVA (现有从2022-01-03开始)
    -> 补充成功, 总行数: 1734
  [123/463] CVNA (现有从2022-01-03开始)
    -> 补充成功, 总行数: 2255
  [124/463] CVS (现有从2022-01-03开始)
    -> 补充成功, 总行数: 2510
  [125/463] CVX (现有从2022-01-03开始)
    [限流] yfinance retry 1/3
    -> 补充成功, 总行数: 2510
  [126/463] D (现有从2022-01-03开始)
    [限流] yfinance retry 1/3
    -> 补充成功, 总行数: 2510
  [127/463] DAL (现有从2022-01-03开始)
    -> 补充成功, 总行数: 2510
  [128/463] DASH (现有从2021-01-04开始)
    -> 补充成功, 总行数: 1344
  [129/463] DAY (现有从2024-02-01开始)
    [限流] yfinance retry 1/3
    [限流] yfinance retry 2/3
    [限流] yfinance retry 3/3
    -> yfinance获取失败
  [130/463] DD (现有从2022-01-03开始)
    [限流] yfinance retry 1/3
    [限流] yfinance retry 2/3
    [限流] yfinance retry 3/3
    -> yfinance获取失败
  [131/463] DDOG (现有从2021-01-04开始)
    -> 补充成功, 总行数: 1653
  [132/463] DECK (现有从2022-01-03开始)
    [限流] yfinance retry 1/3
    [限流] yfinance retry 2/3
    [限流] yfinance retry 3/3
    -> yfinance获取失败
  [133/463] DELL (现有从2022-01-03开始)
    [限流] yfinance retry 1/3
    -> 补充成功, 总行数: 2430
  [134/463] DHI (现有从2022-01-03开始)
    -> 补充成功, 总行数: 2510
  [135/463] DHR (现有从2022-01-03开始)
    [限流] yfinance retry 1/3
    [限流] yfinance retry 2/3
    [限流] yfinance retry 3/3
    -> yfinance获取失败
  [136/463] DIS (现有从2022-01-03开始)
    [限流] yfinance retry 1/3
    [限流] yfinance retry 2/3
    -> 补充成功, 总行数: 2510
  [137/463] DLR (现有从2022-01-03开始)
    -> 补充成功, 总行数: 2510
  [138/463] DLTR (现有从2022-01-03开始)
    -> 补充成功, 总行数: 2510
  [139/463] DOV (现有从2022-01-03开始)
    -> 补充成功, 总行数: 2510
  [140/463] DRI (现有从2022-01-03开始)
    [限流] yfinance retry 1/3
    [限流] yfinance retry 2/3
    -> 补充成功, 总行数: 2510
  [141/463] DTE (现有从2022-01-03开始)
    -> 补充成功, 总行数: 2510
  [142/463] DUK (现有从2022-01-03开始)
    -> 补充成功, 总行数: 2510
  [143/463] DVA (现有从2022-01-03开始)
    -> 补充成功, 总行数: 2510
  [144/463] DVN (现有从2022-01-03开始)
    -> 补充成功, 总行数: 2510
  [145/463] DXCM (现有从2021-01-04开始)
    -> 补充成功, 总行数: 2510
  [146/463] EA (现有从2021-01-04开始)
    -> 补充成功, 总行数: 2510
  [147/463] ECL (现有从2022-01-03开始)
    [限流] yfinance retry 1/3
    -> 补充成功, 总行数: 2510
  [148/463] ED (现有从2022-01-03开始)
    -> 补充成功, 总行数: 2510
  [149/463] EFX (现有从2022-01-03开始)
    -> 补充成功, 总行数: 2510
  [150/463] EG (现有从2023-07-10开始)
    -> 补充成功, 总行数: 2510
  [151/463] EIX (现有从2022-01-03开始)
    -> 补充成功, 总行数: 2510
  [152/463] EL (现有从2022-01-03开始)
    -> 补充成功, 总行数: 2510
  [153/463] ELV (现有从2022-06-28开始)
    -> 补充成功, 总行数: 2510
  [154/463] EME (现有从2022-01-03开始)
    -> 补充成功, 总行数: 2510
  [155/463] EMN (现有从2022-01-03开始)
    -> 补充成功, 总行数: 2510
  [156/463] EMR (现有从2022-01-03开始)
    -> 补充成功, 总行数: 2510
  [157/463] ENPH (现有从2022-01-03开始)
    -> 补充成功, 总行数: 2510
  [158/463] EOG (现有从2022-01-03开始)
    -> 补充成功, 总行数: 2510
  [159/463] EPAM (现有从2022-01-03开始)
    -> 补充成功, 总行数: 2510
  [160/463] EQIX (现有从2022-01-03开始)
    -> 补充成功, 总行数: 2510
  [161/463] EQR (现有从2022-01-03开始)
    -> 补充成功, 总行数: 2510
  [162/463] EQT (现有从2022-01-03开始)
    -> 补充成功, 总行数: 2510
  [163/463] ERIC (现有从2022-01-03开始)
    -> 补充成功, 总行数: 2510
  [164/463] ES (现有从2022-01-03开始)
    -> 补充成功, 总行数: 2510
  [165/463] ESS (现有从2022-01-03开始)
    -> 补充成功, 总行数: 2510
  [166/463] ETN (现有从2022-01-03开始)
    -> 补充成功, 总行数: 2510
  [167/463] ETR (现有从2022-01-03开始)
    -> 补充成功, 总行数: 2510
  [168/463] ETSY (现有从2025-10-13开始)
    -> 补充成功, 总行数: 2510
  [169/463] EVRG (现有从2022-12-28开始)
    -> 补充成功, 总行数: 2510
  [170/463] EW (现有从2022-01-03开始)
    -> 补充成功, 总行数: 2510
  [171/463] EXC (现有从2021-01-04开始)
    -> 补充成功, 总行数: 2510
  [172/463] EXPD (现有从2023-11-21开始)
    -> 补充成功, 总行数: 2510
  [173/463] EXR (现有从2022-01-03开始)
    -> 补充成功, 总行数: 2510
  [174/463] F (现有从2022-01-03开始)
    [限流] yfinance retry 1/3
    [限流] yfinance retry 2/3
    -> 补充成功, 总行数: 2510
  [175/463] FANG (现有从2021-01-04开始)
    -> 补充成功, 总行数: 2510
  [176/463] FAST (现有从2021-01-04开始)
    -> 补充成功, 总行数: 2510
  [177/463] FDS (现有从2022-01-03开始)
    -> 补充成功, 总行数: 2510
  [178/463] FDX (现有从2022-01-03开始)
    -> 补充成功, 总行数: 2510
  [179/463] FE (现有从2022-01-03开始)
    -> 补充成功, 总行数: 2510
  [180/463] FER (现有从2021-01-08开始)
    -> 补充成功, 总行数: 1858
  [181/463] FFIV (现有从2022-01-03开始)
    -> 补充成功, 总行数: 2510
  [182/463] FICO (现有从2022-01-03开始)
    -> 补充成功, 总行数: 2510
  [183/463] FIS (现有从2022-01-03开始)
    -> 补充成功, 总行数: 2510
  [184/463] FISV (现有从2025-11-11开始)
    -> 补充成功, 总行数: 2510
  [185/463] FITB (现有从2022-01-03开始)
    -> 补充成功, 总行数: 2510
  [186/463] FIX (现有从2022-01-03开始)
    -> 补充成功, 总行数: 2510
  [187/463] FMC (现有从2022-01-03开始)
    -> 补充成功, 总行数: 2510
  [188/463] FMX (现有从2022-01-03开始)
    [限流] yfinance retry 1/3
    -> 补充成功, 总行数: 2510
  [189/463] FNV (现有从2022-01-03开始)
    -> 补充成功, 总行数: 2510
  [190/463] FOX (现有从2022-01-03开始)
    -> 补充成功, 总行数: 1785
  [191/463] FOXA (现有从2022-01-03开始)
    -> 补充成功, 总行数: 1786
  [192/463] FRT (现有从2022-01-03开始)
    -> 补充成功, 总行数: 2510
  [193/463] FSLR (现有从2022-01-03开始)
    -> 补充成功, 总行数: 2510
  [194/463] FTNT (现有从2021-01-04开始)
    -> 补充成功, 总行数: 2510
  [195/463] FTV (现有从2022-01-03开始)
    -> 补充成功, 总行数: 2461
  [196/463] GD (现有从2022-01-03开始)
    -> 补充成功, 总行数: 2510
  [197/463] GDDY (现有从2022-01-03开始)
    -> 补充成功, 总行数: 2510
  [198/463] GE (现有从2022-01-03开始)
    -> 补充成功, 总行数: 2510
  [199/463] GEHC (现有从2022-12-15开始)
    [限流] yfinance retry 1/3
$GEHC: possibly delisted; no price data found  (1d 2016-04-24 -> 2022-12-15) (Yahoo error = "Data doesn't exist for startDate = 1461470400, endDate = 1671080400")
    -> yfinance获取失败
  [200/463] GEV (现有从2024-04-02开始)
    -> 补充成功, 总行数: 516
  [201/463] GILD (现有从2021-01-04开始)
    -> 补充成功, 总行数: 2510
  [202/463] GL (现有从2022-01-03开始)
    -> 补充成功, 总行数: 2510
  [203/463] GLW (现有从2022-01-03开始)
    -> 补充成功, 总行数: 2510
  [204/463] GM (现有从2022-01-03开始)
    -> 补充成功, 总行数: 2510
  [205/463] GNRC (现有从2022-01-03开始)
    -> 补充成功, 总行数: 2510
  [206/463] GPC (现有从2022-01-03开始)
    -> 补充成功, 总行数: 2510
  [207/463] GPN (现有从2022-01-03开始)
    -> 补充成功, 总行数: 2510
  [208/463] GRMN (现有从2022-01-03开始)
    -> 补充成功, 总行数: 2510
  [209/463] GS (现有从2022-01-03开始)
    -> 补充成功, 总行数: 2510
  [210/463] GWW (现有从2022-01-03开始)
    -> 补充成功, 总行数: 2510
  [211/463] HAL (现有从2022-01-03开始)
    -> 补充成功, 总行数: 2510
  [212/463] HAS (现有从2022-01-03开始)
    -> 补充成功, 总行数: 2510
  [213/463] HCA (现有从2022-01-03开始)
    -> 补充成功, 总行数: 2510
  [214/463] HD (现有从2022-01-03开始)
    -> 补充成功, 总行数: 2510
  [215/463] HIG (现有从2022-01-03开始)
    -> 补充成功, 总行数: 2510
  [216/463] HLT (现有从2022-01-03开始)
    -> 补充成功, 总行数: 2510
  [217/463] HOLX (现有从2022-01-03开始)
    -> 补充成功, 总行数: 2501
  [218/463] HON (现有从2021-01-04开始)
    -> 补充成功, 总行数: 2510
  [219/463] HPE (现有从2022-01-03开始)
    -> 补充成功, 总行数: 2510
  [220/463] HPQ (现有从2022-01-03开始)
    -> 补充成功, 总行数: 2510
  [221/463] HRL (现有从2022-01-03开始)
    -> 补充成功, 总行数: 2510
  [222/463] HSIC (现有从2022-01-03开始)
    -> 补充成功, 总行数: 2510
  [223/463] HSY (现有从2022-01-03开始)
    -> 补充成功, 总行数: 2510
  [224/463] HUBB (现有从2022-01-03开始)
    -> 补充成功, 总行数: 2510
  [225/463] HUM (现有从2022-01-03开始)
    -> 补充成功, 总行数: 2510
  [226/463] HWM (现有从2022-01-03开始)
    -> 补充成功, 总行数: 2377
  [227/463] IBM (现有从2022-01-03开始)
    -> 补充成功, 总行数: 2510
  [228/463] ICE (现有从2022-01-03开始)
    -> 补充成功, 总行数: 2510
  [229/463] IDXX (现有从2021-01-04开始)
    -> 补充成功, 总行数: 2510
  [230/463] IEX (现有从2022-01-03开始)
    -> 补充成功, 总行数: 2510
  [231/463] IFF (现有从2022-01-03开始)
    -> 补充成功, 总行数: 2510
  [232/463] INCY (现有从2022-01-03开始)
    -> 补充成功, 总行数: 2510
  [233/463] INFY (现有从2022-01-03开始)
    -> 补充成功, 总行数: 2510
  [234/463] INGR (现有从2022-01-03开始)
    -> 补充成功, 总行数: 2510
  [235/463] INSM (现有从2021-01-04开始)
    -> 补充成功, 总行数: 2510
  [236/463] INTC (现有从2021-01-04开始)
    -> 补充成功, 总行数: 2510
  [237/463] INTU (现有从2021-01-04开始)
    -> 补充成功, 总行数: 2510
  [238/463] IP (现有从2022-01-03开始)
    -> 补充成功, 总行数: 2510
  [239/463] IQV (现有从2022-01-03开始)
    -> 补充成功, 总行数: 2510
  [240/463] IR (现有从2022-01-03开始)
    -> 补充成功, 总行数: 2245
  [241/463] IRM (现有从2022-01-03开始)
    -> 补充成功, 总行数: 2510
  [242/463] ISRG (现有从2021-01-04开始)
    -> 补充成功, 总行数: 2510
  [243/463] IT (现有从2022-01-03开始)
    -> 补充成功, 总行数: 2510
  [244/463] ITW (现有从2022-01-03开始)
    -> 补充成功, 总行数: 2510
  [245/463] IVZ (现有从2022-01-03开始)
    -> 补充成功, 总行数: 2510
  [246/463] J (现有从2022-01-03开始)
    -> 补充成功, 总行数: 2510
  [247/463] JBHT (现有从2022-01-03开始)
    -> 补充成功, 总行数: 2510
  [248/463] JBL (现有从2022-01-03开始)
    -> 补充成功, 总行数: 2510
  [249/463] JCI (现有从2022-01-03开始)
    -> 补充成功, 总行数: 2510
  [250/463] JKHY (现有从2022-01-03开始)
    -> 补充成功, 总行数: 2510
  [251/463] JNJ (现有从2022-01-03开始)
    -> 补充成功, 总行数: 2510
  [252/463] JPM (现有从2022-01-03开始)
    -> 补充成功, 总行数: 2510
  [253/463] K (现有从2022-01-03开始)
    [限流] yfinance retry 1/3
    [限流] yfinance retry 2/3
$K: possibly delisted; no timezone found
    -> yfinance获取失败
  [254/463] KDP (现有从2021-01-04开始)
    -> 补充成功, 总行数: 2510
  [255/463] KEY (现有从2022-01-03开始)
    -> 补充成功, 总行数: 2510
  [256/463] KEYS (现有从2022-01-03开始)
    -> 补充成功, 总行数: 2510
  [257/463] KHC (现有从2021-01-04开始)
    -> 补充成功, 总行数: 2510
  [258/463] KIM (现有从2022-01-03开始)
    -> 补充成功, 总行数: 2510
  [259/463] KLAC (现有从2021-01-04开始)
    -> 补充成功, 总行数: 2510
  [260/463] KMB (现有从2025-05-30开始)
    -> 补充成功, 总行数: 2510
  [261/463] KMI (现有从2022-01-03开始)
    -> 补充成功, 总行数: 2510
  [262/463] KMX (现有从2022-01-03开始)
    -> 补充成功, 总行数: 2510
  [263/463] KO (现有从2022-01-03开始)
    -> 补充成功, 总行数: 2510
  [264/463] KR (现有从2022-01-03开始)
    -> 补充成功, 总行数: 2510
  [265/463] KVUE (现有从2023-05-04开始)
$KVUE: possibly delisted; no price data found  (1d 2016-04-24 -> 2023-05-04) (Yahoo error = "Data doesn't exist for startDate = 1461470400, endDate = 1683172800")
    -> yfinance获取失败
  [266/463] L (现有从2022-01-03开始)
    -> 补充成功, 总行数: 2510
  [267/463] LHX (现有从2022-01-03开始)
    -> 补充成功, 总行数: 2510
  [268/463] LII (现有从2022-01-03开始)
    -> 补充成功, 总行数: 2510
  [269/463] LIN (现有从2021-01-04开始)
    -> 补充成功, 总行数: 2510
  [270/463] LLY (现有从2022-01-03开始)
    -> 补充成功, 总行数: 2510
  [271/463] LMT (现有从2022-01-03开始)
    -> 补充成功, 总行数: 2510
  [272/463] LNT (现有从2022-01-03开始)
    -> 补充成功, 总行数: 2510
  [273/463] LOW (现有从2022-01-03开始)
    -> 补充成功, 总行数: 2510
  [274/463] LRCX (现有从2021-01-04开始)
    -> 补充成功, 总行数: 2510
  [275/463] LULU (现有从2022-01-03开始)
    -> 补充成功, 总行数: 2510
  [276/463] LUV (现有从2022-01-03开始)
    -> 补充成功, 总行数: 2510
  [277/463] LVS (现有从2022-01-03开始)
    -> 补充成功, 总行数: 2510
  [278/463] LYB (现有从2022-01-03开始)
    -> 补充成功, 总行数: 2510
  [279/463] LYV (现有从2022-01-03开始)
    -> 补充成功, 总行数: 2510
  [280/463] MAA (现有从2022-01-03开始)
    -> 补充成功, 总行数: 2510
  [281/463] MAR (现有从2021-01-04开始)
    -> 补充成功, 总行数: 2510
  [282/463] MAS (现有从2022-01-03开始)
    -> 补充成功, 总行数: 2510
  [283/463] MCD (现有从2022-01-03开始)
    -> 补充成功, 总行数: 2510
  [284/463] MCHP (现有从2021-01-04开始)
    -> 补充成功, 总行数: 2510
  [285/463] MCK (现有从2022-01-03开始)
    -> 补充成功, 总行数: 2510
  [286/463] MDLZ (现有从2021-01-04开始)
    -> 补充成功, 总行数: 2510
  [287/463] MDT (现有从2022-01-03开始)
    -> 补充成功, 总行数: 2510
  [288/463] MELI (现有从2021-01-04开始)
    -> 补充成功, 总行数: 2510
  [289/463] MET (现有从2022-01-03开始)
    -> 补充成功, 总行数: 2510
  [290/463] MGM (现有从2022-01-03开始)
    -> 补充成功, 总行数: 2510
  [291/463] MHK (现有从2022-01-03开始)
    -> 补充成功, 总行数: 2510
  [292/463] MKC (现有从2022-01-03开始)
    -> 补充成功, 总行数: 2510
  [293/463] MLM (现有从2022-01-03开始)
    -> 补充成功, 总行数: 2510
  [294/463] MMC (现有从2022-01-03开始)
    [限流] yfinance retry 1/3
$MMC: possibly delisted; no timezone found
    -> yfinance获取失败
  [295/463] MMM (现有从2022-01-03开始)
    -> 补充成功, 总行数: 2510
  [296/463] MNST (现有从2021-01-04开始)
    -> 补充成功, 总行数: 2510
  [297/463] MOS (现有从2022-01-03开始)
    -> 补充成功, 总行数: 2510
  [298/463] MPC (现有从2022-01-03开始)
    -> 补充成功, 总行数: 2510
  [299/463] MPWR (现有从2021-01-04开始)
    -> 补充成功, 总行数: 2510
  [300/463] MRK (现有从2022-01-03开始)
    -> 补充成功, 总行数: 2510
  [301/463] MRNA (现有从2022-01-03开始)
    -> 补充成功, 总行数: 1849
  [302/463] MRVL (现有从2021-01-04开始)
    -> 补充成功, 总行数: 2510
  [303/463] MS (现有从2022-01-03开始)
    -> 补充成功, 总行数: 2510
  [304/463] MSCI (现有从2022-01-03开始)
    -> 补充成功, 总行数: 2510
  [305/463] MSI (现有从2022-01-03开始)
    -> 补充成功, 总行数: 2510
  [306/463] MSTR (现有从2021-01-04开始)
    -> 补充成功, 总行数: 2510
  [307/463] MU (现有从2021-01-04开始)
    -> 补充成功, 总行数: 2510
  [308/463] NDAQ (现有从2022-01-03开始)
    -> 补充成功, 总行数: 2510
  [309/463] NDSN (现有从2022-01-03开始)
    -> 补充成功, 总行数: 2510
  [310/463] NEE (现有从2022-01-03开始)
    -> 补充成功, 总行数: 2510
  [311/463] NEM (现有从2022-01-03开始)
    -> 补充成功, 总行数: 2510
  [312/463] NFLX (现有从2021-01-04开始)
    -> 补充成功, 总行数: 2510
  [313/463] NI (现有从2022-01-03开始)
    -> 补充成功, 总行数: 2510
  [314/463] NKE (现有从2022-01-03开始)
    -> 补充成功, 总行数: 2510
  [315/463] NOC (现有从2022-01-03开始)
    -> 补充成功, 总行数: 2510
  [316/463] NOV (现有从2022-01-03开始)
    -> 补充成功, 总行数: 2510
  [317/463] NTRS (现有从2022-01-03开始)
    -> 补充成功, 总行数: 2510
  [318/463] NUE (现有从2022-01-03开始)
    -> 补充成功, 总行数: 2510
  [319/463] NVR (现有从2022-01-03开始)
    -> 补充成功, 总行数: 2510
  [320/463] NXPI (现有从2021-01-04开始)
    -> 补充成功, 总行数: 2510
  [321/463] O (现有从2022-01-03开始)
    -> 补充成功, 总行数: 2510
  [322/463] ODFL (现有从2021-01-04开始)
    -> 补充成功, 总行数: 2510
  [323/463] OKE (现有从2022-01-03开始)
    -> 补充成功, 总行数: 2510
  [324/463] OMC (现有从2022-01-03开始)
    -> 补充成功, 总行数: 2510
  [325/463] ON (现有从2022-01-03开始)
    -> 补充成功, 总行数: 2510
  [326/463] ORCL (现有从2022-01-03开始)
    -> 补充成功, 总行数: 2510
  [327/463] ORLY (现有从2021-01-04开始)
    -> 补充成功, 总行数: 2510
  [328/463] OXY (现有从2022-01-03开始)
    -> 补充成功, 总行数: 2510
  [329/463] PANW (现有从2021-01-04开始)
    -> 补充成功, 总行数: 2510
  [330/463] PAYC (现有从2022-01-03开始)
    -> 补充成功, 总行数: 2510
  [331/463] PAYX (现有从2021-01-04开始)
    -> 补充成功, 总行数: 2510
  [332/463] PCAR (现有从2021-01-04开始)
    -> 补充成功, 总行数: 2510
  [333/463] PCG (现有从2022-01-03开始)
    -> 补充成功, 总行数: 2510
  [334/463] PDD (现有从2021-01-04开始)
    -> 补充成功, 总行数: 1942
  [335/463] PEG (现有从2022-01-03开始)
    -> 补充成功, 总行数: 2510
  [336/463] PEP (现有从2022-01-03开始)
    -> 补充成功, 总行数: 2510
  [337/463] PFE (现有从2022-01-03开始)
    -> 补充成功, 总行数: 2510
  [338/463] PFG (现有从2022-01-03开始)
    -> 补充成功, 总行数: 2510
  [339/463] PG (现有从2022-01-03开始)
    -> 补充成功, 总行数: 2510
  [340/463] PGR (现有从2022-01-03开始)
    -> 补充成功, 总行数: 2510
  [341/463] PH (现有从2022-01-03开始)
    -> 补充成功, 总行数: 2510
  [342/463] PHM (现有从2022-01-03开始)
    -> 补充成功, 总行数: 2510
  [343/463] PLD (现有从2022-01-03开始)
    -> 补充成功, 总行数: 2510
  [344/463] PLTR (现有从2021-01-04开始)
    -> 补充成功, 总行数: 1393
  [345/463] PM (现有从2022-01-03开始)
    -> 补充成功, 总行数: 2510
  [346/463] PNC (现有从2022-01-03开始)
    -> 补充成功, 总行数: 2510
  [347/463] PNR (现有从2022-01-03开始)
    -> 补充成功, 总行数: 2510
  [348/463] PNW (现有从2022-01-03开始)
    -> 补充成功, 总行数: 2510
  [349/463] POOL (现有从2022-01-03开始)
    -> 补充成功, 总行数: 2510
  [350/463] PPG (现有从2022-01-03开始)
    -> 补充成功, 总行数: 2510
  [351/463] PPL (现有从2022-01-03开始)
    -> 补充成功, 总行数: 2510
  [352/463] PRU (现有从2022-01-03开始)
    -> 补充成功, 总行数: 2510
  [353/463] PSA (现有从2022-01-03开始)
    -> 补充成功, 总行数: 2510
  [354/463] PSX (现有从2022-01-03开始)
    -> 补充成功, 总行数: 2510
  [355/463] PTON (现有从2022-01-03开始)
    -> 补充成功, 总行数: 1648
  [356/463] PWR (现有从2022-01-03开始)
    -> 补充成功, 总行数: 2510
  [357/463] PYPL (现有从2021-01-04开始)
    -> 补充成功, 总行数: 2510
  [358/463] QCOM (现有从2021-01-04开始)
    -> 补充成功, 总行数: 2510
  [359/463] QRVO (现有从2022-01-03开始)
    -> 补充成功, 总行数: 2510
  [360/463] RCL (现有从2022-01-03开始)
    -> 补充成功, 总行数: 2510
  [361/463] REGN (现有从2021-01-04开始)
    -> 补充成功, 总行数: 2510
  [362/463] RF (现有从2022-01-03开始)
    -> 补充成功, 总行数: 2510
  [363/463] RHI (现有从2022-01-03开始)
    -> 补充成功, 总行数: 2510
  [364/463] RL (现有从2022-01-03开始)
    -> 补充成功, 总行数: 2510
  [365/463] RMD (现有从2022-01-03开始)
    -> 补充成功, 总行数: 2510
  [366/463] ROK (现有从2022-01-03开始)
    -> 补充成功, 总行数: 2510
  [367/463] ROL (现有从2022-01-03开始)
    -> 补充成功, 总行数: 2510
  [368/463] ROP (现有从2021-01-04开始)
    -> 补充成功, 总行数: 2510
  [369/463] ROST (现有从2021-01-04开始)
    -> 补充成功, 总行数: 2510
  [370/463] RSG (现有从2022-01-03开始)
    -> 补充成功, 总行数: 2510
  [371/463] RTX (现有从2022-01-03开始)
    -> 补充成功, 总行数: 2510
  [372/463] RVTY (现有从2023-05-16开始)
    -> 补充成功, 总行数: 2510
  [373/463] SBAC (现有从2022-01-03开始)
    -> 补充成功, 总行数: 2510
  [374/463] SBUX (现有从2021-01-04开始)
    -> 补充成功, 总行数: 2510
  [375/463] SCHW (现有从2022-01-03开始)
    -> 补充成功, 总行数: 2510
  [376/463] SHOP (现有从2021-01-04开始)
    -> 补充成功, 总行数: 2510
  [377/463] SHW (现有从2022-01-03开始)
    -> 补充成功, 总行数: 2510
  [378/463] SIRI (现有从2022-01-03开始)
    -> 补充成功, 总行数: 2510
  [379/463] SLB (现有从2022-01-03开始)
    -> 补充成功, 总行数: 2510
  [380/463] SNA (现有从2022-01-03开始)
    -> 补充成功, 总行数: 2510
  [381/463] SNPS (现有从2021-01-04开始)
    -> 补充成功, 总行数: 2510
  [382/463] SO (现有从2022-01-03开始)
    -> 补充成功, 总行数: 2510
  [383/463] SOLV (现有从2024-04-01开始)
    -> 补充成功, 总行数: 517
  [384/463] SPG (现有从2022-01-03开始)
    -> 补充成功, 总行数: 2510
  [385/463] SPGI (现有从2022-01-03开始)
    -> 补充成功, 总行数: 2510
  [386/463] SRE (现有从2022-01-03开始)
    -> 补充成功, 总行数: 2510
  [387/463] STE (现有从2022-01-03开始)
    -> 补充成功, 总行数: 2510
  [388/463] STLD (现有从2022-01-03开始)
    -> 补充成功, 总行数: 2510
  [389/463] STX (现有从2021-01-04开始)
    -> 补充成功, 总行数: 2510
  [390/463] STZ (现有从2022-01-03开始)
    -> 补充成功, 总行数: 2510
  [391/463] SW (现有从2024-07-08开始)
    -> 补充成功, 总行数: 2510
  [392/463] SWK (现有从2022-01-03开始)
    -> 补充成功, 总行数: 2510
  [393/463] SWKS (现有从2022-01-03开始)
    -> 补充成功, 总行数: 2510
  [394/463] SYF (现有从2022-01-03开始)
    -> 补充成功, 总行数: 2510
  [395/463] SYK (现有从2022-01-03开始)
    -> 补充成功, 总行数: 2510
  [396/463] SYY (现有从2022-01-03开始)
    -> 补充成功, 总行数: 2510
  [397/463] T (现有从2022-01-03开始)
    -> 补充成功, 总行数: 2510
  [398/463] TAP (现有从2022-01-03开始)
    -> 补充成功, 总行数: 2510
  [399/463] TDG (现有从2022-01-03开始)
    -> 补充成功, 总行数: 2510
  [400/463] TDY (现有从2022-01-03开始)
    -> 补充成功, 总行数: 2510
  [401/463] TEAM (现有从2021-01-04开始)
    -> 补充成功, 总行数: 2510
  [402/463] TEL (现有从2022-01-03开始)
    -> 补充成功, 总行数: 2510
  [403/463] TER (现有从2022-01-03开始)
    -> 补充成功, 总行数: 2510
  [404/463] TFC (现有从2022-01-03开始)
    -> 补充成功, 总行数: 2510
  [405/463] TGT (现有从2022-01-03开始)
    -> 补充成功, 总行数: 2510
  [406/463] TMO (现有从2022-01-03开始)
    -> 补充成功, 总行数: 2510
  [407/463] TMUS (现有从2021-01-04开始)
    -> 补充成功, 总行数: 2510
  [408/463] TPL (现有从2022-01-03开始)
    -> 补充成功, 总行数: 2510
  [409/463] TPR (现有从2022-01-03开始)
    -> 补充成功, 总行数: 2510
  [410/463] TRGP (现有从2022-01-03开始)
    -> 补充成功, 总行数: 2510
  [411/463] TRI (现有从2025-02-25开始)
    -> 补充成功, 总行数: 2510
  [412/463] TRMB (现有从2022-01-03开始)
    -> 补充成功, 总行数: 2510
  [413/463] TROW (现有从2022-01-03开始)
    -> 补充成功, 总行数: 2510
  [414/463] TRV (现有从2022-01-03开始)
    -> 补充成功, 总行数: 2510
  [415/463] TSCO (现有从2022-01-03开始)
    -> 补充成功, 总行数: 2510
  [416/463] TSLA (现有从2022-01-03开始)
    -> 补充成功, 总行数: 2510
  [417/463] TSN (现有从2022-01-03开始)
    -> 补充成功, 总行数: 2510
  [418/463] TTD (现有从2022-01-03开始)
    -> 补充成功, 总行数: 2406
  [419/463] TTWO (现有从2021-01-04开始)
    -> 补充成功, 总行数: 2510
  [420/463] TXN (现有从2021-01-04开始)
    -> 补充成功, 总行数: 2510
  [421/463] TXT (现有从2022-01-03开始)
    -> 补充成功, 总行数: 2510
  [422/463] UDR (现有从2022-01-03开始)
    -> 补充成功, 总行数: 2510
  [423/463] UHS (现有从2022-01-03开始)
    -> 补充成功, 总行数: 2510
  [424/463] UNP (现有从2022-01-03开始)
    -> 补充成功, 总行数: 2510
  [425/463] UPS (现有从2022-01-03开始)
    -> 补充成功, 总行数: 2510
  [426/463] URI (现有从2022-01-03开始)
    -> 补充成功, 总行数: 2510
  [427/463] USB (现有从2022-01-03开始)
    -> 补充成功, 总行数: 2510
  [428/463] V (现有从2022-01-03开始)
    -> 补充成功, 总行数: 2510
  [429/463] VFC (现有从2022-01-03开始)
    -> 补充成功, 总行数: 2510
  [430/463] VICI (现有从2022-01-03开始)
    -> 补充成功, 总行数: 2084
  [431/463] VLO (现有从2022-01-03开始)
    -> 补充成功, 总行数: 2510
  [432/463] VRSK (现有从2021-01-04开始)
    -> 补充成功, 总行数: 2510
  [433/463] VRSN (现有从2022-01-03开始)
    -> 补充成功, 总行数: 2510
  [434/463] VRT (现有从2022-01-03开始)
    -> 补充成功, 总行数: 1937
  [435/463] VRTX (现有从2021-01-04开始)
    -> 补充成功, 总行数: 2510
  [436/463] VST (现有从2022-01-03开始)
    -> 补充成功, 总行数: 2396
  [437/463] VTRS (现有从2022-01-03开始)
    -> 补充成功, 总行数: 2510
  [438/463] VZ (现有从2022-01-03开始)
    -> 补充成功, 总行数: 2510
  [439/463] WAB (现有从2022-01-03开始)
    -> 补充成功, 总行数: 2510
  [440/463] WAL (现有从2022-01-03开始)
    -> 补充成功, 总行数: 2510
  [441/463] WAT (现有从2022-01-03开始)
    -> 补充成功, 总行数: 2510
  [442/463] WBA (现有从2022-01-03开始)
    [限流] yfinance retry 1/3
$WBA: possibly delisted; no timezone found
    -> yfinance获取失败
  [443/463] WBD (现有从2022-04-11开始)
    -> 补充成功, 总行数: 2510
  [444/463] WDAY (现有从2021-01-04开始)
    -> 补充成功, 总行数: 2510
  [445/463] WDC (现有从2022-01-03开始)
    -> 补充成功, 总行数: 2510
  [446/463] WEC (现有从2022-01-03开始)
    -> 补充成功, 总行数: 2510
  [447/463] WELL (现有从2022-01-03开始)
    -> 补充成功, 总行数: 2510
  [448/463] WFC (现有从2022-01-03开始)
    -> 补充成功, 总行数: 2510
  [449/463] WM (现有从2022-01-03开始)
    -> 补充成功, 总行数: 2510
  [450/463] WMB (现有从2022-01-03开始)
    -> 补充成功, 总行数: 2510
  [451/463] WMT (现有从2025-12-09开始)
    -> 补充成功, 总行数: 2510
  [452/463] WRB (现有从2022-01-03开始)
    -> 补充成功, 总行数: 2510
  [453/463] WSM (现有从2022-01-03开始)
    -> 补充成功, 总行数: 2510
  [454/463] WST (现有从2022-01-03开始)
    -> 补充成功, 总行数: 2510
  [455/463] WY (现有从2022-01-03开始)
    -> 补充成功, 总行数: 2510
  [456/463] WYNN (现有从2022-01-03开始)
    -> 补充成功, 总行数: 2510
  [457/463] XEL (现有从2022-01-03开始)
    -> 补充成功, 总行数: 2510
  [458/463] XOM (现有从2022-01-03开始)
    -> 补充成功, 总行数: 2510
  [459/463] XYL (现有从2022-01-03开始)
    -> 补充成功, 总行数: 2510
  [460/463] YUM (现有从2022-01-03开始)
    -> 补充成功, 总行数: 2510
  [461/463] ZBH (现有从2022-01-03开始)
    -> 补充成功, 总行数: 2510
  [462/463] ZS (现有从2022-01-03开始)
    -> 补充成功, 总行数: 2033
  [463/463] ZTS (现有从2022-01-03开始)
    -> 补充成功, 总行数: 2510

美股补充结果: 成功 441, 跳过 0, 失败 22

======================================================================
任务2b: 港股数据补充至近10年 (yfinance)
======================================================================
港股CSV文件数: 101
  [1/101] hk00001 (现有从2021-08-03开始) -> yfinance: 1.HK
$1.HK: possibly delisted; no timezone found
    -> yfinance获取失败
  [2/101] hk00002 (现有从2021-08-03开始) -> yfinance: 2.HK
$2.HK: possibly delisted; no timezone found
    -> yfinance获取失败
  [3/101] hk00003 (现有从2021-08-03开始) -> yfinance: 3.HK
$3.HK: possibly delisted; no timezone found
    -> yfinance获取失败
  [4/101] hk00005 (现有从2021-08-03开始) -> yfinance: 5.HK
$5.HK: possibly delisted; no timezone found
    -> yfinance获取失败
  [5/101] hk00006 (现有从2021-08-03开始) -> yfinance: 6.HK
$6.HK: possibly delisted; no timezone found
    -> yfinance获取失败
  [6/101] hk00011 (现有从2021-08-03开始) -> yfinance: 11.HK
$11.HK: possibly delisted; no timezone found
    -> yfinance获取失败
  [7/101] hk00012 (现有从2021-08-03开始) -> yfinance: 12.HK
$12.HK: possibly delisted; no timezone found
    -> yfinance获取失败
  [8/101] hk00016 (现有从2021-08-03开始) -> yfinance: 16.HK
$16.HK: possibly delisted; no timezone found
    -> yfinance获取失败
  [9/101] hk00020 (现有从2021-12-30开始) -> yfinance: 20.HK
$20.HK: possibly delisted; no timezone found
    -> yfinance获取失败
  [10/101] hk00027 (现有从2021-08-03开始) -> yfinance: 27.HK
$27.HK: possibly delisted; no timezone found
    -> yfinance获取失败
  [11/101] hk00066 (现有从2021-08-03开始) -> yfinance: 66.HK
$66.HK: possibly delisted; no timezone found
    -> yfinance获取失败
  [12/101] hk00101 (现有从2021-08-03开始) -> yfinance: 101.HK
$101.HK: possibly delisted; no timezone found
    -> yfinance获取失败
  [13/101] hk00175 (现有从2021-08-03开始) -> yfinance: 175.HK
$175.HK: possibly delisted; no timezone found
    -> yfinance获取失败
  [14/101] hk00241 (现有从2021-08-03开始) -> yfinance: 241.HK
$241.HK: possibly delisted; no timezone found
    -> yfinance获取失败
  [15/101] hk00267 (现有从2021-08-03开始) -> yfinance: 267.HK
$267.HK: possibly delisted; no timezone found
    -> yfinance获取失败
  [16/101] hk00268 (现有从2021-08-03开始) -> yfinance: 268.HK
$268.HK: possibly delisted; no price data found  (1d 2016-04-24 -> 2021-08-03)
    -> yfinance获取失败
  [17/101] hk00285 (现有从2021-08-03开始) -> yfinance: 285.HK
$285.HK: possibly delisted; no timezone found
    -> yfinance获取失败
  [18/101] hk00288 (现有从2021-08-03开始) -> yfinance: 288.HK
$288.HK: possibly delisted; no timezone found
    -> yfinance获取失败
  [19/101] hk00291 (现有从2021-08-03开始) -> yfinance: 291.HK
$291.HK: possibly delisted; no timezone found
    -> yfinance获取失败
  [20/101] hk00300 (现有从2024-09-17开始) -> yfinance: 300.HK
$300.HK: possibly delisted; no timezone found
    -> yfinance获取失败
  [21/101] hk00316 (现有从2021-08-03开始) -> yfinance: 316.HK
$316.HK: possibly delisted; no timezone found
    -> yfinance获取失败
  [22/101] hk00322 (现有从2021-08-03开始) -> yfinance: 322.HK
$322.HK: possibly delisted; no timezone found
    -> yfinance获取失败
  [23/101] hk00386 (现有从2021-08-03开始) -> yfinance: 386.HK
$386.HK: possibly delisted; no timezone found
    -> yfinance获取失败
  [24/101] hk00388 (现有从2021-08-03开始) -> yfinance: 388.HK
$388.HK: possibly delisted; no timezone found
    -> yfinance获取失败
  [25/101] hk00669 (现有从2021-08-03开始) -> yfinance: 669.HK
$669.HK: possibly delisted; no timezone found
    -> yfinance获取失败
  [26/101] hk00688 (现有从2021-08-03开始) -> yfinance: 688.HK
$688.HK: possibly delisted; no timezone found
    -> yfinance获取失败
  [27/101] hk00700 (现有从2021-08-03开始) -> yfinance: 700.HK
$700.HK: possibly delisted; no timezone found
    -> yfinance获取失败
  [28/101] hk00728 (现有从2021-08-03开始) -> yfinance: 728.HK
$728.HK: possibly delisted; no timezone found
    -> yfinance获取失败
  [29/101] hk00762 (现有从2021-08-03开始) -> yfinance: 762.HK
$762.HK: possibly delisted; no timezone found
    -> yfinance获取失败
  [30/101] hk00780 (现有从2021-08-03开始) -> yfinance: 780.HK
$780.HK: possibly delisted; no timezone found
    -> yfinance获取失败
  [31/101] hk00836 (现有从2021-08-03开始) -> yfinance: 836.HK
$836.HK: possibly delisted; no timezone found
    -> yfinance获取失败
  [32/101] hk00857 (现有从2021-08-03开始) -> yfinance: 857.HK
$857.HK: possibly delisted; no timezone found
    -> yfinance获取失败
  [33/101] hk00868 (现有从2021-08-03开始) -> yfinance: 868.HK
$868.HK: possibly delisted; no timezone found
    -> yfinance获取失败
  [34/101] hk00881 (现有从2021-08-03开始) -> yfinance: 881.HK
$881.HK: possibly delisted; no timezone found
    -> yfinance获取失败
  [35/101] hk00883 (现有从2021-08-03开始) -> yfinance: 883.HK
$883.HK: possibly delisted; no timezone found
    -> yfinance获取失败
  [36/101] hk00939 (现有从2021-08-03开始) -> yfinance: 939.HK
$939.HK: possibly delisted; no timezone found
    -> yfinance获取失败
  [37/101] hk00941 (现有从2021-08-03开始) -> yfinance: 941.HK
$941.HK: possibly delisted; no timezone found
    -> yfinance获取失败
  [38/101] hk00960 (现有从2021-08-03开始) -> yfinance: 960.HK
$960.HK: possibly delisted; no timezone found
    -> yfinance获取失败
  [39/101] hk00968 (现有从2021-08-03开始) -> yfinance: 968.HK
$968.HK: possibly delisted; no timezone found
    -> yfinance获取失败
  [40/101] hk00981 (现有从2021-08-03开始) -> yfinance: 981.HK
$981.HK: possibly delisted; no timezone found
    -> yfinance获取失败
  [41/101] hk00992 (现有从2021-08-03开始) -> yfinance: 992.HK
$992.HK: possibly delisted; no timezone found
    -> yfinance获取失败
  [42/101] hk01024 (现有从2021-08-03开始) -> yfinance: 1024.HK
    -> 补充成功, 总行数: 1274
  [43/101] hk01038 (现有从2021-08-03开始) -> yfinance: 1038.HK
    -> 补充成功, 总行数: 2458
  [44/101] hk01044 (现有从2021-08-03开始) -> yfinance: 1044.HK
    -> 补充成功, 总行数: 2458
  [45/101] hk01088 (现有从2021-08-03开始) -> yfinance: 1088.HK
    -> 补充成功, 总行数: 2458
  [46/101] hk01093 (现有从2021-08-03开始) -> yfinance: 1093.HK
    -> 补充成功, 总行数: 2458
  [47/101] hk01099 (现有从2021-08-03开始) -> yfinance: 1099.HK
    -> 补充成功, 总行数: 2458
  [48/101] hk01109 (现有从2021-08-03开始) -> yfinance: 1109.HK
    -> 补充成功, 总行数: 2458
  [49/101] hk01113 (现有从2021-08-03开始) -> yfinance: 1113.HK
    -> 补充成功, 总行数: 2458
  [50/101] hk01177 (现有从2021-08-03开始) -> yfinance: 1177.HK
    -> 补充成功, 总行数: 2458
  [51/101] hk01209 (现有从2021-08-03开始) -> yfinance: 1209.HK
    -> 补充成功, 总行数: 1314
  [52/101] hk01211 (现有从2021-08-03开始) -> yfinance: 1211.HK
    -> 补充成功, 总行数: 2458
  [53/101] hk01299 (现有从2021-08-03开始) -> yfinance: 1299.HK
    -> 补充成功, 总行数: 2458
  [54/101] hk01347 (现有从2021-08-03开始) -> yfinance: 1347.HK
    -> 补充成功, 总行数: 2458
  [55/101] hk01378 (现有从2021-08-03开始) -> yfinance: 1378.HK
    -> 补充成功, 总行数: 2458
  [56/101] hk01398 (现有从2021-08-03开始) -> yfinance: 1398.HK
    -> 补充成功, 总行数: 2458
  [57/101] hk01698 (现有从2022-09-21开始) -> yfinance: 1698.HK
$1698.HK: possibly delisted; no price data found  (1d 2016-04-24 -> 2022-09-21) (Yahoo error = "Data doesn't exist for startDate = 1461427200, endDate = 1663689600")
    -> yfinance获取失败
  [58/101] hk01801 (现有从2021-08-03开始) -> yfinance: 1801.HK
    -> 补充成功, 总行数: 1834
  [59/101] hk01810 (现有从2021-08-03开始) -> yfinance: 1810.HK
    -> 补充成功, 总行数: 1913
  [60/101] hk01876 (现有从2021-08-03开始) -> yfinance: 1876.HK
    -> 补充成功, 总行数: 1609
  [61/101] hk01928 (现有从2021-08-03开始) -> yfinance: 1928.HK
    -> 补充成功, 总行数: 2458
  [62/101] hk01929 (现有从2021-08-03开始) -> yfinance: 1929.HK
    -> 补充成功, 总行数: 2458
  [63/101] hk01997 (现有从2021-08-03开始) -> yfinance: 1997.HK
    -> 补充成功, 总行数: 2069
  [64/101] hk02015 (现有从2021-08-12开始) -> yfinance: 2015.HK
$2015.HK: possibly delisted; no price data found  (1d 2016-04-24 -> 2021-08-12) (Yahoo error = "Data doesn't exist for startDate = 1461427200, endDate = 1628697600")
    -> yfinance获取失败
  [65/101] hk02020 (现有从2021-08-03开始) -> yfinance: 2020.HK
    -> 补充成功, 总行数: 2458
  [66/101] hk02057 (现有从2021-08-03开始) -> yfinance: 2057.HK
    -> 补充成功, 总行数: 1361
  [67/101] hk02269 (现有从2021-08-03开始) -> yfinance: 2269.HK
    -> 补充成功, 总行数: 2178
  [68/101] hk02313 (现有从2021-08-03开始) -> yfinance: 2313.HK
    -> 补充成功, 总行数: 2458
  [69/101] hk02318 (现有从2021-08-03开始) -> yfinance: 2318.HK
    -> 补充成功, 总行数: 2458
  [70/101] hk02319 (现有从2021-08-03开始) -> yfinance: 2319.HK
    -> 补充成功, 总行数: 2458
  [71/101] hk02331 (现有从2021-08-03开始) -> yfinance: 2331.HK
    -> 补充成功, 总行数: 2458
  [72/101] hk02359 (现有从2021-08-03开始) -> yfinance: 2359.HK
    -> 补充成功, 总行数: 1803
  [73/101] hk02382 (现有从2021-08-03开始) -> yfinance: 2382.HK
    -> 补充成功, 总行数: 2458
  [74/101] hk02388 (现有从2021-08-03开始) -> yfinance: 2388.HK
    -> 补充成功, 总行数: 2458
  [75/101] hk02618 (现有从2021-08-03开始) -> yfinance: 2618.HK
    -> 补充成功, 总行数: 1200
  [76/101] hk02628 (现有从2021-08-03开始) -> yfinance: 2628.HK
    -> 补充成功, 总行数: 2458
  [77/101] hk02688 (现有从2021-08-03开始) -> yfinance: 2688.HK
    -> 补充成功, 总行数: 2452
  [78/101] hk02899 (现有从2021-08-03开始) -> yfinance: 2899.HK
    -> 补充成功, 总行数: 2458
  [79/101] hk03690 (现有从2021-08-03开始) -> yfinance: 3690.HK
    -> 补充成功, 总行数: 1860
  [80/101] hk03692 (现有从2021-08-03开始) -> yfinance: 3692.HK
    -> 补充成功, 总行数: 1684
  [81/101] hk03750 (现有从2025-05-20开始) -> yfinance: 3750.HK
$3750.HK: possibly delisted; no price data found  (1d 2016-04-24 -> 2025-05-20) (Yahoo error = "Data doesn't exist for startDate = 1461427200, endDate = 1747670400")
    -> yfinance获取失败
  [82/101] hk03888 (现有从2021-08-03开始) -> yfinance: 3888.HK
    -> 补充成功, 总行数: 2458
  [83/101] hk03968 (现有从2021-08-03开始) -> yfinance: 3968.HK
    -> 补充成功, 总行数: 2458
  [84/101] hk03988 (现有从2021-08-03开始) -> yfinance: 3988.HK
    -> 补充成功, 总行数: 2458
  [85/101] hk03993 (现有从2021-08-03开始) -> yfinance: 3993.HK
    -> 补充成功, 总行数: 2458
  [86/101] hk06181 (现有从2024-06-28开始) -> yfinance: 6181.HK
$6181.HK: possibly delisted; no price data found  (1d 2016-04-24 -> 2024-06-28) (Yahoo error = "Data doesn't exist for startDate = 1461427200, endDate = 1719504000")
    -> yfinance获取失败
  [87/101] hk06618 (现有从2021-08-03开始) -> yfinance: 6618.HK
    -> 补充成功, 总行数: 1315
  [88/101] hk06690 (现有从2021-08-03开始) -> yfinance: 6690.HK
    -> 补充成功, 总行数: 1304
  [89/101] hk06862 (现有从2021-08-03开始) -> yfinance: 6862.HK
    -> 补充成功, 总行数: 1857
  [90/101] hk09618 (现有从2021-08-03开始) -> yfinance: 9618.HK
    -> 补充成功, 总行数: 1432
  [91/101] hk09626 (现有从2021-08-03开始) -> yfinance: 9626.HK
    -> 补充成功, 总行数: 1239
  [92/101] hk09633 (现有从2021-08-03开始) -> yfinance: 9633.HK
    -> 补充成功, 总行数: 1376
  [93/101] hk09660 (现有从2024-10-24开始) -> yfinance: 9660.HK
$9660.HK: possibly delisted; no price data found  (1d 2016-04-24 -> 2024-10-24) (Yahoo error = "Data doesn't exist for startDate = 1461427200, endDate = 1729699200")
    -> yfinance获取失败
  [94/101] hk09863 (现有从2022-09-29开始) -> yfinance: 9863.HK
$9863.HK: possibly delisted; no price data found  (1d 2016-04-24 -> 2022-09-29) (Yahoo error = "Data doesn't exist for startDate = 1461427200, endDate = 1664380800")
    -> yfinance获取失败
  [95/101] hk09866 (现有从2022-03-10开始) -> yfinance: 9866.HK
$9866.HK: possibly delisted; no price data found  (1d 2016-04-24 -> 2022-03-10) (Yahoo error = "Data doesn't exist for startDate = 1461427200, endDate = 1646841600")
    -> yfinance获取失败
  [96/101] hk09868 (现有从2021-08-03开始) -> yfinance: 9868.HK
    -> 补充成功, 总行数: 1174
  [97/101] hk09888 (现有从2021-08-03开始) -> yfinance: 9888.HK
    -> 补充成功, 总行数: 1244
  [98/101] hk09901 (现有从2021-08-03开始) -> yfinance: 9901.HK
    -> 补充成功, 总行数: 1336
  [99/101] hk09961 (现有从2021-08-03开始) -> yfinance: 9961.HK
    -> 补充成功, 总行数: 1228
  [100/101] hk09988 (现有从2021-08-03开始) -> yfinance: 9988.HK
    -> 补充成功, 总行数: 1570
  [101/101] hk09999 (现有从2021-08-03开始) -> yfinance: 9999.HK
    -> 补充成功, 总行数: 1437

港股补充结果: 成功 53, 跳过 0, 失败 48

======================================================================
任务3: 商品/大类资产数据获取 (yfinance)
======================================================================
  获取 黄金期货(GC=F) (GC=F)...
    -> 黄金期货(GC=F): OK (2513 rows)
  获取 黄金ETF(GLD) (GLD)...
    -> 黄金ETF(GLD): OK (2514 rows)
  获取 WTI原油期货(CL=F) (CL=F)...
    -> WTI原油期货(CL=F): OK (2514 rows)
  获取 Brent原油期货(BZ=F) (BZ=F)...
    -> Brent原油期货(BZ=F): OK (2515 rows)
  获取 美元指数(DX-Y.NYB) (DX-Y.NYB)...
    -> 美元指数(DX-Y.NYB): OK (2514 rows)
  获取 美元ETF(UUP) (UUP)...
    -> 美元ETF(UUP): OK (2514 rows)
  获取 USD/CNY汇率(CNY=X) (CNY=X)...
    -> USD/CNY汇率(CNY=X): OK (2600 rows)
  获取 比特币(BTC-USD) (BTC-USD)...
    -> 比特币(BTC-USD): OK (3652 rows)
  获取 以太坊(ETH-USD) (ETH-USD)...
    -> 以太坊(ETH-USD): OK (3088 rows)

--- JQData额外数据 ---
/usr/local/lib64/python3.11/site-packages/pandas/compat/pickle_compat.py:35: VisibleDeprecationWarning: dtype(): align should be passed as Python or NumPy boolean but got `align=0`. Did you mean to pass a tuple to create a subarray type? (Deprecated NumPy 2.4)
  stack[-1] = func(*args)
  AU9999现货黄金: 248 rows
/usr/local/lib64/python3.11/site-packages/pandas/compat/pickle_compat.py:35: VisibleDeprecationWarning: dtype(): align should be passed as Python or NumPy boolean but got `align=0`. Did you mean to pass a tuple to create a subarray type? (Deprecated NumPy 2.4)
  stack[-1] = func(*args)
  黄金ETF(518880): 248 rows
/usr/local/lib64/python3.11/site-packages/pandas/compat/pickle_compat.py:35: VisibleDeprecationWarning: dtype(): align should be passed as Python or NumPy boolean but got `align=0`. Did you mean to pass a tuple to create a subarray type? (Deprecated NumPy 2.4)
  stack[-1] = func(*args)
  南方原油LOF(501018): 248 rows

======================================================================
任务4: 修复ETF Volume=0问题 (yfinance)
======================================================================
  AGG: 修复 922/922 Volume=0行
  GLD: 修复 922/922 Volume=0行
  IEF: 修复 922/922 Volume=0行
  SHY: 修复 922/922 Volume=0行
  SPY: 修复 922/922 Volume=0行
  TLT: 修复 922/922 Volume=0行
  VEA: 修复 922/922 Volume=0行
  VWO: 修复 922/922 Volume=0行

ETF修复结果: 修复 8 个文件, 总Volume=0行数: 7376

======================================================================
全部任务完成汇总
======================================================================
  A股: 500 个文件, 共 124000 行数据
  商品: 12 个文件, 共 25168 行数据
  港股: 101 个文件, 共 159235 行数据
  美股: 463 个文件, 共 1112894 行数据
  ETF: 12 个文件, 共 23803 行数据

商品数据目录: /data/workspace/back_trader_stocks/commodity
  btc_usd.csv: 3652 rows, 2016-04-24 ~ 2026-04-23
  eth_usd.csv: 3088 rows, 2017-11-09 ~ 2026-04-23
  gold_au9999.csv: 248 rows, 2025-01-14 ~ 2026-01-21
  gold_etf_518880.csv: 248 rows, 2025-01-14 ~ 2026-01-21
  gold_etf_gld.csv: 2514 rows, 2016-04-25 ~ 2026-04-23
  gold_futures.csv: 2513 rows, 2016-04-25 ~ 2026-04-23
  oil_brent_futures.csv: 2515 rows, 2016-04-25 ~ 2026-04-23
  oil_lof_501018.csv: 248 rows, 2025-01-14 ~ 2026-01-21
  oil_wti_futures.csv: 2514 rows, 2016-04-25 ~ 2026-04-23
  usd_etf_uup.csv: 2514 rows, 2016-04-25 ~ 2026-04-23
  usd_index.csv: 2514 rows, 2016-04-25 ~ 2026-04-23
  usdcny.csv: 2600 rows, 2016-04-25 ~ 2026-04-23
