======================================================================
综合数据补充脚本
数据源: JQData(试用) + westock-data + yfinance
======================================================================
auth success 
JQData登录成功

======================================================================
任务1: 中证500成分股数据获取
======================================================================
中证500成分股数量: 500

中证500结果: 成功 0, 跳过 500, 失败 0

======================================================================
任务2a: 港股数据补充至近10年
======================================================================
港股CSV文件数: 101
  [1/101] hk00001 (现有从2021-08-03开始) -> 用yfinance补充...
    [限流] yfinance retry 1/2
$00001.HK: possibly delisted; no price data found  (1d 2016-04-24 -> 2021-08-03)
    -> yfinance获取失败
  [2/101] hk00002 (现有从2021-08-03开始) -> 用yfinance补充...
$00002.HK: possibly delisted; no price data found  (1d 2016-04-24 -> 2021-08-03)
    -> yfinance获取失败
  [3/101] hk00003 (现有从2021-08-03开始) -> 用yfinance补充...
$00003.HK: possibly delisted; no price data found  (1d 2016-04-24 -> 2021-08-03)
    -> yfinance获取失败
  [4/101] hk00005 (现有从2021-08-03开始) -> 用yfinance补充...
$00005.HK: possibly delisted; no price data found  (1d 2016-04-24 -> 2021-08-03)
    -> yfinance获取失败
  [5/101] hk00006 (现有从2021-08-03开始) -> 用yfinance补充...
$00006.HK: possibly delisted; no price data found  (1d 2016-04-24 -> 2021-08-03)
    -> yfinance获取失败
  [6/101] hk00011 (现有从2021-08-03开始) -> 用yfinance补充...
$00011.HK: possibly delisted; no price data found  (1d 2016-04-24 -> 2021-08-03)
    -> yfinance获取失败
  [7/101] hk00012 (现有从2021-08-03开始) -> 用yfinance补充...
    [限流] yfinance retry 1/2
$00012.HK: possibly delisted; no price data found  (1d 2016-04-24 -> 2021-08-03)
    -> yfinance获取失败
  [8/101] hk00016 (现有从2021-08-03开始) -> 用yfinance补充...
$00016.HK: possibly delisted; no price data found  (1d 2016-04-24 -> 2021-08-03)
    -> yfinance获取失败
  [9/101] hk00020 (现有从2021-12-30开始) -> 用yfinance补充...
$00020.HK: possibly delisted; no price data found  (1d 2016-04-24 -> 2021-12-30)
    -> yfinance获取失败
