======================================================================
  🔄 穿越牛熊策略回测扫描 v3（全面升级版）
======================================================================
  ⏰ 开始时间: 2026-04-25 11:06:51
  📊 回测区间: 2019-01-01 ~ 2024-12-31 (主) / 2015-01-01 ~ 2018-12-31 (压力)
  📏 回撤淘汰线: ≥30%
  🏆 入榜规则: 按最高分从高到低排，保留前十
  📊 无风险利率(默认): 0.0450

======================================================================
  🔍 步骤1: 混合搜索策略（7大来源）
======================================================================

  🌐 方案A: 多源策略搜索（穿越牛熊策略）...
  🌐 方案A: 多源策略搜索...

  📦 来源0: 聚宽（JoinQuant）策略 ⭐最高优先级
    🌐 搜索聚宽（JoinQuant）策略...
      📋 第1层: joinquant-skill内置模板
      ✅ 模板: ETF轮动策略 (1624B)
      ✅ 模板: 多因子选股策略 (2069B)
      ✅ 模板: 截面动量选股策略 (1733B)
      ✅ 模板: 均值回归布林带RSI策略 (2201B)
      ✅ 模板: RSRS阻力支撑相对强度策略 (1764B)
      📊 内置模板: 5 个
      📋 第2层: GitHub聚宽策略仓库
      ✅ JizhiXiang/Quant-Strategy: 2 个策略
      ✅ yeates/StockTimingStrategy: 3 个策略
      ✅ gaaiyun/joinquant-skill: 3 个策略
    📊 聚宽总计: 13 个策略
    📊 聚宽: 8 个策略

  📦 来源1: GitHub仓库搜索
      ✅ GitHub: 627378329/dual-etf-momentum-rotation/strategy/compare_dual_vs_multi_ak.py (11608B ★1)
      ✅ GitHub: 627378329/dual-etf-momentum-rotation/strategy/dual_rotation_10y_gold_ak.py (7135B ★1)
    📊 GitHub: 2 个策略

  📦 来源3: awesome-quant资源列表
    🌐 搜索 awesome-quant 资源列表...
      ✅ awesome-quant: rmbell09-lang/tradesight/src/config.py (7213B)
      ✅ awesome-quant: zvtvz/zvt/examples/trader/ma_trader.py (2259B)
      ✅ awesome-quant: zvtvz/zvt/src/zvt/recorders/consts.py (10537B)
      ✅ awesome-quant: GuntharDeNiro/gunbot-quant/gunbot_quant/core/backtest_engine.py (11700B)
      ✅ awesome-quant: GuntharDeNiro/gunbot-quant/gunbot_quant/core/screener.py (14174B)
    📊 awesome-quant: 5 个策略

  📦 来源4: DuckDuckGo搜索
    🌐 DuckDuckGo搜索 → GitHub链接...
      ✅ DDG→GH: 627378329/dual-etf-momentum-rotation/strategy/compare_dual_vs_multi_ak.py (11608B)
      ✅ DDG→GH: 627378329/dual-etf-momentum-rotation/strategy/dual_rotation_10y_gold_ak.py (7135B)
      ✅ DDG→GH: robin-74/Momentum-Trading-Strategy-with-Backtesting-in-Python/bt_momentum.ipynb (3523B)
    📊 DuckDuckGo: 3 个策略

  📦 来源6: TradingView(间接)
    🌐 搜索 TradingView (间接渠道)...
      ✅ TV间接: Drakkar-Software/OctoBot-Script/example.py (2329B ★40)
      ✅ TV间接: loponly/pinescript-to-python/debug_signals.py (3272B ★7)
      ✅ TV间接: loponly/pinescript-to-python/indicators/calculator.py (2927B ★7)
      ✅ TV间接: eddiebelaval/openclaw-tradingview/backtests/editors_picks/arbitrage-matrix-luxalgo.py (4048B ★7)
      ✅ TV间接: eddiebelaval/openclaw-tradingview/backtests/editors_picks/asset-drift-model.py (10130B ★7)
      ✅ TV间接: agrawalanuj25/Finsearch_Momentum_Based_Strategy/finsearch.py (2824B ★1)
      ✅ TV间接: OMCHOKSI108/Quantitative-Trading-Indicators/indicator_plots.ipynb (12350B ★1)
    📊 TradingView: 7 个策略

  📊 多源搜索汇总:
    有效策略: 25 个来自 5 个来源
    需人工审核: 0 个
    ✅ 多源搜索返回 25 个策略 (来源: {'joinquant': 8, 'github': 2, 'awesome_quant': 5, 'google': 3, 'tradingview': 7})
  ✅ 方案A结果充足(25个)，无需方案B
    ✅ 多源搜索返回 25 个策略 (方法: multi_source)
    ⏭️ 无目标关键词跳过: zvt
    ⏭️ 无目标关键词跳过: zvt

======================================================================
  🧬 步骤2: 生成内置策略变体（7种策略类型）
======================================================================
  🧬 生成策略变体: 162个
    事件驱动: 9个
    其他: 9个
    均值回归: 24个
    趋势跟踪: 111个
    高股息轮动: 9个
  [跳过] 无法适配的外部策略: 聚宽-Joinquant 上证50利用动态Pe增强模型
  🔄 去重: 77 -> 17 (移除60个重复模式)
  🔄 外部策略转换: 17个策略已适配为ETF轮动格式 (耗时0.01s)

======================================================================
  📦 步骤3: 加载数据（v4: ETF + 港美股全量，99美股 + 30港股）
======================================================================
📦 加载ETF数据（westock-data实时获取，limit=5000）...
  ✅ SPY: 5000 个交易日 (westock-data)
  ✅ VEA: 4716 个交易日 (westock-data)
  ✅ AGG: 5000 个交易日 (westock-data)
  ✅ SHY: 5000 个交易日 (westock-data)
  ✅ GLD: 5000 个交易日 (westock-data)
  ✅ TLT: 5000 个交易日 (westock-data)
📊 合并后数据: 5000 个交易日 (2006-06-08 00:00:00 ~ 2026-04-24 00:00:00)
⚠️ 幸存者偏差标记: True (ETF固定池，非动态历史成分股)

📦 [1/3] 加载ETF数据（6只基准ETF）...
  ✅ ETF: 6只

📦 [2/3] 加载美股大盘数据（99只精选）...
  🔄 自动补充13只替代标的（缺失13只: ['MSFT', 'GOOGL', 'NVDA', 'META', 'BRK-B']...）
  📦 本地US股数据: 加载99只 (跳过13只, 门槛≥500天)
  ✅ 美股: 99只

📦 [3/3] 加载港股蓝筹数据（30只精选）...
  🔄 自动补充1只替代标的（缺失1只: ['hk00823']）
  📦 本地HK股数据: 加载30只 (跳过1只, 门槛≥500天)
  ✅ 港股: 30只

📊 全市场数据加载完成: 135只标的 (ETF 6只 + 美股 99只 + 港股 30只)

======================================================================
  🔍 步骤4: 策略去重（SHA256指纹+90%参数相似度家族检测）
======================================================================
  🔍 去重后: 113个 (跳过66个重复, 66个同家族)

======================================================================
  📋 步骤5: 执行回测 (113个策略)
======================================================================

  📋 [1/113] [趋势跟踪] GEM5资产_3M+3d缓冲
    📊 多标的回测汇总: 130只标的 | 盈利占比68.5% | 平均年化+6.43% | 中位数年化+3.22%
       美股99只(盈利60) 年化+2.50%
       港股30只(盈利28) 年化+19.54%
    🌐 多标的回测: 130只 | 盈利占比68.5% | 中位年化+3.22% | 美股+2.50% | 港股+19.54%
    ❌ 最大回撤>30% | 年化+1.84% | 回撤30.24%
    ⏱️ 耗时: 发现0.00s + 编码0.14s + 回测26.58s = 总计26.73s

  📋 [2/113] [趋势跟踪] GEM5资产_3M+5d缓冲
    📊 多标的回测汇总: 130只标的 | 盈利占比69.2% | 平均年化+5.68% | 中位数年化+3.88%
       美股99只(盈利61) 年化+3.02%
       港股30只(盈利28) 年化+14.55%
    🌐 多标的回测: 130只 | 盈利占比69.2% | 中位年化+3.88% | 美股+3.02% | 港股+14.55%
    ❌ 最大回撤>30% | 年化+3.48% | 回撤30.46%
    ⏱️ 耗时: 发现0.00s + 编码0.14s + 回测25.69s = 总计25.83s

  📋 [3/113] [趋势跟踪] GEM5资产_6M
    📊 多标的回测汇总: 130只标的 | 盈利占比77.7% | 平均年化+8.14% | 中位数年化+6.30%
       美股99只(盈利72) 年化+5.77%
       港股30只(盈利28) 年化+16.08%
    🌐 多标的回测: 130只 | 盈利占比77.7% | 中位年化+6.30% | 美股+5.77% | 港股+16.08%
    ❌ 最大回撤>30% | 年化+4.85% | 回撤33.98%
    ⏱️ 耗时: 发现0.00s + 编码0.14s + 回测27.32s = 总计27.46s

  📋 [4/113] [趋势跟踪] GEM5资产_6M+3d缓冲
    📊 多标的回测汇总: 130只标的 | 盈利占比77.7% | 平均年化+7.01% | 中位数年化+5.47%
       美股99只(盈利73) 年化+6.01%
       港股30只(盈利27) 年化+10.44%
    🌐 多标的回测: 130只 | 盈利占比77.7% | 中位年化+5.48% | 美股+6.01% | 港股+10.44%
    ❌ 最大回撤>30% | 年化+2.97% | 回撤37.74%
    ⏱️ 耗时: 发现0.00s + 编码0.14s + 回测26.66s = 总计26.80s

  📋 [5/113] [趋势跟踪] GEM5资产_6M+5d缓冲
    📊 多标的回测汇总: 130只标的 | 盈利占比79.2% | 平均年化+6.76% | 中位数年化+5.84%
       美股99只(盈利76) 年化+6.53%
       港股30只(盈利26) 年化+7.49%
    🌐 多标的回测: 130只 | 盈利占比79.2% | 中位年化+5.84% | 美股+6.53% | 港股+7.49%
    ✅ 得分30.86分 | 年化+7.43% | 回撤26.56% | 夏普0.26  ⚠️ 🌐130只盈利79%
    ⏱️ 耗时: 发现0.00s + 编码0.14s + 回测26.25s = 总计26.39s

  📋 [6/113] [趋势跟踪] GEM5资产_9M
    📊 多标的回测汇总: 130只标的 | 盈利占比77.7% | 平均年化+8.25% | 中位数年化+5.88%
       美股99只(盈利72) 年化+6.11%
       港股30只(盈利28) 年化+15.30%
    🌐 多标的回测: 130只 | 盈利占比77.7% | 中位年化+5.88% | 美股+6.11% | 港股+15.30%
    ❌ 最大回撤>30% | 年化+8.45% | 回撤32.70%
    ⏱️ 耗时: 发现0.00s + 编码0.14s + 回测26.74s = 总计26.88s

  📋 [7/113] [趋势跟踪] GEM5资产_9M+3d缓冲
    📊 多标的回测汇总: 130只标的 | 盈利占比78.5% | 平均年化+7.68% | 中位数年化+6.57%
       美股99只(盈利76) 年化+6.59%
       港股30只(盈利25) 年化+11.32%
    🌐 多标的回测: 130只 | 盈利占比78.5% | 中位年化+6.57% | 美股+6.59% | 港股+11.32%
    ❌ 最大回撤>30% | 年化+5.95% | 回撤36.82%
    ⏱️ 耗时: 发现0.00s + 编码0.14s + 回测26.21s = 总计26.36s

  📋 [8/113] [趋势跟踪] GEM5资产_9M+5d缓冲
    📊 多标的回测汇总: 130只标的 | 盈利占比80.8% | 平均年化+7.97% | 中位数年化+6.72%
       美股99只(盈利81) 年化+7.40%
       港股30只(盈利23) 年化+9.89%
    🌐 多标的回测: 130只 | 盈利占比80.8% | 中位年化+6.72% | 美股+7.40% | 港股+9.89%
    ✅ 得分34.98分 | 年化+7.18% | 回撤28.46% | 夏普0.24 ✅ ⚠️ 🌐130只盈利81%
    ⏱️ 耗时: 发现0.00s + 编码0.17s + 回测25.85s = 总计26.02s

  📋 [9/113] [趋势跟踪] GEM5资产_12M
    📊 多标的回测汇总: 130只标的 | 盈利占比82.3% | 平均年化+7.64% | 中位数年化+4.68%
       美股99只(盈利76) 年化+5.52%
       港股30只(盈利30) 年化+14.83%
    🌐 多标的回测: 130只 | 盈利占比82.3% | 中位年化+4.68% | 美股+5.52% | 港股+14.83%
    ❌ 最大回撤>30% | 年化+1.70% | 回撤44.29%
    ⏱️ 耗时: 发现0.00s + 编码0.14s + 回测26.57s = 总计26.72s

  📋 [10/113] [趋势跟踪] GEM5资产_12M+3d缓冲
    📊 多标的回测汇总: 130只标的 | 盈利占比76.9% | 平均年化+7.06% | 中位数年化+4.95%
       美股99只(盈利73) 年化+5.93%
       港股30只(盈利26) 年化+10.95%
    🌐 多标的回测: 130只 | 盈利占比76.9% | 中位年化+4.95% | 美股+5.93% | 港股+10.95%
    ❌ 最大回撤>30% | 年化+2.69% | 回撤39.39%
    ⏱️ 耗时: 发现0.00s + 编码0.14s + 回测25.58s = 总计25.72s

  📋 [11/113] [趋势跟踪] GEM5资产_12M+5d缓冲
    📊 多标的回测汇总: 130只标的 | 盈利占比81.5% | 平均年化+7.00% | 中位数年化+4.62%
       美股99只(盈利78) 年化+6.28%
       港股30只(盈利27) 年化+9.45%
    🌐 多标的回测: 130只 | 盈利占比81.5% | 中位年化+4.62% | 美股+6.28% | 港股+9.45%
    ❌ 最大回撤>30% | 年化+4.76% | 回撤38.03%
    ⏱️ 耗时: 发现0.00s + 编码0.14s + 回测25.35s = 总计25.49s

  📋 [12/113] [趋势跟踪] GEM6资产_6M
    📊 多标的回测汇总: 130只标的 | 盈利占比77.7% | 平均年化+8.16% | 中位数年化+6.39%
       美股99只(盈利72) 年化+5.77%
       港股30只(盈利28) 年化+16.08%
    🌐 多标的回测: 130只 | 盈利占比77.7% | 中位年化+6.40% | 美股+5.77% | 港股+16.08%
    ❌ 最大回撤>30% | 年化+7.23% | 回撤33.98%
    ⏱️ 耗时: 发现0.00s + 编码0.14s + 回测27.20s = 总计27.34s

  📋 [13/113] [趋势跟踪] GEM6资产_6M+3d缓冲
    📊 多标的回测汇总: 130只标的 | 盈利占比77.7% | 平均年化+7.03% | 中位数年化+5.47%
       美股99只(盈利73) 年化+6.01%
       港股30只(盈利27) 年化+10.44%
    🌐 多标的回测: 130只 | 盈利占比77.7% | 中位年化+5.48% | 美股+6.01% | 港股+10.44%
    ❌ 最大回撤>30% | 年化+5.30% | 回撤37.74%
    ⏱️ 耗时: 发现0.00s + 编码0.14s + 回测26.35s = 总计26.49s

  📋 [14/113] [趋势跟踪] GEM6资产_6M+5d缓冲
    📊 多标的回测汇总: 130只标的 | 盈利占比79.2% | 平均年化+6.77% | 中位数年化+5.84%
       美股99只(盈利76) 年化+6.53%
       港股30只(盈利26) 年化+7.49%
    🌐 多标的回测: 130只 | 盈利占比79.2% | 中位年化+5.84% | 美股+6.53% | 港股+7.49%
    ✅ 得分35.2分 | 年化+9.48% | 回撤25.12% | 夏普0.39  ⚠️ 🌐130只盈利79%
    ⏱️ 耗时: 发现0.00s + 编码0.14s + 回测26.16s = 总计26.30s

  📋 [15/113] [趋势跟踪] GEM6资产_9M
    📊 多标的回测汇总: 130只标的 | 盈利占比77.7% | 平均年化+8.25% | 中位数年化+5.88%
       美股99只(盈利72) 年化+6.11%
       港股30只(盈利28) 年化+15.30%
    🌐 多标的回测: 130只 | 盈利占比77.7% | 中位年化+5.88% | 美股+6.11% | 港股+15.30%
    ❌ 最大回撤>30% | 年化+8.03% | 回撤32.70%
    ⏱️ 耗时: 发现0.00s + 编码0.14s + 回测26.42s = 总计26.56s

  📋 [16/113] [趋势跟踪] GEM6资产_9M+3d缓冲
    📊 多标的回测汇总: 130只标的 | 盈利占比78.5% | 平均年化+7.68% | 中位数年化+6.57%
       美股99只(盈利76) 年化+6.59%
       港股30只(盈利25) 年化+11.32%
    🌐 多标的回测: 130只 | 盈利占比78.5% | 中位年化+6.57% | 美股+6.59% | 港股+11.32%
    ❌ 最大回撤>30% | 年化+5.76% | 回撤36.82%
    ⏱️ 耗时: 发现0.00s + 编码0.14s + 回测26.49s = 总计26.63s

  📋 [17/113] [趋势跟踪] GEM6资产_9M+5d缓冲
    📊 多标的回测汇总: 130只标的 | 盈利占比80.8% | 平均年化+7.97% | 中位数年化+6.72%
       美股99只(盈利81) 年化+7.40%
       港股30只(盈利23) 年化+9.89%
    🌐 多标的回测: 130只 | 盈利占比80.8% | 中位年化+6.72% | 美股+7.40% | 港股+9.89%
    ✅ 得分34.64分 | 年化+7.03% | 回撤28.46% | 夏普0.23 ✅ ⚠️ 🌐130只盈利81%
    ⏱️ 耗时: 发现0.00s + 编码0.14s + 回测25.58s = 总计25.72s

  📋 [18/113] [趋势跟踪] GEM6资产_12M
    📊 多标的回测汇总: 130只标的 | 盈利占比82.3% | 平均年化+7.64% | 中位数年化+4.68%
       美股99只(盈利76) 年化+5.52%
       港股30只(盈利30) 年化+14.83%
    🌐 多标的回测: 130只 | 盈利占比82.3% | 中位年化+4.68% | 美股+5.52% | 港股+14.83%
    ❌ 最大回撤>30% | 年化+1.59% | 回撤44.29%
    ⏱️ 耗时: 发现0.00s + 编码0.14s + 回测26.20s = 总计26.34s

  📋 [19/113] [趋势跟踪] GEM6资产_12M+3d缓冲
    📊 多标的回测汇总: 130只标的 | 盈利占比76.9% | 平均年化+7.06% | 中位数年化+4.95%
       美股99只(盈利73) 年化+5.93%
       港股30只(盈利26) 年化+10.95%
    🌐 多标的回测: 130只 | 盈利占比76.9% | 中位年化+4.95% | 美股+5.93% | 港股+10.95%
    ❌ 最大回撤>30% | 年化+2.57% | 回撤39.39%
    ⏱️ 耗时: 发现0.00s + 编码0.14s + 回测25.99s = 总计26.13s

  📋 [20/113] [趋势跟踪] GEM6资产_12M+5d缓冲
    📊 多标的回测汇总: 130只标的 | 盈利占比81.5% | 平均年化+7.00% | 中位数年化+4.62%
       美股99只(盈利78) 年化+6.28%
       港股30只(盈利27) 年化+9.45%
    🌐 多标的回测: 130只 | 盈利占比81.5% | 中位年化+4.62% | 美股+6.28% | 港股+9.45%
    ❌ 最大回撤>30% | 年化+4.77% | 回撤38.03%
    ⏱️ 耗时: 发现0.00s + 编码0.14s + 回测26.44s = 总计26.58s

  📋 [21/113] [趋势跟踪] 双重动量_6M_阈值0%
    📊 多标的回测汇总: 130只标的 | 盈利占比77.7% | 平均年化+8.16% | 中位数年化+6.39%
       美股99只(盈利72) 年化+5.77%
       港股30只(盈利28) 年化+16.08%
    🌐 多标的回测: 130只 | 盈利占比77.7% | 中位年化+6.40% | 美股+5.77% | 港股+16.08%
    ✅ 得分35.65分 | 年化+7.31% | 回撤26.56% | 夏普0.26 ✅ ⚠️ 🌐130只盈利78%
    ⏱️ 耗时: 发现0.00s + 编码0.20s + 回测27.51s = 总计27.71s

  📋 [22/113] [趋势跟踪] 双重动量_6M_阈值0%+3d缓冲
    📊 多标的回测汇总: 130只标的 | 盈利占比77.7% | 平均年化+7.05% | 中位数年化+5.54%
       美股99只(盈利73) 年化+6.01%
       港股30只(盈利27) 年化+10.44%
    🌐 多标的回测: 130只 | 盈利占比77.7% | 中位年化+5.54% | 美股+6.01% | 港股+10.44%
    ✅ 得分35.45分 | 年化+7.23% | 回撤26.39% | 夏普0.25 ✅ ⚠️ 🌐130只盈利78%
    ⏱️ 耗时: 发现0.00s + 编码0.20s + 回测25.59s = 总计25.79s

  📋 [23/113] [趋势跟踪] 双重动量_6M_阈值2%
    📊 多标的回测汇总: 130只标的 | 盈利占比76.9% | 平均年化+7.66% | 中位数年化+5.17%
       美股99只(盈利70) 年化+4.94%
       港股30只(盈利29) 年化+16.66%
    🌐 多标的回测: 130只 | 盈利占比76.9% | 中位年化+5.16% | 美股+4.94% | 港股+16.66%
    ✅ 得分36.91分 | 年化+6.59% | 回撤23.87% | 夏普0.21 ✅ ⚠️ 🌐130只盈利77%
    ⏱️ 耗时: 发现0.00s + 编码0.20s + 回测26.80s = 总计27.00s

  📋 [24/113] [趋势跟踪] 双重动量_6M_阈值2%+3d缓冲
    📊 多标的回测汇总: 130只标的 | 盈利占比77.7% | 平均年化+6.82% | 中位数年化+5.02%
       美股99只(盈利73) 年化+5.50%
       港股30只(盈利27) 年化+11.19%
    🌐 多标的回测: 130只 | 盈利占比77.7% | 中位年化+5.02% | 美股+5.50% | 港股+11.19%
    ✅ 得分36.93分 | 年化+6.58% | 回撤22.93% | 夏普0.21 ✅ ⚠️ 🌐130只盈利78%
    ⏱️ 耗时: 发现0.00s + 编码0.20s + 回测25.48s = 总计25.68s

  📋 [25/113] [趋势跟踪] 双重动量_6M_阈值5%
    📊 多标的回测汇总: 130只标的 | 盈利占比71.5% | 平均年化+6.86% | 中位数年化+4.62%
       美股99只(盈利62) 年化+4.05%
       港股30只(盈利30) 年化+16.23%
    🌐 多标的回测: 130只 | 盈利占比71.5% | 中位年化+4.62% | 美股+4.05% | 港股+16.23%
    ✅ 得分27.48分 | 年化+4.66% | 回撤23.93% | 夏普0.06  ⚠️ 🌐130只盈利72%
    ⏱️ 耗时: 发现0.00s + 编码0.20s + 回测26.70s = 总计26.90s

  📋 [26/113] [趋势跟踪] 双重动量_6M_阈值5%+3d缓冲
    📊 多标的回测汇总: 130只标的 | 盈利占比68.5% | 平均年化+5.22% | 中位数年化+3.25%
       美股99只(盈利61) 年化+3.96%
       港股30只(盈利27) 年化+9.43%
    🌐 多标的回测: 130只 | 盈利占比68.5% | 中位年化+3.24% | 美股+3.96% | 港股+9.43%
    ✅ 得分22.5分 | 年化+3.78% | 回撤28.29% | 夏普-0.00  ⚠️ 🌐130只盈利68%
    ⏱️ 耗时: 发现0.00s + 编码0.20s + 回测25.75s = 总计25.95s

  📋 [27/113] [趋势跟踪] 双重动量_9M_阈值0%
    📊 多标的回测汇总: 130只标的 | 盈利占比77.7% | 平均年化+8.26% | 中位数年化+5.88%
       美股99只(盈利72) 年化+6.11%
       港股30只(盈利28) 年化+15.30%
    🌐 多标的回测: 130只 | 盈利占比77.7% | 中位年化+5.88% | 美股+6.11% | 港股+15.30%
    ✅ 得分40.18分 | 年化+9.40% | 回撤29.26% | 夏普0.39 ✅ ⚠️ 🌐130只盈利78%
    ⏱️ 耗时: 发现0.00s + 编码0.20s + 回测26.01s = 总计26.21s

  📋 [28/113] [趋势跟踪] 双重动量_9M_阈值2%
    📊 多标的回测汇总: 130只标的 | 盈利占比80.8% | 平均年化+7.82% | 中位数年化+4.46%
       美股99只(盈利77) 年化+5.71%
       港股30只(盈利27) 年化+14.77%
    🌐 多标的回测: 130只 | 盈利占比80.8% | 中位年化+4.46% | 美股+5.71% | 港股+14.77%
    ✅ 得分35.83分 | 年化+7.41% | 回撤26.46% | 夏普0.26 ✅ ⚠️ 🌐130只盈利81%
    ⏱️ 耗时: 发现0.00s + 编码0.20s + 回测26.08s = 总计26.28s

  📋 [29/113] [趋势跟踪] 双重动量_9M_阈值2%+3d缓冲
    📊 多标的回测汇总: 130只标的 | 盈利占比80.0% | 平均年化+7.26% | 中位数年化+4.88%
       美股99只(盈利79) 年化+6.31%
       港股30只(盈利24) 年化+10.37%
    🌐 多标的回测: 130只 | 盈利占比80.0% | 中位年化+4.88% | 美股+6.31% | 港股+10.37%
    ✅ 得分40.75分 | 年化+8.24% | 回撤24.45% | 夏普0.32 ✅ ⚠️ 🌐130只盈利80%
    ⏱️ 耗时: 发现0.00s + 编码0.20s + 回测25.61s = 总计25.81s

  📋 [30/113] [趋势跟踪] 双重动量_9M_阈值5%
    📊 多标的回测汇总: 130只标的 | 盈利占比74.6% | 平均年化+7.28% | 中位数年化+4.40%
       美股99只(盈利69) 年化+5.12%
       港股30只(盈利27) 年化+14.46%
    🌐 多标的回测: 130只 | 盈利占比74.6% | 中位年化+4.40% | 美股+5.12% | 港股+14.46%
    ✅ 得分31.29分 | 年化+5.30% | 回撤26.46% | 夏普0.12 ✅ ⚠️ 🌐130只盈利75%
    ⏱️ 耗时: 发现0.00s + 编码0.20s + 回测26.50s = 总计26.70s

  📋 [31/113] [趋势跟踪] 双重动量_9M_阈值5%+3d缓冲
    📊 多标的回测汇总: 130只标的 | 盈利占比71.5% | 平均年化+6.62% | 中位数年化+4.32%
       美股99只(盈利69) 年化+5.62%
       港股30只(盈利23) 年化+9.89%
    🌐 多标的回测: 130只 | 盈利占比71.5% | 中位年化+4.32% | 美股+5.62% | 港股+9.89%
    ✅ 得分37.81分 | 年化+6.89% | 回撤24.45% | 夏普0.23 ✅ ⚠️ 🌐130只盈利72%
    ⏱️ 耗时: 发现0.00s + 编码0.20s + 回测25.19s = 总计25.39s

  📋 [32/113] [趋势跟踪] 双重动量_12M_阈值0%
    📊 多标的回测汇总: 130只标的 | 盈利占比82.3% | 平均年化+7.69% | 中位数年化+4.97%
       美股99只(盈利76) 年化+5.52%
       港股30只(盈利30) 年化+14.83%
    🌐 多标的回测: 130只 | 盈利占比82.3% | 中位年化+4.97% | 美股+5.52% | 港股+14.83%
    ❌ 最大回撤>30% | 年化+7.50% | 回撤31.08%
    ⏱️ 耗时: 发现0.00s + 编码0.20s + 回测25.69s = 总计25.89s

  📋 [33/113] [趋势跟踪] 双重动量_12M_阈值2%
    📊 多标的回测汇总: 130只标的 | 盈利占比77.7% | 平均年化+7.39% | 中位数年化+5.21%
       美股99只(盈利71) 年化+5.14%
       港股30只(盈利29) 年化+14.82%
    🌐 多标的回测: 130只 | 盈利占比77.7% | 中位年化+5.22% | 美股+5.14% | 港股+14.82%
    ✅ 得分34.85分 | 年化+6.96% | 回撤29.52% | 夏普0.23 ✅ ⚠️ 🌐130只盈利78%
    ⏱️ 耗时: 发现0.00s + 编码0.20s + 回测25.72s = 总计25.92s

  📋 [34/113] [趋势跟踪] 双重动量_12M_阈值2%+3d缓冲
    📊 多标的回测汇总: 130只标的 | 盈利占比76.9% | 平均年化+7.04% | 中位数年化+4.88%
       美股99只(盈利71) 年化+5.74%
       港股30只(盈利28) 年化+11.34%
    🌐 多标的回测: 130只 | 盈利占比76.9% | 中位年化+4.88% | 美股+5.74% | 港股+11.34%
    ✅ 得分35.18分 | 年化+7.13% | 回撤26.73% | 夏普0.24 ✅ ⚠️ 🌐130只盈利77%
    ⏱️ 耗时: 发现0.00s + 编码0.20s + 回测24.90s = 总计25.09s

  📋 [35/113] [趋势跟踪] 双重动量_12M_阈值5%
    📊 多标的回测汇总: 130只标的 | 盈利占比76.2% | 平均年化+7.05% | 中位数年化+4.21%
       美股99只(盈利70) 年化+4.83%
       港股30只(盈利28) 年化+14.37%
    🌐 多标的回测: 130只 | 盈利占比76.2% | 中位年化+4.20% | 美股+4.83% | 港股+14.37%
    ✅ 得分35.01分 | 年化+7.06% | 回撤29.52% | 夏普0.24 ✅ ⚠️ 🌐130只盈利76%
    ⏱️ 耗时: 发现0.00s + 编码0.20s + 回测25.78s = 总计25.98s

  📋 [36/113] [趋势跟踪] 双重动量_12M_阈值5%+3d缓冲
    📊 多标的回测汇总: 130只标的 | 盈利占比78.5% | 平均年化+6.60% | 中位数年化+4.32%
       美股99只(盈利74) 年化+5.29%
       港股30只(盈利27) 年化+10.87%
    🌐 多标的回测: 130只 | 盈利占比78.5% | 中位年化+4.32% | 美股+5.29% | 港股+10.87%
    ✅ 得分37.07分 | 年化+8.01% | 回撤26.73% | 夏普0.30 ✅ ⚠️ 🌐130只盈利78%
    ⏱️ 耗时: 发现0.00s + 编码0.20s + 回测24.79s = 总计24.98s

  📋 [37/113] [趋势跟踪] GEM+ATR2.5x止损_9M
    📊 多标的回测汇总: 130只标的 | 盈利占比77.7% | 平均年化+8.06% | 中位数年化+6.19%
       美股99只(盈利71) 年化+5.87%
       港股30只(盈利29) 年化+15.38%
    🌐 多标的回测: 130只 | 盈利占比77.7% | 中位年化+6.19% | 美股+5.87% | 港股+15.38%
    ✅ 得分25.34分 | 年化+5.08% | 回撤25.49% | 夏普0.10  ⚠️ 🌐130只盈利78%
    ⏱️ 耗时: 发现0.00s + 编码0.14s + 回测69.83s = 总计69.97s

  📋 [38/113] [趋势跟踪] GEM+ATR3.0x止损_9M
    📊 多标的回测汇总: 130只标的 | 盈利占比76.9% | 平均年化+7.80% | 中位数年化+6.73%
       美股99只(盈利70) 年化+5.86%
       港股30只(盈利29) 年化+14.24%
    🌐 多标的回测: 130只 | 盈利占比76.9% | 中位年化+6.73% | 美股+5.86% | 港股+14.24%
    ✅ 得分32.13分 | 年化+6.75% | 回撤24.45% | 夏普0.22  ⚠️ 🌐130只盈利77%
    ⏱️ 耗时: 发现0.00s + 编码0.14s + 回测70.75s = 总计70.89s

  📋 [39/113] [趋势跟踪] GEM+ATR3.5x止损_9M
    📊 多标的回测汇总: 130只标的 | 盈利占比79.2% | 平均年化+7.72% | 中位数年化+6.64%
       美股99只(盈利73) 年化+5.89%
       港股30只(盈利29) 年化+13.80%
    🌐 多标的回测: 130只 | 盈利占比79.2% | 中位年化+6.64% | 美股+5.89% | 港股+13.80%
    ✅ 得分33.85分 | 年化+7.50% | 回撤24.45% | 夏普0.27  ⚠️ 🌐130只盈利79%
    ⏱️ 耗时: 发现0.00s + 编码0.14s + 回测70.62s = 总计70.76s

  📋 [40/113] [趋势跟踪] GEM+ATR4.0x止损_9M
    📊 多标的回测汇总: 130只标的 | 盈利占比80.8% | 平均年化+7.92% | 中位数年化+6.49%
       美股99只(盈利75) 年化+6.01%
       港股30只(盈利29) 年化+14.21%
    🌐 多标的回测: 130只 | 盈利占比80.8% | 中位年化+6.49% | 美股+6.01% | 港股+14.21%
    ✅ 得分39.9分 | 年化+7.94% | 回撤24.45% | 夏普0.30 ✅ ⚠️ 🌐130只盈利81%
    ⏱️ 耗时: 发现0.00s + 编码0.14s + 回测70.67s = 总计70.81s

  📋 [41/113] [趋势跟踪] GEM+ATR2.5x止损_12M
    📊 多标的回测汇总: 130只标的 | 盈利占比73.8% | 平均年化+7.52% | 中位数年化+5.02%
       美股99只(盈利68) 年化+5.61%
       港股30只(盈利27) 年化+13.95%
    🌐 多标的回测: 130只 | 盈利占比73.8% | 中位年化+5.02% | 美股+5.61% | 港股+13.95%
    ❌ 最大回撤>30% | 年化+3.58% | 回撤32.77%
    ⏱️ 耗时: 发现0.00s + 编码0.14s + 回测70.84s = 总计70.98s

  📋 [42/113] [趋势跟踪] GEM+ATR3.0x止损_12M
    📊 多标的回测汇总: 130只标的 | 盈利占比76.9% | 平均年化+7.59% | 中位数年化+4.71%
       美股99只(盈利71) 年化+5.61%
       港股30只(盈利28) 年化+14.21%
    🌐 多标的回测: 130只 | 盈利占比76.9% | 中位年化+4.72% | 美股+5.61% | 港股+14.21%
    ❌ 最大回撤>30% | 年化+4.78% | 回撤32.77%
    ⏱️ 耗时: 发现0.00s + 编码0.14s + 回测70.98s = 总计71.12s

  📋 [43/113] [趋势跟踪] GEM+ATR3.5x止损_12M
    📊 多标的回测汇总: 130只标的 | 盈利占比76.2% | 平均年化+7.46% | 中位数年化+4.83%
       美股99只(盈利70) 年化+5.52%
       港股30只(盈利28) 年化+13.96%
    🌐 多标的回测: 130只 | 盈利占比76.2% | 中位年化+4.83% | 美股+5.52% | 港股+13.96%
    ❌ 最大回撤>30% | 年化+4.40% | 回撤33.07%
    ⏱️ 耗时: 发现0.00s + 编码0.14s + 回测70.67s = 总计70.81s

  📋 [44/113] [趋势跟踪] GEM+ATR4.0x止损_12M
    📊 多标的回测汇总: 130只标的 | 盈利占比76.9% | 平均年化+7.41% | 中位数年化+4.53%
       美股99只(盈利71) 年化+5.44%
       港股30只(盈利28) 年化+14.05%
    🌐 多标的回测: 130只 | 盈利占比76.9% | 中位年化+4.53% | 美股+5.44% | 港股+14.05%
    ❌ 最大回撤>30% | 年化+2.87% | 回撤33.66%
    ⏱️ 耗时: 发现0.00s + 编码0.14s + 回测71.01s = 总计71.15s

  📋 [45/113] [趋势跟踪] 自由轮动5资产_3M+3d缓冲
/usr/local/lib64/python3.11/site-packages/numpy/_core/fromnumeric.py:3824: RuntimeWarning: Mean of empty slice
  return _methods._mean(a, axis=axis, dtype=dtype,
/usr/local/lib64/python3.11/site-packages/numpy/_core/_methods.py:142: RuntimeWarning: invalid value encountered in scalar divide
  ret = ret.dtype.type(ret / rcount)
    📊 多标的回测汇总: 1只标的 | 盈利占比0.0% | 平均年化-4.29% | 中位数年化-4.29%
    🌐 多标的回测: 1只 | 盈利占比0.0% | 中位年化-4.29% | 美股+0.00% | 港股+0.00%
    ❌ 最大回撤>30% | 年化-4.29% | 回撤42.09%
    ⏱️ 耗时: 发现0.00s + 编码0.18s + 回测1.10s = 总计1.28s

  📋 [46/113] [趋势跟踪] 自由轮动5资产_3M+5d缓冲
/usr/local/lib64/python3.11/site-packages/numpy/_core/fromnumeric.py:3824: RuntimeWarning: Mean of empty slice
  return _methods._mean(a, axis=axis, dtype=dtype,
/usr/local/lib64/python3.11/site-packages/numpy/_core/_methods.py:142: RuntimeWarning: invalid value encountered in scalar divide
  ret = ret.dtype.type(ret / rcount)
    📊 多标的回测汇总: 1只标的 | 盈利占比0.0% | 平均年化-1.15% | 中位数年化-1.15%
    🌐 多标的回测: 1只 | 盈利占比0.0% | 中位年化-1.15% | 美股+0.00% | 港股+0.00%
    ❌ 最大回撤>30% | 年化-1.15% | 回撤35.62%
    ⏱️ 耗时: 发现0.00s + 编码0.18s + 回测1.07s = 总计1.25s

  📋 [47/113] [趋势跟踪] 自由轮动5资产_6M+0d缓冲
/usr/local/lib64/python3.11/site-packages/numpy/_core/fromnumeric.py:3824: RuntimeWarning: Mean of empty slice
  return _methods._mean(a, axis=axis, dtype=dtype,
/usr/local/lib64/python3.11/site-packages/numpy/_core/_methods.py:142: RuntimeWarning: invalid value encountered in scalar divide
  ret = ret.dtype.type(ret / rcount)
    📊 多标的回测汇总: 1只标的 | 盈利占比100.0% | 平均年化+2.54% | 中位数年化+2.54%
    🌐 多标的回测: 1只 | 盈利占比100.0% | 中位年化+2.54% | 美股+0.00% | 港股+0.00%
    ❌ 最大回撤>30% | 年化+2.54% | 回撤35.53%
    ⏱️ 耗时: 发现0.00s + 编码0.18s + 回测1.21s = 总计1.39s

  📋 [48/113] [趋势跟踪] 自由轮动5资产_6M+3d缓冲
/usr/local/lib64/python3.11/site-packages/numpy/_core/fromnumeric.py:3824: RuntimeWarning: Mean of empty slice
  return _methods._mean(a, axis=axis, dtype=dtype,
/usr/local/lib64/python3.11/site-packages/numpy/_core/_methods.py:142: RuntimeWarning: invalid value encountered in scalar divide
  ret = ret.dtype.type(ret / rcount)
    📊 多标的回测汇总: 1只标的 | 盈利占比100.0% | 平均年化+2.94% | 中位数年化+2.94%
    🌐 多标的回测: 1只 | 盈利占比100.0% | 中位年化+2.94% | 美股+0.00% | 港股+0.00%
    ❌ 最大回撤>30% | 年化+2.94% | 回撤31.10%
    ⏱️ 耗时: 发现0.00s + 编码0.18s + 回测1.22s = 总计1.40s

  📋 [49/113] [趋势跟踪] 自由轮动5资产_6M+5d缓冲
/usr/local/lib64/python3.11/site-packages/numpy/_core/fromnumeric.py:3824: RuntimeWarning: Mean of empty slice
  return _methods._mean(a, axis=axis, dtype=dtype,
/usr/local/lib64/python3.11/site-packages/numpy/_core/_methods.py:142: RuntimeWarning: invalid value encountered in scalar divide
  ret = ret.dtype.type(ret / rcount)
    📊 多标的回测汇总: 1只标的 | 盈利占比100.0% | 平均年化+6.32% | 中位数年化+6.32%
    🌐 多标的回测: 1只 | 盈利占比100.0% | 中位年化+6.32% | 美股+0.00% | 港股+0.00%
    ✅ 得分28.33分 | 年化+6.32% | 回撤26.62% | 夏普0.18  ⚠️ 🌐1只盈利100%
    ⏱️ 耗时: 发现0.00s + 编码0.18s + 回测1.09s = 总计1.27s

  📋 [50/113] [趋势跟踪] 自由轮动5资产_9M+0d缓冲
/usr/local/lib64/python3.11/site-packages/numpy/_core/fromnumeric.py:3824: RuntimeWarning: Mean of empty slice
  return _methods._mean(a, axis=axis, dtype=dtype,
/usr/local/lib64/python3.11/site-packages/numpy/_core/_methods.py:142: RuntimeWarning: invalid value encountered in scalar divide
  ret = ret.dtype.type(ret / rcount)
    📊 多标的回测汇总: 1只标的 | 盈利占比0.0% | 平均年化-0.74% | 中位数年化-0.74%
    🌐 多标的回测: 1只 | 盈利占比0.0% | 中位年化-0.74% | 美股+0.00% | 港股+0.00%
    ❌ 最大回撤>30% | 年化-0.74% | 回撤38.55%
    ⏱️ 耗时: 发现0.00s + 编码0.18s + 回测1.20s = 总计1.39s

  📋 [51/113] [趋势跟踪] 自由轮动5资产_9M+3d缓冲
/usr/local/lib64/python3.11/site-packages/numpy/_core/fromnumeric.py:3824: RuntimeWarning: Mean of empty slice
  return _methods._mean(a, axis=axis, dtype=dtype,
/usr/local/lib64/python3.11/site-packages/numpy/_core/_methods.py:142: RuntimeWarning: invalid value encountered in scalar divide
  ret = ret.dtype.type(ret / rcount)
    📊 多标的回测汇总: 1只标的 | 盈利占比0.0% | 平均年化-3.12% | 中位数年化-3.12%
    🌐 多标的回测: 1只 | 盈利占比0.0% | 中位年化-3.12% | 美股+0.00% | 港股+0.00%
    ❌ 最大回撤>30% | 年化-3.12% | 回撤40.84%
    ⏱️ 耗时: 发现0.00s + 编码0.18s + 回测1.10s = 总计1.28s

  📋 [52/113] [趋势跟踪] 自由轮动5资产_9M+5d缓冲
/usr/local/lib64/python3.11/site-packages/numpy/_core/fromnumeric.py:3824: RuntimeWarning: Mean of empty slice
  return _methods._mean(a, axis=axis, dtype=dtype,
/usr/local/lib64/python3.11/site-packages/numpy/_core/_methods.py:142: RuntimeWarning: invalid value encountered in scalar divide
  ret = ret.dtype.type(ret / rcount)
    📊 多标的回测汇总: 1只标的 | 盈利占比100.0% | 平均年化+0.88% | 中位数年化+0.88%
    🌐 多标的回测: 1只 | 盈利占比100.0% | 中位年化+0.88% | 美股+0.00% | 港股+0.00%
    ❌ 最大回撤>30% | 年化+0.88% | 回撤35.87%
    ⏱️ 耗时: 发现0.00s + 编码0.18s + 回测1.07s = 总计1.26s

  📋 [53/113] [趋势跟踪] 自由轮动5资产_12M+0d缓冲
/usr/local/lib64/python3.11/site-packages/numpy/_core/fromnumeric.py:3824: RuntimeWarning: Mean of empty slice
  return _methods._mean(a, axis=axis, dtype=dtype,
/usr/local/lib64/python3.11/site-packages/numpy/_core/_methods.py:142: RuntimeWarning: invalid value encountered in scalar divide
  ret = ret.dtype.type(ret / rcount)
    📊 多标的回测汇总: 1只标的 | 盈利占比100.0% | 平均年化+1.24% | 中位数年化+1.24%
    🌐 多标的回测: 1只 | 盈利占比100.0% | 中位年化+1.24% | 美股+0.00% | 港股+0.00%
    ❌ 最大回撤>30% | 年化+1.24% | 回撤36.00%
    ⏱️ 耗时: 发现0.00s + 编码0.18s + 回测1.19s = 总计1.38s

  📋 [54/113] [趋势跟踪] 自由轮动5资产_12M+3d缓冲
/usr/local/lib64/python3.11/site-packages/numpy/_core/fromnumeric.py:3824: RuntimeWarning: Mean of empty slice
  return _methods._mean(a, axis=axis, dtype=dtype,
/usr/local/lib64/python3.11/site-packages/numpy/_core/_methods.py:142: RuntimeWarning: invalid value encountered in scalar divide
  ret = ret.dtype.type(ret / rcount)
    📊 多标的回测汇总: 1只标的 | 盈利占比100.0% | 平均年化+1.07% | 中位数年化+1.07%
    🌐 多标的回测: 1只 | 盈利占比100.0% | 中位年化+1.07% | 美股+0.00% | 港股+0.00%
    ❌ 最大回撤>30% | 年化+1.07% | 回撤36.49%
    ⏱️ 耗时: 发现0.00s + 编码0.18s + 回测1.12s = 总计1.30s

  📋 [55/113] [趋势跟踪] 自由轮动5资产_12M+5d缓冲
/usr/local/lib64/python3.11/site-packages/numpy/_core/fromnumeric.py:3824: RuntimeWarning: Mean of empty slice
  return _methods._mean(a, axis=axis, dtype=dtype,
/usr/local/lib64/python3.11/site-packages/numpy/_core/_methods.py:142: RuntimeWarning: invalid value encountered in scalar divide
  ret = ret.dtype.type(ret / rcount)
    📊 多标的回测汇总: 1只标的 | 盈利占比100.0% | 平均年化+2.41% | 中位数年化+2.41%
    🌐 多标的回测: 1只 | 盈利占比100.0% | 中位年化+2.41% | 美股+0.00% | 港股+0.00%
    ❌ 最大回撤>30% | 年化+2.41% | 回撤36.67%
    ⏱️ 耗时: 发现0.00s + 编码0.18s + 回测1.08s = 总计1.26s

  📋 [56/113] [趋势跟踪] SPY/GLD/SHY轮动_6M
    📊 多标的回测汇总: 130只标的 | 盈利占比77.7% | 平均年化+8.16% | 中位数年化+6.39%
       美股99只(盈利72) 年化+5.77%
       港股30只(盈利28) 年化+16.08%
    🌐 多标的回测: 130只 | 盈利占比77.7% | 中位年化+6.40% | 美股+5.77% | 港股+16.08%
    ❌ 最大回撤>30% | 年化+7.14% | 回撤34.03%
    ⏱️ 耗时: 发现0.00s + 编码0.14s + 回测26.71s = 总计26.85s

  📋 [57/113] [趋势跟踪] SPY/GLD/SHY轮动_6M
    📊 多标的回测汇总: 130只标的 | 盈利占比77.7% | 平均年化+7.05% | 中位数年化+5.54%
       美股99只(盈利73) 年化+6.01%
       港股30只(盈利27) 年化+10.44%
    🌐 多标的回测: 130只 | 盈利占比77.7% | 中位年化+5.54% | 美股+6.01% | 港股+10.44%
    ❌ 最大回撤>30% | 年化+7.50% | 回撤32.26%
    ⏱️ 耗时: 发现0.00s + 编码0.14s + 回测26.10s = 总计26.25s

  📋 [58/113] [趋势跟踪] SPY/GLD/SHY轮动_6M
    📊 多标的回测汇总: 130只标的 | 盈利占比79.2% | 平均年化+6.76% | 中位数年化+5.84%
       美股99只(盈利76) 年化+6.53%
       港股30只(盈利26) 年化+7.49%
    🌐 多标的回测: 130只 | 盈利占比79.2% | 中位年化+5.84% | 美股+6.53% | 港股+7.49%
    ❌ 最大回撤>30% | 年化+7.93% | 回撤30.08%
    ⏱️ 耗时: 发现0.00s + 编码0.14s + 回测25.37s = 总计25.51s

  📋 [59/113] [趋势跟踪] SPY/GLD/SHY轮动_9M
    📊 多标的回测汇总: 130只标的 | 盈利占比77.7% | 平均年化+8.25% | 中位数年化+5.88%
       美股99只(盈利72) 年化+6.11%
       港股30只(盈利28) 年化+15.30%
    🌐 多标的回测: 130只 | 盈利占比77.7% | 中位年化+5.88% | 美股+6.11% | 港股+15.30%
    ❌ 最大回撤>30% | 年化+8.68% | 回撤34.54%
    ⏱️ 耗时: 发现0.00s + 编码0.14s + 回测26.31s = 总计26.46s

  📋 [60/113] [趋势跟踪] SPY/GLD/SHY轮动_9M
    📊 多标的回测汇总: 130只标的 | 盈利占比78.5% | 平均年化+7.70% | 中位数年化+6.69%
       美股99只(盈利76) 年化+6.59%
       港股30只(盈利25) 年化+11.32%
    🌐 多标的回测: 130只 | 盈利占比78.5% | 中位年化+6.68% | 美股+6.59% | 港股+11.32%
    ❌ 最大回撤>30% | 年化+8.23% | 回撤36.06%
    ⏱️ 耗时: 发现0.00s + 编码0.14s + 回测25.66s = 总计25.80s

  📋 [61/113] [趋势跟踪] SPY/GLD/SHY轮动_9M
    📊 多标的回测汇总: 130只标的 | 盈利占比80.8% | 平均年化+7.99% | 中位数年化+6.72%
       美股99只(盈利81) 年化+7.40%
       港股30只(盈利23) 年化+9.89%
    🌐 多标的回测: 130只 | 盈利占比80.8% | 中位年化+6.72% | 美股+7.40% | 港股+9.89%
    ❌ 最大回撤>30% | 年化+9.70% | 回撤33.77%
    ⏱️ 耗时: 发现0.00s + 编码0.14s + 回测24.99s = 总计25.13s

  📋 [62/113] [趋势跟踪] SPY/GLD/SHY轮动_12M
    📊 多标的回测汇总: 130只标的 | 盈利占比82.3% | 平均年化+7.70% | 中位数年化+4.97%
       美股99只(盈利76) 年化+5.52%
       港股30只(盈利30) 年化+14.83%
    🌐 多标的回测: 130只 | 盈利占比82.3% | 中位年化+4.97% | 美股+5.52% | 港股+14.83%
    ❌ 最大回撤>30% | 年化+9.76% | 回撤31.61%
    ⏱️ 耗时: 发现0.00s + 编码0.14s + 回测25.92s = 总计26.06s

  📋 [63/113] [趋势跟踪] SPY/GLD/SHY轮动_12M
    📊 多标的回测汇总: 130只标的 | 盈利占比76.9% | 平均年化+7.11% | 中位数年化+5.09%
       美股99只(盈利73) 年化+5.93%
       港股30只(盈利26) 年化+10.95%
    🌐 多标的回测: 130只 | 盈利占比76.9% | 中位年化+5.10% | 美股+5.93% | 港股+10.95%
    ❌ 最大回撤>30% | 年化+9.17% | 回撤31.61%
    ⏱️ 耗时: 发现0.00s + 编码0.14s + 回测25.57s = 总计25.71s

  📋 [64/113] [趋势跟踪] SPY/GLD/SHY轮动_12M
    📊 多标的回测汇总: 130只标的 | 盈利占比81.5% | 平均年化+7.04% | 中位数年化+4.62%
       美股99只(盈利78) 年化+6.28%
       港股30只(盈利27) 年化+9.45%
    🌐 多标的回测: 130只 | 盈利占比81.5% | 中位年化+4.62% | 美股+6.28% | 港股+9.45%
    ❌ 最大回撤>30% | 年化+9.73% | 回撤31.61%
    ⏱️ 耗时: 发现0.00s + 编码0.14s + 回测25.04s = 总计25.18s

  📋 [65/113] [趋势跟踪] QQQ/VEA/GLD轮动_6M
    📊 多标的回测汇总: 130只标的 | 盈利占比77.7% | 平均年化+8.14% | 中位数年化+6.30%
       美股99只(盈利72) 年化+5.77%
       港股30只(盈利28) 年化+16.08%
    🌐 多标的回测: 130只 | 盈利占比77.7% | 中位年化+6.30% | 美股+5.77% | 港股+16.08%
    ✅ 得分32.61分 | 年化+4.75% | 回撤23.76% | 夏普0.08 ✅ ⚠️ 🌐130只盈利78%
    ⏱️ 耗时: 发现0.00s + 编码0.14s + 回测26.76s = 总计26.91s

  📋 [66/113] [事件驱动] 宏观轮动_3M+5d缓冲
/usr/local/lib64/python3.11/site-packages/numpy/_core/fromnumeric.py:3824: RuntimeWarning: Mean of empty slice
  return _methods._mean(a, axis=axis, dtype=dtype,
/usr/local/lib64/python3.11/site-packages/numpy/_core/_methods.py:142: RuntimeWarning: invalid value encountered in scalar divide
  ret = ret.dtype.type(ret / rcount)
    📊 多标的回测汇总: 1只标的 | 盈利占比100.0% | 平均年化+0.54% | 中位数年化+0.54%
    🌐 多标的回测: 1只 | 盈利占比100.0% | 中位年化+0.54% | 美股+0.00% | 港股+0.00%
    ❌ 最大回撤>30% | 年化+0.54% | 回撤35.42%
    ⏱️ 耗时: 发现0.00s + 编码0.27s + 回测1.01s = 总计1.28s

  📋 [67/113] [事件驱动] 宏观轮动_6M+0d缓冲
/usr/local/lib64/python3.11/site-packages/numpy/_core/fromnumeric.py:3824: RuntimeWarning: Mean of empty slice
  return _methods._mean(a, axis=axis, dtype=dtype,
/usr/local/lib64/python3.11/site-packages/numpy/_core/_methods.py:142: RuntimeWarning: invalid value encountered in scalar divide
  ret = ret.dtype.type(ret / rcount)
    📊 多标的回测汇总: 1只标的 | 盈利占比100.0% | 平均年化+4.00% | 中位数年化+4.00%
    🌐 多标的回测: 1只 | 盈利占比100.0% | 中位年化+4.00% | 美股+0.00% | 港股+0.00%
    ❌ 最大回撤>30% | 年化+4.00% | 回撤35.53%
    ⏱️ 耗时: 发现0.00s + 编码0.27s + 回测1.11s = 总计1.38s

  📋 [68/113] [事件驱动] 宏观轮动_6M+3d缓冲
/usr/local/lib64/python3.11/site-packages/numpy/_core/fromnumeric.py:3824: RuntimeWarning: Mean of empty slice
  return _methods._mean(a, axis=axis, dtype=dtype,
/usr/local/lib64/python3.11/site-packages/numpy/_core/_methods.py:142: RuntimeWarning: invalid value encountered in scalar divide
  ret = ret.dtype.type(ret / rcount)
    📊 多标的回测汇总: 1只标的 | 盈利占比100.0% | 平均年化+6.68% | 中位数年化+6.68%
    🌐 多标的回测: 1只 | 盈利占比100.0% | 中位年化+6.68% | 美股+0.00% | 港股+0.00%
    ✅ 得分28.7分 | 年化+6.68% | 回撤26.99% | 夏普0.20  ⚠️ 🌐1只盈利100%
    ⏱️ 耗时: 发现0.00s + 编码0.27s + 回测1.07s = 总计1.34s

  📋 [69/113] [事件驱动] 宏观轮动_6M+5d缓冲
/usr/local/lib64/python3.11/site-packages/numpy/_core/fromnumeric.py:3824: RuntimeWarning: Mean of empty slice
  return _methods._mean(a, axis=axis, dtype=dtype,
/usr/local/lib64/python3.11/site-packages/numpy/_core/_methods.py:142: RuntimeWarning: invalid value encountered in scalar divide
  ret = ret.dtype.type(ret / rcount)
    📊 多标的回测汇总: 1只标的 | 盈利占比100.0% | 平均年化+6.55% | 中位数年化+6.55%
    🌐 多标的回测: 1只 | 盈利占比100.0% | 中位年化+6.55% | 美股+0.00% | 港股+0.00%
    ✅ 得分28.78分 | 年化+6.55% | 回撤28.57% | 夏普0.20  ⚠️ 🌐1只盈利100%
    ⏱️ 耗时: 发现0.00s + 编码0.27s + 回测1.02s = 总计1.29s

  📋 [70/113] [事件驱动] 宏观轮动_9M+0d缓冲
/usr/local/lib64/python3.11/site-packages/numpy/_core/fromnumeric.py:3824: RuntimeWarning: Mean of empty slice
  return _methods._mean(a, axis=axis, dtype=dtype,
/usr/local/lib64/python3.11/site-packages/numpy/_core/_methods.py:142: RuntimeWarning: invalid value encountered in scalar divide
  ret = ret.dtype.type(ret / rcount)
    📊 多标的回测汇总: 1只标的 | 盈利占比100.0% | 平均年化+0.74% | 中位数年化+0.74%
    🌐 多标的回测: 1只 | 盈利占比100.0% | 中位年化+0.74% | 美股+0.00% | 港股+0.00%
    ❌ 最大回撤>30% | 年化+0.74% | 回撤36.05%
    ⏱️ 耗时: 发现0.00s + 编码0.27s + 回测1.11s = 总计1.38s

  📋 [71/113] [事件驱动] 宏观轮动_9M+3d缓冲
/usr/local/lib64/python3.11/site-packages/numpy/_core/fromnumeric.py:3824: RuntimeWarning: Mean of empty slice
  return _methods._mean(a, axis=axis, dtype=dtype,
/usr/local/lib64/python3.11/site-packages/numpy/_core/_methods.py:142: RuntimeWarning: invalid value encountered in scalar divide
  ret = ret.dtype.type(ret / rcount)
    📊 多标的回测汇总: 1只标的 | 盈利占比0.0% | 平均年化-2.17% | 中位数年化-2.17%
    🌐 多标的回测: 1只 | 盈利占比0.0% | 中位年化-2.17% | 美股+0.00% | 港股+0.00%
    ❌ 最大回撤>30% | 年化-2.17% | 回撤41.02%
    ⏱️ 耗时: 发现0.00s + 编码0.27s + 回测1.09s = 总计1.36s

  📋 [72/113] [事件驱动] 宏观轮动_9M+5d缓冲
/usr/local/lib64/python3.11/site-packages/numpy/_core/fromnumeric.py:3824: RuntimeWarning: Mean of empty slice
  return _methods._mean(a, axis=axis, dtype=dtype,
/usr/local/lib64/python3.11/site-packages/numpy/_core/_methods.py:142: RuntimeWarning: invalid value encountered in scalar divide
  ret = ret.dtype.type(ret / rcount)
    📊 多标的回测汇总: 1只标的 | 盈利占比100.0% | 平均年化+0.65% | 中位数年化+0.65%
    🌐 多标的回测: 1只 | 盈利占比100.0% | 中位年化+0.65% | 美股+0.00% | 港股+0.00%
    ❌ 最大回撤>30% | 年化+0.65% | 回撤40.06%
    ⏱️ 耗时: 发现0.00s + 编码0.27s + 回测1.00s = 总计1.27s

  📋 [73/113] [趋势跟踪] MACD12/21轮动+0d缓冲
    📊 多标的回测汇总: 130只标的 | 盈利占比83.8% | 平均年化+17.30% | 中位数年化+7.88%
       美股99只(盈利78) 年化+6.32%
       港股30只(盈利30) 年化+53.95%
    🌐 多标的回测: 130只 | 盈利占比83.8% | 中位年化+7.88% | 美股+6.32% | 港股+53.95%
    ✅ 得分26.88分 | 年化+5.83% | 回撤28.94% | 夏普0.16  ⚠️ 🌐130只盈利84%
    ⏱️ 耗时: 发现0.00s + 编码0.53s + 回测22.60s = 总计23.13s

  📋 [74/113] [趋势跟踪] MACD12/21轮动+3d缓冲
    📊 多标的回测汇总: 130只标的 | 盈利占比85.4% | 平均年化+14.56% | 中位数年化+8.18%
       美股99只(盈利80) 年化+6.39%
       港股30只(盈利30) 年化+41.81%
    🌐 多标的回测: 130只 | 盈利占比85.4% | 中位年化+8.18% | 美股+6.39% | 港股+41.81%
    ❌ 最大回撤>30% | 年化+5.85% | 回撤30.30%
    ⏱️ 耗时: 发现0.00s + 编码0.53s + 回测20.46s = 总计20.98s

  📋 [75/113] [趋势跟踪] MACD12/26轮动+0d缓冲
    📊 多标的回测汇总: 130只标的 | 盈利占比86.9% | 平均年化+16.61% | 中位数年化+7.23%
       美股99只(盈利82) 年化+6.46%
       港股30只(盈利30) 年化+50.46%
    🌐 多标的回测: 130只 | 盈利占比86.9% | 中位年化+7.24% | 美股+6.46% | 港股+50.46%
    ✅ 得分25.81分 | 年化+5.38% | 回撤25.43% | 夏普0.12  ⚠️ 🌐130只盈利87%
    ⏱️ 耗时: 发现0.00s + 编码0.53s + 回测21.89s = 总计22.41s

  📋 [76/113] [趋势跟踪] MACD12/26轮动+3d缓冲
    📊 多标的回测汇总: 130只标的 | 盈利占比86.2% | 平均年化+14.10% | 中位数年化+7.33%
       美股99只(盈利81) 年化+6.42%
       港股30只(盈利30) 年化+39.74%
    🌐 多标的回测: 130只 | 盈利占比86.2% | 中位年化+7.33% | 美股+6.42% | 港股+39.74%
    ✅ 得分25.99分 | 年化+5.49% | 回撤28.31% | 夏普0.13  ⚠️ 🌐130只盈利86%
    ⏱️ 耗时: 发现0.00s + 编码0.53s + 回测20.40s = 总计20.93s

  📋 [77/113] [均值回归] RSI7_25/70轮动
    📊 多标的回测汇总: 130只标的 | 盈利占比55.4% | 平均年化-3.39% | 中位数年化+1.12%
       美股99只(盈利72) 年化+3.16%
       港股30只(盈利0) 年化-25.07%
    🌐 多标的回测: 130只 | 盈利占比55.4% | 中位年化+1.12% | 美股+3.16% | 港股-25.07%
    ❌ 最大回撤>30% | 年化-1.08% | 回撤32.51%
    ⏱️ 耗时: 发现0.00s + 编码0.32s + 回测14.04s = 总计14.36s

  📋 [78/113] [均值回归] RSI7_25/75轮动
    📊 多标的回测汇总: 130只标的 | 盈利占比58.5% | 平均年化-2.07% | 中位数年化+1.80%
       美股99只(盈利76) 年化+4.22%
       港股30只(盈利0) 年化-22.89%
    🌐 多标的回测: 130只 | 盈利占比58.5% | 中位年化+1.80% | 美股+4.22% | 港股-22.89%
    ❌ 最大回撤>30% | 年化-0.42% | 回撤32.51%
    ⏱️ 耗时: 发现0.00s + 编码0.32s + 回测13.84s = 总计14.16s

  📋 [79/113] [均值回归] RSI7_30/70轮动
    📊 多标的回测汇总: 130只标的 | 盈利占比55.4% | 平均年化-3.63% | 中位数年化+1.06%
       美股99只(盈利72) 年化+3.63%
       港股30只(盈利0) 年化-27.63%
    🌐 多标的回测: 130只 | 盈利占比55.4% | 中位年化+1.06% | 美股+3.63% | 港股-27.63%
    ❌ 最大回撤>30% | 年化-2.69% | 回撤36.21%
    ⏱️ 耗时: 发现0.00s + 编码0.32s + 回测14.28s = 总计14.60s

  📋 [80/113] [均值回归] RSI7_30/75轮动
    📊 多标的回测汇总: 130只标的 | 盈利占比58.5% | 平均年化-2.12% | 中位数年化+2.26%
       美股99只(盈利76) 年化+4.72%
       港股30只(盈利0) 年化-24.72%
    🌐 多标的回测: 130只 | 盈利占比58.5% | 中位年化+2.26% | 美股+4.72% | 港股-24.72%
    ❌ 最大回撤>30% | 年化-1.12% | 回撤33.21%
    ⏱️ 耗时: 发现0.00s + 编码0.32s + 回测14.18s = 总计14.50s

  📋 [81/113] [均值回归] RSI(2)严格均值回归_10/80+0d缓冲
    📊 多标的回测汇总: 130只标的 | 盈利占比64.6% | 平均年化-2.41% | 中位数年化+3.31%
       美股99只(盈利83) 年化+7.51%
       港股30只(盈利0) 年化-35.41%
    🌐 多标的回测: 130只 | 盈利占比64.6% | 中位年化+3.31% | 美股+7.51% | 港股-35.41%
    ❌ 最大回撤>30% | 年化+5.62% | 回撤31.46%
    ⏱️ 耗时: 发现0.00s + 编码0.32s + 回测15.59s = 总计15.91s

  📋 [82/113] [均值回归] RSI(2)严格均值回归_10/80+3d缓冲
    📊 多标的回测汇总: 130只标的 | 盈利占比65.4% | 平均年化-1.29% | 中位数年化+3.25%
       美股99只(盈利84) 年化+7.43%
       港股30只(盈利0) 年化-30.23%
    🌐 多标的回测: 130只 | 盈利占比65.4% | 中位年化+3.25% | 美股+7.43% | 港股-30.23%
    ❌ 最大回撤>30% | 年化+4.49% | 回撤33.51%
    ⏱️ 耗时: 发现0.00s + 编码0.32s + 回测14.81s = 总计15.13s

  📋 [83/113] [均值回归] RSI(2)严格均值回归_10/90+0d缓冲
    📊 多标的回测汇总: 130只标的 | 盈利占比70.8% | 平均年化+4.72% | 中位数年化+6.88%
       美股99只(盈利90) 年化+11.52%
       港股30只(盈利1) 年化-17.77%
    🌐 多标的回测: 130只 | 盈利占比70.8% | 中位年化+6.88% | 美股+11.52% | 港股-17.77%
    ❌ 最大回撤>30% | 年化+6.28% | 回撤31.48%
    ⏱️ 耗时: 发现0.00s + 编码0.32s + 回测14.91s = 总计15.23s

  📋 [84/113] [均值回归] RSI(2)严格均值回归_10/90+3d缓冲
    📊 多标的回测汇总: 130只标的 | 盈利占比72.3% | 平均年化+4.99% | 中位数年化+6.39%
       美股99只(盈利91) 年化+11.28%
       港股30只(盈利2) 年化-15.79%
    🌐 多标的回测: 130只 | 盈利占比72.3% | 中位年化+6.40% | 美股+11.28% | 港股-15.79%
    ❌ 最大回撤>30% | 年化+6.04% | 回撤31.49%
    ⏱️ 耗时: 发现0.00s + 编码0.32s + 回测14.66s = 总计14.98s

  📋 [85/113] [趋势跟踪] 双市场自适应_3M+0d缓冲
    📊 多标的回测汇总: 130只标的 | 盈利占比70.0% | 平均年化+8.77% | 中位数年化+4.25%
       美股99只(盈利60) 年化+2.81%
       港股30只(盈利30) 年化+28.54%
    🌐 多标的回测: 130只 | 盈利占比70.0% | 中位年化+4.25% | 美股+2.81% | 港股+28.54%
    ✅ 得分28.3分 | 年化+5.07% | 回撤21.21% | 夏普0.10  ⚠️ 🌐130只盈利70%
    ⏱️ 耗时: 发现0.00s + 编码0.14s + 回测27.20s = 总计27.34s

  📋 [86/113] [趋势跟踪] 双市场自适应_3M+3d缓冲
    📊 多标的回测汇总: 130只标的 | 盈利占比68.5% | 平均年化+6.43% | 中位数年化+3.22%
       美股99只(盈利60) 年化+2.50%
       港股30只(盈利28) 年化+19.54%
    🌐 多标的回测: 130只 | 盈利占比68.5% | 中位年化+3.22% | 美股+2.50% | 港股+19.54%
    ✅ 得分19.55分 | 年化+1.88% | 回撤29.08% | 夏普-0.13  ⚠️ 🌐130只盈利68%
    ⏱️ 耗时: 发现0.00s + 编码0.14s + 回测26.11s = 总计26.25s

  📋 [87/113] [趋势跟踪] 双市场自适应_3M+5d缓冲
    📊 多标的回测汇总: 130只标的 | 盈利占比69.2% | 平均年化+5.70% | 中位数年化+4.12%
       美股99只(盈利61) 年化+3.02%
       港股30只(盈利28) 年化+14.55%
    🌐 多标的回测: 130只 | 盈利占比69.2% | 中位年化+4.12% | 美股+3.02% | 港股+14.55%
    ✅ 得分33.44分 | 年化+5.12% | 回撤24.51% | 夏普0.10 ✅ ⚠️ 🌐130只盈利69%
    ⏱️ 耗时: 发现0.00s + 编码0.14s + 回测25.31s = 总计25.45s

  📋 [88/113] [趋势跟踪] 双市场自适应_6M+0d缓冲
    📊 多标的回测汇总: 130只标的 | 盈利占比77.7% | 平均年化+8.16% | 中位数年化+6.39%
       美股99只(盈利72) 年化+5.77%
       港股30只(盈利28) 年化+16.08%
    🌐 多标的回测: 130只 | 盈利占比77.7% | 中位年化+6.40% | 美股+5.77% | 港股+16.08%
    ✅ 得分35.65分 | 年化+7.31% | 回撤26.56% | 夏普0.26 ✅ ⚠️ 🌐130只盈利78%
    ⏱️ 耗时: 发现0.00s + 编码0.14s + 回测26.71s = 总计26.85s

  📋 [89/113] [趋势跟踪] 双市场自适应_9M+0d缓冲
    📊 多标的回测汇总: 130只标的 | 盈利占比77.7% | 平均年化+8.26% | 中位数年化+5.88%
       美股99只(盈利72) 年化+6.11%
       港股30只(盈利28) 年化+15.30%
    🌐 多标的回测: 130只 | 盈利占比77.7% | 中位年化+5.88% | 美股+6.11% | 港股+15.30%
    ✅ 得分40.18分 | 年化+9.40% | 回撤29.26% | 夏普0.39 ✅ ⚠️ 🌐130只盈利78%
    ⏱️ 耗时: 发现0.00s + 编码0.14s + 回测26.47s = 总计26.61s

  📋 [90/113] [其他] 全天候_3M+3d缓冲
/usr/local/lib64/python3.11/site-packages/numpy/_core/fromnumeric.py:3824: RuntimeWarning: Mean of empty slice
  return _methods._mean(a, axis=axis, dtype=dtype,
/usr/local/lib64/python3.11/site-packages/numpy/_core/_methods.py:142: RuntimeWarning: invalid value encountered in scalar divide
  ret = ret.dtype.type(ret / rcount)
    📊 多标的回测汇总: 1只标的 | 盈利占比0.0% | 平均年化-1.47% | 中位数年化-1.47%
    🌐 多标的回测: 1只 | 盈利占比0.0% | 中位年化-1.47% | 美股+0.00% | 港股+0.00%
    ❌ 最大回撤>30% | 年化-1.47% | 回撤37.57%
    ⏱️ 耗时: 发现0.00s + 编码0.23s + 回测0.99s = 总计1.22s

  📋 [91/113] [其他] 全天候_3M+5d缓冲
/usr/local/lib64/python3.11/site-packages/numpy/_core/fromnumeric.py:3824: RuntimeWarning: Mean of empty slice
  return _methods._mean(a, axis=axis, dtype=dtype,
/usr/local/lib64/python3.11/site-packages/numpy/_core/_methods.py:142: RuntimeWarning: invalid value encountered in scalar divide
  ret = ret.dtype.type(ret / rcount)
    📊 多标的回测汇总: 1只标的 | 盈利占比100.0% | 平均年化+1.85% | 中位数年化+1.85%
    🌐 多标的回测: 1只 | 盈利占比100.0% | 中位年化+1.85% | 美股+0.00% | 港股+0.00%
    ❌ 最大回撤>30% | 年化+1.85% | 回撤34.21%
    ⏱️ 耗时: 发现0.00s + 编码0.23s + 回测0.92s = 总计1.15s

  📋 [92/113] [其他] 全天候_3M+7d缓冲
/usr/local/lib64/python3.11/site-packages/numpy/_core/fromnumeric.py:3824: RuntimeWarning: Mean of empty slice
  return _methods._mean(a, axis=axis, dtype=dtype,
/usr/local/lib64/python3.11/site-packages/numpy/_core/_methods.py:142: RuntimeWarning: invalid value encountered in scalar divide
  ret = ret.dtype.type(ret / rcount)
    📊 多标的回测汇总: 1只标的 | 盈利占比0.0% | 平均年化-0.41% | 中位数年化-0.41%
    🌐 多标的回测: 1只 | 盈利占比0.0% | 中位年化-0.41% | 美股+0.00% | 港股+0.00%
    ❌ 最大回撤>30% | 年化-0.41% | 回撤37.23%
    ⏱️ 耗时: 发现0.00s + 编码0.23s + 回测0.89s = 总计1.12s

  📋 [93/113] [其他] 全天候_6M+3d缓冲
/usr/local/lib64/python3.11/site-packages/numpy/_core/fromnumeric.py:3824: RuntimeWarning: Mean of empty slice
  return _methods._mean(a, axis=axis, dtype=dtype,
/usr/local/lib64/python3.11/site-packages/numpy/_core/_methods.py:142: RuntimeWarning: invalid value encountered in scalar divide
  ret = ret.dtype.type(ret / rcount)
    📊 多标的回测汇总: 1只标的 | 盈利占比100.0% | 平均年化+6.63% | 中位数年化+6.63%
    🌐 多标的回测: 1只 | 盈利占比100.0% | 中位年化+6.63% | 美股+0.00% | 港股+0.00%
    ✅ 得分33.69分 | 年化+6.63% | 回撤26.99% | 夏普0.20 ✅ ⚠️ 🌐1只盈利100%
    ⏱️ 耗时: 发现0.00s + 编码0.23s + 回测0.99s = 总计1.22s

  📋 [94/113] [其他] 全天候_6M+5d缓冲
/usr/local/lib64/python3.11/site-packages/numpy/_core/fromnumeric.py:3824: RuntimeWarning: Mean of empty slice
  return _methods._mean(a, axis=axis, dtype=dtype,
/usr/local/lib64/python3.11/site-packages/numpy/_core/_methods.py:142: RuntimeWarning: invalid value encountered in scalar divide
  ret = ret.dtype.type(ret / rcount)
    📊 多标的回测汇总: 1只标的 | 盈利占比100.0% | 平均年化+7.29% | 中位数年化+7.29%
    🌐 多标的回测: 1只 | 盈利占比100.0% | 中位年化+7.29% | 美股+0.00% | 港股+0.00%
    ✅ 得分30.36分 | 年化+7.29% | 回撤26.14% | 夏普0.24  ⚠️ 🌐1只盈利100%
    ⏱️ 耗时: 发现0.00s + 编码0.23s + 回测0.98s = 总计1.21s

  📋 [95/113] [其他] 全天候_6M+7d缓冲
/usr/local/lib64/python3.11/site-packages/numpy/_core/fromnumeric.py:3824: RuntimeWarning: Mean of empty slice
  return _methods._mean(a, axis=axis, dtype=dtype,
/usr/local/lib64/python3.11/site-packages/numpy/_core/_methods.py:142: RuntimeWarning: invalid value encountered in scalar divide
  ret = ret.dtype.type(ret / rcount)
    📊 多标的回测汇总: 1只标的 | 盈利占比100.0% | 平均年化+3.69% | 中位数年化+3.69%
    🌐 多标的回测: 1只 | 盈利占比100.0% | 中位年化+3.69% | 美股+0.00% | 港股+0.00%
    ✅ 得分22.72分 | 年化+3.69% | 回撤29.81% | 夏普0.03  ⚠️ 🌐1只盈利100%
    ⏱️ 耗时: 发现0.00s + 编码0.23s + 回测0.92s = 总计1.15s

  📋 [96/113] [其他] 全天候_9M+3d缓冲
/usr/local/lib64/python3.11/site-packages/numpy/_core/fromnumeric.py:3824: RuntimeWarning: Mean of empty slice
  return _methods._mean(a, axis=axis, dtype=dtype,
/usr/local/lib64/python3.11/site-packages/numpy/_core/_methods.py:142: RuntimeWarning: invalid value encountered in scalar divide
  ret = ret.dtype.type(ret / rcount)
    📊 多标的回测汇总: 1只标的 | 盈利占比0.0% | 平均年化-0.74% | 中位数年化-0.74%
    🌐 多标的回测: 1只 | 盈利占比0.0% | 中位年化-0.74% | 美股+0.00% | 港股+0.00%
    ❌ 最大回撤>30% | 年化-0.74% | 回撤36.20%
    ⏱️ 耗时: 发现0.00s + 编码0.23s + 回测1.03s = 总计1.26s

  📋 [97/113] [其他] 全天候_9M+5d缓冲
/usr/local/lib64/python3.11/site-packages/numpy/_core/fromnumeric.py:3824: RuntimeWarning: Mean of empty slice
  return _methods._mean(a, axis=axis, dtype=dtype,
/usr/local/lib64/python3.11/site-packages/numpy/_core/_methods.py:142: RuntimeWarning: invalid value encountered in scalar divide
  ret = ret.dtype.type(ret / rcount)
    📊 多标的回测汇总: 1只标的 | 盈利占比100.0% | 平均年化+1.88% | 中位数年化+1.88%
    🌐 多标的回测: 1只 | 盈利占比100.0% | 中位年化+1.88% | 美股+0.00% | 港股+0.00%
    ❌ 最大回撤>30% | 年化+1.88% | 回撤35.81%
    ⏱️ 耗时: 发现0.00s + 编码0.23s + 回测0.99s = 总计1.22s

  📋 [98/113] [其他] 全天候_9M+7d缓冲
/usr/local/lib64/python3.11/site-packages/numpy/_core/fromnumeric.py:3824: RuntimeWarning: Mean of empty slice
  return _methods._mean(a, axis=axis, dtype=dtype,
/usr/local/lib64/python3.11/site-packages/numpy/_core/_methods.py:142: RuntimeWarning: invalid value encountered in scalar divide
  ret = ret.dtype.type(ret / rcount)
    📊 多标的回测汇总: 1只标的 | 盈利占比100.0% | 平均年化+0.95% | 中位数年化+0.95%
    🌐 多标的回测: 1只 | 盈利占比100.0% | 中位年化+0.95% | 美股+0.00% | 港股+0.00%
    ❌ 最大回撤>30% | 年化+0.95% | 回撤35.65%
    ⏱️ 耗时: 发现0.00s + 编码0.23s + 回测0.93s = 总计1.16s

  📋 [99/113] [趋势跟踪] 聚宽-ETF轮动策略_动量轮动3M
/usr/local/lib64/python3.11/site-packages/numpy/_core/fromnumeric.py:3824: RuntimeWarning: Mean of empty slice
  return _methods._mean(a, axis=axis, dtype=dtype,
/usr/local/lib64/python3.11/site-packages/numpy/_core/_methods.py:142: RuntimeWarning: invalid value encountered in scalar divide
  ret = ret.dtype.type(ret / rcount)
    📊 多标的回测汇总: 1只标的 | 盈利占比100.0% | 平均年化+5.09% | 中位数年化+5.09%
    🌐 多标的回测: 1只 | 盈利占比100.0% | 中位年化+5.09% | 美股+0.00% | 港股+0.00%
    ✅ 得分25.47分 | 年化+5.09% | 回撤26.89% | 夏普0.10  ⚠️ 🌐1只盈利100%
    ⏱️ 耗时: 发现7.90s + 编码0.98s + 回测0.60s = 总计9.48s

  📋 [100/113] [趋势跟踪] 聚宽-ETF轮动策略_动量轮动6M
/usr/local/lib64/python3.11/site-packages/numpy/_core/fromnumeric.py:3824: RuntimeWarning: Mean of empty slice
  return _methods._mean(a, axis=axis, dtype=dtype,
/usr/local/lib64/python3.11/site-packages/numpy/_core/_methods.py:142: RuntimeWarning: invalid value encountered in scalar divide
  ret = ret.dtype.type(ret / rcount)
    📊 多标的回测汇总: 1只标的 | 盈利占比100.0% | 平均年化+5.70% | 中位数年化+5.70%
    🌐 多标的回测: 1只 | 盈利占比100.0% | 中位年化+5.70% | 美股+0.00% | 港股+0.00%
    ❌ 最大回撤>30% | 年化+5.70% | 回撤33.83%
    ⏱️ 耗时: 发现7.90s + 编码0.98s + 回测0.56s = 总计9.44s

  📋 [101/113] [趋势跟踪] 聚宽-多因子选股策略_SMA20/50交叉
/usr/local/lib64/python3.11/site-packages/numpy/_core/fromnumeric.py:3824: RuntimeWarning: Mean of empty slice
  return _methods._mean(a, axis=axis, dtype=dtype,
/usr/local/lib64/python3.11/site-packages/numpy/_core/_methods.py:142: RuntimeWarning: invalid value encountered in scalar divide
  ret = ret.dtype.type(ret / rcount)
    📊 多标的回测汇总: 1只标的 | 盈利占比100.0% | 平均年化+7.23% | 中位数年化+7.23%
    🌐 多标的回测: 1只 | 盈利占比100.0% | 中位年化+7.23% | 美股+0.00% | 港股+0.00%
    ❌ 最大回撤>30% | 年化+7.23% | 回撤30.55%
    ⏱️ 耗时: 发现7.90s + 编码0.86s + 回测0.32s = 总计9.08s

  📋 [102/113] [其他] 聚宽布林带15日2σ
    📊 多标的回测汇总: 130只标的 | 盈利占比72.3% | 平均年化+2.04% | 中位数年化+6.28%
       美股99只(盈利93) 年化+9.50%
       港股30只(盈利0) 年化-22.78%
    🌐 多标的回测: 130只 | 盈利占比72.3% | 中位年化+6.28% | 美股+9.50% | 港股-22.78%
    ❌ 最大回撤>30% | 年化+8.66% | 回撤32.68%
    ⏱️ 耗时: 发现7.90s + 编码2.20s + 回测28.14s = 总计38.24s

  📋 [103/113] [其他] 聚宽RSRS-GEM6M+ATR2x
    📊 多标的回测汇总: 130只标的 | 盈利占比76.9% | 平均年化+9.84% | 中位数年化+6.89%
       美股99只(盈利69) 年化+4.82%
       港股30只(盈利30) 年化+26.49%
    🌐 多标的回测: 130只 | 盈利占比76.9% | 中位年化+6.90% | 美股+4.82% | 港股+26.49%
    ✅ 得分27.94分 | 年化+6.17% | 回撤26.54% | 夏普0.18  ⚠️ 🌐130只盈利77%
    ⏱️ 耗时: 发现7.90s + 编码0.24s + 回测74.71s = 总计82.85s

  📋 [104/113] [其他] 聚宽RSRS-GEM9M+ATR2.5x
    📊 多标的回测汇总: 130只标的 | 盈利占比77.7% | 平均年化+8.06% | 中位数年化+6.19%
       美股99只(盈利71) 年化+5.87%
       港股30只(盈利29) 年化+15.38%
    🌐 多标的回测: 130只 | 盈利占比77.7% | 中位年化+6.19% | 美股+5.87% | 港股+15.38%
    ✅ 得分25.34分 | 年化+5.08% | 回撤25.49% | 夏普0.10  ⚠️ 🌐130只盈利78%
    ⏱️ 耗时: 发现7.90s + 编码0.24s + 回测70.92s = 总计79.06s

  📋 [105/113] [趋势跟踪] 聚宽-Kdj&Macd组合_MACD12/26趋势
/usr/local/lib64/python3.11/site-packages/numpy/_core/fromnumeric.py:3824: RuntimeWarning: Mean of empty slice
  return _methods._mean(a, axis=axis, dtype=dtype,
/usr/local/lib64/python3.11/site-packages/numpy/_core/_methods.py:142: RuntimeWarning: invalid value encountered in scalar divide
  ret = ret.dtype.type(ret / rcount)
    📊 多标的回测汇总: 1只标的 | 盈利占比100.0% | 平均年化+8.76% | 中位数年化+8.76%
    🌐 多标的回测: 1只 | 盈利占比100.0% | 中位年化+8.76% | 美股+0.00% | 港股+0.00%
    ✅ 得分44.03分 | 年化+8.76% | 回撤17.60% | 夏普0.39  ⚠️ 🌐1只盈利100%
    ⏱️ 耗时: 发现7.90s + 编码0.90s + 回测0.38s = 总计9.18s

  📋 [106/113] [高股息轮动] 聚宽ETF双持仓轮动1M
/usr/local/lib64/python3.11/site-packages/numpy/_core/fromnumeric.py:3824: RuntimeWarning: Mean of empty slice
  return _methods._mean(a, axis=axis, dtype=dtype,
/usr/local/lib64/python3.11/site-packages/numpy/_core/_methods.py:142: RuntimeWarning: invalid value encountered in scalar divide
  ret = ret.dtype.type(ret / rcount)
    📊 多标的回测汇总: 1只标的 | 盈利占比100.0% | 平均年化+3.48% | 中位数年化+3.48%
    🌐 多标的回测: 1只 | 盈利占比100.0% | 中位年化+3.48% | 美股+0.00% | 港股+0.00%
    ❌ 最大回撤>30% | 年化+3.48% | 回撤36.56%
    ⏱️ 耗时: 发现7.90s + 编码0.28s + 回测1.22s = 总计9.40s

  📋 [107/113] [高股息轮动] 聚宽ETF双持仓轮动3M
/usr/local/lib64/python3.11/site-packages/numpy/_core/fromnumeric.py:3824: RuntimeWarning: Mean of empty slice
  return _methods._mean(a, axis=axis, dtype=dtype,
/usr/local/lib64/python3.11/site-packages/numpy/_core/_methods.py:142: RuntimeWarning: invalid value encountered in scalar divide
  ret = ret.dtype.type(ret / rcount)
    📊 多标的回测汇总: 1只标的 | 盈利占比0.0% | 平均年化-2.53% | 中位数年化-2.53%
    🌐 多标的回测: 1只 | 盈利占比0.0% | 中位年化-2.53% | 美股+0.00% | 港股+0.00%
    ❌ 最大回撤>30% | 年化-2.53% | 回撤36.24%
    ⏱️ 耗时: 发现7.90s + 编码0.28s + 回测1.20s = 总计9.39s

  📋 [108/113] [高股息轮动] 聚宽ETF三持仓轮动1M
/usr/local/lib64/python3.11/site-packages/numpy/_core/fromnumeric.py:3824: RuntimeWarning: Mean of empty slice
  return _methods._mean(a, axis=axis, dtype=dtype,
/usr/local/lib64/python3.11/site-packages/numpy/_core/_methods.py:142: RuntimeWarning: invalid value encountered in scalar divide
  ret = ret.dtype.type(ret / rcount)
    📊 多标的回测汇总: 1只标的 | 盈利占比100.0% | 平均年化+3.48% | 中位数年化+3.48%
    🌐 多标的回测: 1只 | 盈利占比100.0% | 中位年化+3.48% | 美股+0.00% | 港股+0.00%
    ❌ 最大回撤>30% | 年化+3.48% | 回撤36.56%
    ⏱️ 耗时: 发现7.90s + 编码0.28s + 回测1.26s = 总计9.44s

  📋 [109/113] [均值回归] TradeSight_RSI14_30/70
/usr/local/lib64/python3.11/site-packages/numpy/_core/fromnumeric.py:3824: RuntimeWarning: Mean of empty slice
  return _methods._mean(a, axis=axis, dtype=dtype,
/usr/local/lib64/python3.11/site-packages/numpy/_core/_methods.py:142: RuntimeWarning: invalid value encountered in scalar divide
  ret = ret.dtype.type(ret / rcount)
    📊 多标的回测汇总: 1只标的 | 盈利占比100.0% | 平均年化+2.30% | 中位数年化+2.30%
    🌐 多标的回测: 1只 | 盈利占比100.0% | 中位年化+2.30% | 美股+0.00% | 港股+0.00%
    ✅ 得分35.76分 | 年化+2.30% | 回撤12.85% | 夏普-0.22 ✅ ⚠️ 🌐1只盈利100%
    ⏱️ 耗时: 发现7.90s + 编码0.94s + 回测0.33s = 总计9.17s

  📋 [110/113] [趋势跟踪] Gunbot_Quant_ATR2.0x+SMA50趋势
/usr/local/lib64/python3.11/site-packages/numpy/_core/fromnumeric.py:3824: RuntimeWarning: Mean of empty slice
  return _methods._mean(a, axis=axis, dtype=dtype,
/usr/local/lib64/python3.11/site-packages/numpy/_core/_methods.py:142: RuntimeWarning: invalid value encountered in scalar divide
  ret = ret.dtype.type(ret / rcount)
    📊 多标的回测汇总: 1只标的 | 盈利占比100.0% | 平均年化+8.28% | 中位数年化+8.28%
    🌐 多标的回测: 1只 | 盈利占比100.0% | 中位年化+8.28% | 美股+0.00% | 港股+0.00%
    ✅ 得分32.86分 | 年化+8.28% | 回撤25.83% | 夏普0.35  ⚠️ 🌐1只盈利100%
    ⏱️ 耗时: 发现7.90s + 编码0.90s + 回测0.37s = 总计9.17s

  📋 [111/113] [趋势跟踪] Gunbot_Quant_ATR3.0x+SMA50趋势
/usr/local/lib64/python3.11/site-packages/numpy/_core/fromnumeric.py:3824: RuntimeWarning: Mean of empty slice
  return _methods._mean(a, axis=axis, dtype=dtype,
/usr/local/lib64/python3.11/site-packages/numpy/_core/_methods.py:142: RuntimeWarning: invalid value encountered in scalar divide
  ret = ret.dtype.type(ret / rcount)
    📊 多标的回测汇总: 1只标的 | 盈利占比100.0% | 平均年化+8.28% | 中位数年化+8.28%
    🌐 多标的回测: 1只 | 盈利占比100.0% | 中位年化+8.28% | 美股+0.00% | 港股+0.00%
    ✅ 得分32.86分 | 年化+8.28% | 回撤25.83% | 夏普0.35  ⚠️ 🌐1只盈利100%
    ⏱️ 耗时: 发现7.90s + 编码0.90s + 回测0.33s = 总计9.13s

  📋 [112/113] [趋势跟踪] Gunbot_Quant_波动率调节20日
/usr/local/lib64/python3.11/site-packages/numpy/_core/fromnumeric.py:3824: RuntimeWarning: Mean of empty slice
  return _methods._mean(a, axis=axis, dtype=dtype,
/usr/local/lib64/python3.11/site-packages/numpy/_core/_methods.py:142: RuntimeWarning: invalid value encountered in scalar divide
  ret = ret.dtype.type(ret / rcount)
    📊 多标的回测汇总: 1只标的 | 盈利占比100.0% | 平均年化+13.22% | 中位数年化+13.22%
    🌐 多标的回测: 1只 | 盈利占比100.0% | 中位年化+13.22% | 美股+0.00% | 港股+0.00%
    ✅ 得分51.44分 | 年化+13.22% | 回撤20.79% | 夏普0.65 ✅ ⚠️ 🌐1只盈利100%
    ⏱️ 耗时: 发现7.90s + 编码0.90s + 回测0.34s = 总计9.14s

  📋 [113/113] [趋势跟踪] Gunbot_Quant_波动率调节60日
/usr/local/lib64/python3.11/site-packages/numpy/_core/fromnumeric.py:3824: RuntimeWarning: Mean of empty slice
  return _methods._mean(a, axis=axis, dtype=dtype,
/usr/local/lib64/python3.11/site-packages/numpy/_core/_methods.py:142: RuntimeWarning: invalid value encountered in scalar divide
  ret = ret.dtype.type(ret / rcount)
    📊 多标的回测汇总: 1只标的 | 盈利占比100.0% | 平均年化+15.01% | 中位数年化+15.01%
    🌐 多标的回测: 1只 | 盈利占比100.0% | 中位年化+15.01% | 美股+0.00% | 港股+0.00%
    ✅ 得分52.31分 | 年化+15.01% | 回撤26.23% | 夏普0.76 ✅ ⚠️ 🌐1只盈利100%
    ⏱️ 耗时: 发现7.90s + 编码0.90s + 回测0.38s = 总计9.18s

======================================================================
  🖥️ 步骤5b: 本地回测策略扫描（世界最好的策略，无论来源）
======================================================================

  🖥️ 运行: RSI(2)严格均值回归 (rsi2_strict_backtest.py)
    🔄 跳过非全周期结果: RSI(2)严格均值回归 (牛市1(2019-21), 0.0年)
    🔄 跳过非全周期结果: RSI(2)严格均值回归 (熊市(2022), 0.0年)
    🔄 跳过非全周期结果: RSI(2)严格均值回归 (震荡(2023), 0.0年)
    🔄 跳过非全周期结果: RSI(2)严格均值回归 (牛市2(2024), 0.0年)
    ✅ RSI(2)严格均值回归(QQQ): 58.51分 | 年化+14.11% | 回撤15.15% | 夏普0.56 

  🖥️ 运行: 双市场自适应策略 (dual_market_strategy_backtest.py)
    ✅ 双市场自适应策略（趋势+震荡）v4.5(us): 68.91分 | 年化+22.09% | 回撤19.38% | 夏普0.99 

  🖥️ 运行: Blakever V6.5 利率维度修正 (blakever_v65_backtest.py)
    ⚠️ 无JSON输出，尝试subprocess直接回测...
    ✅ Blakever V6.5 利率维度修正(SPY/SHY)(US): 36.86分 | 年化+8.74% | 回撤24.74% | 夏普0.36 

  🖥️ 本地回测汇总: 3个通过 / 0个废弃

======================================================================
  📊 步骤6: 样本外滚动验证
======================================================================

  📊 样本外滚动验证 (排行榜10个策略)...
    ✅ 双市场自适应策略（趋势+震荡）v4.5(us): 有效（本周超额-0.54%）
    ✅ RSI(2)严格均值回归(QQQ): 有效（本周超额-0.54%）
    🔄 Gunbot_Quant_波动率调节60日: 观察中（仅1周数据）
    🔄 Gunbot_Quant_波动率调节20日: 观察中（仅1周数据）
    ✅ GEM4资产_9M+5d缓冲: 有效（本周超额+0.00%）
    ✅ 双市场自适应_9M+5d缓冲: 有效（本周超额+0.00%）
    🔄 Blakever V6.5 利率维度修正(SPY/SHY)(US): 观察中（仅1周数据）
    🔄 聚宽-Kdj&Macd组合_MACD12/26趋势: 观察中（仅1周数据）
    ✅ 双重动量_9M_阈值0%+3d缓冲: 有效（本周超额+0.00%）
    ✅ GEM4资产_9M+3d缓冲: 有效（本周超额+0.00%）

======================================================================
  📊 扫描汇总（v4: 多标的回测）
======================================================================
  策略变体: 113个
  GitHub搜索: 23个
  Pine Script否决: 0个
  本地回测: 3个脚本
  通过回测: 50个
  废弃策略: 66个
  排行榜前十: 10个策略
  废弃库累计: 50个策略
  🌐 多标的覆盖: 135只 (ETF 6 + 美股 99 + 港股 30)
  ⏱️ 耗时: 2522秒
  📏 无风险利率: 0.0450
  📧 邮件已发送至: 848786642@qq.com

✅ 扫描完成，耗时2522秒
📊 搜索方式: github
📊 Pine否决: 0个
📊 无风险利率: 0.0450
