======================================================================
  🔄 穿越牛熊策略回测扫描 v3（全面升级版）
======================================================================
  ⏰ 开始时间: 2026-04-25 12:15:40
  📊 回测区间: 2019-01-01 ~ 2024-12-31 (主) / 2015-01-01 ~ 2018-12-31 (压力)
  📏 回撤淘汰线: ≥30%
  🏆 入榜规则: 按最高分从高到低排，保留前十
  📊 无风险利率(默认): 0.0450

======================================================================
  🔍 步骤1: 混合搜索策略（7大来源）
======================================================================

  🌐 方案A: 多源策略搜索（穿越牛熊策略）...
  🌐 方案A: 多源策略搜索...

  📦 来源0: 聚宽（JoinQuant）策略 ⭐最高优先级
    🌐 搜索聚宽（JoinQuant）策略...
      📋 第1层: joinquant-skill内置模板
      ✅ 模板: ETF轮动策略 (1624B)
      ✅ 模板: 多因子选股策略 (2069B)
      ✅ 模板: 截面动量选股策略 (1733B)
      ✅ 模板: 均值回归布林带RSI策略 (2201B)
      ✅ 模板: RSRS阻力支撑相对强度策略 (1764B)
      📊 内置模板: 5 个
      📋 第2层: GitHub聚宽策略仓库
      ✅ JizhiXiang/Quant-Strategy: 2 个策略
      ✅ yeates/StockTimingStrategy: 3 个策略
      ✅ gaaiyun/joinquant-skill: 3 个策略
    📊 聚宽总计: 13 个策略
    📊 聚宽: 8 个策略

  📦 来源1: GitHub仓库搜索
      ✅ GitHub: 627378329/dual-etf-momentum-rotation/strategy/compare_dual_vs_multi_ak.py (11608B ★1)
      ✅ GitHub: 627378329/dual-etf-momentum-rotation/strategy/dual_rotation_10y_gold_ak.py (7135B ★1)
    📊 GitHub: 2 个策略

  📦 来源3: awesome-quant资源列表
    🌐 搜索 awesome-quant 资源列表...
      ✅ awesome-quant: rmbell09-lang/tradesight/src/config.py (7213B)
      ✅ awesome-quant: zvtvz/zvt/examples/trader/ma_trader.py (2259B)
      ✅ awesome-quant: zvtvz/zvt/src/zvt/recorders/consts.py (10537B)
      ✅ awesome-quant: GuntharDeNiro/gunbot-quant/gunbot_quant/core/backtest_engine.py (11700B)
      ✅ awesome-quant: GuntharDeNiro/gunbot-quant/gunbot_quant/core/screener.py (14174B)
    📊 awesome-quant: 5 个策略

  📦 来源4: DuckDuckGo搜索
    🌐 DuckDuckGo搜索 → GitHub链接...
    📊 DuckDuckGo: 0 个策略

  📦 来源6: TradingView(间接)
    🌐 搜索 TradingView (间接渠道)...
      ✅ TV间接: Drakkar-Software/OctoBot-Script/example.py (2329B ★40)
      ✅ TV间接: loponly/pinescript-to-python/debug_signals.py (3272B ★7)
      ✅ TV间接: loponly/pinescript-to-python/indicators/calculator.py (2927B ★7)
      ✅ TV间接: eddiebelaval/openclaw-tradingview/backtests/editors_picks/arbitrage-matrix-luxalgo.py (4048B ★7)
      ✅ TV间接: eddiebelaval/openclaw-tradingview/backtests/editors_picks/asset-drift-model.py (10130B ★7)
      ✅ TV间接: agrawalanuj25/Finsearch_Momentum_Based_Strategy/finsearch.py (2824B ★1)
      ✅ TV间接: OMCHOKSI108/Quantitative-Trading-Indicators/indicator_plots.ipynb (12350B ★1)
    📊 TradingView: 7 个策略

  📊 多源搜索汇总:
    有效策略: 22 个来自 5 个来源
    需人工审核: 0 个
    ✅ 多源搜索返回 22 个策略 (来源: {'joinquant': 8, 'github': 2, 'awesome_quant': 5, 'google': 0, 'tradingview': 7})
  ✅ 方案A结果充足(22个)，无需方案B
    ✅ 多源搜索返回 22 个策略 (方法: multi_source)
    ⏭️ 无目标关键词跳过: zvt
    ⏭️ 无目标关键词跳过: zvt

======================================================================
  🧬 步骤2: 生成内置策略变体（7种策略类型）
======================================================================
  🧬 生成策略变体: 162个
    事件驱动: 9个
    其他: 9个
    均值回归: 24个
    趋势跟踪: 111个
    高股息轮动: 9个
  [跳过] 无法适配的外部策略: 聚宽-Joinquant 上证50利用动态Pe增强模型
  🔄 去重: 69 -> 17 (移除52个重复模式)
  🔄 外部策略转换: 17个策略已适配为ETF轮动格式 (耗时0.01s)

======================================================================
  📦 步骤3: 加载数据（v4: ETF + 港美股全量，99美股 + 30港股）
======================================================================
📦 加载ETF数据（westock-data实时获取，limit=5000）...
  ✅ SPY: 5000 个交易日 (westock-data)
  ✅ VEA: 4716 个交易日 (westock-data)
  ✅ AGG: 5000 个交易日 (westock-data)
  ✅ SHY: 5000 个交易日 (westock-data)
  ✅ GLD: 5000 个交易日 (westock-data)
  ✅ TLT: 5000 个交易日 (westock-data)
📊 合并后数据: 5000 个交易日 (2006-06-08 00:00:00 ~ 2026-04-24 00:00:00)
⚠️ 幸存者偏差标记: True (ETF固定池，非动态历史成分股)

📦 [1/3] 加载ETF数据（6只基准ETF）...
  ✅ ETF: 6只

📦 [2/3] 加载美股大盘数据（99只精选）...
  🔄 自动补充13只替代标的（缺失13只: ['MSFT', 'GOOGL', 'NVDA', 'META', 'BRK-B']...）
  📦 本地US股数据: 加载99只 (跳过13只, 门槛≥500天)
  ✅ 美股: 99只

📦 [3/3] 加载港股蓝筹数据（30只精选）...
  🔄 自动补充1只替代标的（缺失1只: ['hk00823']）
  📦 本地HK股数据: 加载30只 (跳过1只, 门槛≥500天)
  ✅ 港股: 30只

📊 全市场数据加载完成: 135只标的 (ETF 6只 + 美股 99只 + 港股 30只)

======================================================================
  🔍 步骤4: 策略去重（SHA256指纹+90%参数相似度家族检测）
======================================================================
  🔍 去重后: 111个 (跳过68个重复, 68个同家族)

======================================================================
  📋 步骤5: 执行回测 (111个策略)
======================================================================

  📋 [1/111] [趋势跟踪] GEM5资产_6M+3d缓冲
    📊 多标的回测汇总: 130只标的 | 盈利占比77.7% | 平均年化+7.01% | 中位数年化+5.47%
       美股99只(盈利73) 年化+6.01%
       港股30只(盈利27) 年化+10.44%
    🌐 多标的回测: 130只 | 盈利占比77.7% | 中位年化+5.48% | 美股+6.01% | 港股+10.44%
    ❌ 最大回撤>30% | 年化+2.97% | 回撤37.74%
    ⏱️ 耗时: 发现0.00s + 编码0.14s + 回测27.00s = 总计27.13s

  📋 [2/111] [趋势跟踪] GEM5资产_6M+5d缓冲
    📊 多标的回测汇总: 130只标的 | 盈利占比79.2% | 平均年化+6.76% | 中位数年化+5.84%
       美股99只(盈利76) 年化+6.53%
       港股30只(盈利26) 年化+7.49%
    🌐 多标的回测: 130只 | 盈利占比79.2% | 中位年化+5.84% | 美股+6.53% | 港股+7.49%
    ✅ 得分30.86分 | 年化+7.43% | 回撤26.56% | 夏普0.26  ⚠️ 🌐130只盈利79%
    ⏱️ 耗时: 发现0.00s + 编码0.13s + 回测25.40s = 总计25.54s

  📋 [3/111] [趋势跟踪] GEM5资产_9M
    📊 多标的回测汇总: 130只标的 | 盈利占比77.7% | 平均年化+8.25% | 中位数年化+5.88%
       美股99只(盈利72) 年化+6.11%
       港股30只(盈利28) 年化+15.30%
    🌐 多标的回测: 130只 | 盈利占比77.7% | 中位年化+5.88% | 美股+6.11% | 港股+15.30%
    ❌ 最大回撤>30% | 年化+8.45% | 回撤32.70%
    ⏱️ 耗时: 发现0.00s + 编码0.14s + 回测27.80s = 总计27.94s

  📋 [4/111] [趋势跟踪] GEM5资产_9M+3d缓冲
    📊 多标的回测汇总: 130只标的 | 盈利占比78.5% | 平均年化+7.68% | 中位数年化+6.57%
       美股99只(盈利76) 年化+6.59%
       港股30只(盈利25) 年化+11.32%
    🌐 多标的回测: 130只 | 盈利占比78.5% | 中位年化+6.57% | 美股+6.59% | 港股+11.32%
    ❌ 最大回撤>30% | 年化+5.95% | 回撤36.82%
    ⏱️ 耗时: 发现0.00s + 编码0.14s + 回测26.56s = 总计26.70s

  📋 [5/111] [趋势跟踪] GEM5资产_9M+5d缓冲
    📊 多标的回测汇总: 130只标的 | 盈利占比80.8% | 平均年化+7.97% | 中位数年化+6.72%
       美股99只(盈利81) 年化+7.40%
       港股30只(盈利23) 年化+9.89%
    🌐 多标的回测: 130只 | 盈利占比80.8% | 中位年化+6.72% | 美股+7.40% | 港股+9.89%
    ✅ 得分34.98分 | 年化+7.18% | 回撤28.46% | 夏普0.24 ✅ ⚠️ 🌐130只盈利81%
    ⏱️ 耗时: 发现0.00s + 编码0.13s + 回测25.20s = 总计25.34s

  📋 [6/111] [趋势跟踪] GEM5资产_12M
    📊 多标的回测汇总: 130只标的 | 盈利占比82.3% | 平均年化+7.64% | 中位数年化+4.68%
       美股99只(盈利76) 年化+5.52%
       港股30只(盈利30) 年化+14.83%
    🌐 多标的回测: 130只 | 盈利占比82.3% | 中位年化+4.68% | 美股+5.52% | 港股+14.83%
    ❌ 最大回撤>30% | 年化+1.70% | 回撤44.29%
    ⏱️ 耗时: 发现0.00s + 编码0.13s + 回测26.59s = 总计26.72s

  📋 [7/111] [趋势跟踪] GEM5资产_12M+3d缓冲
    📊 多标的回测汇总: 130只标的 | 盈利占比76.9% | 平均年化+7.06% | 中位数年化+4.95%
       美股99只(盈利73) 年化+5.93%
       港股30只(盈利26) 年化+10.95%
    🌐 多标的回测: 130只 | 盈利占比76.9% | 中位年化+4.95% | 美股+5.93% | 港股+10.95%
    ❌ 最大回撤>30% | 年化+2.69% | 回撤39.39%
    ⏱️ 耗时: 发现0.00s + 编码0.13s + 回测26.49s = 总计26.62s

  📋 [8/111] [趋势跟踪] GEM5资产_12M+5d缓冲
    📊 多标的回测汇总: 130只标的 | 盈利占比81.5% | 平均年化+7.00% | 中位数年化+4.62%
       美股99只(盈利78) 年化+6.28%
       港股30只(盈利27) 年化+9.45%
    🌐 多标的回测: 130只 | 盈利占比81.5% | 中位年化+4.62% | 美股+6.28% | 港股+9.45%
    ❌ 最大回撤>30% | 年化+4.76% | 回撤38.03%
    ⏱️ 耗时: 发现0.00s + 编码0.13s + 回测25.61s = 总计25.74s

  📋 [9/111] [趋势跟踪] GEM6资产_6M
    📊 多标的回测汇总: 130只标的 | 盈利占比77.7% | 平均年化+8.16% | 中位数年化+6.39%
       美股99只(盈利72) 年化+5.77%
       港股30只(盈利28) 年化+16.08%
    🌐 多标的回测: 130只 | 盈利占比77.7% | 中位年化+6.40% | 美股+5.77% | 港股+16.08%
    ❌ 最大回撤>30% | 年化+7.23% | 回撤33.98%
    ⏱️ 耗时: 发现0.00s + 编码0.13s + 回测26.70s = 总计26.84s

  📋 [10/111] [趋势跟踪] GEM6资产_6M+3d缓冲
    📊 多标的回测汇总: 130只标的 | 盈利占比77.7% | 平均年化+7.03% | 中位数年化+5.47%
       美股99只(盈利73) 年化+6.01%
       港股30只(盈利27) 年化+10.44%
    🌐 多标的回测: 130只 | 盈利占比77.7% | 中位年化+5.48% | 美股+6.01% | 港股+10.44%
    ❌ 最大回撤>30% | 年化+5.30% | 回撤37.74%
    ⏱️ 耗时: 发现0.00s + 编码0.13s + 回测26.10s = 总计26.23s

  📋 [11/111] [趋势跟踪] GEM6资产_6M+5d缓冲
    📊 多标的回测汇总: 130只标的 | 盈利占比79.2% | 平均年化+6.77% | 中位数年化+5.84%
       美股99只(盈利76) 年化+6.53%
       港股30只(盈利26) 年化+7.49%
    🌐 多标的回测: 130只 | 盈利占比79.2% | 中位年化+5.84% | 美股+6.53% | 港股+7.49%
    ✅ 得分35.2分 | 年化+9.48% | 回撤25.12% | 夏普0.39  ⚠️ 🌐130只盈利79%
    ⏱️ 耗时: 发现0.00s + 编码0.13s + 回测25.51s = 总计25.64s

  📋 [12/111] [趋势跟踪] GEM6资产_9M
    📊 多标的回测汇总: 130只标的 | 盈利占比77.7% | 平均年化+8.25% | 中位数年化+5.88%
       美股99只(盈利72) 年化+6.11%
       港股30只(盈利28) 年化+15.30%
    🌐 多标的回测: 130只 | 盈利占比77.7% | 中位年化+5.88% | 美股+6.11% | 港股+15.30%
    ❌ 最大回撤>30% | 年化+8.03% | 回撤32.70%
    ⏱️ 耗时: 发现0.00s + 编码0.13s + 回测27.29s = 总计27.42s

  📋 [13/111] [趋势跟踪] GEM6资产_9M+3d缓冲
    📊 多标的回测汇总: 130只标的 | 盈利占比78.5% | 平均年化+7.68% | 中位数年化+6.57%
       美股99只(盈利76) 年化+6.59%
       港股30只(盈利25) 年化+11.32%
    🌐 多标的回测: 130只 | 盈利占比78.5% | 中位年化+6.57% | 美股+6.59% | 港股+11.32%
    ❌ 最大回撤>30% | 年化+5.76% | 回撤36.82%
    ⏱️ 耗时: 发现0.00s + 编码0.13s + 回测25.60s = 总计25.73s

  📋 [14/111] [趋势跟踪] GEM6资产_9M+5d缓冲
    📊 多标的回测汇总: 130只标的 | 盈利占比80.8% | 平均年化+7.97% | 中位数年化+6.72%
       美股99只(盈利81) 年化+7.40%
       港股30只(盈利23) 年化+9.89%
    🌐 多标的回测: 130只 | 盈利占比80.8% | 中位年化+6.72% | 美股+7.40% | 港股+9.89%
    ✅ 得分34.64分 | 年化+7.03% | 回撤28.46% | 夏普0.23 ✅ ⚠️ 🌐130只盈利81%
    ⏱️ 耗时: 发现0.00s + 编码0.13s + 回测25.31s = 总计25.44s

  📋 [15/111] [趋势跟踪] GEM6资产_12M
    📊 多标的回测汇总: 130只标的 | 盈利占比82.3% | 平均年化+7.64% | 中位数年化+4.68%
       美股99只(盈利76) 年化+5.52%
       港股30只(盈利30) 年化+14.83%
    🌐 多标的回测: 130只 | 盈利占比82.3% | 中位年化+4.68% | 美股+5.52% | 港股+14.83%
    ❌ 最大回撤>30% | 年化+1.59% | 回撤44.29%
    ⏱️ 耗时: 发现0.00s + 编码0.13s + 回测26.53s = 总计26.66s

  📋 [16/111] [趋势跟踪] GEM6资产_12M+3d缓冲
    📊 多标的回测汇总: 130只标的 | 盈利占比76.9% | 平均年化+7.06% | 中位数年化+4.95%
       美股99只(盈利73) 年化+5.93%
       港股30只(盈利26) 年化+10.95%
    🌐 多标的回测: 130只 | 盈利占比76.9% | 中位年化+4.95% | 美股+5.93% | 港股+10.95%
    ❌ 最大回撤>30% | 年化+2.57% | 回撤39.39%
    ⏱️ 耗时: 发现0.00s + 编码0.13s + 回测25.90s = 总计26.04s

  📋 [17/111] [趋势跟踪] GEM6资产_12M+5d缓冲
    📊 多标的回测汇总: 130只标的 | 盈利占比81.5% | 平均年化+7.00% | 中位数年化+4.62%
       美股99只(盈利78) 年化+6.28%
       港股30只(盈利27) 年化+9.45%
    🌐 多标的回测: 130只 | 盈利占比81.5% | 中位年化+4.62% | 美股+6.28% | 港股+9.45%
    ❌ 最大回撤>30% | 年化+4.77% | 回撤38.03%
    ⏱️ 耗时: 发现0.00s + 编码0.13s + 回测25.11s = 总计25.24s

  📋 [18/111] [趋势跟踪] 双重动量_6M_阈值0%
    📊 多标的回测汇总: 130只标的 | 盈利占比77.7% | 平均年化+8.16% | 中位数年化+6.39%
       美股99只(盈利72) 年化+5.77%
       港股30只(盈利28) 年化+16.08%
    🌐 多标的回测: 130只 | 盈利占比77.7% | 中位年化+6.40% | 美股+5.77% | 港股+16.08%
    ✅ 得分35.65分 | 年化+7.31% | 回撤26.56% | 夏普0.26 ✅ ⚠️ 🌐130只盈利78%
    ⏱️ 耗时: 发现0.00s + 编码0.18s + 回测26.59s = 总计26.77s

  📋 [19/111] [趋势跟踪] 双重动量_6M_阈值0%+3d缓冲
    📊 多标的回测汇总: 130只标的 | 盈利占比77.7% | 平均年化+7.05% | 中位数年化+5.54%
       美股99只(盈利73) 年化+6.01%
       港股30只(盈利27) 年化+10.44%
    🌐 多标的回测: 130只 | 盈利占比77.7% | 中位年化+5.54% | 美股+6.01% | 港股+10.44%
    ✅ 得分35.45分 | 年化+7.23% | 回撤26.39% | 夏普0.25 ✅ ⚠️ 🌐130只盈利78%
    ⏱️ 耗时: 发现0.00s + 编码0.18s + 回测26.16s = 总计26.35s

  📋 [20/111] [趋势跟踪] 双重动量_6M_阈值2%
    📊 多标的回测汇总: 130只标的 | 盈利占比76.9% | 平均年化+7.66% | 中位数年化+5.17%
       美股99只(盈利70) 年化+4.94%
       港股30只(盈利29) 年化+16.66%
    🌐 多标的回测: 130只 | 盈利占比76.9% | 中位年化+5.16% | 美股+4.94% | 港股+16.66%
    ✅ 得分36.91分 | 年化+6.59% | 回撤23.87% | 夏普0.21 ✅ ⚠️ 🌐130只盈利77%
    ⏱️ 耗时: 发现0.00s + 编码0.18s + 回测26.90s = 总计27.08s

  📋 [21/111] [趋势跟踪] 双重动量_6M_阈值2%+3d缓冲
    📊 多标的回测汇总: 130只标的 | 盈利占比77.7% | 平均年化+6.82% | 中位数年化+5.02%
       美股99只(盈利73) 年化+5.50%
       港股30只(盈利27) 年化+11.19%
    🌐 多标的回测: 130只 | 盈利占比77.7% | 中位年化+5.02% | 美股+5.50% | 港股+11.19%
    ✅ 得分36.93分 | 年化+6.58% | 回撤22.93% | 夏普0.21 ✅ ⚠️ 🌐130只盈利78%
    ⏱️ 耗时: 发现0.00s + 编码0.18s + 回测26.34s = 总计26.53s

  📋 [22/111] [趋势跟踪] 双重动量_6M_阈值5%
    📊 多标的回测汇总: 130只标的 | 盈利占比71.5% | 平均年化+6.86% | 中位数年化+4.62%
       美股99只(盈利62) 年化+4.05%
       港股30只(盈利30) 年化+16.23%
    🌐 多标的回测: 130只 | 盈利占比71.5% | 中位年化+4.62% | 美股+4.05% | 港股+16.23%
    ✅ 得分27.48分 | 年化+4.66% | 回撤23.93% | 夏普0.06  ⚠️ 🌐130只盈利72%
    ⏱️ 耗时: 发现0.00s + 编码0.18s + 回测26.94s = 总计27.13s

  📋 [23/111] [趋势跟踪] 双重动量_6M_阈值5%+3d缓冲
    📊 多标的回测汇总: 130只标的 | 盈利占比68.5% | 平均年化+5.22% | 中位数年化+3.25%
       美股99只(盈利61) 年化+3.96%
       港股30只(盈利27) 年化+9.43%
    🌐 多标的回测: 130只 | 盈利占比68.5% | 中位年化+3.24% | 美股+3.96% | 港股+9.43%
    ✅ 得分22.5分 | 年化+3.78% | 回撤28.29% | 夏普-0.00  ⚠️ 🌐130只盈利68%
    ⏱️ 耗时: 发现0.00s + 编码0.18s + 回测26.81s = 总计26.99s

  📋 [24/111] [趋势跟踪] 双重动量_9M_阈值0%
    📊 多标的回测汇总: 130只标的 | 盈利占比77.7% | 平均年化+8.26% | 中位数年化+5.88%
       美股99只(盈利72) 年化+6.11%
       港股30只(盈利28) 年化+15.30%
    🌐 多标的回测: 130只 | 盈利占比77.7% | 中位年化+5.88% | 美股+6.11% | 港股+15.30%
    ✅ 得分40.18分 | 年化+9.40% | 回撤29.26% | 夏普0.39 ✅ ⚠️ 🌐130只盈利78%
    ⏱️ 耗时: 发现0.00s + 编码0.18s + 回测26.59s = 总计26.78s

  📋 [25/111] [趋势跟踪] 双重动量_9M_阈值2%
    📊 多标的回测汇总: 130只标的 | 盈利占比80.8% | 平均年化+7.82% | 中位数年化+4.46%
       美股99只(盈利77) 年化+5.71%
       港股30只(盈利27) 年化+14.77%
    🌐 多标的回测: 130只 | 盈利占比80.8% | 中位年化+4.46% | 美股+5.71% | 港股+14.77%
    ✅ 得分35.83分 | 年化+7.41% | 回撤26.46% | 夏普0.26 ✅ ⚠️ 🌐130只盈利81%
    ⏱️ 耗时: 发现0.00s + 编码0.18s + 回测26.78s = 总计26.96s

  📋 [26/111] [趋势跟踪] 双重动量_9M_阈值2%+3d缓冲
    📊 多标的回测汇总: 130只标的 | 盈利占比80.0% | 平均年化+7.26% | 中位数年化+4.88%
       美股99只(盈利79) 年化+6.31%
       港股30只(盈利24) 年化+10.37%
    🌐 多标的回测: 130只 | 盈利占比80.0% | 中位年化+4.88% | 美股+6.31% | 港股+10.37%
    ✅ 得分40.75分 | 年化+8.24% | 回撤24.45% | 夏普0.32 ✅ ⚠️ 🌐130只盈利80%
    ⏱️ 耗时: 发现0.00s + 编码0.18s + 回测25.64s = 总计25.82s

  📋 [27/111] [趋势跟踪] 双重动量_9M_阈值5%
    📊 多标的回测汇总: 130只标的 | 盈利占比74.6% | 平均年化+7.28% | 中位数年化+4.40%
       美股99只(盈利69) 年化+5.12%
       港股30只(盈利27) 年化+14.46%
    🌐 多标的回测: 130只 | 盈利占比74.6% | 中位年化+4.40% | 美股+5.12% | 港股+14.46%
    ✅ 得分31.29分 | 年化+5.30% | 回撤26.46% | 夏普0.12 ✅ ⚠️ 🌐130只盈利75%
    ⏱️ 耗时: 发现0.00s + 编码0.18s + 回测26.40s = 总计26.59s

  📋 [28/111] [趋势跟踪] 双重动量_9M_阈值5%+3d缓冲
    📊 多标的回测汇总: 130只标的 | 盈利占比71.5% | 平均年化+6.62% | 中位数年化+4.32%
       美股99只(盈利69) 年化+5.62%
       港股30只(盈利23) 年化+9.89%
    🌐 多标的回测: 130只 | 盈利占比71.5% | 中位年化+4.32% | 美股+5.62% | 港股+9.89%
    ✅ 得分37.81分 | 年化+6.89% | 回撤24.45% | 夏普0.23 ✅ ⚠️ 🌐130只盈利72%
    ⏱️ 耗时: 发现0.00s + 编码0.18s + 回测25.60s = 总计25.78s

  📋 [29/111] [趋势跟踪] 双重动量_12M_阈值0%
    📊 多标的回测汇总: 130只标的 | 盈利占比82.3% | 平均年化+7.69% | 中位数年化+4.97%
       美股99只(盈利76) 年化+5.52%
       港股30只(盈利30) 年化+14.83%
    🌐 多标的回测: 130只 | 盈利占比82.3% | 中位年化+4.97% | 美股+5.52% | 港股+14.83%
    ❌ 最大回撤>30% | 年化+7.50% | 回撤31.08%
    ⏱️ 耗时: 发现0.00s + 编码0.18s + 回测25.39s = 总计25.57s

  📋 [30/111] [趋势跟踪] 双重动量_12M_阈值2%
    📊 多标的回测汇总: 130只标的 | 盈利占比77.7% | 平均年化+7.39% | 中位数年化+5.21%
       美股99只(盈利71) 年化+5.14%
       港股30只(盈利29) 年化+14.82%
    🌐 多标的回测: 130只 | 盈利占比77.7% | 中位年化+5.22% | 美股+5.14% | 港股+14.82%
    ✅ 得分34.85分 | 年化+6.96% | 回撤29.52% | 夏普0.23 ✅ ⚠️ 🌐130只盈利78%
    ⏱️ 耗时: 发现0.00s + 编码0.18s + 回测25.49s = 总计25.67s

  📋 [31/111] [趋势跟踪] 双重动量_12M_阈值2%+3d缓冲
    📊 多标的回测汇总: 130只标的 | 盈利占比76.9% | 平均年化+7.04% | 中位数年化+4.88%
       美股99只(盈利71) 年化+5.74%
       港股30只(盈利28) 年化+11.34%
    🌐 多标的回测: 130只 | 盈利占比76.9% | 中位年化+4.88% | 美股+5.74% | 港股+11.34%
    ✅ 得分35.18分 | 年化+7.13% | 回撤26.73% | 夏普0.24 ✅ ⚠️ 🌐130只盈利77%
    ⏱️ 耗时: 发现0.00s + 编码0.18s + 回测24.97s = 总计25.15s

  📋 [32/111] [趋势跟踪] 双重动量_12M_阈值5%
    📊 多标的回测汇总: 130只标的 | 盈利占比76.2% | 平均年化+7.05% | 中位数年化+4.21%
       美股99只(盈利70) 年化+4.83%
       港股30只(盈利28) 年化+14.37%
    🌐 多标的回测: 130只 | 盈利占比76.2% | 中位年化+4.20% | 美股+4.83% | 港股+14.37%
    ✅ 得分35.01分 | 年化+7.06% | 回撤29.52% | 夏普0.24 ✅ ⚠️ 🌐130只盈利76%
    ⏱️ 耗时: 发现0.00s + 编码0.18s + 回测26.02s = 总计26.20s

  📋 [33/111] [趋势跟踪] 双重动量_12M_阈值5%+3d缓冲
    📊 多标的回测汇总: 130只标的 | 盈利占比78.5% | 平均年化+6.60% | 中位数年化+4.32%
       美股99只(盈利74) 年化+5.29%
       港股30只(盈利27) 年化+10.87%
    🌐 多标的回测: 130只 | 盈利占比78.5% | 中位年化+4.32% | 美股+5.29% | 港股+10.87%
    ✅ 得分37.07分 | 年化+8.01% | 回撤26.73% | 夏普0.30 ✅ ⚠️ 🌐130只盈利78%
    ⏱️ 耗时: 发现0.00s + 编码0.18s + 回测25.59s = 总计25.77s

  📋 [34/111] [趋势跟踪] GEM+ATR2.5x止损_9M
    📊 多标的回测汇总: 130只标的 | 盈利占比77.7% | 平均年化+8.06% | 中位数年化+6.19%
       美股99只(盈利71) 年化+5.87%
       港股30只(盈利29) 年化+15.38%
    🌐 多标的回测: 130只 | 盈利占比77.7% | 中位年化+6.19% | 美股+5.87% | 港股+15.38%
    ✅ 得分25.34分 | 年化+5.08% | 回撤25.49% | 夏普0.10  ⚠️ 🌐130只盈利78%
    ⏱️ 耗时: 发现0.00s + 编码0.13s + 回测70.37s = 总计70.50s

  📋 [35/111] [趋势跟踪] GEM+ATR3.0x止损_9M
    📊 多标的回测汇总: 130只标的 | 盈利占比76.9% | 平均年化+7.80% | 中位数年化+6.73%
       美股99只(盈利70) 年化+5.86%
       港股30只(盈利29) 年化+14.24%
    🌐 多标的回测: 130只 | 盈利占比76.9% | 中位年化+6.73% | 美股+5.86% | 港股+14.24%
    ✅ 得分32.13分 | 年化+6.75% | 回撤24.45% | 夏普0.22  ⚠️ 🌐130只盈利77%
    ⏱️ 耗时: 发现0.00s + 编码0.13s + 回测70.63s = 总计70.76s

  📋 [36/111] [趋势跟踪] GEM+ATR3.5x止损_9M
    📊 多标的回测汇总: 130只标的 | 盈利占比79.2% | 平均年化+7.72% | 中位数年化+6.64%
       美股99只(盈利73) 年化+5.89%
       港股30只(盈利29) 年化+13.80%
    🌐 多标的回测: 130只 | 盈利占比79.2% | 中位年化+6.64% | 美股+5.89% | 港股+13.80%
    ✅ 得分33.85分 | 年化+7.50% | 回撤24.45% | 夏普0.27  ⚠️ 🌐130只盈利79%
    ⏱️ 耗时: 发现0.00s + 编码0.13s + 回测70.76s = 总计70.89s

  📋 [37/111] [趋势跟踪] GEM+ATR4.0x止损_9M
    📊 多标的回测汇总: 130只标的 | 盈利占比80.8% | 平均年化+7.92% | 中位数年化+6.49%
       美股99只(盈利75) 年化+6.01%
       港股30只(盈利29) 年化+14.21%
    🌐 多标的回测: 130只 | 盈利占比80.8% | 中位年化+6.49% | 美股+6.01% | 港股+14.21%
    ✅ 得分39.9分 | 年化+7.94% | 回撤24.45% | 夏普0.30 ✅ ⚠️ 🌐130只盈利81%
    ⏱️ 耗时: 发现0.00s + 编码0.13s + 回测71.03s = 总计71.16s

  📋 [38/111] [趋势跟踪] GEM+ATR2.5x止损_12M
    📊 多标的回测汇总: 130只标的 | 盈利占比73.8% | 平均年化+7.52% | 中位数年化+5.02%
       美股99只(盈利68) 年化+5.61%
       港股30只(盈利27) 年化+13.95%
    🌐 多标的回测: 130只 | 盈利占比73.8% | 中位年化+5.02% | 美股+5.61% | 港股+13.95%
    ❌ 最大回撤>30% | 年化+3.58% | 回撤32.77%
    ⏱️ 耗时: 发现0.00s + 编码0.13s + 回测70.66s = 总计70.79s

  📋 [39/111] [趋势跟踪] GEM+ATR3.0x止损_12M
    📊 多标的回测汇总: 130只标的 | 盈利占比76.9% | 平均年化+7.59% | 中位数年化+4.71%
       美股99只(盈利71) 年化+5.61%
       港股30只(盈利28) 年化+14.21%
    🌐 多标的回测: 130只 | 盈利占比76.9% | 中位年化+4.72% | 美股+5.61% | 港股+14.21%
    ❌ 最大回撤>30% | 年化+4.78% | 回撤32.77%
    ⏱️ 耗时: 发现0.00s + 编码0.13s + 回测70.64s = 总计70.77s

  📋 [40/111] [趋势跟踪] GEM+ATR3.5x止损_12M
    📊 多标的回测汇总: 130只标的 | 盈利占比76.2% | 平均年化+7.46% | 中位数年化+4.83%
       美股99只(盈利70) 年化+5.52%
       港股30只(盈利28) 年化+13.96%
    🌐 多标的回测: 130只 | 盈利占比76.2% | 中位年化+4.83% | 美股+5.52% | 港股+13.96%
    ❌ 最大回撤>30% | 年化+4.40% | 回撤33.07%
    ⏱️ 耗时: 发现0.00s + 编码0.13s + 回测71.29s = 总计71.43s

  📋 [41/111] [趋势跟踪] GEM+ATR4.0x止损_12M
    📊 多标的回测汇总: 130只标的 | 盈利占比76.9% | 平均年化+7.41% | 中位数年化+4.53%
       美股99只(盈利71) 年化+5.44%
       港股30只(盈利28) 年化+14.05%
    🌐 多标的回测: 130只 | 盈利占比76.9% | 中位年化+4.53% | 美股+5.44% | 港股+14.05%
    ❌ 最大回撤>30% | 年化+2.87% | 回撤33.66%
    ⏱️ 耗时: 发现0.00s + 编码0.13s + 回测71.50s = 总计71.63s

  📋 [42/111] [趋势跟踪] 自由轮动5资产_6M+3d缓冲
/usr/local/lib64/python3.11/site-packages/numpy/_core/fromnumeric.py:3824: RuntimeWarning: Mean of empty slice
  return _methods._mean(a, axis=axis, dtype=dtype,
/usr/local/lib64/python3.11/site-packages/numpy/_core/_methods.py:142: RuntimeWarning: invalid value encountered in scalar divide
  ret = ret.dtype.type(ret / rcount)
    📊 多标的回测汇总: 1只标的 | 盈利占比100.0% | 平均年化+2.94% | 中位数年化+2.94%
    🌐 多标的回测: 1只 | 盈利占比100.0% | 中位年化+2.94% | 美股+0.00% | 港股+0.00%
    ❌ 最大回撤>30% | 年化+2.94% | 回撤31.10%
    ⏱️ 耗时: 发现0.00s + 编码0.27s + 回测1.19s = 总计1.46s

  📋 [43/111] [趋势跟踪] 自由轮动5资产_6M+5d缓冲
/usr/local/lib64/python3.11/site-packages/numpy/_core/fromnumeric.py:3824: RuntimeWarning: Mean of empty slice
  return _methods._mean(a, axis=axis, dtype=dtype,
/usr/local/lib64/python3.11/site-packages/numpy/_core/_methods.py:142: RuntimeWarning: invalid value encountered in scalar divide
  ret = ret.dtype.type(ret / rcount)
    📊 多标的回测汇总: 1只标的 | 盈利占比100.0% | 平均年化+6.32% | 中位数年化+6.32%
    🌐 多标的回测: 1只 | 盈利占比100.0% | 中位年化+6.32% | 美股+0.00% | 港股+0.00%
    ✅ 得分28.33分 | 年化+6.32% | 回撤26.62% | 夏普0.18  ⚠️ 🌐1只盈利100%
    ⏱️ 耗时: 发现0.00s + 编码0.27s + 回测1.17s = 总计1.44s

  📋 [44/111] [趋势跟踪] 自由轮动5资产_9M+0d缓冲
/usr/local/lib64/python3.11/site-packages/numpy/_core/fromnumeric.py:3824: RuntimeWarning: Mean of empty slice
  return _methods._mean(a, axis=axis, dtype=dtype,
/usr/local/lib64/python3.11/site-packages/numpy/_core/_methods.py:142: RuntimeWarning: invalid value encountered in scalar divide
  ret = ret.dtype.type(ret / rcount)
    📊 多标的回测汇总: 1只标的 | 盈利占比0.0% | 平均年化-0.74% | 中位数年化-0.74%
    🌐 多标的回测: 1只 | 盈利占比0.0% | 中位年化-0.74% | 美股+0.00% | 港股+0.00%
    ❌ 最大回撤>30% | 年化-0.74% | 回撤38.55%
    ⏱️ 耗时: 发现0.00s + 编码0.27s + 回测1.24s = 总计1.50s

  📋 [45/111] [趋势跟踪] 自由轮动5资产_9M+3d缓冲
/usr/local/lib64/python3.11/site-packages/numpy/_core/fromnumeric.py:3824: RuntimeWarning: Mean of empty slice
  return _methods._mean(a, axis=axis, dtype=dtype,
/usr/local/lib64/python3.11/site-packages/numpy/_core/_methods.py:142: RuntimeWarning: invalid value encountered in scalar divide
  ret = ret.dtype.type(ret / rcount)
    📊 多标的回测汇总: 1只标的 | 盈利占比0.0% | 平均年化-3.12% | 中位数年化-3.12%
    🌐 多标的回测: 1只 | 盈利占比0.0% | 中位年化-3.12% | 美股+0.00% | 港股+0.00%
    ❌ 最大回撤>30% | 年化-3.12% | 回撤40.84%
    ⏱️ 耗时: 发现0.00s + 编码0.27s + 回测1.12s = 总计1.39s

  📋 [46/111] [趋势跟踪] 自由轮动5资产_9M+5d缓冲
/usr/local/lib64/python3.11/site-packages/numpy/_core/fromnumeric.py:3824: RuntimeWarning: Mean of empty slice
  return _methods._mean(a, axis=axis, dtype=dtype,
/usr/local/lib64/python3.11/site-packages/numpy/_core/_methods.py:142: RuntimeWarning: invalid value encountered in scalar divide
  ret = ret.dtype.type(ret / rcount)
    📊 多标的回测汇总: 1只标的 | 盈利占比100.0% | 平均年化+0.88% | 中位数年化+0.88%
    🌐 多标的回测: 1只 | 盈利占比100.0% | 中位年化+0.88% | 美股+0.00% | 港股+0.00%
    ❌ 最大回撤>30% | 年化+0.88% | 回撤35.87%
    ⏱️ 耗时: 发现0.00s + 编码0.27s + 回测1.10s = 总计1.37s

  📋 [47/111] [趋势跟踪] 自由轮动5资产_12M+0d缓冲
/usr/local/lib64/python3.11/site-packages/numpy/_core/fromnumeric.py:3824: RuntimeWarning: Mean of empty slice
  return _methods._mean(a, axis=axis, dtype=dtype,
/usr/local/lib64/python3.11/site-packages/numpy/_core/_methods.py:142: RuntimeWarning: invalid value encountered in scalar divide
  ret = ret.dtype.type(ret / rcount)
    📊 多标的回测汇总: 1只标的 | 盈利占比100.0% | 平均年化+1.24% | 中位数年化+1.24%
    🌐 多标的回测: 1只 | 盈利占比100.0% | 中位年化+1.24% | 美股+0.00% | 港股+0.00%
    ❌ 最大回撤>30% | 年化+1.24% | 回撤36.00%
    ⏱️ 耗时: 发现0.00s + 编码0.27s + 回测1.20s = 总计1.47s

  📋 [48/111] [趋势跟踪] 自由轮动5资产_12M+3d缓冲
/usr/local/lib64/python3.11/site-packages/numpy/_core/fromnumeric.py:3824: RuntimeWarning: Mean of empty slice
  return _methods._mean(a, axis=axis, dtype=dtype,
/usr/local/lib64/python3.11/site-packages/numpy/_core/_methods.py:142: RuntimeWarning: invalid value encountered in scalar divide
  ret = ret.dtype.type(ret / rcount)
    📊 多标的回测汇总: 1只标的 | 盈利占比100.0% | 平均年化+1.07% | 中位数年化+1.07%
    🌐 多标的回测: 1只 | 盈利占比100.0% | 中位年化+1.07% | 美股+0.00% | 港股+0.00%
    ❌ 最大回撤>30% | 年化+1.07% | 回撤36.49%
    ⏱️ 耗时: 发现0.00s + 编码0.27s + 回测1.20s = 总计1.46s

  📋 [49/111] [趋势跟踪] 自由轮动5资产_12M+5d缓冲
/usr/local/lib64/python3.11/site-packages/numpy/_core/fromnumeric.py:3824: RuntimeWarning: Mean of empty slice
  return _methods._mean(a, axis=axis, dtype=dtype,
/usr/local/lib64/python3.11/site-packages/numpy/_core/_methods.py:142: RuntimeWarning: invalid value encountered in scalar divide
  ret = ret.dtype.type(ret / rcount)
    📊 多标的回测汇总: 1只标的 | 盈利占比100.0% | 平均年化+2.41% | 中位数年化+2.41%
    🌐 多标的回测: 1只 | 盈利占比100.0% | 中位年化+2.41% | 美股+0.00% | 港股+0.00%
    ❌ 最大回撤>30% | 年化+2.41% | 回撤36.67%
    ⏱️ 耗时: 发现0.00s + 编码0.27s + 回测1.09s = 总计1.36s

  📋 [50/111] [趋势跟踪] SPY/GLD/SHY轮动_6M
    📊 多标的回测汇总: 130只标的 | 盈利占比77.7% | 平均年化+8.16% | 中位数年化+6.39%
       美股99只(盈利72) 年化+5.77%
       港股30只(盈利28) 年化+16.08%
    🌐 多标的回测: 130只 | 盈利占比77.7% | 中位年化+6.40% | 美股+5.77% | 港股+16.08%
    ❌ 最大回撤>30% | 年化+7.14% | 回撤34.03%
    ⏱️ 耗时: 发现0.00s + 编码0.13s + 回测28.11s = 总计28.24s

  📋 [51/111] [趋势跟踪] SPY/GLD/SHY轮动_6M
    📊 多标的回测汇总: 130只标的 | 盈利占比77.7% | 平均年化+7.05% | 中位数年化+5.54%
       美股99只(盈利73) 年化+6.01%
       港股30只(盈利27) 年化+10.44%
    🌐 多标的回测: 130只 | 盈利占比77.7% | 中位年化+5.54% | 美股+6.01% | 港股+10.44%
    ❌ 最大回撤>30% | 年化+7.50% | 回撤32.26%
    ⏱️ 耗时: 发现0.00s + 编码0.13s + 回测26.36s = 总计26.50s

  📋 [52/111] [趋势跟踪] SPY/GLD/SHY轮动_6M
    📊 多标的回测汇总: 130只标的 | 盈利占比79.2% | 平均年化+6.76% | 中位数年化+5.84%
       美股99只(盈利76) 年化+6.53%
       港股30只(盈利26) 年化+7.49%
    🌐 多标的回测: 130只 | 盈利占比79.2% | 中位年化+5.84% | 美股+6.53% | 港股+7.49%
    ❌ 最大回撤>30% | 年化+7.93% | 回撤30.08%
    ⏱️ 耗时: 发现0.00s + 编码0.13s + 回测25.20s = 总计25.34s

  📋 [53/111] [趋势跟踪] SPY/GLD/SHY轮动_9M
    📊 多标的回测汇总: 130只标的 | 盈利占比77.7% | 平均年化+8.25% | 中位数年化+5.88%
       美股99只(盈利72) 年化+6.11%
       港股30只(盈利28) 年化+15.30%
    🌐 多标的回测: 130只 | 盈利占比77.7% | 中位年化+5.88% | 美股+6.11% | 港股+15.30%
    ❌ 最大回撤>30% | 年化+8.68% | 回撤34.54%
    ⏱️ 耗时: 发现0.00s + 编码0.13s + 回测26.22s = 总计26.35s

  📋 [54/111] [趋势跟踪] SPY/GLD/SHY轮动_9M
    📊 多标的回测汇总: 130只标的 | 盈利占比78.5% | 平均年化+7.70% | 中位数年化+6.69%
       美股99只(盈利76) 年化+6.59%
       港股30只(盈利25) 年化+11.32%
    🌐 多标的回测: 130只 | 盈利占比78.5% | 中位年化+6.68% | 美股+6.59% | 港股+11.32%
    ❌ 最大回撤>30% | 年化+8.23% | 回撤36.06%
    ⏱️ 耗时: 发现0.00s + 编码0.13s + 回测26.09s = 总计26.23s

  📋 [55/111] [趋势跟踪] SPY/GLD/SHY轮动_9M
    📊 多标的回测汇总: 130只标的 | 盈利占比80.8% | 平均年化+7.99% | 中位数年化+6.72%
       美股99只(盈利81) 年化+7.40%
       港股30只(盈利23) 年化+9.89%
    🌐 多标的回测: 130只 | 盈利占比80.8% | 中位年化+6.72% | 美股+7.40% | 港股+9.89%
    ❌ 最大回撤>30% | 年化+9.70% | 回撤33.77%
    ⏱️ 耗时: 发现0.00s + 编码0.13s + 回测24.99s = 总计25.13s

  📋 [56/111] [趋势跟踪] SPY/GLD/SHY轮动_12M
    📊 多标的回测汇总: 130只标的 | 盈利占比82.3% | 平均年化+7.70% | 中位数年化+4.97%
       美股99只(盈利76) 年化+5.52%
       港股30只(盈利30) 年化+14.83%
    🌐 多标的回测: 130只 | 盈利占比82.3% | 中位年化+4.97% | 美股+5.52% | 港股+14.83%
    ❌ 最大回撤>30% | 年化+9.76% | 回撤31.61%
    ⏱️ 耗时: 发现0.00s + 编码0.13s + 回测25.77s = 总计25.90s

  📋 [57/111] [趋势跟踪] SPY/GLD/SHY轮动_12M
    📊 多标的回测汇总: 130只标的 | 盈利占比76.9% | 平均年化+7.11% | 中位数年化+5.09%
       美股99只(盈利73) 年化+5.93%
       港股30只(盈利26) 年化+10.95%
    🌐 多标的回测: 130只 | 盈利占比76.9% | 中位年化+5.10% | 美股+5.93% | 港股+10.95%
    ❌ 最大回撤>30% | 年化+9.17% | 回撤31.61%
    ⏱️ 耗时: 发现0.00s + 编码0.13s + 回测25.70s = 总计25.84s

  📋 [58/111] [趋势跟踪] SPY/GLD/SHY轮动_12M
    📊 多标的回测汇总: 130只标的 | 盈利占比81.5% | 平均年化+7.04% | 中位数年化+4.62%
       美股99只(盈利78) 年化+6.28%
       港股30只(盈利27) 年化+9.45%
    🌐 多标的回测: 130只 | 盈利占比81.5% | 中位年化+4.62% | 美股+6.28% | 港股+9.45%
    ❌ 最大回撤>30% | 年化+9.73% | 回撤31.61%
    ⏱️ 耗时: 发现0.00s + 编码0.13s + 回测26.69s = 总计26.82s

  📋 [59/111] [趋势跟踪] QQQ/VEA/GLD轮动_6M
    📊 多标的回测汇总: 130只标的 | 盈利占比77.7% | 平均年化+8.14% | 中位数年化+6.30%
       美股99只(盈利72) 年化+5.77%
       港股30只(盈利28) 年化+16.08%
    🌐 多标的回测: 130只 | 盈利占比77.7% | 中位年化+6.30% | 美股+5.77% | 港股+16.08%
    ✅ 得分32.61分 | 年化+4.75% | 回撤23.76% | 夏普0.08 ✅ ⚠️ 🌐130只盈利78%
    ⏱️ 耗时: 发现0.00s + 编码0.13s + 回测28.02s = 总计28.15s

  📋 [60/111] [趋势跟踪] QQQ/VEA/GLD轮动_6M
    📊 多标的回测汇总: 130只标的 | 盈利占比77.7% | 平均年化+7.03% | 中位数年化+5.47%
       美股99只(盈利73) 年化+6.01%
       港股30只(盈利27) 年化+10.44%
    🌐 多标的回测: 130只 | 盈利占比77.7% | 中位年化+5.48% | 美股+6.01% | 港股+10.44%
    ✅ 得分33.02分 | 年化+4.96% | 回撤23.95% | 夏普0.09 ✅ ⚠️ 🌐130只盈利78%
    ⏱️ 耗时: 发现0.00s + 编码0.13s + 回测26.28s = 总计26.41s

  📋 [61/111] [趋势跟踪] QQQ/VEA/GLD轮动_9M
    📊 多标的回测汇总: 130只标的 | 盈利占比77.7% | 平均年化+8.19% | 中位数年化+5.76%
       美股99只(盈利72) 年化+6.11%
       港股30只(盈利28) 年化+15.30%
    🌐 多标的回测: 130只 | 盈利占比77.7% | 中位年化+5.76% | 美股+6.11% | 港股+15.30%
    ✅ 得分17.39分 | 年化+0.23% | 回撤25.83% | 夏普-0.24  ⚠️ 🌐130只盈利78%
    ⏱️ 耗时: 发现0.00s + 编码0.13s + 回测26.39s = 总计26.52s

  📋 [62/111] [趋势跟踪] QQQ/VEA/GLD轮动_9M
    📊 多标的回测汇总: 130只标的 | 盈利占比78.5% | 平均年化+7.64% | 中位数年化+6.57%
       美股99只(盈利76) 年化+6.59%
       港股30只(盈利25) 年化+11.32%
    🌐 多标的回测: 130只 | 盈利占比78.5% | 中位年化+6.57% | 美股+6.59% | 港股+11.32%
    ✅ 得分19.31分 | 年化+1.64% | 回撤27.32% | 夏普-0.14  ⚠️ 🌐130只盈利78%
    ⏱️ 耗时: 发现0.00s + 编码0.13s + 回测25.71s = 总计25.84s

  📋 [63/111] [趋势跟踪] QQQ/VEA/GLD轮动_12M
    📊 多标的回测汇总: 130只标的 | 盈利占比82.3% | 平均年化+7.64% | 中位数年化+4.68%
       美股99只(盈利76) 年化+5.52%
       港股30只(盈利30) 年化+14.83%
    🌐 多标的回测: 130只 | 盈利占比82.3% | 中位年化+4.68% | 美股+5.52% | 港股+14.83%
    ❌ 最大回撤>30% | 年化+1.18% | 回撤37.63%
    ⏱️ 耗时: 发现0.00s + 编码0.13s + 回测26.82s = 总计26.95s

  📋 [64/111] [趋势跟踪] QQQ/VEA/GLD轮动_12M
    📊 多标的回测汇总: 130只标的 | 盈利占比76.9% | 平均年化+7.07% | 中位数年化+4.95%
       美股99只(盈利73) 年化+5.93%
       港股30只(盈利26) 年化+10.95%
    🌐 多标的回测: 130只 | 盈利占比76.9% | 中位年化+4.95% | 美股+5.93% | 港股+10.95%
    ❌ 最大回撤>30% | 年化+3.06% | 回撤31.20%
    ⏱️ 耗时: 发现0.00s + 编码0.13s + 回测25.40s = 总计25.53s

  📋 [65/111] [均值回归] 布林带回归_10日2.0σ_6M
    📊 多标的回测汇总: 130只标的 | 盈利占比71.5% | 平均年化+0.91% | 中位数年化+5.02%
       美股99只(盈利92) 年化+8.45%
       港股30只(盈利0) 年化-24.37%
    🌐 多标的回测: 130只 | 盈利占比71.5% | 中位年化+5.02% | 美股+8.45% | 港股-24.37%
    ❌ 最大回撤>30% | 年化+12.91% | 回撤35.02%
    ⏱️ 耗时: 发现0.00s + 编码0.30s + 回测29.76s = 总计30.06s

  📋 [66/111] [均值回归] 布林带回归_10日2.0σ_9M
    📊 多标的回测汇总: 130只标的 | 盈利占比71.5% | 平均年化+0.91% | 中位数年化+5.02%
       美股99只(盈利92) 年化+8.45%
       港股30只(盈利0) 年化-24.37%
    🌐 多标的回测: 130只 | 盈利占比71.5% | 中位年化+5.02% | 美股+8.45% | 港股-24.37%
    ❌ 最大回撤>30% | 年化+12.90% | 回撤35.02%
    ⏱️ 耗时: 发现0.00s + 编码0.30s + 回测36.22s = 总计36.52s

  📋 [67/111] [均值回归] 布林带回归_10日2.5σ_6M
    📊 多标的回测汇总: 128只标的 | 盈利占比73.4% | 平均年化+4.59% | 中位数年化+4.29%
       美股98只(盈利85) 年化+7.32%
       港股29只(盈利8) 年化-4.77%
    🌐 多标的回测: 128只 | 盈利占比73.4% | 中位年化+4.29% | 美股+7.32% | 港股-4.77%
    ❌ 最大回撤>30% | 年化+8.16% | 回撤35.27%
    ⏱️ 耗时: 发现0.00s + 编码0.30s + 回测37.67s = 总计37.97s

  📋 [68/111] [均值回归] 布林带回归_10日2.5σ_9M
    📊 多标的回测汇总: 128只标的 | 盈利占比73.4% | 平均年化+4.59% | 中位数年化+4.29%
       美股98只(盈利85) 年化+7.32%
       港股29只(盈利8) 年化-4.77%
    🌐 多标的回测: 128只 | 盈利占比73.4% | 中位年化+4.29% | 美股+7.32% | 港股-4.77%
    ❌ 最大回撤>30% | 年化+8.16% | 回撤35.27%
    ⏱️ 耗时: 发现0.00s + 编码0.30s + 回测37.81s = 总计38.11s

  📋 [69/111] [均值回归] 布林带回归_20日2.0σ_6M
    📊 多标的回测汇总: 130只标的 | 盈利占比70.8% | 平均年化+2.54% | 中位数年化+6.83%
       美股99只(盈利91) 年化+8.91%
       港股30只(盈利0) 年化-18.83%
    🌐 多标的回测: 130只 | 盈利占比70.8% | 中位年化+6.83% | 美股+8.91% | 港股-18.83%
    ❌ 最大回撤>30% | 年化+12.76% | 回撤33.62%
    ⏱️ 耗时: 发现0.00s + 编码0.30s + 回测38.60s = 总计38.90s

  📋 [70/111] [均值回归] 布林带回归_20日2.0σ_9M
    📊 多标的回测汇总: 130只标的 | 盈利占比70.8% | 平均年化+2.53% | 中位数年化+6.83%
       美股99只(盈利91) 年化+8.91%
       港股30只(盈利0) 年化-18.83%
    🌐 多标的回测: 130只 | 盈利占比70.8% | 中位年化+6.83% | 美股+8.91% | 港股-18.83%
    ❌ 最大回撤>30% | 年化+12.57% | 回撤33.62%
    ⏱️ 耗时: 发现0.00s + 编码0.30s + 回测38.11s = 总计38.42s

  📋 [71/111] [均值回归] 布林带回归_20日2.5σ_6M
    📊 多标的回测汇总: 130只标的 | 盈利占比72.3% | 平均年化+5.80% | 中位数年化+8.49%
       美股99只(盈利92) 年化+10.35%
       港股30只(盈利1) 年化-9.47%
    🌐 多标的回测: 130只 | 盈利占比72.3% | 中位年化+8.49% | 美股+10.35% | 港股-9.47%
    ❌ 最大回撤>30% | 年化+13.86% | 回撤31.52%
    ⏱️ 耗时: 发现0.00s + 编码0.30s + 回测39.07s = 总计39.37s

  📋 [72/111] [均值回归] 布林带回归_20日2.5σ_9M
    📊 多标的回测汇总: 130只标的 | 盈利占比72.3% | 平均年化+5.80% | 中位数年化+8.49%
       美股99只(盈利92) 年化+10.35%
       港股30只(盈利1) 年化-9.47%
    🌐 多标的回测: 130只 | 盈利占比72.3% | 中位年化+8.49% | 美股+10.35% | 港股-9.47%
    ❌ 最大回撤>30% | 年化+13.42% | 回撤31.52%
    ⏱️ 耗时: 发现0.00s + 编码0.30s + 回测38.12s = 总计38.43s

  📋 [73/111] [高股息轮动] 高股息轮动_6M+0d缓冲
    📊 多标的回测汇总: 130只标的 | 盈利占比77.7% | 平均年化+8.14% | 中位数年化+6.30%
       美股99只(盈利72) 年化+5.77%
       港股30只(盈利28) 年化+16.08%
    🌐 多标的回测: 130只 | 盈利占比77.7% | 中位年化+6.30% | 美股+5.77% | 港股+16.08%
    ❌ 最大回撤>30% | 年化+4.29% | 回撤32.52%
    ⏱️ 耗时: 发现0.00s + 编码0.27s + 回测38.05s = 总计38.33s

  📋 [74/111] [高股息轮动] 高股息轮动_6M+3d缓冲
    📊 多标的回测汇总: 130只标的 | 盈利占比77.7% | 平均年化+7.03% | 中位数年化+5.47%
       美股99只(盈利73) 年化+6.01%
       港股30只(盈利27) 年化+10.44%
    🌐 多标的回测: 130只 | 盈利占比77.7% | 中位年化+5.48% | 美股+6.01% | 港股+10.44%
    ❌ 最大回撤>30% | 年化+4.78% | 回撤31.81%
    ⏱️ 耗时: 发现0.00s + 编码0.27s + 回测37.34s = 总计37.61s

  📋 [75/111] [高股息轮动] 高股息轮动_6M+5d缓冲
    📊 多标的回测汇总: 130只标的 | 盈利占比79.2% | 平均年化+6.75% | 中位数年化+5.69%
       美股99只(盈利76) 年化+6.53%
       港股30只(盈利26) 年化+7.49%
    🌐 多标的回测: 130只 | 盈利占比79.2% | 中位年化+5.68% | 美股+6.53% | 港股+7.49%
    ❌ 最大回撤>30% | 年化+5.71% | 回撤31.81%
    ⏱️ 耗时: 发现0.00s + 编码0.27s + 回测36.43s = 总计36.70s

  📋 [76/111] [高股息轮动] 高股息轮动_9M+0d缓冲
    📊 多标的回测汇总: 130只标的 | 盈利占比77.7% | 平均年化+8.24% | 中位数年化+5.88%
       美股99只(盈利72) 年化+6.11%
       港股30只(盈利28) 年化+15.30%
    🌐 多标的回测: 130只 | 盈利占比77.7% | 中位年化+5.88% | 美股+6.11% | 港股+15.30%
    ❌ 最大回撤>30% | 年化+7.36% | 回撤36.04%
    ⏱️ 耗时: 发现0.00s + 编码0.27s + 回测42.08s = 总计42.36s

  📋 [77/111] [高股息轮动] 高股息轮动_9M+3d缓冲
    📊 多标的回测汇总: 130只标的 | 盈利占比78.5% | 平均年化+7.69% | 中位数年化+6.69%
       美股99只(盈利76) 年化+6.59%
       港股30只(盈利25) 年化+11.32%
    🌐 多标的回测: 130只 | 盈利占比78.5% | 中位年化+6.68% | 美股+6.59% | 港股+11.32%
    ❌ 最大回撤>30% | 年化+7.24% | 回撤31.85%
    ⏱️ 耗时: 发现0.00s + 编码0.27s + 回测36.88s = 总计37.15s

  📋 [78/111] [高股息轮动] 高股息轮动_9M+5d缓冲
    📊 多标的回测汇总: 130只标的 | 盈利占比80.8% | 平均年化+7.99% | 中位数年化+6.72%
       美股99只(盈利81) 年化+7.40%
       港股30只(盈利23) 年化+9.89%
    🌐 多标的回测: 130只 | 盈利占比80.8% | 中位年化+6.72% | 美股+7.40% | 港股+9.89%
    ❌ 最大回撤>30% | 年化+9.12% | 回撤31.85%
    ⏱️ 耗时: 发现0.00s + 编码0.27s + 回测35.44s = 总计35.71s

  📋 [79/111] [高股息轮动] 高股息轮动_12M+0d缓冲
    📊 多标的回测汇总: 130只标的 | 盈利占比82.3% | 平均年化+7.70% | 中位数年化+4.97%
       美股99只(盈利76) 年化+5.52%
       港股30只(盈利30) 年化+14.83%
    🌐 多标的回测: 130只 | 盈利占比82.3% | 中位年化+4.97% | 美股+5.52% | 港股+14.83%
    ❌ 最大回撤>30% | 年化+8.89% | 回撤32.90%
    ⏱️ 耗时: 发现0.00s + 编码0.27s + 回测36.80s = 总计37.07s

  📋 [80/111] [高股息轮动] 高股息轮动_12M+3d缓冲
    📊 多标的回测汇总: 130只标的 | 盈利占比76.9% | 平均年化+7.11% | 中位数年化+5.09%
       美股99只(盈利73) 年化+5.93%
       港股30只(盈利26) 年化+10.95%
    🌐 多标的回测: 130只 | 盈利占比76.9% | 中位年化+5.10% | 美股+5.93% | 港股+10.95%
    ❌ 最大回撤>30% | 年化+8.64% | 回撤32.90%
    ⏱️ 耗时: 发现0.00s + 编码0.27s + 回测35.50s = 总计35.78s

  📋 [81/111] [高股息轮动] 高股息轮动_12M+5d缓冲
    📊 多标的回测汇总: 130只标的 | 盈利占比81.5% | 平均年化+7.03% | 中位数年化+4.62%
       美股99只(盈利78) 年化+6.28%
       港股30只(盈利27) 年化+9.45%
    🌐 多标的回测: 130只 | 盈利占比81.5% | 中位年化+4.62% | 美股+6.28% | 港股+9.45%
    ❌ 最大回撤>30% | 年化+9.37% | 回撤32.90%
    ⏱️ 耗时: 发现0.00s + 编码0.27s + 回测35.22s = 总计35.49s

  📋 [82/111] [事件驱动] 宏观轮动_3M+0d缓冲
/usr/local/lib64/python3.11/site-packages/numpy/_core/fromnumeric.py:3824: RuntimeWarning: Mean of empty slice
  return _methods._mean(a, axis=axis, dtype=dtype,
/usr/local/lib64/python3.11/site-packages/numpy/_core/_methods.py:142: RuntimeWarning: invalid value encountered in scalar divide
  ret = ret.dtype.type(ret / rcount)
    📊 多标的回测汇总: 1只标的 | 盈利占比0.0% | 平均年化-2.58% | 中位数年化-2.58%
    🌐 多标的回测: 1只 | 盈利占比0.0% | 中位年化-2.58% | 美股+0.00% | 港股+0.00%
    ❌ 最大回撤>30% | 年化-2.58% | 回撤39.48%
    ⏱️ 耗时: 发现0.00s + 编码0.32s + 回测1.56s = 总计1.89s

  📋 [83/111] [事件驱动] 宏观轮动_3M+3d缓冲
/usr/local/lib64/python3.11/site-packages/numpy/_core/fromnumeric.py:3824: RuntimeWarning: Mean of empty slice
  return _methods._mean(a, axis=axis, dtype=dtype,
/usr/local/lib64/python3.11/site-packages/numpy/_core/_methods.py:142: RuntimeWarning: invalid value encountered in scalar divide
  ret = ret.dtype.type(ret / rcount)
    📊 多标的回测汇总: 1只标的 | 盈利占比0.0% | 平均年化-2.22% | 中位数年化-2.22%
    🌐 多标的回测: 1只 | 盈利占比0.0% | 中位年化-2.22% | 美股+0.00% | 港股+0.00%
    ❌ 最大回撤>30% | 年化-2.22% | 回撤40.26%
    ⏱️ 耗时: 发现0.00s + 编码0.32s + 回测1.40s = 总计1.72s

  📋 [84/111] [事件驱动] 宏观轮动_3M+5d缓冲
/usr/local/lib64/python3.11/site-packages/numpy/_core/fromnumeric.py:3824: RuntimeWarning: Mean of empty slice
  return _methods._mean(a, axis=axis, dtype=dtype,
/usr/local/lib64/python3.11/site-packages/numpy/_core/_methods.py:142: RuntimeWarning: invalid value encountered in scalar divide
  ret = ret.dtype.type(ret / rcount)
    📊 多标的回测汇总: 1只标的 | 盈利占比100.0% | 平均年化+0.54% | 中位数年化+0.54%
    🌐 多标的回测: 1只 | 盈利占比100.0% | 中位年化+0.54% | 美股+0.00% | 港股+0.00%
    ❌ 最大回撤>30% | 年化+0.54% | 回撤35.42%
    ⏱️ 耗时: 发现0.00s + 编码0.32s + 回测1.32s = 总计1.64s

  📋 [85/111] [事件驱动] 宏观轮动_6M+0d缓冲
/usr/local/lib64/python3.11/site-packages/numpy/_core/fromnumeric.py:3824: RuntimeWarning: Mean of empty slice
  return _methods._mean(a, axis=axis, dtype=dtype,
/usr/local/lib64/python3.11/site-packages/numpy/_core/_methods.py:142: RuntimeWarning: invalid value encountered in scalar divide
  ret = ret.dtype.type(ret / rcount)
    📊 多标的回测汇总: 1只标的 | 盈利占比100.0% | 平均年化+4.00% | 中位数年化+4.00%
    🌐 多标的回测: 1只 | 盈利占比100.0% | 中位年化+4.00% | 美股+0.00% | 港股+0.00%
    ❌ 最大回撤>30% | 年化+4.00% | 回撤35.53%
    ⏱️ 耗时: 发现0.00s + 编码0.32s + 回测1.59s = 总计1.91s

  📋 [86/111] [事件驱动] 宏观轮动_6M+3d缓冲
/usr/local/lib64/python3.11/site-packages/numpy/_core/fromnumeric.py:3824: RuntimeWarning: Mean of empty slice
  return _methods._mean(a, axis=axis, dtype=dtype,
/usr/local/lib64/python3.11/site-packages/numpy/_core/_methods.py:142: RuntimeWarning: invalid value encountered in scalar divide
  ret = ret.dtype.type(ret / rcount)
    📊 多标的回测汇总: 1只标的 | 盈利占比100.0% | 平均年化+6.68% | 中位数年化+6.68%
    🌐 多标的回测: 1只 | 盈利占比100.0% | 中位年化+6.68% | 美股+0.00% | 港股+0.00%
    ✅ 得分28.7分 | 年化+6.68% | 回撤26.99% | 夏普0.20  ⚠️ 🌐1只盈利100%
    ⏱️ 耗时: 发现0.00s + 编码0.32s + 回测1.41s = 总计1.73s

  📋 [87/111] [事件驱动] 宏观轮动_6M+5d缓冲
/usr/local/lib64/python3.11/site-packages/numpy/_core/fromnumeric.py:3824: RuntimeWarning: Mean of empty slice
  return _methods._mean(a, axis=axis, dtype=dtype,
/usr/local/lib64/python3.11/site-packages/numpy/_core/_methods.py:142: RuntimeWarning: invalid value encountered in scalar divide
  ret = ret.dtype.type(ret / rcount)
    📊 多标的回测汇总: 1只标的 | 盈利占比100.0% | 平均年化+6.55% | 中位数年化+6.55%
    🌐 多标的回测: 1只 | 盈利占比100.0% | 中位年化+6.55% | 美股+0.00% | 港股+0.00%
    ✅ 得分28.78分 | 年化+6.55% | 回撤28.57% | 夏普0.20  ⚠️ 🌐1只盈利100%
    ⏱️ 耗时: 发现0.00s + 编码0.32s + 回测1.48s = 总计1.81s

  📋 [88/111] [事件驱动] 宏观轮动_9M+0d缓冲
/usr/local/lib64/python3.11/site-packages/numpy/_core/fromnumeric.py:3824: RuntimeWarning: Mean of empty slice
  return _methods._mean(a, axis=axis, dtype=dtype,
/usr/local/lib64/python3.11/site-packages/numpy/_core/_methods.py:142: RuntimeWarning: invalid value encountered in scalar divide
  ret = ret.dtype.type(ret / rcount)
    📊 多标的回测汇总: 1只标的 | 盈利占比100.0% | 平均年化+0.74% | 中位数年化+0.74%
    🌐 多标的回测: 1只 | 盈利占比100.0% | 中位年化+0.74% | 美股+0.00% | 港股+0.00%
    ❌ 最大回撤>30% | 年化+0.74% | 回撤36.05%
    ⏱️ 耗时: 发现0.00s + 编码0.32s + 回测1.49s = 总计1.81s

  📋 [89/111] [事件驱动] 宏观轮动_9M+3d缓冲
/usr/local/lib64/python3.11/site-packages/numpy/_core/fromnumeric.py:3824: RuntimeWarning: Mean of empty slice
  return _methods._mean(a, axis=axis, dtype=dtype,
/usr/local/lib64/python3.11/site-packages/numpy/_core/_methods.py:142: RuntimeWarning: invalid value encountered in scalar divide
  ret = ret.dtype.type(ret / rcount)
    📊 多标的回测汇总: 1只标的 | 盈利占比0.0% | 平均年化-2.17% | 中位数年化-2.17%
    🌐 多标的回测: 1只 | 盈利占比0.0% | 中位年化-2.17% | 美股+0.00% | 港股+0.00%
    ❌ 最大回撤>30% | 年化-2.17% | 回撤41.02%
    ⏱️ 耗时: 发现0.00s + 编码0.32s + 回测1.48s = 总计1.80s

  📋 [90/111] [事件驱动] 宏观轮动_9M+5d缓冲
/usr/local/lib64/python3.11/site-packages/numpy/_core/fromnumeric.py:3824: RuntimeWarning: Mean of empty slice
  return _methods._mean(a, axis=axis, dtype=dtype,
/usr/local/lib64/python3.11/site-packages/numpy/_core/_methods.py:142: RuntimeWarning: invalid value encountered in scalar divide
  ret = ret.dtype.type(ret / rcount)
    📊 多标的回测汇总: 1只标的 | 盈利占比100.0% | 平均年化+0.65% | 中位数年化+0.65%
    🌐 多标的回测: 1只 | 盈利占比100.0% | 中位年化+0.65% | 美股+0.00% | 港股+0.00%
    ❌ 最大回撤>30% | 年化+0.65% | 回撤40.06%
    ⏱️ 耗时: 发现0.00s + 编码0.32s + 回测1.39s = 总计1.72s

  📋 [91/111] [趋势跟踪] MACD8/21轮动+0d缓冲
    📊 多标的回测汇总: 130只标的 | 盈利占比80.0% | 平均年化+19.57% | 中位数年化+8.12%
       美股99只(盈利73) 年化+5.67%
       港股30只(盈利30) 年化+65.83%
    🌐 多标的回测: 130只 | 盈利占比80.0% | 中位年化+8.12% | 美股+5.67% | 港股+65.83%
    ✅ 得分40.85分 | 年化+7.53% | 回撤15.27% | 夏普0.29  ⚠️ 🌐130只盈利80%
    ⏱️ 耗时: 发现0.00s + 编码0.35s + 回测29.80s = 总计30.15s

  📋 [92/111] [趋势跟踪] MACD8/21轮动+3d缓冲
    📊 多标的回测汇总: 130只标的 | 盈利占比81.5% | 平均年化+15.61% | 中位数年化+8.01%
       美股99只(盈利75) 年化+5.69%
       港股30只(盈利30) 年化+48.58%
    🌐 多标的回测: 130只 | 盈利占比81.5% | 中位年化+8.01% | 美股+5.69% | 港股+48.58%
    ✅ 得分41.41分 | 年化+7.75% | 回撤17.12% | 夏普0.30  ⚠️ 🌐130只盈利82%
    ⏱️ 耗时: 发现0.00s + 编码0.35s + 回测27.51s = 总计27.86s

  📋 [93/111] [趋势跟踪] MACD8/26轮动+0d缓冲
    📊 多标的回测汇总: 130只标的 | 盈利占比80.8% | 平均年化+19.08% | 中位数年化+7.12%
       美股99只(盈利74) 年化+5.66%
       港股30只(盈利30) 年化+63.78%
    🌐 多标的回测: 130只 | 盈利占比80.8% | 中位年化+7.12% | 美股+5.66% | 港股+63.78%
    ✅ 得分31.63分 | 年化+6.60% | 回撤20.36% | 夏普0.22  ⚠️ 🌐130只盈利81%
    ⏱️ 耗时: 发现0.00s + 编码0.35s + 回测29.61s = 总计29.96s

  📋 [94/111] [趋势跟踪] MACD8/26轮动+3d缓冲
    📊 多标的回测汇总: 130只标的 | 盈利占比82.3% | 平均年化+15.34% | 中位数年化+7.46%
       美股99只(盈利76) 年化+5.79%
       港股30只(盈利30) 年化+47.14%
    🌐 多标的回测: 130只 | 盈利占比82.3% | 中位年化+7.46% | 美股+5.79% | 港股+47.14%
    ✅ 得分33.01分 | 年化+7.18% | 回撤20.37% | 夏普0.26  ⚠️ 🌐130只盈利82%
    ⏱️ 耗时: 发现0.00s + 编码0.35s + 回测27.78s = 总计28.13s

  📋 [95/111] [趋势跟踪] MACD12/21轮动+0d缓冲
    📊 多标的回测汇总: 130只标的 | 盈利占比83.8% | 平均年化+17.30% | 中位数年化+7.88%
       美股99只(盈利78) 年化+6.32%
       港股30只(盈利30) 年化+53.95%
    🌐 多标的回测: 130只 | 盈利占比83.8% | 中位年化+7.88% | 美股+6.32% | 港股+53.95%
    ✅ 得分26.88分 | 年化+5.83% | 回撤28.94% | 夏普0.16  ⚠️ 🌐130只盈利84%
    ⏱️ 耗时: 发现0.00s + 编码0.35s + 回测29.48s = 总计29.83s

  📋 [96/111] [趋势跟踪] MACD12/21轮动+3d缓冲
    📊 多标的回测汇总: 130只标的 | 盈利占比85.4% | 平均年化+14.56% | 中位数年化+8.18%
       美股99只(盈利80) 年化+6.39%
       港股30只(盈利30) 年化+41.81%
    🌐 多标的回测: 130只 | 盈利占比85.4% | 中位年化+8.18% | 美股+6.39% | 港股+41.81%
    ❌ 最大回撤>30% | 年化+5.85% | 回撤30.30%
    ⏱️ 耗时: 发现0.00s + 编码0.35s + 回测28.33s = 总计28.69s

  📋 [97/111] [趋势跟踪] MACD12/26轮动+0d缓冲
    📊 多标的回测汇总: 130只标的 | 盈利占比86.9% | 平均年化+16.61% | 中位数年化+7.23%
       美股99只(盈利82) 年化+6.46%
       港股30只(盈利30) 年化+50.46%
    🌐 多标的回测: 130只 | 盈利占比86.9% | 中位年化+7.24% | 美股+6.46% | 港股+50.46%
    ✅ 得分25.81分 | 年化+5.38% | 回撤25.43% | 夏普0.12  ⚠️ 🌐130只盈利87%
    ⏱️ 耗时: 发现0.00s + 编码0.35s + 回测29.76s = 总计30.12s

  📋 [98/111] [趋势跟踪] MACD12/26轮动+3d缓冲
    📊 多标的回测汇总: 130只标的 | 盈利占比86.2% | 平均年化+14.10% | 中位数年化+7.33%
       美股99只(盈利81) 年化+6.42%
       港股30只(盈利30) 年化+39.74%
    🌐 多标的回测: 130只 | 盈利占比86.2% | 中位年化+7.33% | 美股+6.42% | 港股+39.74%
    ✅ 得分25.99分 | 年化+5.49% | 回撤28.31% | 夏普0.13  ⚠️ 🌐130只盈利86%
    ⏱️ 耗时: 发现0.00s + 编码0.35s + 回测27.81s = 总计28.16s

  📋 [99/111] [均值回归] RSI7_25/70轮动
    📊 多标的回测汇总: 130只标的 | 盈利占比55.4% | 平均年化-3.39% | 中位数年化+1.12%
       美股99只(盈利72) 年化+3.16%
       港股30只(盈利0) 年化-25.07%
    🌐 多标的回测: 130只 | 盈利占比55.4% | 中位年化+1.12% | 美股+3.16% | 港股-25.07%
    ❌ 最大回撤>30% | 年化-1.08% | 回撤32.51%
    ⏱️ 耗时: 发现0.00s + 编码0.20s + 回测18.70s = 总计18.90s

  📋 [100/111] [均值回归] RSI7_25/75轮动
    📊 多标的回测汇总: 130只标的 | 盈利占比58.5% | 平均年化-2.07% | 中位数年化+1.80%
       美股99只(盈利76) 年化+4.22%
       港股30只(盈利0) 年化-22.89%
    🌐 多标的回测: 130只 | 盈利占比58.5% | 中位年化+1.80% | 美股+4.22% | 港股-22.89%
    ❌ 最大回撤>30% | 年化-0.42% | 回撤32.51%
    ⏱️ 耗时: 发现0.00s + 编码0.20s + 回测19.08s = 总计19.28s

  📋 [101/111] [均值回归] RSI7_30/70轮动
    📊 多标的回测汇总: 130只标的 | 盈利占比55.4% | 平均年化-3.63% | 中位数年化+1.06%
       美股99只(盈利72) 年化+3.63%
       港股30只(盈利0) 年化-27.63%
    🌐 多标的回测: 130只 | 盈利占比55.4% | 中位年化+1.06% | 美股+3.63% | 港股-27.63%
    ❌ 最大回撤>30% | 年化-2.69% | 回撤36.21%
    ⏱️ 耗时: 发现0.00s + 编码0.20s + 回测19.78s = 总计19.98s

  📋 [102/111] [均值回归] RSI7_30/75轮动
    📊 多标的回测汇总: 130只标的 | 盈利占比58.5% | 平均年化-2.12% | 中位数年化+2.26%
       美股99只(盈利76) 年化+4.72%
       港股30只(盈利0) 年化-24.72%
    🌐 多标的回测: 130只 | 盈利占比58.5% | 中位年化+2.26% | 美股+4.72% | 港股-24.72%
    ❌ 最大回撤>30% | 年化-1.12% | 回撤33.21%
    ⏱️ 耗时: 发现0.00s + 编码0.20s + 回测19.40s = 总计19.60s

  📋 [103/111] [均值回归] RSI14_25/70轮动
    📊 多标的回测汇总: 130只标的 | 盈利占比70.8% | 平均年化+2.96% | 中位数年化+5.21%
       美股99只(盈利90) 年化+6.86%
       港股30只(盈利1) 年化-10.11%
    🌐 多标的回测: 130只 | 盈利占比70.8% | 中位年化+5.20% | 美股+6.86% | 港股-10.11%
    ✅ 得分39.93分 | 年化+9.35% | 回撤29.44% | 夏普0.37 ✅ ⚠️ 🌐130只盈利71%
    ⏱️ 耗时: 发现0.00s + 编码0.20s + 回测18.60s = 总计18.80s

  📋 [104/111] [均值回归] RSI14_25/75轮动
