======================================================================
  🔄 穿越牛熊策略回测扫描 v3（全面升级版）
======================================================================
  ⏰ 开始时间: 2026-04-25 08:13:28
  📊 回测区间: 2019-01-01 ~ 2024-12-31 (主) / 2015-01-01 ~ 2018-12-31 (压力)
  📏 回撤淘汰线: ≥30%
  🏆 入榜规则: 按最高分从高到低排，保留前十
  📊 无风险利率(默认): 0.0450

======================================================================
  🔍 步骤1: 混合搜索策略（7大来源）
======================================================================

  🌐 方案A: 多源策略搜索（穿越牛熊策略）...
  🌐 方案A: 多源策略搜索...

  📦 来源0: 聚宽（JoinQuant）策略 ⭐最高优先级
    🌐 搜索聚宽（JoinQuant）策略...
      📋 第1层: joinquant-skill内置模板
      ✅ 模板: ETF轮动策略 (1624B)
      ✅ 模板: 多因子选股策略 (2069B)
      ✅ 模板: 截面动量选股策略 (1733B)
      ✅ 模板: 均值回归布林带RSI策略 (2201B)
      ✅ 模板: RSRS阻力支撑相对强度策略 (1764B)
      📊 内置模板: 5 个
      📋 第2层: GitHub聚宽策略仓库
      ✅ JizhiXiang/Quant-Strategy: 2 个策略
      ✅ yeates/StockTimingStrategy: 3 个策略
      ✅ gaaiyun/joinquant-skill: 3 个策略
    📊 聚宽总计: 13 个策略
    📊 聚宽: 8 个策略

  📦 来源1: GitHub仓库搜索
      ✅ GitHub: 627378329/dual-etf-momentum-rotation/strategy/compare_dual_vs_multi_ak.py (11608B ★1)
      ✅ GitHub: 627378329/dual-etf-momentum-rotation/strategy/dual_rotation_10y_gold_ak.py (7135B ★1)
    📊 GitHub: 2 个策略

  📦 来源3: awesome-quant资源列表
    🌐 搜索 awesome-quant 资源列表...
      ✅ awesome-quant: rmbell09-lang/tradesight/src/config.py (7213B)
      ✅ awesome-quant: zvtvz/zvt/examples/trader/ma_trader.py (2259B)
      ✅ awesome-quant: zvtvz/zvt/src/zvt/recorders/consts.py (10537B)
      ✅ awesome-quant: GuntharDeNiro/gunbot-quant/gunbot_quant/core/backtest_engine.py (11700B)
      ✅ awesome-quant: GuntharDeNiro/gunbot-quant/gunbot_quant/core/screener.py (14174B)
    📊 awesome-quant: 5 个策略

  📦 来源4: DuckDuckGo搜索
    🌐 DuckDuckGo搜索 → GitHub链接...
    📊 DuckDuckGo: 0 个策略

  📦 来源6: TradingView(间接)
    🌐 搜索 TradingView (间接渠道)...
      ✅ TV间接: Drakkar-Software/OctoBot-Script/example.py (2329B ★40)
      ✅ TV间接: loponly/pinescript-to-python/debug_signals.py (3272B ★7)
      ✅ TV间接: loponly/pinescript-to-python/indicators/calculator.py (2927B ★7)
      ✅ TV间接: eddiebelaval/openclaw-tradingview/backtests/editors_picks/arbitrage-matrix-luxalgo.py (4048B ★7)
      ✅ TV间接: eddiebelaval/openclaw-tradingview/backtests/editors_picks/asset-drift-model.py (10130B ★7)
      ✅ TV间接: agrawalanuj25/Finsearch_Momentum_Based_Strategy/finsearch.py (2824B ★1)
      ✅ TV间接: OMCHOKSI108/Quantitative-Trading-Indicators/indicator_plots.ipynb (12350B ★1)
    📊 TradingView: 7 个策略

  📊 多源搜索汇总:
    有效策略: 22 个来自 5 个来源
    需人工审核: 0 个
    ✅ 多源搜索返回 22 个策略 (来源: {'joinquant': 8, 'github': 2, 'awesome_quant': 5, 'google': 0, 'tradingview': 7})
  ✅ 方案A结果充足(22个)，无需方案B
    ✅ 多源搜索返回 22 个策略 (方法: multi_source)
    ⏭️ 无目标关键词跳过: zvt
    ⏭️ 无目标关键词跳过: zvt

======================================================================
  🧬 步骤2: 生成内置策略变体（7种策略类型）
======================================================================
  🧬 生成策略变体: 162个
    事件驱动: 9个
    其他: 9个
    均值回归: 24个
    趋势跟踪: 111个
    高股息轮动: 9个
  [跳过] 无法适配的外部策略: 聚宽-Joinquant 上证50利用动态Pe增强模型
  🔄 去重: 69 -> 17 (移除52个重复模式)
  🔄 外部策略转换: 17个策略已适配为ETF轮动格式 (耗时0.02s)

======================================================================
  📦 步骤3: 加载数据（v4: ETF + 港美股全量，99美股 + 30港股）
======================================================================
📦 加载ETF数据（westock-data实时获取，limit=5000）...
  ✅ SPY: 5000 个交易日 (westock-data)
  ✅ VEA: 4716 个交易日 (westock-data)
  ✅ AGG: 5000 个交易日 (westock-data)
  ✅ SHY: 5000 个交易日 (westock-data)
  ✅ GLD: 5000 个交易日 (westock-data)
  ✅ TLT: 5000 个交易日 (westock-data)
📊 合并后数据: 5000 个交易日 (2006-06-08 00:00:00 ~ 2026-04-24 00:00:00)
⚠️ 幸存者偏差标记: True (ETF固定池，非动态历史成分股)

📦 [1/3] 加载ETF数据（6只基准ETF）...
  ✅ ETF: 6只

📦 [2/3] 加载美股大盘数据（99只精选）...
  🔄 自动补充13只替代标的（缺失13只: ['MSFT', 'GOOGL', 'NVDA', 'META', 'BRK-B']...）
  📦 本地US股数据: 加载99只 (跳过13只, 门槛≥500天)
  ✅ 美股: 99只

📦 [3/3] 加载港股蓝筹数据（30只精选）...
  🔄 自动补充1只替代标的（缺失1只: ['hk00823']）
  📦 本地HK股数据: 加载30只 (跳过1只, 门槛≥500天)
  ✅ 港股: 30只

📊 全市场数据加载完成: 135只标的 (ETF 6只 + 美股 99只 + 港股 30只)

======================================================================
  🔍 步骤4: 策略去重（SHA256指纹+90%参数相似度家族检测）
======================================================================
  🔍 去重后: 112个 (跳过67个重复, 67个同家族)

======================================================================
  📋 步骤5: 执行回测 (112个策略)
======================================================================

  📋 [1/112] [趋势跟踪] GEM5资产_6M
    📊 多标的回测汇总: 130只标的 | 盈利占比77.7% | 平均年化+8.14% | 中位数年化+6.30%
       美股99只(盈利72) 年化+5.77%
       港股30只(盈利28) 年化+16.08%
    🌐 多标的回测: 130只 | 盈利占比77.7% | 中位年化+6.30% | 美股+5.77% | 港股+16.08%
    ❌ 最大回撤>30% | 年化+4.85% | 回撤33.98%
    ⏱️ 耗时: 发现0.00s + 编码0.14s + 回测26.70s = 总计26.85s

  📋 [2/112] [趋势跟踪] GEM5资产_6M+3d缓冲
    📊 多标的回测汇总: 130只标的 | 盈利占比77.7% | 平均年化+7.01% | 中位数年化+5.47%
       美股99只(盈利73) 年化+6.01%
       港股30只(盈利27) 年化+10.44%
    🌐 多标的回测: 130只 | 盈利占比77.7% | 中位年化+5.48% | 美股+6.01% | 港股+10.44%
    ❌ 最大回撤>30% | 年化+2.97% | 回撤37.74%
    ⏱️ 耗时: 发现0.00s + 编码0.14s + 回测25.83s = 总计25.97s

  📋 [3/112] [趋势跟踪] GEM5资产_6M+5d缓冲
    📊 多标的回测汇总: 130只标的 | 盈利占比79.2% | 平均年化+6.76% | 中位数年化+5.84%
       美股99只(盈利76) 年化+6.53%
       港股30只(盈利26) 年化+7.49%
    🌐 多标的回测: 130只 | 盈利占比79.2% | 中位年化+5.84% | 美股+6.53% | 港股+7.49%
    ✅ 得分30.86分 | 年化+7.43% | 回撤26.56% | 夏普0.26  ⚠️ 🌐130只盈利79%
    ⏱️ 耗时: 发现0.00s + 编码0.14s + 回测25.09s = 总计25.23s

  📋 [4/112] [趋势跟踪] GEM5资产_9M
    📊 多标的回测汇总: 130只标的 | 盈利占比77.7% | 平均年化+8.25% | 中位数年化+5.88%
       美股99只(盈利72) 年化+6.11%
       港股30只(盈利28) 年化+15.30%
    🌐 多标的回测: 130只 | 盈利占比77.7% | 中位年化+5.88% | 美股+6.11% | 港股+15.30%
    ❌ 最大回撤>30% | 年化+8.45% | 回撤32.70%
    ⏱️ 耗时: 发现0.00s + 编码0.14s + 回测26.09s = 总计26.23s

  📋 [5/112] [趋势跟踪] GEM5资产_9M+3d缓冲
    📊 多标的回测汇总: 130只标的 | 盈利占比78.5% | 平均年化+7.68% | 中位数年化+6.57%
       美股99只(盈利76) 年化+6.59%
       港股30只(盈利25) 年化+11.32%
    🌐 多标的回测: 130只 | 盈利占比78.5% | 中位年化+6.57% | 美股+6.59% | 港股+11.32%
    ❌ 最大回撤>30% | 年化+5.95% | 回撤36.82%
    ⏱️ 耗时: 发现0.00s + 编码0.14s + 回测25.27s = 总计25.41s

  📋 [6/112] [趋势跟踪] GEM5资产_9M+5d缓冲
    📊 多标的回测汇总: 130只标的 | 盈利占比80.8% | 平均年化+7.97% | 中位数年化+6.72%
       美股99只(盈利81) 年化+7.40%
       港股30只(盈利23) 年化+9.89%
    🌐 多标的回测: 130只 | 盈利占比80.8% | 中位年化+6.72% | 美股+7.40% | 港股+9.89%
    ✅ 得分34.98分 | 年化+7.18% | 回撤28.46% | 夏普0.24 ✅ ⚠️ 🌐130只盈利81%
    ⏱️ 耗时: 发现0.00s + 编码0.14s + 回测25.33s = 总计25.48s

  📋 [7/112] [趋势跟踪] GEM5资产_12M
    📊 多标的回测汇总: 130只标的 | 盈利占比82.3% | 平均年化+7.64% | 中位数年化+4.68%
       美股99只(盈利76) 年化+5.52%
       港股30只(盈利30) 年化+14.83%
    🌐 多标的回测: 130只 | 盈利占比82.3% | 中位年化+4.68% | 美股+5.52% | 港股+14.83%
    ❌ 最大回撤>30% | 年化+1.70% | 回撤44.29%
    ⏱️ 耗时: 发现0.00s + 编码0.14s + 回测25.97s = 总计26.11s

  📋 [8/112] [趋势跟踪] GEM5资产_12M+3d缓冲
    📊 多标的回测汇总: 130只标的 | 盈利占比76.9% | 平均年化+7.06% | 中位数年化+4.95%
       美股99只(盈利73) 年化+5.93%
       港股30只(盈利26) 年化+10.95%
    🌐 多标的回测: 130只 | 盈利占比76.9% | 中位年化+4.95% | 美股+5.93% | 港股+10.95%
    ❌ 最大回撤>30% | 年化+2.69% | 回撤39.39%
    ⏱️ 耗时: 发现0.00s + 编码0.14s + 回测25.27s = 总计25.41s

  📋 [9/112] [趋势跟踪] GEM5资产_12M+5d缓冲
    📊 多标的回测汇总: 130只标的 | 盈利占比81.5% | 平均年化+7.00% | 中位数年化+4.62%
       美股99只(盈利78) 年化+6.28%
       港股30只(盈利27) 年化+9.45%
    🌐 多标的回测: 130只 | 盈利占比81.5% | 中位年化+4.62% | 美股+6.28% | 港股+9.45%
    ❌ 最大回撤>30% | 年化+4.76% | 回撤38.03%
    ⏱️ 耗时: 发现0.00s + 编码0.14s + 回测24.62s = 总计24.76s

  📋 [10/112] [趋势跟踪] GEM6资产_6M
    📊 多标的回测汇总: 130只标的 | 盈利占比77.7% | 平均年化+8.16% | 中位数年化+6.39%
       美股99只(盈利72) 年化+5.77%
       港股30只(盈利28) 年化+16.08%
    🌐 多标的回测: 130只 | 盈利占比77.7% | 中位年化+6.40% | 美股+5.77% | 港股+16.08%
    ❌ 最大回撤>30% | 年化+7.23% | 回撤33.98%
    ⏱️ 耗时: 发现0.00s + 编码0.14s + 回测26.56s = 总计26.70s

  📋 [11/112] [趋势跟踪] GEM6资产_6M+3d缓冲
    📊 多标的回测汇总: 130只标的 | 盈利占比77.7% | 平均年化+7.03% | 中位数年化+5.47%
       美股99只(盈利73) 年化+6.01%
       港股30只(盈利27) 年化+10.44%
    🌐 多标的回测: 130只 | 盈利占比77.7% | 中位年化+5.48% | 美股+6.01% | 港股+10.44%
    ❌ 最大回撤>30% | 年化+5.30% | 回撤37.74%
    ⏱️ 耗时: 发现0.00s + 编码0.14s + 回测25.85s = 总计25.99s

  📋 [12/112] [趋势跟踪] GEM6资产_6M+5d缓冲
    📊 多标的回测汇总: 130只标的 | 盈利占比79.2% | 平均年化+6.77% | 中位数年化+5.84%
       美股99只(盈利76) 年化+6.53%
       港股30只(盈利26) 年化+7.49%
    🌐 多标的回测: 130只 | 盈利占比79.2% | 中位年化+5.84% | 美股+6.53% | 港股+7.49%
    ✅ 得分35.2分 | 年化+9.48% | 回撤25.12% | 夏普0.39  ⚠️ 🌐130只盈利79%
    ⏱️ 耗时: 发现0.00s + 编码0.14s + 回测25.27s = 总计25.41s

  📋 [13/112] [趋势跟踪] GEM6资产_9M
    📊 多标的回测汇总: 130只标的 | 盈利占比77.7% | 平均年化+8.25% | 中位数年化+5.88%
       美股99只(盈利72) 年化+6.11%
       港股30只(盈利28) 年化+15.30%
    🌐 多标的回测: 130只 | 盈利占比77.7% | 中位年化+5.88% | 美股+6.11% | 港股+15.30%
    ❌ 最大回撤>30% | 年化+8.03% | 回撤32.70%
    ⏱️ 耗时: 发现0.00s + 编码0.14s + 回测26.58s = 总计26.72s

  📋 [14/112] [趋势跟踪] GEM6资产_9M+3d缓冲
    📊 多标的回测汇总: 130只标的 | 盈利占比78.5% | 平均年化+7.68% | 中位数年化+6.57%
       美股99只(盈利76) 年化+6.59%
       港股30只(盈利25) 年化+11.32%
    🌐 多标的回测: 130只 | 盈利占比78.5% | 中位年化+6.57% | 美股+6.59% | 港股+11.32%
    ❌ 最大回撤>30% | 年化+5.76% | 回撤36.82%
    ⏱️ 耗时: 发现0.00s + 编码0.14s + 回测25.42s = 总计25.56s

  📋 [15/112] [趋势跟踪] GEM6资产_9M+5d缓冲
    📊 多标的回测汇总: 130只标的 | 盈利占比80.8% | 平均年化+7.97% | 中位数年化+6.72%
       美股99只(盈利81) 年化+7.40%
       港股30只(盈利23) 年化+9.89%
    🌐 多标的回测: 130只 | 盈利占比80.8% | 中位年化+6.72% | 美股+7.40% | 港股+9.89%
    ✅ 得分34.64分 | 年化+7.03% | 回撤28.46% | 夏普0.23 ✅ ⚠️ 🌐130只盈利81%
    ⏱️ 耗时: 发现0.00s + 编码0.14s + 回测24.82s = 总计24.96s

  📋 [16/112] [趋势跟踪] GEM6资产_12M
    📊 多标的回测汇总: 130只标的 | 盈利占比82.3% | 平均年化+7.64% | 中位数年化+4.68%
       美股99只(盈利76) 年化+5.52%
       港股30只(盈利30) 年化+14.83%
    🌐 多标的回测: 130只 | 盈利占比82.3% | 中位年化+4.68% | 美股+5.52% | 港股+14.83%
    ❌ 最大回撤>30% | 年化+1.59% | 回撤44.29%
    ⏱️ 耗时: 发现0.00s + 编码0.14s + 回测25.91s = 总计26.05s

  📋 [17/112] [趋势跟踪] GEM6资产_12M+3d缓冲
    📊 多标的回测汇总: 130只标的 | 盈利占比76.9% | 平均年化+7.06% | 中位数年化+4.95%
       美股99只(盈利73) 年化+5.93%
       港股30只(盈利26) 年化+10.95%
    🌐 多标的回测: 130只 | 盈利占比76.9% | 中位年化+4.95% | 美股+5.93% | 港股+10.95%
    ❌ 最大回撤>30% | 年化+2.57% | 回撤39.39%
    ⏱️ 耗时: 发现0.00s + 编码0.14s + 回测25.23s = 总计25.37s

  📋 [18/112] [趋势跟踪] GEM6资产_12M+5d缓冲
    📊 多标的回测汇总: 130只标的 | 盈利占比81.5% | 平均年化+7.00% | 中位数年化+4.62%
       美股99只(盈利78) 年化+6.28%
       港股30只(盈利27) 年化+9.45%
    🌐 多标的回测: 130只 | 盈利占比81.5% | 中位年化+4.62% | 美股+6.28% | 港股+9.45%
    ❌ 最大回撤>30% | 年化+4.77% | 回撤38.03%
    ⏱️ 耗时: 发现0.00s + 编码0.14s + 回测24.89s = 总计25.04s

  📋 [19/112] [趋势跟踪] 双重动量_6M_阈值0%
    📊 多标的回测汇总: 130只标的 | 盈利占比77.7% | 平均年化+8.16% | 中位数年化+6.39%
       美股99只(盈利72) 年化+5.77%
       港股30只(盈利28) 年化+16.08%
    🌐 多标的回测: 130只 | 盈利占比77.7% | 中位年化+6.40% | 美股+5.77% | 港股+16.08%
    ✅ 得分35.65分 | 年化+7.31% | 回撤26.56% | 夏普0.26 ✅ ⚠️ 🌐130只盈利78%
    ⏱️ 耗时: 发现0.00s + 编码0.20s + 回测26.09s = 总计26.29s

  📋 [20/112] [趋势跟踪] 双重动量_6M_阈值0%+3d缓冲
    📊 多标的回测汇总: 130只标的 | 盈利占比77.7% | 平均年化+7.05% | 中位数年化+5.54%
       美股99只(盈利73) 年化+6.01%
       港股30只(盈利27) 年化+10.44%
    🌐 多标的回测: 130只 | 盈利占比77.7% | 中位年化+5.54% | 美股+6.01% | 港股+10.44%
    ✅ 得分35.45分 | 年化+7.23% | 回撤26.39% | 夏普0.25 ✅ ⚠️ 🌐130只盈利78%
    ⏱️ 耗时: 发现0.00s + 编码0.20s + 回测25.19s = 总计25.39s

  📋 [21/112] [趋势跟踪] 双重动量_6M_阈值2%
    📊 多标的回测汇总: 130只标的 | 盈利占比76.9% | 平均年化+7.66% | 中位数年化+5.17%
       美股99只(盈利70) 年化+4.94%
       港股30只(盈利29) 年化+16.66%
    🌐 多标的回测: 130只 | 盈利占比76.9% | 中位年化+5.16% | 美股+4.94% | 港股+16.66%
    ✅ 得分36.91分 | 年化+6.59% | 回撤23.87% | 夏普0.21 ✅ ⚠️ 🌐130只盈利77%
    ⏱️ 耗时: 发现0.00s + 编码0.20s + 回测25.98s = 总计26.17s

  📋 [22/112] [趋势跟踪] 双重动量_6M_阈值2%+3d缓冲
    📊 多标的回测汇总: 130只标的 | 盈利占比77.7% | 平均年化+6.82% | 中位数年化+5.02%
       美股99只(盈利73) 年化+5.50%
       港股30只(盈利27) 年化+11.19%
    🌐 多标的回测: 130只 | 盈利占比77.7% | 中位年化+5.02% | 美股+5.50% | 港股+11.19%
    ✅ 得分36.93分 | 年化+6.58% | 回撤22.93% | 夏普0.21 ✅ ⚠️ 🌐130只盈利78%
    ⏱️ 耗时: 发现0.00s + 编码0.20s + 回测25.51s = 总计25.71s

  📋 [23/112] [趋势跟踪] 双重动量_6M_阈值5%
    📊 多标的回测汇总: 130只标的 | 盈利占比71.5% | 平均年化+6.86% | 中位数年化+4.62%
       美股99只(盈利62) 年化+4.05%
       港股30只(盈利30) 年化+16.23%
    🌐 多标的回测: 130只 | 盈利占比71.5% | 中位年化+4.62% | 美股+4.05% | 港股+16.23%
    ✅ 得分27.48分 | 年化+4.66% | 回撤23.93% | 夏普0.06  ⚠️ 🌐130只盈利72%
    ⏱️ 耗时: 发现0.00s + 编码0.20s + 回测26.76s = 总计26.95s

  📋 [24/112] [趋势跟踪] 双重动量_6M_阈值5%+3d缓冲
    📊 多标的回测汇总: 130只标的 | 盈利占比68.5% | 平均年化+5.22% | 中位数年化+3.25%
       美股99只(盈利61) 年化+3.96%
       港股30只(盈利27) 年化+9.43%
    🌐 多标的回测: 130只 | 盈利占比68.5% | 中位年化+3.24% | 美股+3.96% | 港股+9.43%
    ✅ 得分22.5分 | 年化+3.78% | 回撤28.29% | 夏普-0.00  ⚠️ 🌐130只盈利68%
    ⏱️ 耗时: 发现0.00s + 编码0.20s + 回测25.83s = 总计26.03s

  📋 [25/112] [趋势跟踪] 双重动量_9M_阈值0%
    📊 多标的回测汇总: 130只标的 | 盈利占比77.7% | 平均年化+8.26% | 中位数年化+5.88%
       美股99只(盈利72) 年化+6.11%
       港股30只(盈利28) 年化+15.30%
    🌐 多标的回测: 130只 | 盈利占比77.7% | 中位年化+5.88% | 美股+6.11% | 港股+15.30%
    ✅ 得分40.18分 | 年化+9.40% | 回撤29.26% | 夏普0.39 ✅ ⚠️ 🌐130只盈利78%
    ⏱️ 耗时: 发现0.00s + 编码0.20s + 回测25.69s = 总计25.89s

  📋 [26/112] [趋势跟踪] 双重动量_9M_阈值2%
    📊 多标的回测汇总: 130只标的 | 盈利占比80.8% | 平均年化+7.82% | 中位数年化+4.46%
       美股99只(盈利77) 年化+5.71%
       港股30只(盈利27) 年化+14.77%
    🌐 多标的回测: 130只 | 盈利占比80.8% | 中位年化+4.46% | 美股+5.71% | 港股+14.77%
    ✅ 得分35.83分 | 年化+7.41% | 回撤26.46% | 夏普0.26 ✅ ⚠️ 🌐130只盈利81%
    ⏱️ 耗时: 发现0.00s + 编码0.20s + 回测26.01s = 总计26.21s

  📋 [27/112] [趋势跟踪] 双重动量_9M_阈值2%+3d缓冲
    📊 多标的回测汇总: 130只标的 | 盈利占比80.0% | 平均年化+7.26% | 中位数年化+4.88%
       美股99只(盈利79) 年化+6.31%
       港股30只(盈利24) 年化+10.37%
    🌐 多标的回测: 130只 | 盈利占比80.0% | 中位年化+4.88% | 美股+6.31% | 港股+10.37%
    ✅ 得分40.75分 | 年化+8.24% | 回撤24.45% | 夏普0.32 ✅ ⚠️ 🌐130只盈利80%
    ⏱️ 耗时: 发现0.00s + 编码0.20s + 回测24.95s = 总计25.14s

  📋 [28/112] [趋势跟踪] 双重动量_9M_阈值5%
    📊 多标的回测汇总: 130只标的 | 盈利占比74.6% | 平均年化+7.28% | 中位数年化+4.40%
       美股99只(盈利69) 年化+5.12%
       港股30只(盈利27) 年化+14.46%
    🌐 多标的回测: 130只 | 盈利占比74.6% | 中位年化+4.40% | 美股+5.12% | 港股+14.46%
    ✅ 得分31.29分 | 年化+5.30% | 回撤26.46% | 夏普0.12 ✅ ⚠️ 🌐130只盈利75%
    ⏱️ 耗时: 发现0.00s + 编码0.20s + 回测26.15s = 总计26.35s

  📋 [29/112] [趋势跟踪] 双重动量_9M_阈值5%+3d缓冲
    📊 多标的回测汇总: 130只标的 | 盈利占比71.5% | 平均年化+6.62% | 中位数年化+4.32%
       美股99只(盈利69) 年化+5.62%
       港股30只(盈利23) 年化+9.89%
    🌐 多标的回测: 130只 | 盈利占比71.5% | 中位年化+4.32% | 美股+5.62% | 港股+9.89%
    ✅ 得分37.81分 | 年化+6.89% | 回撤24.45% | 夏普0.23 ✅ ⚠️ 🌐130只盈利72%
    ⏱️ 耗时: 发现0.00s + 编码0.20s + 回测25.09s = 总计25.29s

  📋 [30/112] [趋势跟踪] 双重动量_12M_阈值0%
    📊 多标的回测汇总: 130只标的 | 盈利占比82.3% | 平均年化+7.69% | 中位数年化+4.97%
       美股99只(盈利76) 年化+5.52%
       港股30只(盈利30) 年化+14.83%
    🌐 多标的回测: 130只 | 盈利占比82.3% | 中位年化+4.97% | 美股+5.52% | 港股+14.83%
    ❌ 最大回撤>30% | 年化+7.50% | 回撤31.08%
    ⏱️ 耗时: 发现0.00s + 编码0.20s + 回测25.34s = 总计25.53s

  📋 [31/112] [趋势跟踪] 双重动量_12M_阈值2%
    📊 多标的回测汇总: 130只标的 | 盈利占比77.7% | 平均年化+7.39% | 中位数年化+5.21%
       美股99只(盈利71) 年化+5.14%
       港股30只(盈利29) 年化+14.82%
    🌐 多标的回测: 130只 | 盈利占比77.7% | 中位年化+5.22% | 美股+5.14% | 港股+14.82%
    ✅ 得分34.85分 | 年化+6.96% | 回撤29.52% | 夏普0.23 ✅ ⚠️ 🌐130只盈利78%
    ⏱️ 耗时: 发现0.00s + 编码0.20s + 回测25.61s = 总计25.81s

  📋 [32/112] [趋势跟踪] 双重动量_12M_阈值2%+3d缓冲
    📊 多标的回测汇总: 130只标的 | 盈利占比76.9% | 平均年化+7.04% | 中位数年化+4.88%
       美股99只(盈利71) 年化+5.74%
       港股30只(盈利28) 年化+11.34%
    🌐 多标的回测: 130只 | 盈利占比76.9% | 中位年化+4.88% | 美股+5.74% | 港股+11.34%
    ✅ 得分35.18分 | 年化+7.13% | 回撤26.73% | 夏普0.24 ✅ ⚠️ 🌐130只盈利77%
    ⏱️ 耗时: 发现0.00s + 编码0.20s + 回测24.70s = 总计24.90s

  📋 [33/112] [趋势跟踪] 双重动量_12M_阈值5%
    📊 多标的回测汇总: 130只标的 | 盈利占比76.2% | 平均年化+7.05% | 中位数年化+4.21%
       美股99只(盈利70) 年化+4.83%
       港股30只(盈利28) 年化+14.37%
    🌐 多标的回测: 130只 | 盈利占比76.2% | 中位年化+4.20% | 美股+4.83% | 港股+14.37%
    ✅ 得分35.01分 | 年化+7.06% | 回撤29.52% | 夏普0.24 ✅ ⚠️ 🌐130只盈利76%
    ⏱️ 耗时: 发现0.00s + 编码0.20s + 回测25.51s = 总计25.71s

  📋 [34/112] [趋势跟踪] 双重动量_12M_阈值5%+3d缓冲
    📊 多标的回测汇总: 130只标的 | 盈利占比78.5% | 平均年化+6.60% | 中位数年化+4.32%
       美股99只(盈利74) 年化+5.29%
       港股30只(盈利27) 年化+10.87%
    🌐 多标的回测: 130只 | 盈利占比78.5% | 中位年化+4.32% | 美股+5.29% | 港股+10.87%
    ✅ 得分37.07分 | 年化+8.01% | 回撤26.73% | 夏普0.30 ✅ ⚠️ 🌐130只盈利78%
    ⏱️ 耗时: 发现0.00s + 编码0.20s + 回测25.24s = 总计25.44s

  📋 [35/112] [趋势跟踪] GEM+ATR2.5x止损_9M
    📊 多标的回测汇总: 130只标的 | 盈利占比77.7% | 平均年化+8.06% | 中位数年化+6.19%
       美股99只(盈利71) 年化+5.87%
       港股30只(盈利29) 年化+15.38%
    🌐 多标的回测: 130只 | 盈利占比77.7% | 中位年化+6.19% | 美股+5.87% | 港股+15.38%
    ✅ 得分25.34分 | 年化+5.08% | 回撤25.49% | 夏普0.10  ⚠️ 🌐130只盈利78%
    ⏱️ 耗时: 发现0.00s + 编码0.17s + 回测69.54s = 总计69.71s

  📋 [36/112] [趋势跟踪] GEM+ATR3.0x止损_9M
    📊 多标的回测汇总: 130只标的 | 盈利占比76.9% | 平均年化+7.80% | 中位数年化+6.73%
       美股99只(盈利70) 年化+5.86%
       港股30只(盈利29) 年化+14.24%
    🌐 多标的回测: 130只 | 盈利占比76.9% | 中位年化+6.73% | 美股+5.86% | 港股+14.24%
    ✅ 得分32.13分 | 年化+6.75% | 回撤24.45% | 夏普0.22  ⚠️ 🌐130只盈利77%
    ⏱️ 耗时: 发现0.00s + 编码0.14s + 回测69.91s = 总计70.05s

  📋 [37/112] [趋势跟踪] GEM+ATR3.5x止损_9M
    📊 多标的回测汇总: 130只标的 | 盈利占比79.2% | 平均年化+7.72% | 中位数年化+6.64%
/usr/local/lib64/python3.11/site-packages/numpy/_core/fromnumeric.py:3824: RuntimeWarning: Mean of empty slice
  return _methods._mean(a, axis=axis, dtype=dtype,
/usr/local/lib64/python3.11/site-packages/numpy/_core/_methods.py:142: RuntimeWarning: invalid value encountered in scalar divide
  ret = ret.dtype.type(ret / rcount)
/usr/local/lib64/python3.11/site-packages/numpy/_core/fromnumeric.py:3824: RuntimeWarning: Mean of empty slice
  return _methods._mean(a, axis=axis, dtype=dtype,
/usr/local/lib64/python3.11/site-packages/numpy/_core/_methods.py:142: RuntimeWarning: invalid value encountered in scalar divide
  ret = ret.dtype.type(ret / rcount)
/usr/local/lib64/python3.11/site-packages/numpy/_core/fromnumeric.py:3824: RuntimeWarning: Mean of empty slice
  return _methods._mean(a, axis=axis, dtype=dtype,
/usr/local/lib64/python3.11/site-packages/numpy/_core/_methods.py:142: RuntimeWarning: invalid value encountered in scalar divide
  ret = ret.dtype.type(ret / rcount)
/usr/local/lib64/python3.11/site-packages/numpy/_core/fromnumeric.py:3824: RuntimeWarning: Mean of empty slice
  return _methods._mean(a, axis=axis, dtype=dtype,
/usr/local/lib64/python3.11/site-packages/numpy/_core/_methods.py:142: RuntimeWarning: invalid value encountered in scalar divide
  ret = ret.dtype.type(ret / rcount)
/usr/local/lib64/python3.11/site-packages/numpy/_core/fromnumeric.py:3824: RuntimeWarning: Mean of empty slice
  return _methods._mean(a, axis=axis, dtype=dtype,
/usr/local/lib64/python3.11/site-packages/numpy/_core/_methods.py:142: RuntimeWarning: invalid value encountered in scalar divide
  ret = ret.dtype.type(ret / rcount)
/usr/local/lib64/python3.11/site-packages/numpy/_core/fromnumeric.py:3824: RuntimeWarning: Mean of empty slice
  return _methods._mean(a, axis=axis, dtype=dtype,
/usr/local/lib64/python3.11/site-packages/numpy/_core/_methods.py:142: RuntimeWarning: invalid value encountered in scalar divide
  ret = ret.dtype.type(ret / rcount)
/usr/local/lib64/python3.11/site-packages/numpy/_core/fromnumeric.py:3824: RuntimeWarning: Mean of empty slice
  return _methods._mean(a, axis=axis, dtype=dtype,
/usr/local/lib64/python3.11/site-packages/numpy/_core/_methods.py:142: RuntimeWarning: invalid value encountered in scalar divide
  ret = ret.dtype.type(ret / rcount)
/usr/local/lib64/python3.11/site-packages/numpy/_core/fromnumeric.py:3824: RuntimeWarning: Mean of empty slice
  return _methods._mean(a, axis=axis, dtype=dtype,
/usr/local/lib64/python3.11/site-packages/numpy/_core/_methods.py:142: RuntimeWarning: invalid value encountered in scalar divide
  ret = ret.dtype.type(ret / rcount)
/usr/local/lib64/python3.11/site-packages/numpy/_core/fromnumeric.py:3824: RuntimeWarning: Mean of empty slice
  return _methods._mean(a, axis=axis, dtype=dtype,
/usr/local/lib64/python3.11/site-packages/numpy/_core/_methods.py:142: RuntimeWarning: invalid value encountered in scalar divide
  ret = ret.dtype.type(ret / rcount)
       美股99只(盈利73) 年化+5.89%
       港股30只(盈利29) 年化+13.80%
    🌐 多标的回测: 130只 | 盈利占比79.2% | 中位年化+6.64% | 美股+5.89% | 港股+13.80%
    ✅ 得分33.85分 | 年化+7.50% | 回撤24.45% | 夏普0.27  ⚠️ 🌐130只盈利79%
    ⏱️ 耗时: 发现0.00s + 编码0.14s + 回测70.79s = 总计70.93s

  📋 [38/112] [趋势跟踪] GEM+ATR4.0x止损_9M
    📊 多标的回测汇总: 130只标的 | 盈利占比80.8% | 平均年化+7.92% | 中位数年化+6.49%
       美股99只(盈利75) 年化+6.01%
       港股30只(盈利29) 年化+14.21%
    🌐 多标的回测: 130只 | 盈利占比80.8% | 中位年化+6.49% | 美股+6.01% | 港股+14.21%
    ✅ 得分39.9分 | 年化+7.94% | 回撤24.45% | 夏普0.30 ✅ ⚠️ 🌐130只盈利81%
    ⏱️ 耗时: 发现0.00s + 编码0.14s + 回测69.71s = 总计69.85s

  📋 [39/112] [趋势跟踪] GEM+ATR2.5x止损_12M
    📊 多标的回测汇总: 130只标的 | 盈利占比73.8% | 平均年化+7.52% | 中位数年化+5.02%
       美股99只(盈利68) 年化+5.61%
       港股30只(盈利27) 年化+13.95%
    🌐 多标的回测: 130只 | 盈利占比73.8% | 中位年化+5.02% | 美股+5.61% | 港股+13.95%
    ❌ 最大回撤>30% | 年化+3.58% | 回撤32.77%
    ⏱️ 耗时: 发现0.00s + 编码0.14s + 回测69.88s = 总计70.02s

  📋 [40/112] [趋势跟踪] GEM+ATR3.0x止损_12M
    📊 多标的回测汇总: 130只标的 | 盈利占比76.9% | 平均年化+7.59% | 中位数年化+4.71%
       美股99只(盈利71) 年化+5.61%
       港股30只(盈利28) 年化+14.21%
    🌐 多标的回测: 130只 | 盈利占比76.9% | 中位年化+4.72% | 美股+5.61% | 港股+14.21%
    ❌ 最大回撤>30% | 年化+4.78% | 回撤32.77%
    ⏱️ 耗时: 发现0.00s + 编码0.14s + 回测69.91s = 总计70.05s

  📋 [41/112] [趋势跟踪] GEM+ATR3.5x止损_12M
    📊 多标的回测汇总: 130只标的 | 盈利占比76.2% | 平均年化+7.46% | 中位数年化+4.83%
       美股99只(盈利70) 年化+5.52%
       港股30只(盈利28) 年化+13.96%
    🌐 多标的回测: 130只 | 盈利占比76.2% | 中位年化+4.83% | 美股+5.52% | 港股+13.96%
    ❌ 最大回撤>30% | 年化+4.40% | 回撤33.07%
    ⏱️ 耗时: 发现0.00s + 编码0.14s + 回测70.05s = 总计70.19s

  📋 [42/112] [趋势跟踪] GEM+ATR4.0x止损_12M
    📊 多标的回测汇总: 130只标的 | 盈利占比76.9% | 平均年化+7.41% | 中位数年化+4.53%
       美股99只(盈利71) 年化+5.44%
       港股30只(盈利28) 年化+14.05%
    🌐 多标的回测: 130只 | 盈利占比76.9% | 中位年化+4.53% | 美股+5.44% | 港股+14.05%
    ❌ 最大回撤>30% | 年化+2.87% | 回撤33.66%
    ⏱️ 耗时: 发现0.00s + 编码0.14s + 回测70.53s = 总计70.68s

  📋 [43/112] [趋势跟踪] 自由轮动5资产_6M+0d缓冲
    📊 多标的回测汇总: 1只标的 | 盈利占比100.0% | 平均年化+2.54% | 中位数年化+2.54%
    🌐 多标的回测: 1只 | 盈利占比100.0% | 中位年化+2.54% | 美股+0.00% | 港股+0.00%
    ❌ 最大回撤>30% | 年化+2.54% | 回撤35.53%
    ⏱️ 耗时: 发现0.00s + 编码0.23s + 回测1.21s = 总计1.44s

  📋 [44/112] [趋势跟踪] 自由轮动5资产_6M+3d缓冲
    📊 多标的回测汇总: 1只标的 | 盈利占比100.0% | 平均年化+2.94% | 中位数年化+2.94%
    🌐 多标的回测: 1只 | 盈利占比100.0% | 中位年化+2.94% | 美股+0.00% | 港股+0.00%
    ❌ 最大回撤>30% | 年化+2.94% | 回撤31.10%
    ⏱️ 耗时: 发现0.00s + 编码0.23s + 回测1.10s = 总计1.33s

  📋 [45/112] [趋势跟踪] 自由轮动5资产_6M+5d缓冲
    📊 多标的回测汇总: 1只标的 | 盈利占比100.0% | 平均年化+6.32% | 中位数年化+6.32%
    🌐 多标的回测: 1只 | 盈利占比100.0% | 中位年化+6.32% | 美股+0.00% | 港股+0.00%
    ✅ 得分28.33分 | 年化+6.32% | 回撤26.62% | 夏普0.18  ⚠️ 🌐1只盈利100%
    ⏱️ 耗时: 发现0.00s + 编码0.23s + 回测1.04s = 总计1.27s

  📋 [46/112] [趋势跟踪] 自由轮动5资产_9M+0d缓冲
    📊 多标的回测汇总: 1只标的 | 盈利占比0.0% | 平均年化-0.74% | 中位数年化-0.74%
    🌐 多标的回测: 1只 | 盈利占比0.0% | 中位年化-0.74% | 美股+0.00% | 港股+0.00%
    ❌ 最大回撤>30% | 年化-0.74% | 回撤38.55%
    ⏱️ 耗时: 发现0.00s + 编码0.23s + 回测1.25s = 总计1.48s

  📋 [47/112] [趋势跟踪] 自由轮动5资产_9M+3d缓冲
    📊 多标的回测汇总: 1只标的 | 盈利占比0.0% | 平均年化-3.12% | 中位数年化-3.12%
    🌐 多标的回测: 1只 | 盈利占比0.0% | 中位年化-3.12% | 美股+0.00% | 港股+0.00%
    ❌ 最大回撤>30% | 年化-3.12% | 回撤40.84%
    ⏱️ 耗时: 发现0.00s + 编码0.23s + 回测1.10s = 总计1.33s

  📋 [48/112] [趋势跟踪] 自由轮动5资产_9M+5d缓冲
    📊 多标的回测汇总: 1只标的 | 盈利占比100.0% | 平均年化+0.88% | 中位数年化+0.88%
    🌐 多标的回测: 1只 | 盈利占比100.0% | 中位年化+0.88% | 美股+0.00% | 港股+0.00%
    ❌ 最大回撤>30% | 年化+0.88% | 回撤35.87%
    ⏱️ 耗时: 发现0.00s + 编码0.23s + 回测1.04s = 总计1.27s

  📋 [49/112] [趋势跟踪] 自由轮动5资产_12M+0d缓冲
    📊 多标的回测汇总: 1只标的 | 盈利占比100.0% | 平均年化+1.24% | 中位数年化+1.24%
    🌐 多标的回测: 1只 | 盈利占比100.0% | 中位年化+1.24% | 美股+0.00% | 港股+0.00%
    ❌ 最大回撤>30% | 年化+1.24% | 回撤36.00%
    ⏱️ 耗时: 发现0.00s + 编码0.23s + 回测1.17s = 总计1.40s

  📋 [50/112] [趋势跟踪] 自由轮动5资产_12M+3d缓冲
    📊 多标的回测汇总: 1只标的 | 盈利占比100.0% | 平均年化+1.07% | 中位数年化+1.07%
    🌐 多标的回测: 1只 | 盈利占比100.0% | 中位年化+1.07% | 美股+0.00% | 港股+0.00%
    ❌ 最大回撤>30% | 年化+1.07% | 回撤36.49%
    ⏱️ 耗时: 发现0.00s + 编码0.23s + 回测1.11s = 总计1.34s

  📋 [51/112] [趋势跟踪] 自由轮动5资产_12M+5d缓冲
    📊 多标的回测汇总: 1只标的 | 盈利占比100.0% | 平均年化+2.41% | 中位数年化+2.41%
    🌐 多标的回测: 1只 | 盈利占比100.0% | 中位年化+2.41% | 美股+0.00% | 港股+0.00%
    ❌ 最大回撤>30% | 年化+2.41% | 回撤36.67%
    ⏱️ 耗时: 发现0.00s + 编码0.23s + 回测1.07s = 总计1.30s

  📋 [52/112] [趋势跟踪] SPY/GLD/SHY轮动_6M
    📊 多标的回测汇总: 130只标的 | 盈利占比77.7% | 平均年化+8.16% | 中位数年化+6.39%
       美股99只(盈利72) 年化+5.77%
       港股30只(盈利28) 年化+16.08%
    🌐 多标的回测: 130只 | 盈利占比77.7% | 中位年化+6.40% | 美股+5.77% | 港股+16.08%
    ❌ 最大回撤>30% | 年化+7.14% | 回撤34.03%
    ⏱️ 耗时: 发现0.00s + 编码0.14s + 回测26.59s = 总计26.73s

  📋 [53/112] [趋势跟踪] SPY/GLD/SHY轮动_6M
    📊 多标的回测汇总: 130只标的 | 盈利占比77.7% | 平均年化+7.05% | 中位数年化+5.54%
       美股99只(盈利73) 年化+6.01%
       港股30只(盈利27) 年化+10.44%
    🌐 多标的回测: 130只 | 盈利占比77.7% | 中位年化+5.54% | 美股+6.01% | 港股+10.44%
    ❌ 最大回撤>30% | 年化+7.50% | 回撤32.26%
    ⏱️ 耗时: 发现0.00s + 编码0.14s + 回测25.72s = 总计25.86s

  📋 [54/112] [趋势跟踪] SPY/GLD/SHY轮动_6M
    📊 多标的回测汇总: 130只标的 | 盈利占比79.2% | 平均年化+6.76% | 中位数年化+5.84%
       美股99只(盈利76) 年化+6.53%
       港股30只(盈利26) 年化+7.49%
    🌐 多标的回测: 130只 | 盈利占比79.2% | 中位年化+5.84% | 美股+6.53% | 港股+7.49%
    ❌ 最大回撤>30% | 年化+7.93% | 回撤30.08%
    ⏱️ 耗时: 发现0.00s + 编码0.14s + 回测25.02s = 总计25.16s

  📋 [55/112] [趋势跟踪] SPY/GLD/SHY轮动_9M
    📊 多标的回测汇总: 130只标的 | 盈利占比77.7% | 平均年化+8.25% | 中位数年化+5.88%
       美股99只(盈利72) 年化+6.11%
       港股30只(盈利28) 年化+15.30%
    🌐 多标的回测: 130只 | 盈利占比77.7% | 中位年化+5.88% | 美股+6.11% | 港股+15.30%
    ❌ 最大回撤>30% | 年化+8.68% | 回撤34.54%
    ⏱️ 耗时: 发现0.00s + 编码0.14s + 回测25.96s = 总计26.10s

  📋 [56/112] [趋势跟踪] SPY/GLD/SHY轮动_9M
    📊 多标的回测汇总: 130只标的 | 盈利占比78.5% | 平均年化+7.70% | 中位数年化+6.69%
       美股99只(盈利76) 年化+6.59%
       港股30只(盈利25) 年化+11.32%
    🌐 多标的回测: 130只 | 盈利占比78.5% | 中位年化+6.68% | 美股+6.59% | 港股+11.32%
    ❌ 最大回撤>30% | 年化+8.23% | 回撤36.06%
    ⏱️ 耗时: 发现0.00s + 编码0.14s + 回测25.39s = 总计25.53s

  📋 [57/112] [趋势跟踪] SPY/GLD/SHY轮动_9M
    📊 多标的回测汇总: 130只标的 | 盈利占比80.8% | 平均年化+7.99% | 中位数年化+6.72%
       美股99只(盈利81) 年化+7.40%
       港股30只(盈利23) 年化+9.89%
    🌐 多标的回测: 130只 | 盈利占比80.8% | 中位年化+6.72% | 美股+7.40% | 港股+9.89%
    ❌ 最大回撤>30% | 年化+9.70% | 回撤33.77%
    ⏱️ 耗时: 发现0.00s + 编码0.14s + 回测25.02s = 总计25.16s

  📋 [58/112] [趋势跟踪] SPY/GLD/SHY轮动_12M
    📊 多标的回测汇总: 130只标的 | 盈利占比82.3% | 平均年化+7.70% | 中位数年化+4.97%
       美股99只(盈利76) 年化+5.52%
       港股30只(盈利30) 年化+14.83%
    🌐 多标的回测: 130只 | 盈利占比82.3% | 中位年化+4.97% | 美股+5.52% | 港股+14.83%
    ❌ 最大回撤>30% | 年化+9.76% | 回撤31.61%
    ⏱️ 耗时: 发现0.00s + 编码0.14s + 回测25.50s = 总计25.64s

  📋 [59/112] [趋势跟踪] SPY/GLD/SHY轮动_12M
    📊 多标的回测汇总: 130只标的 | 盈利占比76.9% | 平均年化+7.11% | 中位数年化+5.09%
       美股99只(盈利73) 年化+5.93%
       港股30只(盈利26) 年化+10.95%
    🌐 多标的回测: 130只 | 盈利占比76.9% | 中位年化+5.10% | 美股+5.93% | 港股+10.95%
    ❌ 最大回撤>30% | 年化+9.17% | 回撤31.61%
    ⏱️ 耗时: 发现0.00s + 编码0.14s + 回测25.40s = 总计25.54s

  📋 [60/112] [趋势跟踪] SPY/GLD/SHY轮动_12M
    📊 多标的回测汇总: 130只标的 | 盈利占比81.5% | 平均年化+7.04% | 中位数年化+4.62%
       美股99只(盈利78) 年化+6.28%
       港股30只(盈利27) 年化+9.45%
    🌐 多标的回测: 130只 | 盈利占比81.5% | 中位年化+4.62% | 美股+6.28% | 港股+9.45%
    ❌ 最大回撤>30% | 年化+9.73% | 回撤31.61%
    ⏱️ 耗时: 发现0.00s + 编码0.14s + 回测24.54s = 总计24.68s

  📋 [61/112] [趋势跟踪] QQQ/VEA/GLD轮动_6M
    📊 多标的回测汇总: 130只标的 | 盈利占比77.7% | 平均年化+8.14% | 中位数年化+6.30%
       美股99只(盈利72) 年化+5.77%
       港股30只(盈利28) 年化+16.08%
    🌐 多标的回测: 130只 | 盈利占比77.7% | 中位年化+6.30% | 美股+5.77% | 港股+16.08%
    ✅ 得分32.61分 | 年化+4.75% | 回撤23.76% | 夏普0.08 ✅ ⚠️ 🌐130只盈利78%
    ⏱️ 耗时: 发现0.00s + 编码0.14s + 回测26.33s = 总计26.47s

  📋 [62/112] [趋势跟踪] QQQ/VEA/GLD轮动_6M
    📊 多标的回测汇总: 130只标的 | 盈利占比77.7% | 平均年化+7.03% | 中位数年化+5.47%
       美股99只(盈利73) 年化+6.01%
       港股30只(盈利27) 年化+10.44%
    🌐 多标的回测: 130只 | 盈利占比77.7% | 中位年化+5.48% | 美股+6.01% | 港股+10.44%
    ✅ 得分33.02分 | 年化+4.96% | 回撤23.95% | 夏普0.09 ✅ ⚠️ 🌐130只盈利78%
    ⏱️ 耗时: 发现0.00s + 编码0.14s + 回测25.77s = 总计25.91s

  📋 [63/112] [趋势跟踪] QQQ/VEA/GLD轮动_9M
    📊 多标的回测汇总: 130只标的 | 盈利占比77.7% | 平均年化+8.19% | 中位数年化+5.76%
       美股99只(盈利72) 年化+6.11%
       港股30只(盈利28) 年化+15.30%
    🌐 多标的回测: 130只 | 盈利占比77.7% | 中位年化+5.76% | 美股+6.11% | 港股+15.30%
    ✅ 得分17.39分 | 年化+0.23% | 回撤25.83% | 夏普-0.24  ⚠️ 🌐130只盈利78%
    ⏱️ 耗时: 发现0.00s + 编码0.14s + 回测26.01s = 总计26.16s

  📋 [64/112] [趋势跟踪] QQQ/VEA/GLD轮动_9M
    📊 多标的回测汇总: 130只标的 | 盈利占比78.5% | 平均年化+7.64% | 中位数年化+6.57%
       美股99只(盈利76) 年化+6.59%
       港股30只(盈利25) 年化+11.32%
    🌐 多标的回测: 130只 | 盈利占比78.5% | 中位年化+6.57% | 美股+6.59% | 港股+11.32%
    ✅ 得分19.31分 | 年化+1.64% | 回撤27.32% | 夏普-0.14  ⚠️ 🌐130只盈利78%
    ⏱️ 耗时: 发现0.00s + 编码0.14s + 回测25.37s = 总计25.51s

  📋 [65/112] [趋势跟踪] QQQ/VEA/GLD轮动_12M
    📊 多标的回测汇总: 130只标的 | 盈利占比82.3% | 平均年化+7.64% | 中位数年化+4.68%
       美股99只(盈利76) 年化+5.52%
       港股30只(盈利30) 年化+14.83%
    🌐 多标的回测: 130只 | 盈利占比82.3% | 中位年化+4.68% | 美股+5.52% | 港股+14.83%
    ❌ 最大回撤>30% | 年化+1.18% | 回撤37.63%
    ⏱️ 耗时: 发现0.00s + 编码0.14s + 回测25.85s = 总计25.99s

  📋 [66/112] [趋势跟踪] QQQ/VEA/GLD轮动_12M
    📊 多标的回测汇总: 130只标的 | 盈利占比76.9% | 平均年化+7.07% | 中位数年化+4.95%
       美股99只(盈利73) 年化+5.93%
       港股30只(盈利26) 年化+10.95%
    🌐 多标的回测: 130只 | 盈利占比76.9% | 中位年化+4.95% | 美股+5.93% | 港股+10.95%
    ❌ 最大回撤>30% | 年化+3.06% | 回撤31.20%
    ⏱️ 耗时: 发现0.00s + 编码0.14s + 回测25.25s = 总计25.39s

  📋 [67/112] [均值回归] 布林带回归_10日2.0σ_6M
    📊 多标的回测汇总: 130只标的 | 盈利占比71.5% | 平均年化+0.91% | 中位数年化+5.02%
       美股99只(盈利92) 年化+8.45%
       港股30只(盈利0) 年化-24.37%
    🌐 多标的回测: 130只 | 盈利占比71.5% | 中位年化+5.02% | 美股+8.45% | 港股-24.37%
    ❌ 最大回撤>30% | 年化+12.91% | 回撤35.02%
    ⏱️ 耗时: 发现0.00s + 编码0.30s + 回测28.14s = 总计28.44s

  📋 [68/112] [均值回归] 布林带回归_10日2.0σ_9M
    📊 多标的回测汇总: 130只标的 | 盈利占比71.5% | 平均年化+0.91% | 中位数年化+5.02%
       美股99只(盈利92) 年化+8.45%
       港股30只(盈利0) 年化-24.37%
    🌐 多标的回测: 130只 | 盈利占比71.5% | 中位年化+5.02% | 美股+8.45% | 港股-24.37%
    ❌ 最大回撤>30% | 年化+12.90% | 回撤35.02%
    ⏱️ 耗时: 发现0.00s + 编码0.30s + 回测28.75s = 总计29.05s

  📋 [69/112] [均值回归] 布林带回归_10日2.5σ_6M
    📊 多标的回测汇总: 128只标的 | 盈利占比73.4% | 平均年化+4.59% | 中位数年化+4.29%
       美股98只(盈利85) 年化+7.32%
       港股29只(盈利8) 年化-4.77%
    🌐 多标的回测: 128只 | 盈利占比73.4% | 中位年化+4.29% | 美股+7.32% | 港股-4.77%
    ❌ 最大回撤>30% | 年化+8.16% | 回撤35.27%
    ⏱️ 耗时: 发现0.00s + 编码0.30s + 回测27.90s = 总计28.21s

  📋 [70/112] [均值回归] 布林带回归_10日2.5σ_9M
    📊 多标的回测汇总: 128只标的 | 盈利占比73.4% | 平均年化+4.59% | 中位数年化+4.29%
       美股98只(盈利85) 年化+7.32%
       港股29只(盈利8) 年化-4.77%
    🌐 多标的回测: 128只 | 盈利占比73.4% | 中位年化+4.29% | 美股+7.32% | 港股-4.77%
    ❌ 最大回撤>30% | 年化+8.16% | 回撤35.27%
    ⏱️ 耗时: 发现0.00s + 编码0.30s + 回测27.44s = 总计27.75s

  📋 [71/112] [均值回归] 布林带回归_20日2.0σ_6M
    📊 多标的回测汇总: 130只标的 | 盈利占比70.8% | 平均年化+2.54% | 中位数年化+6.83%
       美股99只(盈利91) 年化+8.91%
       港股30只(盈利0) 年化-18.83%
    🌐 多标的回测: 130只 | 盈利占比70.8% | 中位年化+6.83% | 美股+8.91% | 港股-18.83%
    ❌ 最大回撤>30% | 年化+12.76% | 回撤33.62%
    ⏱️ 耗时: 发现0.00s + 编码0.33s + 回测28.15s = 总计28.49s
/usr/local/lib64/python3.11/site-packages/numpy/_core/fromnumeric.py:3824: RuntimeWarning: Mean of empty slice
  return _methods._mean(a, axis=axis, dtype=dtype,
/usr/local/lib64/python3.11/site-packages/numpy/_core/_methods.py:142: RuntimeWarning: invalid value encountered in scalar divide
  ret = ret.dtype.type(ret / rcount)
/usr/local/lib64/python3.11/site-packages/numpy/_core/fromnumeric.py:3824: RuntimeWarning: Mean of empty slice
  return _methods._mean(a, axis=axis, dtype=dtype,
/usr/local/lib64/python3.11/site-packages/numpy/_core/_methods.py:142: RuntimeWarning: invalid value encountered in scalar divide
  ret = ret.dtype.type(ret / rcount)
/usr/local/lib64/python3.11/site-packages/numpy/_core/fromnumeric.py:3824: RuntimeWarning: Mean of empty slice
  return _methods._mean(a, axis=axis, dtype=dtype,
/usr/local/lib64/python3.11/site-packages/numpy/_core/_methods.py:142: RuntimeWarning: invalid value encountered in scalar divide
  ret = ret.dtype.type(ret / rcount)
/usr/local/lib64/python3.11/site-packages/numpy/_core/fromnumeric.py:3824: RuntimeWarning: Mean of empty slice
  return _methods._mean(a, axis=axis, dtype=dtype,
/usr/local/lib64/python3.11/site-packages/numpy/_core/_methods.py:142: RuntimeWarning: invalid value encountered in scalar divide
  ret = ret.dtype.type(ret / rcount)

  📋 [72/112] [均值回归] 布林带回归_20日2.0σ_9M
    📊 多标的回测汇总: 130只标的 | 盈利占比70.8% | 平均年化+2.53% | 中位数年化+6.83%
       美股99只(盈利91) 年化+8.91%
       港股30只(盈利0) 年化-18.83%
    🌐 多标的回测: 130只 | 盈利占比70.8% | 中位年化+6.83% | 美股+8.91% | 港股-18.83%
    ❌ 最大回撤>30% | 年化+12.57% | 回撤33.62%
    ⏱️ 耗时: 发现0.00s + 编码0.30s + 回测28.66s = 总计28.96s

  📋 [73/112] [均值回归] 布林带回归_20日2.5σ_6M
    📊 多标的回测汇总: 130只标的 | 盈利占比72.3% | 平均年化+5.80% | 中位数年化+8.49%
       美股99只(盈利92) 年化+10.35%
       港股30只(盈利1) 年化-9.47%
    🌐 多标的回测: 130只 | 盈利占比72.3% | 中位年化+8.49% | 美股+10.35% | 港股-9.47%
    ❌ 最大回撤>30% | 年化+13.86% | 回撤31.52%
    ⏱️ 耗时: 发现0.00s + 编码0.30s + 回测27.54s = 总计27.84s

  📋 [74/112] [均值回归] 布林带回归_20日2.5σ_9M
    📊 多标的回测汇总: 130只标的 | 盈利占比72.3% | 平均年化+5.80% | 中位数年化+8.49%
       美股99只(盈利92) 年化+10.35%
       港股30只(盈利1) 年化-9.47%
    🌐 多标的回测: 130只 | 盈利占比72.3% | 中位年化+8.49% | 美股+10.35% | 港股-9.47%
    ❌ 最大回撤>30% | 年化+13.42% | 回撤31.52%
    ⏱️ 耗时: 发现0.00s + 编码0.30s + 回测27.92s = 总计28.22s

  📋 [75/112] [高股息轮动] 高股息轮动_6M+0d缓冲
    📊 多标的回测汇总: 130只标的 | 盈利占比77.7% | 平均年化+8.14% | 中位数年化+6.30%
       美股99只(盈利72) 年化+5.77%
       港股30只(盈利28) 年化+16.08%
    🌐 多标的回测: 130只 | 盈利占比77.7% | 中位年化+6.30% | 美股+5.77% | 港股+16.08%
    ❌ 最大回撤>30% | 年化+4.29% | 回撤32.52%
    ⏱️ 耗时: 发现0.00s + 编码0.26s + 回测27.09s = 总计27.35s

  📋 [76/112] [高股息轮动] 高股息轮动_6M+3d缓冲
    📊 多标的回测汇总: 130只标的 | 盈利占比77.7% | 平均年化+7.03% | 中位数年化+5.47%
       美股99只(盈利73) 年化+6.01%
       港股30只(盈利27) 年化+10.44%
    🌐 多标的回测: 130只 | 盈利占比77.7% | 中位年化+5.48% | 美股+6.01% | 港股+10.44%
    ❌ 最大回撤>30% | 年化+4.78% | 回撤31.81%
    ⏱️ 耗时: 发现0.00s + 编码0.26s + 回测26.80s = 总计27.06s

  📋 [77/112] [高股息轮动] 高股息轮动_6M+5d缓冲
    📊 多标的回测汇总: 130只标的 | 盈利占比79.2% | 平均年化+6.75% | 中位数年化+5.69%
       美股99只(盈利76) 年化+6.53%
       港股30只(盈利26) 年化+7.49%
    🌐 多标的回测: 130只 | 盈利占比79.2% | 中位年化+5.68% | 美股+6.53% | 港股+7.49%
    ❌ 最大回撤>30% | 年化+5.71% | 回撤31.81%
    ⏱️ 耗时: 发现0.00s + 编码0.26s + 回测26.28s = 总计26.54s

  📋 [78/112] [高股息轮动] 高股息轮动_9M+0d缓冲
    📊 多标的回测汇总: 130只标的 | 盈利占比77.7% | 平均年化+8.24% | 中位数年化+5.88%
       美股99只(盈利72) 年化+6.11%
       港股30只(盈利28) 年化+15.30%
    🌐 多标的回测: 130只 | 盈利占比77.7% | 中位年化+5.88% | 美股+6.11% | 港股+15.30%
    ❌ 最大回撤>30% | 年化+7.36% | 回撤36.04%
    ⏱️ 耗时: 发现0.00s + 编码0.26s + 回测27.09s = 总计27.36s

  📋 [79/112] [高股息轮动] 高股息轮动_9M+3d缓冲
    📊 多标的回测汇总: 130只标的 | 盈利占比78.5% | 平均年化+7.69% | 中位数年化+6.69%
       美股99只(盈利76) 年化+6.59%
       港股30只(盈利25) 年化+11.32%
    🌐 多标的回测: 130只 | 盈利占比78.5% | 中位年化+6.68% | 美股+6.59% | 港股+11.32%
    ❌ 最大回撤>30% | 年化+7.24% | 回撤31.85%
    ⏱️ 耗时: 发现0.00s + 编码0.26s + 回测26.64s = 总计26.90s

  📋 [80/112] [高股息轮动] 高股息轮动_9M+5d缓冲
    📊 多标的回测汇总: 130只标的 | 盈利占比80.8% | 平均年化+7.99% | 中位数年化+6.72%
       美股99只(盈利81) 年化+7.40%
       港股30只(盈利23) 年化+9.89%
    🌐 多标的回测: 130只 | 盈利占比80.8% | 中位年化+6.72% | 美股+7.40% | 港股+9.89%
    ❌ 最大回撤>30% | 年化+9.12% | 回撤31.85%
    ⏱️ 耗时: 发现0.00s + 编码0.26s + 回测26.09s = 总计26.35s

  📋 [81/112] [高股息轮动] 高股息轮动_12M+0d缓冲
    📊 多标的回测汇总: 130只标的 | 盈利占比82.3% | 平均年化+7.70% | 中位数年化+4.97%
       美股99只(盈利76) 年化+5.52%
       港股30只(盈利30) 年化+14.83%
    🌐 多标的回测: 130只 | 盈利占比82.3% | 中位年化+4.97% | 美股+5.52% | 港股+14.83%
    ❌ 最大回撤>30% | 年化+8.89% | 回撤32.90%
    ⏱️ 耗时: 发现0.00s + 编码0.26s + 回测27.16s = 总计27.42s

  📋 [82/112] [高股息轮动] 高股息轮动_12M+3d缓冲
    📊 多标的回测汇总: 130只标的 | 盈利占比76.9% | 平均年化+7.11% | 中位数年化+5.09%
       美股99只(盈利73) 年化+5.93%
       港股30只(盈利26) 年化+10.95%
    🌐 多标的回测: 130只 | 盈利占比76.9% | 中位年化+5.10% | 美股+5.93% | 港股+10.95%
    ❌ 最大回撤>30% | 年化+8.64% | 回撤32.90%
    ⏱️ 耗时: 发现0.00s + 编码0.26s + 回测26.10s = 总计26.36s

  📋 [83/112] [高股息轮动] 高股息轮动_12M+5d缓冲
    📊 多标的回测汇总: 130只标的 | 盈利占比81.5% | 平均年化+7.03% | 中位数年化+4.62%
       美股99只(盈利78) 年化+6.28%
       港股30只(盈利27) 年化+9.45%
    🌐 多标的回测: 130只 | 盈利占比81.5% | 中位年化+4.62% | 美股+6.28% | 港股+9.45%
    ❌ 最大回撤>30% | 年化+9.37% | 回撤32.90%
    ⏱️ 耗时: 发现0.00s + 编码0.26s + 回测25.99s = 总计26.25s

  📋 [84/112] [事件驱动] 宏观轮动_3M+0d缓冲
    📊 多标的回测汇总: 1只标的 | 盈利占比0.0% | 平均年化-2.58% | 中位数年化-2.58%
    🌐 多标的回测: 1只 | 盈利占比0.0% | 中位年化-2.58% | 美股+0.00% | 港股+0.00%
    ❌ 最大回撤>30% | 年化-2.58% | 回撤39.48%
    ⏱️ 耗时: 发现0.00s + 编码0.40s + 回测1.11s = 总计1.51s

  📋 [85/112] [事件驱动] 宏观轮动_3M+3d缓冲
    📊 多标的回测汇总: 1只标的 | 盈利占比0.0% | 平均年化-2.22% | 中位数年化-2.22%
    🌐 多标的回测: 1只 | 盈利占比0.0% | 中位年化-2.22% | 美股+0.00% | 港股+0.00%
    ❌ 最大回撤>30% | 年化-2.22% | 回撤40.26%
    ⏱️ 耗时: 发现0.00s + 编码0.40s + 回测1.09s = 总计1.49s

  📋 [86/112] [事件驱动] 宏观轮动_3M+5d缓冲
    📊 多标的回测汇总: 1只标的 | 盈利占比100.0% | 平均年化+0.54% | 中位数年化+0.54%
    🌐 多标的回测: 1只 | 盈利占比100.0% | 中位年化+0.54% | 美股+0.00% | 港股+0.00%
    ❌ 最大回撤>30% | 年化+0.54% | 回撤35.42%
    ⏱️ 耗时: 发现0.00s + 编码0.40s + 回测0.99s = 总计1.40s

  📋 [87/112] [事件驱动] 宏观轮动_6M+0d缓冲
    📊 多标的回测汇总: 1只标的 | 盈利占比100.0% | 平均年化+4.00% | 中位数年化+4.00%
    🌐 多标的回测: 1只 | 盈利占比100.0% | 中位年化+4.00% | 美股+0.00% | 港股+0.00%
    ❌ 最大回撤>30% | 年化+4.00% | 回撤35.53%
    ⏱️ 耗时: 发现0.00s + 编码0.40s + 回测1.12s = 总计1.52s

  📋 [88/112] [趋势跟踪] MACD8/21轮动+0d缓冲
    📊 多标的回测汇总: 130只标的 | 盈利占比80.0% | 平均年化+19.57% | 中位数年化+8.12%
       美股99只(盈利73) 年化+5.67%
       港股30只(盈利30) 年化+65.83%
    🌐 多标的回测: 130只 | 盈利占比80.0% | 中位年化+8.12% | 美股+5.67% | 港股+65.83%
    ✅ 得分40.85分 | 年化+7.53% | 回撤15.27% | 夏普0.29  ⚠️ 🌐130只盈利80%
    ⏱️ 耗时: 发现0.00s + 编码0.95s + 回测21.61s = 总计22.56s

  📋 [89/112] [趋势跟踪] MACD8/26轮动+0d缓冲
    📊 多标的回测汇总: 130只标的 | 盈利占比80.8% | 平均年化+19.08% | 中位数年化+7.12%
       美股99只(盈利74) 年化+5.66%
       港股30只(盈利30) 年化+63.78%
    🌐 多标的回测: 130只 | 盈利占比80.8% | 中位年化+7.12% | 美股+5.66% | 港股+63.78%
    ✅ 得分31.63分 | 年化+6.60% | 回撤20.36% | 夏普0.22  ⚠️ 🌐130只盈利81%
    ⏱️ 耗时: 发现0.00s + 编码0.95s + 回测21.60s = 总计22.55s

  📋 [90/112] [均值回归] RSI14_25/70轮动
    📊 多标的回测汇总: 130只标的 | 盈利占比70.8% | 平均年化+2.96% | 中位数年化+5.21%
       美股99只(盈利90) 年化+6.86%
       港股30只(盈利1) 年化-10.11%
    🌐 多标的回测: 130只 | 盈利占比70.8% | 中位年化+5.20% | 美股+6.86% | 港股-10.11%
    ✅ 得分39.93分 | 年化+9.35% | 回撤29.44% | 夏普0.37 ✅ ⚠️ 🌐130只盈利71%
    ⏱️ 耗时: 发现0.00s + 编码0.25s + 回测13.28s = 总计13.52s

  📋 [91/112] [均值回归] RSI14_25/75轮动
    📊 多标的回测汇总: 130只标的 | 盈利占比72.3% | 平均年化+4.89% | 中位数年化+6.72%
       美股99只(盈利89) 年化+8.75%
       港股30只(盈利4) 年化-8.00%
    🌐 多标的回测: 130只 | 盈利占比72.3% | 中位年化+6.72% | 美股+8.75% | 港股-8.00%
    ✅ 得分41.38分 | 年化+10.13% | 回撤29.44% | 夏普0.41 ✅ ⚠️ 🌐130只盈利72%
    ⏱️ 耗时: 发现0.00s + 编码0.25s + 回测13.02s = 总计13.26s

  📋 [92/112] [均值回归] RSI14_30/70轮动
    📊 多标的回测汇总: 130只标的 | 盈利占比73.1% | 平均年化+3.25% | 中位数年化+5.15%
       美股99只(盈利93) 年化+8.14%
       港股30只(盈利1) 年化-12.95%
    🌐 多标的回测: 130只 | 盈利占比73.1% | 中位年化+5.15% | 美股+8.14% | 港股-12.95%
    ❌ 最大回撤>30% | 年化+5.54% | 回撤34.74%
    ⏱️ 耗时: 发现0.00s + 编码0.25s + 回测13.46s = 总计13.70s

  📋 [93/112] [均值回归] RSI14_30/75轮动
    📊 多标的回测汇总: 130只标的 | 盈利占比73.1% | 平均年化+5.25% | 中位数年化+7.15%
       美股99只(盈利91) 年化+9.84%
       港股30只(盈利3) 年化-10.02%
    🌐 多标的回测: 130只 | 盈利占比73.1% | 中位年化+7.15% | 美股+9.84% | 港股-10.02%
    ❌ 最大回撤>30% | 年化+9.30% | 回撤34.74%
    ⏱️ 耗时: 发现0.00s + 编码0.25s + 回测13.34s = 总计13.59s

  📋 [94/112] [均值回归] RSI(2)严格均值回归_5/80+0d缓冲
    📊 多标的回测汇总: 130只标的 | 盈利占比63.1% | 平均年化-2.50% | 中位数年化+3.04%
       美股99只(盈利81) 年化+7.28%
       港股30只(盈利0) 年化-35.12%
    🌐 多标的回测: 130只 | 盈利占比63.1% | 中位年化+3.04% | 美股+7.28% | 港股-35.12%
    ❌ 最大回撤>30% | 年化+6.92% | 回撤30.89%
    ⏱️ 耗时: 发现0.00s + 编码0.25s + 回测15.26s = 总计15.51s

  📋 [95/112] [均值回归] RSI(2)严格均值回归_5/80+3d缓冲
    📊 多标的回测汇总: 130只标的 | 盈利占比63.1% | 平均年化-1.31% | 中位数年化+2.55%
       美股99只(盈利81) 年化+7.26%
       港股30只(盈利0) 年化-29.83%
    🌐 多标的回测: 130只 | 盈利占比63.1% | 中位年化+2.55% | 美股+7.26% | 港股-29.83%
    ❌ 最大回撤>30% | 年化+5.67% | 回撤34.52%
    ⏱️ 耗时: 发现0.00s + 编码0.25s + 回测14.41s = 总计14.66s

  📋 [96/112] [均值回归] RSI(2)严格均值回归_5/90+0d缓冲
    📊 多标的回测汇总: 130只标的 | 盈利占比71.5% | 平均年化+4.67% | 中位数年化+7.07%
       美股99只(盈利91) 年化+11.41%
       港股30只(盈利1) 年化-17.65%
    🌐 多标的回测: 130只 | 盈利占比71.5% | 中位年化+7.07% | 美股+11.41% | 港股-17.65%
    ❌ 最大回撤>30% | 年化+7.56% | 回撤30.89%
    ⏱️ 耗时: 发现0.00s + 编码0.25s + 回测14.50s = 总计14.75s

  📋 [97/112] [均值回归] RSI(2)严格均值回归_5/90+3d缓冲
    📊 多标的回测汇总: 130只标的 | 盈利占比71.5% | 平均年化+4.90% | 中位数年化+6.38%
       美股99只(盈利90) 年化+11.11%
       港股30只(盈利2) 年化-15.65%
    🌐 多标的回测: 130只 | 盈利占比71.5% | 中位年化+6.38% | 美股+11.11% | 港股-15.65%
    ❌ 最大回撤>30% | 年化+7.00% | 回撤31.39%
    ⏱️ 耗时: 发现0.00s + 编码0.25s + 回测14.10s = 总计14.35s

  📋 [98/112] [均值回归] RSI(2)严格均值回归_10/80+0d缓冲
    📊 多标的回测汇总: 130只标的 | 盈利占比64.6% | 平均年化-2.41% | 中位数年化+3.31%
       美股99只(盈利83) 年化+7.51%
       港股30只(盈利0) 年化-35.41%
    🌐 多标的回测: 130只 | 盈利占比64.6% | 中位年化+3.31% | 美股+7.51% | 港股-35.41%
    ❌ 最大回撤>30% | 年化+5.62% | 回撤31.46%
    ⏱️ 耗时: 发现0.00s + 编码0.25s + 回测15.27s = 总计15.51s

  📋 [99/112] [均值回归] RSI(2)严格均值回归_10/80+3d缓冲
    📊 多标的回测汇总: 130只标的 | 盈利占比65.4% | 平均年化-1.29% | 中位数年化+3.25%
       美股99只(盈利84) 年化+7.43%
       港股30只(盈利0) 年化-30.23%
    🌐 多标的回测: 130只 | 盈利占比65.4% | 中位年化+3.25% | 美股+7.43% | 港股-30.23%
    ❌ 最大回撤>30% | 年化+4.49% | 回撤33.51%
    ⏱️ 耗时: 发现0.00s + 编码0.25s + 回测14.43s = 总计14.68s

  📋 [100/112] [均值回归] RSI(2)严格均值回归_10/90+0d缓冲
    📊 多标的回测汇总: 130只标的 | 盈利占比70.8% | 平均年化+4.72% | 中位数年化+6.88%
       美股99只(盈利90) 年化+11.52%
       港股30只(盈利1) 年化-17.77%
    🌐 多标的回测: 130只 | 盈利占比70.8% | 中位年化+6.88% | 美股+11.52% | 港股-17.77%
    ❌ 最大回撤>30% | 年化+6.28% | 回撤31.48%
    ⏱️ 耗时: 发现0.00s + 编码0.25s + 回测14.74s = 总计14.99s

  📋 [101/112] [均值回归] RSI(2)严格均值回归_10/90+3d缓冲
    📊 多标的回测汇总: 130只标的 | 盈利占比72.3% | 平均年化+4.99% | 中位数年化+6.39%
       美股99只(盈利91) 年化+11.28%
       港股30只(盈利2) 年化-15.79%
    🌐 多标的回测: 130只 | 盈利占比72.3% | 中位年化+6.40% | 美股+11.28% | 港股-15.79%
    ❌ 最大回撤>30% | 年化+6.04% | 回撤31.49%
    ⏱️ 耗时: 发现0.00s + 编码0.25s + 回测14.35s = 总计14.60s

  📋 [102/112] [趋势跟踪] 双市场自适应_3M+0d缓冲
    📊 多标的回测汇总: 130只标的 | 盈利占比70.0% | 平均年化+8.77% | 中位数年化+4.25%
       美股99只(盈利60) 年化+2.81%
       港股30只(盈利30) 年化+28.54%
    🌐 多标的回测: 130只 | 盈利占比70.0% | 中位年化+4.25% | 美股+2.81% | 港股+28.54%
    ✅ 得分28.3分 | 年化+5.07% | 回撤21.21% | 夏普0.10  ⚠️ 🌐130只盈利70%
    ⏱️ 耗时: 发现0.00s + 编码0.14s + 回测27.28s = 总计27.42s

  📋 [103/112] [趋势跟踪] 双市场自适应_3M+3d缓冲
    📊 多标的回测汇总: 130只标的 | 盈利占比68.5% | 平均年化+6.43% | 中位数年化+3.22%
       美股99只(盈利60) 年化+2.50%
       港股30只(盈利28) 年化+19.54%
    🌐 多标的回测: 130只 | 盈利占比68.5% | 中位年化+3.22% | 美股+2.50% | 港股+19.54%
    ✅ 得分19.55分 | 年化+1.88% | 回撤29.08% | 夏普-0.13  ⚠️ 🌐130只盈利68%
    ⏱️ 耗时: 发现0.00s + 编码0.14s + 回测26.16s = 总计26.31s

  📋 [104/112] [趋势跟踪] 双市场自适应_3M+5d缓冲
    📊 多标的回测汇总: 130只标的 | 盈利占比69.2% | 平均年化+5.70% | 中位数年化+4.12%
       美股99只(盈利61) 年化+3.02%
       港股30只(盈利28) 年化+14.55%
    🌐 多标的回测: 130只 | 盈利占比69.2% | 中位年化+4.12% | 美股+3.02% | 港股+14.55%
    ✅ 得分33.44分 | 年化+5.12% | 回撤24.51% | 夏普0.10 ✅ ⚠️ 🌐130只盈利69%
    ⏱️ 耗时: 发现0.00s + 编码0.14s + 回测24.72s = 总计24.86s

  📋 [105/112] [趋势跟踪] 双市场自适应_6M+0d缓冲
    📊 多标的回测汇总: 130只标的 | 盈利占比77.7% | 平均年化+8.16% | 中位数年化+6.39%
       美股99只(盈利72) 年化+5.77%
/usr/local/lib64/python3.11/site-packages/numpy/_core/fromnumeric.py:3824: RuntimeWarning: Mean of empty slice
  return _methods._mean(a, axis=axis, dtype=dtype,
/usr/local/lib64/python3.11/site-packages/numpy/_core/_methods.py:142: RuntimeWarning: invalid value encountered in scalar divide
  ret = ret.dtype.type(ret / rcount)
/usr/local/lib64/python3.11/site-packages/numpy/_core/fromnumeric.py:3824: RuntimeWarning: Mean of empty slice
  return _methods._mean(a, axis=axis, dtype=dtype,
/usr/local/lib64/python3.11/site-packages/numpy/_core/_methods.py:142: RuntimeWarning: invalid value encountered in scalar divide
  ret = ret.dtype.type(ret / rcount)
/usr/local/lib64/python3.11/site-packages/numpy/_core/fromnumeric.py:3824: RuntimeWarning: Mean of empty slice
  return _methods._mean(a, axis=axis, dtype=dtype,
/usr/local/lib64/python3.11/site-packages/numpy/_core/_methods.py:142: RuntimeWarning: invalid value encountered in scalar divide
  ret = ret.dtype.type(ret / rcount)
/usr/local/lib64/python3.11/site-packages/numpy/_core/fromnumeric.py:3824: RuntimeWarning: Mean of empty slice
  return _methods._mean(a, axis=axis, dtype=dtype,
/usr/local/lib64/python3.11/site-packages/numpy/_core/_methods.py:142: RuntimeWarning: invalid value encountered in scalar divide
  ret = ret.dtype.type(ret / rcount)
       港股30只(盈利28) 年化+16.08%
    🌐 多标的回测: 130只 | 盈利占比77.7% | 中位年化+6.40% | 美股+5.77% | 港股+16.08%
    ✅ 得分35.65分 | 年化+7.31% | 回撤26.56% | 夏普0.26 ✅ ⚠️ 🌐130只盈利78%
    ⏱️ 耗时: 发现0.00s + 编码0.14s + 回测27.28s = 总计27.42s

  📋 [106/112] [趋势跟踪] 双市场自适应_9M+0d缓冲
    📊 多标的回测汇总: 130只标的 | 盈利占比77.7% | 平均年化+8.26% | 中位数年化+5.88%
       美股99只(盈利72) 年化+6.11%
       港股30只(盈利28) 年化+15.30%
    🌐 多标的回测: 130只 | 盈利占比77.7% | 中位年化+5.88% | 美股+6.11% | 港股+15.30%
    ✅ 得分40.18分 | 年化+9.40% | 回撤29.26% | 夏普0.39 ✅ ⚠️ 🌐130只盈利78%
    ⏱️ 耗时: 发现0.00s + 编码0.14s + 回测26.03s = 总计26.18s

  📋 [107/112] [其他] 全天候_3M+3d缓冲
    📊 多标的回测汇总: 1只标的 | 盈利占比0.0% | 平均年化-1.47% | 中位数年化-1.47%
    🌐 多标的回测: 1只 | 盈利占比0.0% | 中位年化-1.47% | 美股+0.00% | 港股+0.00%
    ❌ 最大回撤>30% | 年化-1.47% | 回撤37.57%
    ⏱️ 耗时: 发现0.00s + 编码0.48s + 回测0.96s = 总计1.44s

  📋 [108/112] [其他] 全天候_3M+5d缓冲
    📊 多标的回测汇总: 1只标的 | 盈利占比100.0% | 平均年化+1.85% | 中位数年化+1.85%
    🌐 多标的回测: 1只 | 盈利占比100.0% | 中位年化+1.85% | 美股+0.00% | 港股+0.00%
    ❌ 最大回撤>30% | 年化+1.85% | 回撤34.21%
    ⏱️ 耗时: 发现0.00s + 编码0.48s + 回测0.95s = 总计1.43s

  📋 [109/112] [其他] 全天候_3M+7d缓冲
    📊 多标的回测汇总: 1只标的 | 盈利占比0.0% | 平均年化-0.41% | 中位数年化-0.41%
    🌐 多标的回测: 1只 | 盈利占比0.0% | 中位年化-0.41% | 美股+0.00% | 港股+0.00%
    ❌ 最大回撤>30% | 年化-0.41% | 回撤37.23%
    ⏱️ 耗时: 发现0.00s + 编码0.48s + 回测0.91s = 总计1.39s

  📋 [110/112] [趋势跟踪] 聚宽-多因子选股策略_SMA20/50交叉
    📊 多标的回测汇总: 1只标的 | 盈利占比100.0% | 平均年化+7.23% | 中位数年化+7.23%
    🌐 多标的回测: 1只 | 盈利占比100.0% | 中位年化+7.23% | 美股+0.00% | 港股+0.00%
    ❌ 最大回撤>30% | 年化+7.23% | 回撤30.55%
    ⏱️ 耗时: 发现8.33s + 编码0.86s + 回测0.32s = 总计9.51s

  📋 [111/112] [其他] 聚宽布林带15日2σ
    📊 多标的回测汇总: 130只标的 | 盈利占比72.3% | 平均年化+2.04% | 中位数年化+6.28%
       美股99只(盈利93) 年化+9.50%
       港股30只(盈利0) 年化-22.78%
    🌐 多标的回测: 130只 | 盈利占比72.3% | 中位年化+6.28% | 美股+9.50% | 港股-22.78%
    ❌ 最大回撤>30% | 年化+8.66% | 回撤32.68%
    ⏱️ 耗时: 发现8.33s + 编码0.40s + 回测28.53s = 总计37.26s

  📋 [112/112] [其他] 聚宽布林带10日1.5σ
    📊 多标的回测汇总: 130只标的 | 盈利占比63.1% | 平均年化-4.34% | 中位数年化+3.45%
       美股99只(盈利81) 年化+5.88%
       港股30只(盈利0) 年化-38.37%
    🌐 多标的回测: 130只 | 盈利占比63.1% | 中位年化+3.45% | 美股+5.88% | 港股-38.37%
    ❌ 最大回撤>30% | 年化+4.42% | 回撤35.02%
    ⏱️ 耗时: 发现8.33s + 编码0.40s + 回测29.38s = 总计38.10s

======================================================================
  🖥️ 步骤5b: 本地回测策略扫描（世界最好的策略，无论来源）
======================================================================

  🖥️ 运行: RSI(2)严格均值回归 (rsi2_strict_backtest.py)
    🔄 跳过非全周期结果: RSI(2)严格均值回归 (牛市1(2019-21), 0.0年)
    🔄 跳过非全周期结果: RSI(2)严格均值回归 (熊市(2022), 0.0年)
    🔄 跳过非全周期结果: RSI(2)严格均值回归 (震荡(2023), 0.0年)
    🔄 跳过非全周期结果: RSI(2)严格均值回归 (牛市2(2024), 0.0年)
    ✅ RSI(2)严格均值回归(QQQ): 58.51分 | 年化+14.11% | 回撤15.15% | 夏普0.56 

  🖥️ 运行: 双市场自适应策略 (dual_market_strategy_backtest.py)
    ✅ 双市场自适应策略（趋势+震荡）v4.5(us): 68.91分 | 年化+22.09% | 回撤19.38% | 夏普0.99 

  🖥️ 运行: Blakever V6.5 利率维度修正 (blakever_v65_backtest.py)
    ⚠️ 无JSON输出，尝试subprocess直接回测...
    ✅ Blakever V6.5 利率维度修正(SPY/SHY)(US): 36.86分 | 年化+8.74% | 回撤24.74% | 夏普0.36 

  🖥️ 本地回测汇总: 3个通过 / 0个废弃

======================================================================
  📊 步骤6: 样本外滚动验证
======================================================================

  📊 样本外滚动验证 (排行榜10个策略)...
    ✅ 双市场自适应策略（趋势+震荡）v4.5(us): 有效（本周超额-0.54%）
    ✅ RSI(2)严格均值回归(QQQ): 有效（本周超额-0.54%）
    🔄 Gunbot_Quant_波动率调节60日: 观察中（仅2周数据）
    🔄 Gunbot_Quant_波动率调节20日: 观察中（仅2周数据）
    ✅ GEM4资产_9M+5d缓冲: 有效（本周超额+0.00%）
    ✅ 双市场自适应_9M+5d缓冲: 有效（本周超额+0.00%）
    🔄 聚宽-Kdj&Macd组合_MACD12/26趋势: 观察中（仅2周数据）
    ✅ 双重动量_9M_阈值0%+3d缓冲: 有效（本周超额+0.00%）
    ✅ GEM4资产_9M+3d缓冲: 有效（本周超额+0.00%）
    ✅ 双市场自适应_9M+3d缓冲: 有效（本周超额+0.00%）

======================================================================
  📊 扫描汇总（v4: 多标的回测）
======================================================================
  策略变体: 112个
  GitHub搜索: 20个
  Pine Script否决: 0个
  本地回测: 3个脚本
  通过回测: 40个
  废弃策略: 75个
  排行榜前十: 10个策略
  废弃库累计: 50个策略
  🌐 多标的覆盖: 135只 (ETF 6 + 美股 99 + 港股 30)
  ⏱️ 耗时: 2900秒
  📏 无风险利率: 0.0450
  📧 邮件已发送至: 848786642@qq.com

✅ 扫描完成，耗时2900秒
📊 搜索方式: github
📊 Pine否决: 0个
📊 无风险利率: 0.0450
