======================================================================
  🔄 穿越牛熊策略回测扫描 v3（全面升级版）
======================================================================
  ⏰ 开始时间: 2026-04-25 13:04:08
  📊 回测区间: 2019-01-01 ~ 2024-12-31 (主) / 2015-01-01 ~ 2018-12-31 (压力)
  📏 回撤淘汰线: ≥30%
  🏆 入榜规则: 按最高分从高到低排，保留前十
  📊 无风险利率(默认): 0.0450

======================================================================
  🔍 步骤1: 混合搜索策略（7大来源）
======================================================================

  🌐 方案A: 多源策略搜索（穿越牛熊策略）...
  🌐 方案A: 多源策略搜索...

  📦 来源0: 聚宽（JoinQuant）策略 ⭐最高优先级
    🌐 搜索聚宽（JoinQuant）策略...
      📋 第1层: joinquant-skill内置模板
      ✅ 模板: ETF轮动策略 (1624B)
      ✅ 模板: 多因子选股策略 (2069B)
      ✅ 模板: 截面动量选股策略 (1733B)
      ✅ 模板: 均值回归布林带RSI策略 (2201B)
      ✅ 模板: RSRS阻力支撑相对强度策略 (1764B)
      📊 内置模板: 5 个
      📋 第2层: GitHub聚宽策略仓库
      ✅ JizhiXiang/Quant-Strategy: 2 个策略
      ✅ yeates/StockTimingStrategy: 3 个策略
      ✅ gaaiyun/joinquant-skill: 3 个策略
    📊 聚宽总计: 13 个策略
    📊 聚宽: 8 个策略

  📦 来源1: GitHub仓库搜索
      ✅ GitHub: 627378329/dual-etf-momentum-rotation/strategy/compare_dual_vs_multi_ak.py (11608B ★1)
      ✅ GitHub: 627378329/dual-etf-momentum-rotation/strategy/dual_rotation_10y_gold_ak.py (7135B ★1)
    📊 GitHub: 2 个策略

  📦 来源3: awesome-quant资源列表
    🌐 搜索 awesome-quant 资源列表...
      ✅ awesome-quant: rmbell09-lang/tradesight/src/config.py (7213B)
      ✅ awesome-quant: zvtvz/zvt/examples/trader/ma_trader.py (2259B)
      ✅ awesome-quant: zvtvz/zvt/src/zvt/recorders/consts.py (10537B)
      ✅ awesome-quant: GuntharDeNiro/gunbot-quant/gunbot_quant/core/backtest_engine.py (11700B)
      ✅ awesome-quant: GuntharDeNiro/gunbot-quant/gunbot_quant/core/screener.py (14174B)
    📊 awesome-quant: 5 个策略

  📦 来源4: DuckDuckGo搜索
    🌐 DuckDuckGo搜索 → GitHub链接...
    📊 DuckDuckGo: 0 个策略

  📦 来源6: TradingView(间接)
    🌐 搜索 TradingView (间接渠道)...
      ✅ TV间接: Drakkar-Software/OctoBot-Script/example.py (2329B ★40)
      ✅ TV间接: loponly/pinescript-to-python/debug_signals.py (3272B ★7)
      ✅ TV间接: loponly/pinescript-to-python/indicators/calculator.py (2927B ★7)
      ✅ TV间接: eddiebelaval/openclaw-tradingview/backtests/editors_picks/arbitrage-matrix-luxalgo.py (4048B ★7)
      ✅ TV间接: eddiebelaval/openclaw-tradingview/backtests/editors_picks/asset-drift-model.py (10130B ★7)
      ✅ TV间接: agrawalanuj25/Finsearch_Momentum_Based_Strategy/finsearch.py (2824B ★1)
      ✅ TV间接: OMCHOKSI108/Quantitative-Trading-Indicators/indicator_plots.ipynb (12350B ★1)
    📊 TradingView: 7 个策略

  📊 多源搜索汇总:
    有效策略: 22 个来自 5 个来源
    需人工审核: 0 个
    ✅ 多源搜索返回 22 个策略 (来源: {'joinquant': 8, 'github': 2, 'awesome_quant': 5, 'google': 0, 'tradingview': 7})
  ✅ 方案A结果充足(22个)，无需方案B
    ✅ 多源搜索返回 22 个策略 (方法: multi_source)
    ⏭️ 无目标关键词跳过: zvt
    ⏭️ 无目标关键词跳过: zvt

======================================================================
  🧬 步骤2: 生成内置策略变体（7种策略类型）
======================================================================
  🧬 生成策略变体: 162个
    事件驱动: 9个
    其他: 9个
    均值回归: 24个
    趋势跟踪: 111个
    高股息轮动: 9个
  [跳过] 无法适配的外部策略: 聚宽-Joinquant 上证50利用动态Pe增强模型
  🔄 去重: 69 -> 17 (移除52个重复模式)
  🔄 外部策略转换: 17个策略已适配为ETF轮动格式 (耗时0.01s)

======================================================================
  📦 步骤3: 加载数据（v4: ETF + 港美股全量，99美股 + 30港股）
======================================================================
📦 加载ETF数据（westock-data实时获取，limit=5000）...
  ✅ SPY: 5000 个交易日 (westock-data)
  ✅ VEA: 4716 个交易日 (westock-data)
  ✅ AGG: 5000 个交易日 (westock-data)
  ✅ SHY: 5000 个交易日 (westock-data)
  ✅ GLD: 5000 个交易日 (westock-data)
  ✅ TLT: 5000 个交易日 (westock-data)
📊 合并后数据: 5000 个交易日 (2006-06-08 00:00:00 ~ 2026-04-24 00:00:00)
⚠️ 幸存者偏差标记: True (ETF固定池，非动态历史成分股)

📦 [1/5] 加载美股ETF数据（6只基准ETF）...
  ✅ 美股ETF: 6只

📦 [2/5] 加载美股大盘数据（99只精选）...
  🔄 自动补充13只替代标的（缺失13只: ['MSFT', 'GOOGL', 'NVDA', 'META', 'BRK-B']...）
  📦 本地US股数据: 加载99只 (跳过13只, 门槛≥500天)
  ✅ 美股: 99只

📦 [3/5] 加载港股蓝筹数据（30只精选）...
  🔄 自动补充1只替代标的（缺失1只: ['hk00823']）
  📦 本地HK股数据: 加载30只 (跳过1只, 门槛≥500天)
  ✅ 港股: 30只

📦 [4/5] 加载A股ETF数据（6只基准ETF）...
  ⚠️ A股ETF缺失: ['TLT']
  📦 A股ETF数据: 加载5只
  ✅ A股ETF: 5只

📦 [5/5] 加载A股蓝筹数据（20只精选）...
  🔄 自动补充20只替代标的（缺失20只: ['600519_XSHG', '601318_XSHG', '600036_XSHG', '000858_XSHE', '000333_XSHE']...）
  📦 本地CN股数据: 加载20只 (跳过20只, 门槛≥500天)
  ✅ A股蓝筹: 20只

📊 全市场数据加载完成: 160只标的 (美股ETF 6只 + 美股 99只 + 港股 30只 + A股ETF 5只 + A股蓝筹 20只)

======================================================================
  🔍 步骤4: 策略去重（SHA256指纹+90%参数相似度家族检测）
======================================================================
  🔍 去重后: 159个 (跳过20个重复, 20个同家族)

======================================================================
  📋 步骤5: 执行回测 (159个策略 × 3个市场)
======================================================================

  📋 [1/159] [趋势跟踪] GEM5资产_3M

    🌐 [US市场回测]

    🌐 [HK市场回测]

    🌐 [CN市场回测]
      ✅ [美股] 得分24.96分 | 年化+4.89% | 回撤28.31% | 夏普0.09  ⚠️
      ❌ [港股] 最大回撤>30% | 年化+3.16% | 回撤30.54%
      ✅ [A股] 得分25.91分 | 年化+4.21% | 回撤26.46% | 夏普0.21  ⚠️
    📊 多标的回测汇总: 130只标的 | 盈利占比70.0% | 平均年化+8.77% | 中位数年化+4.25%
       美股99只(盈利60) 年化+2.81%
       港股30只(盈利30) 年化+28.54%
    🌐 多标的回测: 130只 | 盈利占比70.0% | 中位年化+4.25% | 美股+2.81% | 港股+28.54%

  📋 [2/159] [趋势跟踪] GEM5资产_3M+3d缓冲

    🌐 [US市场回测]

    🌐 [HK市场回测]

    🌐 [CN市场回测]
      ❌ [美股] 最大回撤>30% | 年化+1.84% | 回撤30.24%
      ❌ [港股] 最大回撤>30% | 年化+0.54% | 回撤32.22%
      ✅ [A股] 得分34.39分 | 年化+6.85% | 回撤22.64% | 夏普0.36  ⚠️
    📊 多标的回测汇总: 130只标的 | 盈利占比68.5% | 平均年化+6.43% | 中位数年化+3.22%
       美股99只(盈利60) 年化+2.50%
       港股30只(盈利28) 年化+19.54%
    🌐 多标的回测: 130只 | 盈利占比68.5% | 中位年化+3.22% | 美股+2.50% | 港股+19.54%

  📋 [3/159] [趋势跟踪] GEM5资产_3M+5d缓冲

    🌐 [US市场回测]

    🌐 [HK市场回测]

    🌐 [CN市场回测]
      ❌ [美股] 最大回撤>30% | 年化+3.48% | 回撤30.46%
      ❌ [港股] 最大回撤>30% | 年化+2.38% | 回撤32.03%
      ✅ [A股] 得分41.97分 | 年化+10.52% | 回撤20.52% | 夏普0.57  ⚠️
    📊 多标的回测汇总: 130只标的 | 盈利占比69.2% | 平均年化+5.68% | 中位数年化+3.88%
       美股99只(盈利61) 年化+3.02%
       港股30只(盈利28) 年化+14.55%
    🌐 多标的回测: 130只 | 盈利占比69.2% | 中位年化+3.88% | 美股+3.02% | 港股+14.55%

  📋 [4/159] [趋势跟踪] GEM5资产_6M

    🌐 [US市场回测]

    🌐 [HK市场回测]

    🌐 [CN市场回测]
      ❌ [美股] 最大回撤>30% | 年化+4.85% | 回撤33.98%
      ❌ [港股] 最大回撤>30% | 年化+3.51% | 回撤35.41%
      ❌ [A股] 最大回撤>30% | 年化+0.77% | 回撤31.94%
    📊 多标的回测汇总: 130只标的 | 盈利占比77.7% | 平均年化+8.14% | 中位数年化+6.30%
       美股99只(盈利72) 年化+5.77%
       港股30只(盈利28) 年化+16.08%
    🌐 多标的回测: 130只 | 盈利占比77.7% | 中位年化+6.30% | 美股+5.77% | 港股+16.08%

  📋 [5/159] [趋势跟踪] GEM5资产_6M+3d缓冲

    🌐 [US市场回测]

    🌐 [HK市场回测]

    🌐 [CN市场回测]
      ❌ [美股] 最大回撤>30% | 年化+2.97% | 回撤37.74%
      ❌ [港股] 最大回撤>30% | 年化+1.95% | 回撤38.69%
      ✅ [A股] 得分26.76分 | 年化+4.53% | 回撤27.21% | 夏普0.24  ⚠️
    📊 多标的回测汇总: 130只标的 | 盈利占比77.7% | 平均年化+7.01% | 中位数年化+5.47%
       美股99只(盈利73) 年化+6.01%
       港股30只(盈利27) 年化+10.44%
    🌐 多标的回测: 130只 | 盈利占比77.7% | 中位年化+5.48% | 美股+6.01% | 港股+10.44%

  📋 [6/159] [趋势跟踪] GEM5资产_6M+5d缓冲

    🌐 [US市场回测]

    🌐 [HK市场回测]

    🌐 [CN市场回测]
      ✅ [美股] 得分30.86分 | 年化+7.43% | 回撤26.56% | 夏普0.26  ⚠️
      ✅ [港股] 得分28.94分 | 年化+6.57% | 回撤27.52% | 夏普0.20  ⚠️
      ✅ [A股] 得分24.38分 | 年化+3.38% | 回撤28.96% | 夏普0.17  ⚠️
    📊 多标的回测汇总: 130只标的 | 盈利占比79.2% | 平均年化+6.76% | 中位数年化+5.84%
       美股99只(盈利76) 年化+6.53%
       港股30只(盈利26) 年化+7.49%
    🌐 多标的回测: 130只 | 盈利占比79.2% | 中位年化+5.84% | 美股+6.53% | 港股+7.49%

  📋 [7/159] [趋势跟踪] GEM5资产_9M

    🌐 [US市场回测]

    🌐 [HK市场回测]

    🌐 [CN市场回测]
      ❌ [美股] 最大回撤>30% | 年化+8.45% | 回撤32.70%
      ❌ [港股] 最大回撤>30% | 年化+7.11% | 回撤34.28%
      ✅ [A股] 得分50.32分 | 年化+10.32% | 回撤17.34% | 夏普0.68  ⚠️
    📊 多标的回测汇总: 130只标的 | 盈利占比77.7% | 平均年化+8.25% | 中位数年化+5.88%
       美股99只(盈利72) 年化+6.11%
       港股30只(盈利28) 年化+15.30%
    🌐 多标的回测: 130只 | 盈利占比77.7% | 中位年化+5.88% | 美股+6.11% | 港股+15.30%

  📋 [8/159] [趋势跟踪] GEM5资产_9M+3d缓冲

    🌐 [US市场回测]

    🌐 [HK市场回测]

    🌐 [CN市场回测]
      ❌ [美股] 最大回撤>30% | 年化+5.95% | 回撤36.82%
      ❌ [港股] 最大回撤>30% | 年化+4.88% | 回撤38.06%
      ✅ [A股] 得分49.7分 | 年化+10.02% | 回撤17.34% | 夏普0.66  ⚠️
    📊 多标的回测汇总: 130只标的 | 盈利占比78.5% | 平均年化+7.68% | 中位数年化+6.57%
       美股99只(盈利76) 年化+6.59%
       港股30只(盈利25) 年化+11.32%
    🌐 多标的回测: 130只 | 盈利占比78.5% | 中位年化+6.57% | 美股+6.59% | 港股+11.32%

  📋 [9/159] [趋势跟踪] GEM5资产_9M+5d缓冲

    🌐 [US市场回测]

    🌐 [HK市场回测]

    🌐 [CN市场回测]
      ✅ [美股] 得分34.98分 | 年化+7.18% | 回撤28.46% | 夏普0.24 ✅ ⚠️
      ✅ [港股] 得分32.99分 | 年化+6.27% | 回撤29.63% | 夏普0.18 ✅ ⚠️
      ✅ [A股] 得分49.1分 | 年化+9.80% | 回撤17.34% | 夏普0.64  ⚠️
    📊 多标的回测汇总: 130只标的 | 盈利占比80.8% | 平均年化+7.97% | 中位数年化+6.72%
       美股99只(盈利81) 年化+7.40%
       港股30只(盈利23) 年化+9.89%
    🌐 多标的回测: 130只 | 盈利占比80.8% | 中位年化+6.72% | 美股+7.40% | 港股+9.89%

  📋 [10/159] [趋势跟踪] GEM5资产_12M

    🌐 [US市场回测]

    🌐 [HK市场回测]

    🌐 [CN市场回测]
      ❌ [美股] 最大回撤>30% | 年化+1.70% | 回撤44.29%
      ❌ [港股] 最大回撤>30% | 年化+0.09% | 回撤47.19%
      ✅ [A股] 得分63.4分 | 年化+15.40% | 回撤13.64% | 夏普1.14  ⚠️
    📊 多标的回测汇总: 130只标的 | 盈利占比82.3% | 平均年化+7.64% | 中位数年化+4.68%
       美股99只(盈利76) 年化+5.52%
       港股30只(盈利30) 年化+14.83%
    🌐 多标的回测: 130只 | 盈利占比82.3% | 中位年化+4.68% | 美股+5.52% | 港股+14.83%

  📋 [11/159] [趋势跟踪] GEM5资产_12M+3d缓冲

    🌐 [US市场回测]

    🌐 [HK市场回测]

    🌐 [CN市场回测]
      ❌ [美股] 最大回撤>30% | 年化+2.69% | 回撤39.39%
      ❌ [港股] 最大回撤>30% | 年化+1.46% | 回撤41.59%
      ✅ [A股] 得分64.01分 | 年化+15.69% | 回撤12.77% | 夏普1.16  ⚠️
    📊 多标的回测汇总: 130只标的 | 盈利占比76.9% | 平均年化+7.06% | 中位数年化+4.95%
       美股99只(盈利73) 年化+5.93%
       港股30只(盈利26) 年化+10.95%
    🌐 多标的回测: 130只 | 盈利占比76.9% | 中位年化+4.95% | 美股+5.93% | 港股+10.95%

  📋 [12/159] [趋势跟踪] GEM5资产_12M+5d缓冲

    🌐 [US市场回测]

    🌐 [HK市场回测]

    🌐 [CN市场回测]
      ❌ [美股] 最大回撤>30% | 年化+4.76% | 回撤38.03%
      ❌ [港股] 最大回撤>30% | 年化+3.73% | 回撤39.93%
      ✅ [A股] 得分64.02分 | 年化+15.70% | 回撤12.75% | 夏普1.16  ⚠️
    📊 多标的回测汇总: 130只标的 | 盈利占比81.5% | 平均年化+7.00% | 中位数年化+4.62%
       美股99只(盈利78) 年化+6.28%
       港股30只(盈利27) 年化+9.45%
    🌐 多标的回测: 130只 | 盈利占比81.5% | 中位年化+4.62% | 美股+6.28% | 港股+9.45%

  📋 [13/159] [趋势跟踪] GEM6资产_6M

    🌐 [US市场回测]

    🌐 [HK市场回测]

    🌐 [CN市场回测]
      ❌ [美股] 最大回撤>30% | 年化+7.23% | 回撤33.98%
      ❌ [港股] 最大回撤>30% | 年化+5.86% | 回撤35.37%
      ❌ [A股] 最大回撤>30% | 年化+0.50% | 回撤31.94%
    📊 多标的回测汇总: 130只标的 | 盈利占比77.7% | 平均年化+8.16% | 中位数年化+6.39%
       美股99只(盈利72) 年化+5.77%
       港股30只(盈利28) 年化+16.08%
    🌐 多标的回测: 130只 | 盈利占比77.7% | 中位年化+6.40% | 美股+5.77% | 港股+16.08%

  📋 [14/159] [趋势跟踪] GEM6资产_6M+3d缓冲

    🌐 [US市场回测]

    🌐 [HK市场回测]

    🌐 [CN市场回测]
      ❌ [美股] 最大回撤>30% | 年化+5.30% | 回撤37.74%
      ❌ [港股] 最大回撤>30% | 年化+4.26% | 回撤38.66%
      ✅ [A股] 得分25.99分 | 年化+4.24% | 回撤27.21% | 夏普0.22  ⚠️
    📊 多标的回测汇总: 130只标的 | 盈利占比77.7% | 平均年化+7.03% | 中位数年化+5.47%
       美股99只(盈利73) 年化+6.01%
       港股30只(盈利27) 年化+10.44%
    🌐 多标的回测: 130只 | 盈利占比77.7% | 中位年化+5.48% | 美股+6.01% | 港股+10.44%

  📋 [15/159] [趋势跟踪] GEM6资产_6M+5d缓冲

    🌐 [US市场回测]

    🌐 [HK市场回测]

    🌐 [CN市场回测]
      ✅ [美股] 得分35.2分 | 年化+9.48% | 回撤25.12% | 夏普0.39  ⚠️
      ✅ [港股] 得分33.25分 | 年化+8.60% | 回撤25.98% | 夏普0.33  ⚠️
      ✅ [A股] 得分23.62分 | 年化+3.10% | 回撤28.96% | 夏普0.15  ⚠️
    📊 多标的回测汇总: 130只标的 | 盈利占比79.2% | 平均年化+6.77% | 中位数年化+5.84%
       美股99只(盈利76) 年化+6.53%
       港股30只(盈利26) 年化+7.49%
    🌐 多标的回测: 130只 | 盈利占比79.2% | 中位年化+5.84% | 美股+6.53% | 港股+7.49%

  📋 [16/159] [趋势跟踪] GEM6资产_9M

    🌐 [US市场回测]

    🌐 [HK市场回测]

    🌐 [CN市场回测]
      ❌ [美股] 最大回撤>30% | 年化+8.03% | 回撤32.70%
      ❌ [港股] 最大回撤>30% | 年化+6.69% | 回撤34.28%
      ✅ [A股] 得分49.32分 | 年化+9.88% | 回撤17.34% | 夏普0.65  ⚠️
    📊 多标的回测汇总: 130只标的 | 盈利占比77.7% | 平均年化+8.25% | 中位数年化+5.88%
       美股99只(盈利72) 年化+6.11%
       港股30只(盈利28) 年化+15.30%
    🌐 多标的回测: 130只 | 盈利占比77.7% | 中位年化+5.88% | 美股+6.11% | 港股+15.30%

  📋 [17/159] [趋势跟踪] GEM6资产_9M+3d缓冲

    🌐 [US市场回测]

    🌐 [HK市场回测]

    🌐 [CN市场回测]
      ❌ [美股] 最大回撤>30% | 年化+5.76% | 回撤36.82%
      ❌ [港股] 最大回撤>30% | 年化+4.70% | 回撤38.06%
      ✅ [A股] 得分48.58分 | 年化+9.58% | 回撤17.34% | 夏普0.62  ⚠️
    📊 多标的回测汇总: 130只标的 | 盈利占比78.5% | 平均年化+7.68% | 中位数年化+6.57%
       美股99只(盈利76) 年化+6.59%
       港股30只(盈利25) 年化+11.32%
    🌐 多标的回测: 130只 | 盈利占比78.5% | 中位年化+6.57% | 美股+6.59% | 港股+11.32%

  📋 [18/159] [趋势跟踪] GEM6资产_9M+5d缓冲

    🌐 [US市场回测]

    🌐 [HK市场回测]

    🌐 [CN市场回测]
      ✅ [美股] 得分34.64分 | 年化+7.03% | 回撤28.46% | 夏普0.23 ✅ ⚠️
      ✅ [港股] 得分32.65分 | 年化+6.14% | 回撤29.63% | 夏普0.17 ✅ ⚠️
      ✅ [A股] 得分48.11分 | 年化+9.37% | 回撤17.34% | 夏普0.61  ⚠️
    📊 多标的回测汇总: 130只标的 | 盈利占比80.8% | 平均年化+7.97% | 中位数年化+6.72%
       美股99只(盈利81) 年化+7.40%
       港股30只(盈利23) 年化+9.89%
    🌐 多标的回测: 130只 | 盈利占比80.8% | 中位年化+6.72% | 美股+7.40% | 港股+9.89%

  📋 [19/159] [趋势跟踪] GEM6资产_12M

    🌐 [US市场回测]

    🌐 [HK市场回测]

    🌐 [CN市场回测]
      ❌ [美股] 最大回撤>30% | 年化+1.59% | 回撤44.29%
      ❌ [港股] 最大回撤>30% | 年化-0.05% | 回撤47.19%
      ✅ [A股] 得分63.38分 | 年化+15.38% | 回撤12.31% | 夏普1.14  ⚠️
    📊 多标的回测汇总: 130只标的 | 盈利占比82.3% | 平均年化+7.64% | 中位数年化+4.68%
       美股99只(盈利76) 年化+5.52%
       港股30只(盈利30) 年化+14.83%
    🌐 多标的回测: 130只 | 盈利占比82.3% | 中位年化+4.68% | 美股+5.52% | 港股+14.83%

  📋 [20/159] [趋势跟踪] GEM6资产_12M+3d缓冲

    🌐 [US市场回测]

    🌐 [HK市场回测]

    🌐 [CN市场回测]
      ❌ [美股] 最大回撤>30% | 年化+2.57% | 回撤39.39%
      ❌ [港股] 最大回撤>30% | 年化+1.33% | 回撤41.59%
      ✅ [A股] 得分64.2分 | 年化+15.68% | 回撤11.42% | 夏普1.17  ⚠️
    📊 多标的回测汇总: 130只标的 | 盈利占比76.9% | 平均年化+7.06% | 中位数年化+4.95%
       美股99只(盈利73) 年化+5.93%
       港股30只(盈利26) 年化+10.95%
    🌐 多标的回测: 130只 | 盈利占比76.9% | 中位年化+4.95% | 美股+5.93% | 港股+10.95%

  📋 [21/159] [趋势跟踪] GEM6资产_12M+5d缓冲

    🌐 [US市场回测]

    🌐 [HK市场回测]

    🌐 [CN市场回测]
      ❌ [美股] 最大回撤>30% | 年化+4.77% | 回撤38.03%
      ❌ [港股] 最大回撤>30% | 年化+3.72% | 回撤39.93%
      ✅ [A股] 得分64.2分 | 年化+15.68% | 回撤11.40% | 夏普1.17  ⚠️
    📊 多标的回测汇总: 130只标的 | 盈利占比81.5% | 平均年化+7.00% | 中位数年化+4.62%
       美股99只(盈利78) 年化+6.28%
       港股30只(盈利27) 年化+9.45%
    🌐 多标的回测: 130只 | 盈利占比81.5% | 中位年化+4.62% | 美股+6.28% | 港股+9.45%

  📋 [22/159] [趋势跟踪] 双重动量_6M_阈值0%

    🌐 [US市场回测]

    🌐 [HK市场回测]

    🌐 [CN市场回测]
      ✅ [美股] 得分35.65分 | 年化+7.31% | 回撤26.56% | 夏普0.26 ✅ ⚠️
      ✅ [港股] 得分33.75分 | 年化+6.49% | 回撤27.52% | 夏普0.20 ✅ ⚠️
      ❌ [A股] 最大回撤>30% | 年化-7.50% | 回撤37.67%
    📊 多标的回测汇总: 130只标的 | 盈利占比77.7% | 平均年化+8.16% | 中位数年化+6.39%
       美股99只(盈利72) 年化+5.77%
       港股30只(盈利28) 年化+16.08%
    🌐 多标的回测: 130只 | 盈利占比77.7% | 中位年化+6.40% | 美股+5.77% | 港股+16.08%

  📋 [23/159] [趋势跟踪] 双重动量_6M_阈值0%+3d缓冲

    🌐 [US市场回测]

    🌐 [HK市场回测]

    🌐 [CN市场回测]
      ✅ [美股] 得分35.45分 | 年化+7.23% | 回撤26.39% | 夏普0.25 ✅ ⚠️
      ✅ [港股] 得分34.02分 | 年化+6.59% | 回撤26.82% | 夏普0.21 ✅ ⚠️
      ❌ [A股] 最大回撤>30% | 年化-6.36% | 回撤34.42%
    📊 多标的回测汇总: 130只标的 | 盈利占比77.7% | 平均年化+7.05% | 中位数年化+5.54%
       美股99只(盈利73) 年化+6.01%
       港股30只(盈利27) 年化+10.44%
    🌐 多标的回测: 130只 | 盈利占比77.7% | 中位年化+5.54% | 美股+6.01% | 港股+10.44%

  📋 [24/159] [趋势跟踪] 双重动量_6M_阈值2%

    🌐 [US市场回测]

    🌐 [HK市场回测]

    🌐 [CN市场回测]
      ✅ [美股] 得分36.91分 | 年化+6.59% | 回撤23.87% | 夏普0.21 ✅ ⚠️
      ✅ [港股] 得分34.91分 | 年化+5.69% | 回撤24.74% | 夏普0.15 ✅ ⚠️
      ❌ [A股] 年化收益为负 | 年化-2.70% | 回撤22.63%
    📊 多标的回测汇总: 130只标的 | 盈利占比76.9% | 平均年化+7.66% | 中位数年化+5.17%
       美股99只(盈利70) 年化+4.94%
       港股30只(盈利29) 年化+16.66%
    🌐 多标的回测: 130只 | 盈利占比76.9% | 中位年化+5.16% | 美股+4.94% | 港股+16.66%

  📋 [25/159] [趋势跟踪] 双重动量_6M_阈值2%+3d缓冲

    🌐 [US市场回测]

    🌐 [HK市场回测]

    🌐 [CN市场回测]
      ✅ [美股] 得分36.93分 | 年化+6.58% | 回撤22.93% | 夏普0.21 ✅ ⚠️
      ✅ [港股] 得分35.33分 | 年化+5.88% | 回撤23.69% | 夏普0.16 ✅ ⚠️
      ❌ [A股] 年化收益为负 | 年化-2.16% | 回撤21.37%
    📊 多标的回测汇总: 130只标的 | 盈利占比77.7% | 平均年化+6.82% | 中位数年化+5.02%
       美股99只(盈利73) 年化+5.50%
       港股30只(盈利27) 年化+11.19%
    🌐 多标的回测: 130只 | 盈利占比77.7% | 中位年化+5.02% | 美股+5.50% | 港股+11.19%

  📋 [26/159] [趋势跟踪] 双重动量_6M_阈值5%

    🌐 [US市场回测]

    🌐 [HK市场回测]

    🌐 [CN市场回测]
      ✅ [美股] 得分27.48分 | 年化+4.66% | 回撤23.93% | 夏普0.06  ⚠️
      ✅ [港股] 得分22.26分 | 年化+3.69% | 回撤25.72% | 夏普-0.02  ⚠️
      ❌ [A股] 年化收益为负 | 年化-2.48% | 回撤21.37%
    📊 多标的回测汇总: 130只标的 | 盈利占比71.5% | 平均年化+6.86% | 中位数年化+4.62%
       美股99只(盈利62) 年化+4.05%
       港股30只(盈利30) 年化+16.23%
    🌐 多标的回测: 130只 | 盈利占比71.5% | 中位年化+4.62% | 美股+4.05% | 港股+16.23%

  📋 [27/159] [趋势跟踪] 双重动量_6M_阈值5%+3d缓冲

    🌐 [US市场回测]

    🌐 [HK市场回测]

    🌐 [CN市场回测]
      ✅ [美股] 得分22.5分 | 年化+3.78% | 回撤28.29% | 夏普-0.00  ⚠️
      ✅ [港股] 得分21.44分 | 年化+3.05% | 回撤29.63% | 夏普-0.06  ⚠️
      ❌ [A股] 年化收益为负 | 年化-3.21% | 回撤22.57%
    📊 多标的回测汇总: 130只标的 | 盈利占比68.5% | 平均年化+5.22% | 中位数年化+3.25%
       美股99只(盈利61) 年化+3.96%
       港股30只(盈利27) 年化+9.43%
    🌐 多标的回测: 130只 | 盈利占比68.5% | 中位年化+3.24% | 美股+3.96% | 港股+9.43%

  📋 [28/159] [趋势跟踪] 双重动量_9M_阈值0%

    🌐 [US市场回测]

    🌐 [HK市场回测]

    🌐 [CN市场回测]
      ✅ [美股] 得分40.18分 | 年化+9.40% | 回撤29.26% | 夏普0.39 ✅ ⚠️
      ✅ [港股] 得分33.33分 | 年化+8.58% | 回撤29.62% | 夏普0.33  ⚠️
      ❌ [A股] 年化收益为负 | 年化-2.16% | 回撤22.77%
    📊 多标的回测汇总: 130只标的 | 盈利占比77.7% | 平均年化+8.26% | 中位数年化+5.88%
       美股99只(盈利72) 年化+6.11%
       港股30只(盈利28) 年化+15.30%
    🌐 多标的回测: 130只 | 盈利占比77.7% | 中位年化+5.88% | 美股+6.11% | 港股+15.30%

  📋 [29/159] [趋势跟踪] 双重动量_9M_阈值0%+3d缓冲

    🌐 [US市场回测]

    🌐 [HK市场回测]

    🌐 [CN市场回测]
      ✅ [美股] 得分43.76分 | 年化+9.61% | 回撤24.45% | 夏普0.41 ✅ ⚠️
      ✅ [港股] 得分37.41分 | 年化+9.01% | 回撤24.58% | 夏普0.37  ⚠️
      ❌ [A股] 年化收益为负 | 年化-1.89% | 回撤21.65%
    📊 多标的回测汇总: 130只标的 | 盈利占比78.5% | 平均年化+7.71% | 中位数年化+6.69%
       美股99只(盈利76) 年化+6.59%
       港股30只(盈利25) 年化+11.32%
    🌐 多标的回测: 130只 | 盈利占比78.5% | 中位年化+6.68% | 美股+6.59% | 港股+11.32%

  📋 [30/159] [趋势跟踪] 双重动量_9M_阈值2%

    🌐 [US市场回测]

    🌐 [HK市场回测]

    🌐 [CN市场回测]
      ✅ [美股] 得分35.83分 | 年化+7.41% | 回撤26.46% | 夏普0.26 ✅ ⚠️
      ✅ [港股] 得分33.37分 | 年化+6.28% | 回撤26.71% | 夏普0.19 ✅ ⚠️
      ❌ [A股] 年化收益为负 | 年化-3.79% | 回撤24.06%
    📊 多标的回测汇总: 130只标的 | 盈利占比80.8% | 平均年化+7.82% | 中位数年化+4.46%
       美股99只(盈利77) 年化+5.71%
       港股30只(盈利27) 年化+14.77%
    🌐 多标的回测: 130只 | 盈利占比80.8% | 中位年化+4.46% | 美股+5.71% | 港股+14.77%

  📋 [31/159] [趋势跟踪] 双重动量_9M_阈值2%+3d缓冲

    🌐 [US市场回测]

    🌐 [HK市场回测]

    🌐 [CN市场回测]
      ✅ [美股] 得分40.75分 | 年化+8.24% | 回撤24.45% | 夏普0.32 ✅ ⚠️
      ✅ [港股] 得分38.86分 | 年化+7.43% | 回撤24.58% | 夏普0.26 ✅ ⚠️
      ❌ [A股] 年化收益为负 | 年化-4.13% | 回撤24.93%
    📊 多标的回测汇总: 130只标的 | 盈利占比80.0% | 平均年化+7.26% | 中位数年化+4.88%
       美股99只(盈利79) 年化+6.31%
       港股30只(盈利24) 年化+10.37%
    🌐 多标的回测: 130只 | 盈利占比80.0% | 中位年化+4.88% | 美股+6.31% | 港股+10.37%

  📋 [32/159] [趋势跟踪] 双重动量_9M_阈值5%

    🌐 [US市场回测]

    🌐 [HK市场回测]

    🌐 [CN市场回测]
      ✅ [美股] 得分31.29分 | 年化+5.30% | 回撤26.46% | 夏普0.12 ✅ ⚠️
      ✅ [港股] 得分28.41分 | 年化+4.10% | 回撤26.71% | 夏普0.03 ✅ ⚠️
      ❌ [A股] 年化收益为负 | 年化-2.55% | 回撤20.63%
    📊 多标的回测汇总: 130只标的 | 盈利占比74.6% | 平均年化+7.28% | 中位数年化+4.40%
       美股99只(盈利69) 年化+5.12%
       港股30只(盈利27) 年化+14.46%
    🌐 多标的回测: 130只 | 盈利占比74.6% | 中位年化+4.40% | 美股+5.12% | 港股+14.46%

  📋 [33/159] [趋势跟踪] 双重动量_9M_阈值5%+3d缓冲

    🌐 [US市场回测]

    🌐 [HK市场回测]

    🌐 [CN市场回测]
      ✅ [美股] 得分37.81分 | 年化+6.89% | 回撤24.45% | 夏普0.23 ✅ ⚠️
      ✅ [港股] 得分35.75分 | 年化+5.99% | 回撤24.58% | 夏普0.17 ✅ ⚠️
      ❌ [A股] 年化收益为负 | 年化-1.52% | 回撤20.63%
    📊 多标的回测汇总: 130只标的 | 盈利占比71.5% | 平均年化+6.62% | 中位数年化+4.32%
       美股99只(盈利69) 年化+5.62%
       港股30只(盈利23) 年化+9.89%
    🌐 多标的回测: 130只 | 盈利占比71.5% | 中位年化+4.32% | 美股+5.62% | 港股+9.89%

  📋 [34/159] [趋势跟踪] 双重动量_12M_阈值0%

    🌐 [US市场回测]

    🌐 [HK市场回测]

    🌐 [CN市场回测]
      ❌ [美股] 最大回撤>30% | 年化+7.50% | 回撤31.08%
      ❌ [港股] 最大回撤>30% | 年化+6.81% | 回撤31.53%
      ❌ [A股] 年化收益为负 | 年化-4.54% | 回撤23.08%
    📊 多标的回测汇总: 130只标的 | 盈利占比82.3% | 平均年化+7.69% | 中位数年化+4.97%
       美股99只(盈利76) 年化+5.52%
       港股30只(盈利30) 年化+14.83%
    🌐 多标的回测: 130只 | 盈利占比82.3% | 中位年化+4.97% | 美股+5.52% | 港股+14.83%

  📋 [35/159] [趋势跟踪] 双重动量_12M_阈值0%+3d缓冲

    🌐 [US市场回测]

    🌐 [HK市场回测]

    🌐 [CN市场回测]
      ❌ [美股] 最大回撤>30% | 年化+7.57% | 回撤32.20%
      ❌ [港股] 最大回撤>30% | 年化+6.97% | 回撤32.65%
      ❌ [A股] 年化收益为负 | 年化-4.78% | 回撤23.86%
    📊 多标的回测汇总: 130只标的 | 盈利占比76.9% | 平均年化+7.10% | 中位数年化+5.09%
       美股99只(盈利73) 年化+5.93%
       港股30只(盈利26) 年化+10.95%
    🌐 多标的回测: 130只 | 盈利占比76.9% | 中位年化+5.10% | 美股+5.93% | 港股+10.95%

  📋 [36/159] [趋势跟踪] 双重动量_12M_阈值2%

    🌐 [US市场回测]

    🌐 [HK市场回测]

    🌐 [CN市场回测]
      ✅ [美股] 得分34.85分 | 年化+6.96% | 回撤29.52% | 夏普0.23 ✅ ⚠️
      ✅ [港股] 得分33.12分 | 年化+6.18% | 回撤29.75% | 夏普0.18 ✅ ⚠️
      ❌ [A股] 年化收益为负 | 年化-6.06% | 回撤28.01%
    📊 多标的回测汇总: 130只标的 | 盈利占比77.7% | 平均年化+7.39% | 中位数年化+5.21%
       美股99只(盈利71) 年化+5.14%
       港股30只(盈利29) 年化+14.82%
    🌐 多标的回测: 130只 | 盈利占比77.7% | 中位年化+5.22% | 美股+5.14% | 港股+14.82%

  📋 [37/159] [趋势跟踪] 双重动量_12M_阈值2%+3d缓冲

    🌐 [US市场回测]

    🌐 [HK市场回测]

    🌐 [CN市场回测]
      ✅ [美股] 得分35.18分 | 年化+7.13% | 回撤26.73% | 夏普0.24 ✅ ⚠️
      ✅ [港股] 得分33.79分 | 年化+6.50% | 回撤27.16% | 夏普0.20 ✅ ⚠️
      ❌ [A股] 年化收益为负 | 年化-5.63% | 回撤26.62%
    📊 多标的回测汇总: 130只标的 | 盈利占比76.9% | 平均年化+7.04% | 中位数年化+4.88%
       美股99只(盈利71) 年化+5.74%
       港股30只(盈利28) 年化+11.34%
    🌐 多标的回测: 130只 | 盈利占比76.9% | 中位年化+4.88% | 美股+5.74% | 港股+11.34%

  📋 [38/159] [趋势跟踪] 双重动量_12M_阈值5%

    🌐 [US市场回测]

    🌐 [HK市场回测]

    🌐 [CN市场回测]
      ✅ [美股] 得分35.01分 | 年化+7.06% | 回撤29.52% | 夏普0.24 ✅ ⚠️
      ✅ [港股] 得分32.71分 | 年化+6.11% | 回撤29.75% | 夏普0.17 ✅ ⚠️
      ❌ [A股] 年化收益为负 | 年化-4.52% | 回撤21.68%
    📊 多标的回测汇总: 130只标的 | 盈利占比76.2% | 平均年化+7.05% | 中位数年化+4.21%
       美股99只(盈利70) 年化+4.83%
       港股30只(盈利28) 年化+14.37%
    🌐 多标的回测: 130只 | 盈利占比76.2% | 中位年化+4.20% | 美股+4.83% | 港股+14.37%

  📋 [39/159] [趋势跟踪] 双重动量_12M_阈值5%+3d缓冲

    🌐 [US市场回测]

    🌐 [HK市场回测]

    🌐 [CN市场回测]
      ✅ [美股] 得分37.07分 | 年化+8.01% | 回撤26.73% | 夏普0.30 ✅ ⚠️
      ✅ [港股] 得分35.5分 | 年化+7.28% | 回撤26.84% | 夏普0.26 ✅ ⚠️
      ❌ [A股] 年化收益为负 | 年化-3.62% | 回撤18.70%
    📊 多标的回测汇总: 130只标的 | 盈利占比78.5% | 平均年化+6.60% | 中位数年化+4.32%
       美股99只(盈利74) 年化+5.29%
       港股30只(盈利27) 年化+10.87%
    🌐 多标的回测: 130只 | 盈利占比78.5% | 中位年化+4.32% | 美股+5.29% | 港股+10.87%

  📋 [40/159] [趋势跟踪] GEM+ATR2.5x止损_9M

    🌐 [US市场回测]

    🌐 [HK市场回测]

    🌐 [CN市场回测]
/usr/local/lib64/python3.11/site-packages/numpy/_core/fromnumeric.py:3824: RuntimeWarning: Mean of empty slice
  return _methods._mean(a, axis=axis, dtype=dtype,
/usr/local/lib64/python3.11/site-packages/numpy/_core/_methods.py:142: RuntimeWarning: invalid value encountered in scalar divide
  ret = ret.dtype.type(ret / rcount)
/usr/local/lib64/python3.11/site-packages/numpy/_core/fromnumeric.py:3824: RuntimeWarning: Mean of empty slice
  return _methods._mean(a, axis=axis, dtype=dtype,
/usr/local/lib64/python3.11/site-packages/numpy/_core/_methods.py:142: RuntimeWarning: invalid value encountered in scalar divide
  ret = ret.dtype.type(ret / rcount)
/usr/local/lib64/python3.11/site-packages/numpy/_core/fromnumeric.py:3824: RuntimeWarning: Mean of empty slice
  return _methods._mean(a, axis=axis, dtype=dtype,
/usr/local/lib64/python3.11/site-packages/numpy/_core/_methods.py:142: RuntimeWarning: invalid value encountered in scalar divide
  ret = ret.dtype.type(ret / rcount)
/usr/local/lib64/python3.11/site-packages/numpy/_core/fromnumeric.py:3824: RuntimeWarning: Mean of empty slice
  return _methods._mean(a, axis=axis, dtype=dtype,
/usr/local/lib64/python3.11/site-packages/numpy/_core/_methods.py:142: RuntimeWarning: invalid value encountered in scalar divide
  ret = ret.dtype.type(ret / rcount)
/usr/local/lib64/python3.11/site-packages/numpy/_core/fromnumeric.py:3824: RuntimeWarning: Mean of empty slice
  return _methods._mean(a, axis=axis, dtype=dtype,
/usr/local/lib64/python3.11/site-packages/numpy/_core/_methods.py:142: RuntimeWarning: invalid value encountered in scalar divide
  ret = ret.dtype.type(ret / rcount)
      ✅ [美股] 得分25.34分 | 年化+5.08% | 回撤25.49% | 夏普0.10  ⚠️
      ✅ [港股] 得分22.56分 | 年化+3.91% | 回撤27.34% | 夏普0.02  ⚠️
      ❌ [A股] 年化收益为负 | 年化-3.17% | 回撤22.40%
    📊 多标的回测汇总: 130只标的 | 盈利占比77.7% | 平均年化+8.06% | 中位数年化+6.19%
       美股99只(盈利71) 年化+5.87%
       港股30只(盈利29) 年化+15.38%
    🌐 多标的回测: 130只 | 盈利占比77.7% | 中位年化+6.19% | 美股+5.87% | 港股+15.38%

  📋 [41/159] [趋势跟踪] GEM+ATR3.0x止损_9M

    🌐 [US市场回测]

    🌐 [HK市场回测]

    🌐 [CN市场回测]
      ✅ [美股] 得分32.13分 | 年化+6.75% | 回撤24.45% | 夏普0.22  ⚠️
      ✅ [港股] 得分26.52分 | 年化+5.69% | 回撤25.64% | 夏普0.14  ⚠️
      ❌ [A股] 年化收益为负 | 年化-2.73% | 回撤22.06%
    📊 多标的回测汇总: 130只标的 | 盈利占比76.9% | 平均年化+7.80% | 中位数年化+6.73%
       美股99只(盈利70) 年化+5.86%
       港股30只(盈利29) 年化+14.24%
    🌐 多标的回测: 130只 | 盈利占比76.9% | 中位年化+6.73% | 美股+5.86% | 港股+14.24%

  📋 [42/159] [趋势跟踪] GEM+ATR3.5x止损_9M

    🌐 [US市场回测]

    🌐 [HK市场回测]

    🌐 [CN市场回测]
      ✅ [美股] 得分33.85分 | 年化+7.50% | 回撤24.45% | 夏普0.27  ⚠️
      ✅ [港股] 得分31.6分 | 年化+6.55% | 回撤24.58% | 夏普0.20  ⚠️
      ❌ [A股] 年化收益为负 | 年化-3.20% | 回撤22.28%
    📊 多标的回测汇总: 130只标的 | 盈利占比79.2% | 平均年化+7.72% | 中位数年化+6.64%
       美股99只(盈利73) 年化+5.89%
       港股30只(盈利29) 年化+13.80%
    🌐 多标的回测: 130只 | 盈利占比79.2% | 中位年化+6.64% | 美股+5.89% | 港股+13.80%

  📋 [43/159] [趋势跟踪] GEM+ATR4.0x止损_9M

    🌐 [US市场回测]

    🌐 [HK市场回测]

    🌐 [CN市场回测]
      ✅ [美股] 得分39.9分 | 年化+7.94% | 回撤24.45% | 夏普0.30 ✅ ⚠️
      ✅ [港股] 得分32.64分 | 年化+7.01% | 回撤24.58% | 夏普0.23  ⚠️
      ❌ [A股] 年化收益为负 | 年化-3.54% | 回撤23.39%
    📊 多标的回测汇总: 130只标的 | 盈利占比80.8% | 平均年化+7.92% | 中位数年化+6.49%
       美股99只(盈利75) 年化+6.01%
       港股30只(盈利29) 年化+14.21%
    🌐 多标的回测: 130只 | 盈利占比80.8% | 中位年化+6.49% | 美股+6.01% | 港股+14.21%

  📋 [44/159] [趋势跟踪] GEM+ATR2.5x止损_12M

    🌐 [US市场回测]

    🌐 [HK市场回测]

    🌐 [CN市场回测]
      ❌ [美股] 最大回撤>30% | 年化+3.58% | 回撤32.77%
      ❌ [港股] 最大回撤>30% | 年化+2.42% | 回撤33.44%
      ❌ [A股] 年化收益为负 | 年化-1.71% | 回撤14.13%
    📊 多标的回测汇总: 130只标的 | 盈利占比73.8% | 平均年化+7.52% | 中位数年化+5.02%
       美股99只(盈利68) 年化+5.61%
       港股30只(盈利27) 年化+13.95%
    🌐 多标的回测: 130只 | 盈利占比73.8% | 中位年化+5.02% | 美股+5.61% | 港股+13.95%

  📋 [45/159] [趋势跟踪] GEM+ATR3.0x止损_12M

    🌐 [US市场回测]

    🌐 [HK市场回测]

    🌐 [CN市场回测]
      ❌ [美股] 最大回撤>30% | 年化+4.78% | 回撤32.77%
      ❌ [港股] 最大回撤>30% | 年化+3.69% | 回撤33.44%
      ❌ [A股] 年化收益为负 | 年化-1.71% | 回撤14.13%
    📊 多标的回测汇总: 130只标的 | 盈利占比76.9% | 平均年化+7.59% | 中位数年化+4.71%
       美股99只(盈利71) 年化+5.61%
       港股30只(盈利28) 年化+14.21%
    🌐 多标的回测: 130只 | 盈利占比76.9% | 中位年化+4.72% | 美股+5.61% | 港股+14.21%

  📋 [46/159] [趋势跟踪] GEM+ATR3.5x止损_12M

    🌐 [US市场回测]

    🌐 [HK市场回测]

    🌐 [CN市场回测]
      ❌ [美股] 最大回撤>30% | 年化+4.40% | 回撤33.07%
      ❌ [港股] 最大回撤>30% | 年化+3.33% | 回撤33.73%
      ❌ [A股] 年化收益为负 | 年化-1.81% | 回撤14.13%
    📊 多标的回测汇总: 130只标的 | 盈利占比76.2% | 平均年化+7.46% | 中位数年化+4.83%
       美股99只(盈利70) 年化+5.52%
       港股30只(盈利28) 年化+13.96%
    🌐 多标的回测: 130只 | 盈利占比76.2% | 中位年化+4.83% | 美股+5.52% | 港股+13.96%

  📋 [47/159] [趋势跟踪] GEM+ATR4.0x止损_12M

    🌐 [US市场回测]

    🌐 [HK市场回测]

    🌐 [CN市场回测]
      ❌ [美股] 最大回撤>30% | 年化+2.87% | 回撤33.66%
      ❌ [港股] 最大回撤>30% | 年化+1.83% | 回撤36.47%
      ❌ [A股] 年化收益为负 | 年化-1.81% | 回撤14.13%
    📊 多标的回测汇总: 130只标的 | 盈利占比76.9% | 平均年化+7.41% | 中位数年化+4.53%
       美股99只(盈利71) 年化+5.44%
       港股30只(盈利28) 年化+14.05%
    🌐 多标的回测: 130只 | 盈利占比76.9% | 中位年化+4.53% | 美股+5.44% | 港股+14.05%

  📋 [48/159] [趋势跟踪] 自由轮动5资产_3M+0d缓冲

    🌐 [US市场回测]

    🌐 [HK市场回测]

    🌐 [CN市场回测]
      ❌ [美股] 最大回撤>30% | 年化-2.53% | 回撤36.24%
      ❌ [港股] 最大回撤>30% | 年化-4.62% | 回撤40.44%
      ❌ [A股] 最大回撤>30% | 年化-3.48% | 回撤32.37%
    📊 多标的回测汇总: 1只标的 | 盈利占比0.0% | 平均年化-2.53% | 中位数年化-2.53%
    🌐 多标的回测: 1只 | 盈利占比0.0% | 中位年化-2.53% | 美股+0.00% | 港股+0.00%

  📋 [49/159] [趋势跟踪] 自由轮动5资产_3M+3d缓冲

    🌐 [US市场回测]

    🌐 [HK市场回测]

    🌐 [CN市场回测]
      ❌ [美股] 最大回撤>30% | 年化-4.29% | 回撤42.09%
      ❌ [港股] 最大回撤>30% | 年化-5.87% | 回撤45.14%
      ✅ [A股] 得分21.66分 | 年化+0.94% | 回撤23.35% | 夏普0.02  ⚠️
    📊 多标的回测汇总: 1只标的 | 盈利占比0.0% | 平均年化-4.29% | 中位数年化-4.29%
    🌐 多标的回测: 1只 | 盈利占比0.0% | 中位年化-4.29% | 美股+0.00% | 港股+0.00%

  📋 [50/159] [趋势跟踪] 自由轮动5资产_3M+5d缓冲

    🌐 [US市场回测]

    🌐 [HK市场回测]

    🌐 [CN市场回测]
      ❌ [美股] 最大回撤>30% | 年化-1.15% | 回撤35.62%
      ❌ [港股] 最大回撤>30% | 年化-2.44% | 回撤38.07%
      ✅ [A股] 得分23.98分 | 年化+2.03% | 回撤23.06% | 夏普0.08  ⚠️
    📊 多标的回测汇总: 1只标的 | 盈利占比0.0% | 平均年化-1.15% | 中位数年化-1.15%
    🌐 多标的回测: 1只 | 盈利占比0.0% | 中位年化-1.15% | 美股+0.00% | 港股+0.00%

  📋 [51/159] [趋势跟踪] 自由轮动5资产_6M+0d缓冲

    🌐 [US市场回测]

    🌐 [HK市场回测]

    🌐 [CN市场回测]
      ❌ [美股] 最大回撤>30% | 年化+2.54% | 回撤35.53%
      ❌ [港股] 最大回撤>30% | 年化+0.76% | 回撤37.16%
      ❌ [A股] 最大回撤>30% | 年化+1.15% | 回撤31.94%
    📊 多标的回测汇总: 1只标的 | 盈利占比100.0% | 平均年化+2.54% | 中位数年化+2.54%
    🌐 多标的回测: 1只 | 盈利占比100.0% | 中位年化+2.54% | 美股+0.00% | 港股+0.00%

  📋 [52/159] [趋势跟踪] 自由轮动5资产_6M+3d缓冲

    🌐 [US市场回测]

    🌐 [HK市场回测]

    🌐 [CN市场回测]
      ❌ [美股] 最大回撤>30% | 年化+2.94% | 回撤31.10%
      ❌ [港股] 最大回撤>30% | 年化+1.58% | 回撤33.71%
      ✅ [A股] 得分22.83分 | 年化+2.84% | 回撤27.21% | 夏普0.13  ⚠️
    📊 多标的回测汇总: 1只标的 | 盈利占比100.0% | 平均年化+2.94% | 中位数年化+2.94%
    🌐 多标的回测: 1只 | 盈利占比100.0% | 中位年化+2.94% | 美股+0.00% | 港股+0.00%

  📋 [53/159] [趋势跟踪] 自由轮动5资产_6M+5d缓冲

    🌐 [US市场回测]

    🌐 [HK市场回测]

    🌐 [CN市场回测]
      ✅ [美股] 得分28.33分 | 年化+6.32% | 回撤26.62% | 夏普0.18  ⚠️
/usr/local/lib64/python3.11/site-packages/numpy/_core/fromnumeric.py:3824: RuntimeWarning: Mean of empty slice
  return _methods._mean(a, axis=axis, dtype=dtype,
/usr/local/lib64/python3.11/site-packages/numpy/_core/_methods.py:142: RuntimeWarning: invalid value encountered in scalar divide
  ret = ret.dtype.type(ret / rcount)
/usr/local/lib64/python3.11/site-packages/numpy/_core/fromnumeric.py:3824: RuntimeWarning: Mean of empty slice
  return _methods._mean(a, axis=axis, dtype=dtype,
/usr/local/lib64/python3.11/site-packages/numpy/_core/_methods.py:142: RuntimeWarning: invalid value encountered in scalar divide
  ret = ret.dtype.type(ret / rcount)
/usr/local/lib64/python3.11/site-packages/numpy/_core/fromnumeric.py:3824: RuntimeWarning: Mean of empty slice
  return _methods._mean(a, axis=axis, dtype=dtype,
/usr/local/lib64/python3.11/site-packages/numpy/_core/_methods.py:142: RuntimeWarning: invalid value encountered in scalar divide
  ret = ret.dtype.type(ret / rcount)
/usr/local/lib64/python3.11/site-packages/numpy/_core/fromnumeric.py:3824: RuntimeWarning: Mean of empty slice
  return _methods._mean(a, axis=axis, dtype=dtype,
/usr/local/lib64/python3.11/site-packages/numpy/_core/_methods.py:142: RuntimeWarning: invalid value encountered in scalar divide
  ret = ret.dtype.type(ret / rcount)
/usr/local/lib64/python3.11/site-packages/numpy/_core/fromnumeric.py:3824: RuntimeWarning: Mean of empty slice
  return _methods._mean(a, axis=axis, dtype=dtype,
/usr/local/lib64/python3.11/site-packages/numpy/_core/_methods.py:142: RuntimeWarning: invalid value encountered in scalar divide
  ret = ret.dtype.type(ret / rcount)
/usr/local/lib64/python3.11/site-packages/numpy/_core/fromnumeric.py:3824: RuntimeWarning: Mean of empty slice
  return _methods._mean(a, axis=axis, dtype=dtype,
/usr/local/lib64/python3.11/site-packages/numpy/_core/_methods.py:142: RuntimeWarning: invalid value encountered in scalar divide
  ret = ret.dtype.type(ret / rcount)
/usr/local/lib64/python3.11/site-packages/numpy/_core/fromnumeric.py:3824: RuntimeWarning: Mean of empty slice
  return _methods._mean(a, axis=axis, dtype=dtype,
/usr/local/lib64/python3.11/site-packages/numpy/_core/_methods.py:142: RuntimeWarning: invalid value encountered in scalar divide
  ret = ret.dtype.type(ret / rcount)
      ✅ [港股] 得分26.1分 | 年化+5.20% | 回撤27.82% | 夏普0.12  ⚠️
      ✅ [A股] 得分23.04分 | 年化+2.90% | 回撤28.96% | 夏普0.13  ⚠️
    📊 多标的回测汇总: 1只标的 | 盈利占比100.0% | 平均年化+6.32% | 中位数年化+6.32%
    🌐 多标的回测: 1只 | 盈利占比100.0% | 中位年化+6.32% | 美股+0.00% | 港股+0.00%

  📋 [54/159] [趋势跟踪] 自由轮动5资产_9M+0d缓冲

    🌐 [US市场回测]

    🌐 [HK市场回测]

    🌐 [CN市场回测]
      ❌ [美股] 最大回撤>30% | 年化-0.74% | 回撤38.55%
      ❌ [港股] 最大回撤>30% | 年化-2.50% | 回撤40.34%
      ✅ [A股] 得分32.98分 | 年化+5.95% | 回撤23.68% | 夏普0.35  ⚠️
    📊 多标的回测汇总: 1只标的 | 盈利占比0.0% | 平均年化-0.74% | 中位数年化-0.74%
    🌐 多标的回测: 1只 | 盈利占比0.0% | 中位年化-0.74% | 美股+0.00% | 港股+0.00%

  📋 [55/159] [趋势跟踪] 自由轮动5资产_9M+3d缓冲

    🌐 [US市场回测]

    🌐 [HK市场回测]

    🌐 [CN市场回测]
      ❌ [美股] 最大回撤>30% | 年化-3.12% | 回撤40.84%
      ❌ [港股] 最大回撤>30% | 年化-4.47% | 回撤43.67%
      ✅ [A股] 得分33.61分 | 年化+6.23% | 回撤23.71% | 夏普0.37  ⚠️
    📊 多标的回测汇总: 1只标的 | 盈利占比0.0% | 平均年化-3.12% | 中位数年化-3.12%
    🌐 多标的回测: 1只 | 盈利占比0.0% | 中位年化-3.12% | 美股+0.00% | 港股+0.00%

  📋 [56/159] [趋势跟踪] 自由轮动5资产_9M+5d缓冲

    🌐 [US市场回测]

    🌐 [HK市场回测]

    🌐 [CN市场回测]
      ❌ [美股] 最大回撤>30% | 年化+0.88% | 回撤35.87%
      ❌ [港股] 最大回撤>30% | 年化-0.32% | 回撤37.23%
      ✅ [A股] 得分32.81分 | 年化+5.91% | 回撤23.04% | 夏普0.34  ⚠️
    📊 多标的回测汇总: 1只标的 | 盈利占比100.0% | 平均年化+0.88% | 中位数年化+0.88%
    🌐 多标的回测: 1只 | 盈利占比100.0% | 中位年化+0.88% | 美股+0.00% | 港股+0.00%

  📋 [57/159] [趋势跟踪] 自由轮动5资产_12M+0d缓冲

    🌐 [US市场回测]

    🌐 [HK市场回测]

    🌐 [CN市场回测]
      ❌ [美股] 最大回撤>30% | 年化+1.24% | 回撤36.00%
      ❌ [港股] 最大回撤>30% | 年化-0.67% | 回撤39.03%
      ✅ [A股] 得分57.1分 | 年化+13.34% | 回撤17.09% | 夏普0.91  ⚠️
    📊 多标的回测汇总: 1只标的 | 盈利占比100.0% | 平均年化+1.24% | 中位数年化+1.24%
    🌐 多标的回测: 1只 | 盈利占比100.0% | 中位年化+1.24% | 美股+0.00% | 港股+0.00%

  📋 [58/159] [趋势跟踪] 自由轮动5资产_12M+3d缓冲

    🌐 [US市场回测]

    🌐 [HK市场回测]

    🌐 [CN市场回测]
      ❌ [美股] 最大回撤>30% | 年化+1.07% | 回撤36.49%
      ❌ [港股] 最大回撤>30% | 年化-0.33% | 回撤38.69%
      ✅ [A股] 得分56.6分 | 年化+13.16% | 回撤17.63% | 夏普0.89  ⚠️
    📊 多标的回测汇总: 1只标的 | 盈利占比100.0% | 平均年化+1.07% | 中位数年化+1.07%
    🌐 多标的回测: 1只 | 盈利占比100.0% | 中位年化+1.07% | 美股+0.00% | 港股+0.00%

  📋 [59/159] [趋势跟踪] 自由轮动5资产_12M+5d缓冲

    🌐 [US市场回测]

    🌐 [HK市场回测]

    🌐 [CN市场回测]
      ❌ [美股] 最大回撤>30% | 年化+2.41% | 回撤36.67%
      ❌ [港股] 最大回撤>30% | 年化+1.15% | 回撤38.71%
      ✅ [A股] 得分56.29分 | 年化+13.05% | 回撤17.98% | 夏普0.89  ⚠️
    📊 多标的回测汇总: 1只标的 | 盈利占比100.0% | 平均年化+2.41% | 中位数年化+2.41%
    🌐 多标的回测: 1只 | 盈利占比100.0% | 中位年化+2.41% | 美股+0.00% | 港股+0.00%

  📋 [60/159] [趋势跟踪] SPY/GLD/SHY轮动_6M

    🌐 [US市场回测]

    🌐 [HK市场回测]

    🌐 [CN市场回测]
      ❌ [美股] 最大回撤>30% | 年化+7.14% | 回撤34.03%
      ❌ [港股] 最大回撤>30% | 年化+6.35% | 回撤36.06%
      ✅ [A股] 得分29.94分 | 年化+1.41% | 回撤17.55% | 夏普0.03  ⚠️
    📊 多标的回测汇总: 130只标的 | 盈利占比77.7% | 平均年化+8.16% | 中位数年化+6.39%
       美股99只(盈利72) 年化+5.77%
       港股30只(盈利28) 年化+16.08%
    🌐 多标的回测: 130只 | 盈利占比77.7% | 中位年化+6.40% | 美股+5.77% | 港股+16.08%

  📋 [61/159] [趋势跟踪] SPY/GLD/SHY轮动_6M

    🌐 [US市场回测]

    🌐 [HK市场回测]

    🌐 [CN市场回测]
      ❌ [美股] 最大回撤>30% | 年化+7.50% | 回撤32.26%
      ❌ [港股] 最大回撤>30% | 年化+6.90% | 回撤33.75%
      ✅ [A股] 得分33.16分 | 年化+2.81% | 回撤16.25% | 夏普0.13  ⚠️
    📊 多标的回测汇总: 130只标的 | 盈利占比77.7% | 平均年化+7.05% | 中位数年化+5.54%
       美股99只(盈利73) 年化+6.01%
       港股30只(盈利27) 年化+10.44%
    🌐 多标的回测: 130只 | 盈利占比77.7% | 中位年化+5.54% | 美股+6.01% | 港股+10.44%

  📋 [62/159] [趋势跟踪] SPY/GLD/SHY轮动_6M

    🌐 [US市场回测]

    🌐 [HK市场回测]

    🌐 [CN市场回测]
      ❌ [美股] 最大回撤>30% | 年化+7.93% | 回撤30.08%
      ❌ [港股] 最大回撤>30% | 年化+7.48% | 回撤30.25%
      ✅ [A股] 得分36.78分 | 年化+4.48% | 回撤16.25% | 夏普0.24  ⚠️
    📊 多标的回测汇总: 130只标的 | 盈利占比79.2% | 平均年化+6.76% | 中位数年化+5.84%
       美股99只(盈利76) 年化+6.53%
       港股30只(盈利26) 年化+7.49%
    🌐 多标的回测: 130只 | 盈利占比79.2% | 中位年化+5.84% | 美股+6.53% | 港股+7.49%

  📋 [63/159] [趋势跟踪] SPY/GLD/SHY轮动_9M

    🌐 [US市场回测]

    🌐 [HK市场回测]

    🌐 [CN市场回测]
      ❌ [美股] 最大回撤>30% | 年化+8.68% | 回撤34.54%
      ❌ [港股] 最大回撤>30% | 年化+8.05% | 回撤36.08%
      ✅ [A股] 得分45.71分 | 年化+8.51% | 回撤16.25% | 夏普0.51  ⚠️
    📊 多标的回测汇总: 130只标的 | 盈利占比77.7% | 平均年化+8.25% | 中位数年化+5.88%
       美股99只(盈利72) 年化+6.11%
       港股30只(盈利28) 年化+15.30%
    🌐 多标的回测: 130只 | 盈利占比77.7% | 中位年化+5.88% | 美股+6.11% | 港股+15.30%

  📋 [64/159] [趋势跟踪] SPY/GLD/SHY轮动_9M

    🌐 [US市场回测]

    🌐 [HK市场回测]

    🌐 [CN市场回测]
      ❌ [美股] 最大回撤>30% | 年化+8.23% | 回撤36.06%
      ❌ [港股] 最大回撤>30% | 年化+7.75% | 回撤37.26%
      ✅ [A股] 得分47.55分 | 年化+9.36% | 回撤16.25% | 夏普0.56  ⚠️
    📊 多标的回测汇总: 130只标的 | 盈利占比78.5% | 平均年化+7.70% | 中位数年化+6.69%
       美股99只(盈利76) 年化+6.59%
       港股30只(盈利25) 年化+11.32%
    🌐 多标的回测: 130只 | 盈利占比78.5% | 中位年化+6.68% | 美股+6.59% | 港股+11.32%

  📋 [65/159] [趋势跟踪] SPY/GLD/SHY轮动_9M

    🌐 [US市场回测]

    🌐 [HK市场回测]

    🌐 [CN市场回测]
      ❌ [美股] 最大回撤>30% | 年化+9.70% | 回撤33.77%
      ❌ [港股] 最大回撤>30% | 年化+9.31% | 回撤34.47%
      ✅ [A股] 得分46.08分 | 年化+8.70% | 回撤16.25% | 夏普0.52  ⚠️
    📊 多标的回测汇总: 130只标的 | 盈利占比80.8% | 平均年化+7.99% | 中位数年化+6.72%
       美股99只(盈利81) 年化+7.40%
       港股30只(盈利23) 年化+9.89%
    🌐 多标的回测: 130只 | 盈利占比80.8% | 中位年化+6.72% | 美股+7.40% | 港股+9.89%

  📋 [66/159] [趋势跟踪] SPY/GLD/SHY轮动_12M

    🌐 [US市场回测]

    🌐 [HK市场回测]

    🌐 [CN市场回测]
      ❌ [美股] 最大回撤>30% | 年化+9.76% | 回撤31.61%
      ❌ [港股] 最大回撤>30% | 年化+9.23% | 回撤32.41%
      ✅ [A股] 得分45.16分 | 年化+8.11% | 回撤16.25% | 夏普0.50  ⚠️
    📊 多标的回测汇总: 130只标的 | 盈利占比82.3% | 平均年化+7.70% | 中位数年化+4.97%
       美股99只(盈利76) 年化+5.52%
       港股30只(盈利30) 年化+14.83%
    🌐 多标的回测: 130只 | 盈利占比82.3% | 中位年化+4.97% | 美股+5.52% | 港股+14.83%

  📋 [67/159] [趋势跟踪] SPY/GLD/SHY轮动_12M

    🌐 [US市场回测]

    🌐 [HK市场回测]

    🌐 [CN市场回测]
      ❌ [美股] 最大回撤>30% | 年化+9.17% | 回撤31.61%
      ❌ [港股] 最大回撤>30% | 年化+8.77% | 回撤31.67%
      ✅ [A股] 得分44.64分 | 年化+7.85% | 回撤16.25% | 夏普0.49  ⚠️
    📊 多标的回测汇总: 130只标的 | 盈利占比76.9% | 平均年化+7.11% | 中位数年化+5.09%
       美股99只(盈利73) 年化+5.93%
       港股30只(盈利26) 年化+10.95%
    🌐 多标的回测: 130只 | 盈利占比76.9% | 中位年化+5.10% | 美股+5.93% | 港股+10.95%

  📋 [68/159] [趋势跟踪] SPY/GLD/SHY轮动_12M

    🌐 [US市场回测]

    🌐 [HK市场回测]

    🌐 [CN市场回测]
      ❌ [美股] 最大回撤>30% | 年化+9.73% | 回撤31.61%
      ❌ [港股] 最大回撤>30% | 年化+9.36% | 回撤31.67%
      ✅ [A股] 得分47.38分 | 年化+9.06% | 回撤16.25% | 夏普0.57  ⚠️
    📊 多标的回测汇总: 130只标的 | 盈利占比81.5% | 平均年化+7.04% | 中位数年化+4.62%
       美股99只(盈利78) 年化+6.28%
       港股30只(盈利27) 年化+9.45%
    🌐 多标的回测: 130只 | 盈利占比81.5% | 中位年化+4.62% | 美股+6.28% | 港股+9.45%

  📋 [69/159] [趋势跟踪] QQQ/VEA/GLD轮动_6M

    🌐 [US市场回测]

    🌐 [HK市场回测]

    🌐 [CN市场回测]
      ✅ [美股] 得分32.61分 | 年化+4.75% | 回撤23.76% | 夏普0.08 ✅ ⚠️
      ✅ [港股] 得分30.95分 | 年化+4.03% | 回撤24.63% | 夏普0.03 ✅ ⚠️
      ✅ [A股] 得分20.23分 | 年化+1.54% | 回撤25.33% | 夏普0.04  ⚠️
    📊 多标的回测汇总: 130只标的 | 盈利占比77.7% | 平均年化+8.14% | 中位数年化+6.30%
       美股99只(盈利72) 年化+5.77%
       港股30只(盈利28) 年化+16.08%
    🌐 多标的回测: 130只 | 盈利占比77.7% | 中位年化+6.30% | 美股+5.77% | 港股+16.08%

  📋 [70/159] [趋势跟踪] QQQ/VEA/GLD轮动_6M

    🌐 [US市场回测]

    🌐 [HK市场回测]

    🌐 [CN市场回测]
      ✅ [美股] 得分33.02分 | 年化+4.96% | 回撤23.95% | 夏普0.09 ✅ ⚠️
      ✅ [港股] 得分31.64分 | 年化+4.36% | 回撤24.69% | 夏普0.05 ✅ ⚠️
      ✅ [A股] 得分26.17分 | 年化+2.88% | 回撤24.19% | 夏普0.13  ⚠️
    📊 多标的回测汇总: 130只标的 | 盈利占比77.7% | 平均年化+7.03% | 中位数年化+5.47%
       美股99只(盈利73) 年化+6.01%
       港股30只(盈利27) 年化+10.44%
    🌐 多标的回测: 130只 | 盈利占比77.7% | 中位年化+5.48% | 美股+6.01% | 港股+10.44%

  📋 [71/159] [趋势跟踪] QQQ/VEA/GLD轮动_9M

    🌐 [US市场回测]

    🌐 [HK市场回测]

    🌐 [CN市场回测]
      ✅ [美股] 得分17.39分 | 年化+0.23% | 回撤25.83% | 夏普-0.24  ⚠️
      ❌ [港股] 年化收益为负 | 年化-0.63% | 回撤27.09%
      ✅ [A股] 得分29.49分 | 年化+4.41% | 回撤22.17% | 夏普0.23  ⚠️
    📊 多标的回测汇总: 130只标的 | 盈利占比77.7% | 平均年化+8.19% | 中位数年化+5.76%
       美股99只(盈利72) 年化+6.11%
       港股30只(盈利28) 年化+15.30%
    🌐 多标的回测: 130只 | 盈利占比77.7% | 中位年化+5.76% | 美股+6.11% | 港股+15.30%

  📋 [72/159] [趋势跟踪] QQQ/VEA/GLD轮动_9M

    🌐 [US市场回测]

    🌐 [HK市场回测]

    🌐 [CN市场回测]
      ✅ [美股] 得分19.31分 | 年化+1.64% | 回撤27.32% | 夏普-0.14  ⚠️
      ✅ [港股] 得分18.49分 | 年化+1.03% | 回撤28.45% | 夏普-0.18  ⚠️
      ✅ [A股] 得分27.56分 | 年化+3.53% | 回撤22.17% | 夏普0.17  ⚠️
    📊 多标的回测汇总: 130只标的 | 盈利占比78.5% | 平均年化+7.64% | 中位数年化+6.57%
       美股99只(盈利76) 年化+6.59%
       港股30只(盈利25) 年化+11.32%
    🌐 多标的回测: 130只 | 盈利占比78.5% | 中位年化+6.57% | 美股+6.59% | 港股+11.32%

  📋 [73/159] [趋势跟踪] QQQ/VEA/GLD轮动_12M

    🌐 [US市场回测]

    🌐 [HK市场回测]

    🌐 [CN市场回测]
      ❌ [美股] 最大回撤>30% | 年化+1.18% | 回撤37.63%
      ❌ [港股] 最大回撤>30% | 年化+0.46% | 回撤39.35%
      ✅ [A股] 得分20.96分 | 年化+1.87% | 回撤28.68% | 夏普0.06  ⚠️
    📊 多标的回测汇总: 130只标的 | 盈利占比82.3% | 平均年化+7.64% | 中位数年化+4.68%
       美股99只(盈利76) 年化+5.52%
       港股30只(盈利30) 年化+14.83%
    🌐 多标的回测: 130只 | 盈利占比82.3% | 中位年化+4.68% | 美股+5.52% | 港股+14.83%

  📋 [74/159] [趋势跟踪] QQQ/VEA/GLD轮动_12M

    🌐 [US市场回测]

    🌐 [HK市场回测]

    🌐 [CN市场回测]
      ❌ [美股] 最大回撤>30% | 年化+3.06% | 回撤31.20%
      ❌ [港股] 最大回撤>30% | 年化+2.50% | 回撤32.43%
      ✅ [A股] 得分22.85分 | 年化+2.72% | 回撤26.97% | 夏普0.12  ⚠️
    📊 多标的回测汇总: 130只标的 | 盈利占比76.9% | 平均年化+7.07% | 中位数年化+4.95%
       美股99只(盈利73) 年化+5.93%
       港股30只(盈利26) 年化+10.95%
    🌐 多标的回测: 130只 | 盈利占比76.9% | 中位年化+4.95% | 美股+5.93% | 港股+10.95%

  📋 [75/159] [均值回归] 布林带回归_10日2.0σ_6M

    🌐 [US市场回测]

    🌐 [HK市场回测]

    🌐 [CN市场回测]
      ❌ [美股] 最大回撤>30% | 年化+12.91% | 回撤35.02%
      ❌ [港股] 最大回撤>30% | 年化+11.91% | 回撤35.13%
      ❌ [A股] 最大回撤>30% | 年化-4.56% | 回撤38.64%
    📊 多标的回测汇总: 130只标的 | 盈利占比71.5% | 平均年化+0.91% | 中位数年化+5.02%
       美股99只(盈利92) 年化+8.45%
       港股30只(盈利0) 年化-24.37%
    🌐 多标的回测: 130只 | 盈利占比71.5% | 中位年化+5.02% | 美股+8.45% | 港股-24.37%

  📋 [76/159] [均值回归] 布林带回归_10日2.0σ_9M

    🌐 [US市场回测]

    🌐 [HK市场回测]

    🌐 [CN市场回测]
      ❌ [美股] 最大回撤>30% | 年化+12.90% | 回撤35.02%
      ❌ [港股] 最大回撤>30% | 年化+11.90% | 回撤35.13%
      ❌ [A股] 最大回撤>30% | 年化-4.54% | 回撤38.60%
    📊 多标的回测汇总: 130只标的 | 盈利占比71.5% | 平均年化+0.91% | 中位数年化+5.02%
       美股99只(盈利92) 年化+8.45%
       港股30只(盈利0) 年化-24.37%
    🌐 多标的回测: 130只 | 盈利占比71.5% | 中位年化+5.02% | 美股+8.45% | 港股-24.37%

  📋 [77/159] [均值回归] 布林带回归_10日2.5σ_6M

    🌐 [US市场回测]

    🌐 [HK市场回测]

    🌐 [CN市场回测]
      ❌ [美股] 最大回撤>30% | 年化+8.16% | 回撤35.27%
      ❌ [港股] 最大回撤>30% | 年化+8.08% | 回撤35.27%
      ❌ [A股] 最大回撤>30% | 年化-9.90% | 回撤45.48%
    📊 多标的回测汇总: 128只标的 | 盈利占比73.4% | 平均年化+4.59% | 中位数年化+4.29%
       美股98只(盈利85) 年化+7.32%
       港股29只(盈利8) 年化-4.77%
    🌐 多标的回测: 128只 | 盈利占比73.4% | 中位年化+4.29% | 美股+7.32% | 港股-4.77%

  📋 [78/159] [均值回归] 布林带回归_10日2.5σ_9M

    🌐 [US市场回测]

    🌐 [HK市场回测]

    🌐 [CN市场回测]
      ❌ [美股] 最大回撤>30% | 年化+8.16% | 回撤35.27%
      ❌ [港股] 最大回撤>30% | 年化+8.08% | 回撤35.27%
      ❌ [A股] 最大回撤>30% | 年化-9.90% | 回撤45.48%
    📊 多标的回测汇总: 128只标的 | 盈利占比73.4% | 平均年化+4.59% | 中位数年化+4.29%
       美股98只(盈利85) 年化+7.32%
       港股29只(盈利8) 年化-4.77%
    🌐 多标的回测: 128只 | 盈利占比73.4% | 中位年化+4.29% | 美股+7.32% | 港股-4.77%

  📋 [79/159] [均值回归] 布林带回归_20日2.0σ_6M

    🌐 [US市场回测]

    🌐 [HK市场回测]

    🌐 [CN市场回测]
      ❌ [美股] 最大回撤>30% | 年化+12.76% | 回撤33.62%
      ❌ [港股] 最大回撤>30% | 年化+11.64% | 回撤33.74%
      ✅ [A股] 得分17.86分 | 年化+0.28% | 回撤26.87% | 夏普-0.03  ⚠️
    📊 多标的回测汇总: 130只标的 | 盈利占比70.8% | 平均年化+2.54% | 中位数年化+6.83%
       美股99只(盈利91) 年化+8.91%
       港股30只(盈利0) 年化-18.83%
    🌐 多标的回测: 130只 | 盈利占比70.8% | 中位年化+6.83% | 美股+8.91% | 港股-18.83%

  📋 [80/159] [均值回归] 布林带回归_20日2.0σ_9M

    🌐 [US市场回测]

    🌐 [HK市场回测]

    🌐 [CN市场回测]
      ❌ [美股] 最大回撤>30% | 年化+12.57% | 回撤33.62%
      ❌ [港股] 最大回撤>30% | 年化+11.45% | 回撤33.74%
      ✅ [A股] 得分17.69分 | 年化+0.27% | 回撤26.89% | 夏普-0.03  ⚠️
    📊 多标的回测汇总: 130只标的 | 盈利占比70.8% | 平均年化+2.53% | 中位数年化+6.83%
       美股99只(盈利91) 年化+8.91%
       港股30只(盈利0) 年化-18.83%
    🌐 多标的回测: 130只 | 盈利占比70.8% | 中位年化+6.83% | 美股+8.91% | 港股-18.83%

  📋 [81/159] [均值回归] 布林带回归_20日2.5σ_6M

    🌐 [US市场回测]

    🌐 [HK市场回测]

    🌐 [CN市场回测]
      ❌ [美股] 最大回撤>30% | 年化+13.86% | 回撤31.52%
      ❌ [港股] 最大回撤>30% | 年化+13.52% | 回撤31.68%
      ❌ [A股] 年化收益为负 | 年化-0.45% | 回撤27.55%
    📊 多标的回测汇总: 130只标的 | 盈利占比72.3% | 平均年化+5.80% | 中位数年化+8.49%
       美股99只(盈利92) 年化+10.35%
       港股30只(盈利1) 年化-9.47%
    🌐 多标的回测: 130只 | 盈利占比72.3% | 中位年化+8.49% | 美股+10.35% | 港股-9.47%

  📋 [82/159] [均值回归] 布林带回归_20日2.5σ_9M

    🌐 [US市场回测]

    🌐 [HK市场回测]

    🌐 [CN市场回测]
      ❌ [美股] 最大回撤>30% | 年化+13.42% | 回撤31.52%
      ❌ [港股] 最大回撤>30% | 年化+13.08% | 回撤31.68%
      ❌ [A股] 年化收益为负 | 年化-0.45% | 回撤27.55%
    📊 多标的回测汇总: 130只标的 | 盈利占比72.3% | 平均年化+5.80% | 中位数年化+8.49%
       美股99只(盈利92) 年化+10.35%
       港股30只(盈利1) 年化-9.47%
    🌐 多标的回测: 130只 | 盈利占比72.3% | 中位年化+8.49% | 美股+10.35% | 港股-9.47%

  📋 [83/159] [高股息轮动] 高股息轮动_6M+0d缓冲

    🌐 [US市场回测]

    🌐 [HK市场回测]

    🌐 [CN市场回测]
      ❌ [美股] 最大回撤>30% | 年化+4.29% | 回撤32.52%
      ❌ [港股] 最大回撤>30% | 年化+3.44% | 回撤33.62%
      ❌ [A股] 年化收益为负 | 年化-0.60% | 回撤28.67%
    📊 多标的回测汇总: 130只标的 | 盈利占比77.7% | 平均年化+8.14% | 中位数年化+6.30%
       美股99只(盈利72) 年化+5.77%
       港股30只(盈利28) 年化+16.08%
    🌐 多标的回测: 130只 | 盈利占比77.7% | 中位年化+6.30% | 美股+5.77% | 港股+16.08%

  📋 [84/159] [高股息轮动] 高股息轮动_6M+3d缓冲

    🌐 [US市场回测]

    🌐 [HK市场回测]

    🌐 [CN市场回测]
      ❌ [美股] 最大回撤>30% | 年化+4.78% | 回撤31.81%
      ❌ [港股] 最大回撤>30% | 年化+4.15% | 回撤32.35%
      ✅ [A股] 得分18.37分 | 年化+1.21% | 回撤25.32% | 夏普0.02  ⚠️
    📊 多标的回测汇总: 130只标的 | 盈利占比77.7% | 平均年化+7.03% | 中位数年化+5.47%
       美股99只(盈利73) 年化+6.01%
       港股30只(盈利27) 年化+10.44%
    🌐 多标的回测: 130只 | 盈利占比77.7% | 中位年化+5.48% | 美股+6.01% | 港股+10.44%

  📋 [85/159] [高股息轮动] 高股息轮动_6M+5d缓冲

    🌐 [US市场回测]

    🌐 [HK市场回测]

    🌐 [CN市场回测]
      ❌ [美股] 最大回撤>30% | 年化+5.71% | 回撤31.81%
      ❌ [港股] 最大回撤>30% | 年化+5.17% | 回撤31.86%
      ✅ [A股] 得分19.96分 | 年化+1.88% | 回撤26.06% | 夏普0.07  ⚠️
    📊 多标的回测汇总: 130只标的 | 盈利占比79.2% | 平均年化+6.75% | 中位数年化+5.69%
       美股99只(盈利76) 年化+6.53%
       港股30只(盈利26) 年化+7.49%
    🌐 多标的回测: 130只 | 盈利占比79.2% | 中位年化+5.68% | 美股+6.53% | 港股+7.49%

  📋 [86/159] [高股息轮动] 高股息轮动_9M+0d缓冲

    🌐 [US市场回测]

    🌐 [HK市场回测]

    🌐 [CN市场回测]
      ❌ [美股] 最大回撤>30% | 年化+7.36% | 回撤36.04%
      ❌ [港股] 最大回撤>30% | 年化+6.47% | 回撤36.26%
      ✅ [A股] 得分28.05分 | 年化+4.00% | 回撤20.88% | 夏普0.20  ⚠️
    📊 多标的回测汇总: 130只标的 | 盈利占比77.7% | 平均年化+8.24% | 中位数年化+5.88%
       美股99只(盈利72) 年化+6.11%
       港股30只(盈利28) 年化+15.30%
    🌐 多标的回测: 130只 | 盈利占比77.7% | 中位年化+5.88% | 美股+6.11% | 港股+15.30%

  📋 [87/159] [高股息轮动] 高股息轮动_9M+3d缓冲

    🌐 [US市场回测]

    🌐 [HK市场回测]

    🌐 [CN市场回测]
      ❌ [美股] 最大回撤>30% | 年化+7.24% | 回撤31.85%
      ❌ [港股] 最大回撤>30% | 年化+6.59% | 回撤32.02%
      ✅ [A股] 得分29.25分 | 年化+4.50% | 回撤20.83% | 夏普0.24  ⚠️
    📊 多标的回测汇总: 130只标的 | 盈利占比78.5% | 平均年化+7.69% | 中位数年化+6.69%
       美股99只(盈利76) 年化+6.59%
       港股30只(盈利25) 年化+11.32%
    🌐 多标的回测: 130只 | 盈利占比78.5% | 中位年化+6.68% | 美股+6.59% | 港股+11.32%

  📋 [88/159] [高股息轮动] 高股息轮动_9M+5d缓冲

    🌐 [US市场回测]

    🌐 [HK市场回测]

    🌐 [CN市场回测]
      ❌ [美股] 最大回撤>30% | 年化+9.12% | 回撤31.85%
      ❌ [港股] 最大回撤>30% | 年化+8.54% | 回撤32.02%
      ✅ [A股] 得分26.22分 | 年化+3.15% | 回撤24.06% | 夏普0.15  ⚠️
    📊 多标的回测汇总: 130只标的 | 盈利占比80.8% | 平均年化+7.99% | 中位数年化+6.72%
       美股99只(盈利81) 年化+7.40%
       港股30只(盈利23) 年化+9.89%
    🌐 多标的回测: 130只 | 盈利占比80.8% | 中位年化+6.72% | 美股+7.40% | 港股+9.89%

  📋 [89/159] [高股息轮动] 高股息轮动_12M+0d缓冲

    🌐 [US市场回测]

    🌐 [HK市场回测]

    🌐 [CN市场回测]
      ❌ [美股] 最大回撤>30% | 年化+8.89% | 回撤32.90%
      ❌ [港股] 最大回撤>30% | 年化+8.16% | 回撤32.95%
      ✅ [A股] 得分26.17分 | 年化+2.88% | 回撤24.63% | 夏普0.13  ⚠️
    📊 多标的回测汇总: 130只标的 | 盈利占比82.3% | 平均年化+7.70% | 中位数年化+4.97%
       美股99只(盈利76) 年化+5.52%
       港股30只(盈利30) 年化+14.83%
    🌐 多标的回测: 130只 | 盈利占比82.3% | 中位年化+4.97% | 美股+5.52% | 港股+14.83%

  📋 [90/159] [高股息轮动] 高股息轮动_12M+3d缓冲

    🌐 [US市场回测]

    🌐 [HK市场回测]

    🌐 [CN市场回测]
      ❌ [美股] 最大回撤>30% | 年化+8.64% | 回撤32.90%
      ❌ [港股] 最大回撤>30% | 年化+8.03% | 回撤32.95%
      ✅ [A股] 得分21.64分 | 年化+2.22% | 回撤25.06% | 夏普0.08  ⚠️
    📊 多标的回测汇总: 130只标的 | 盈利占比76.9% | 平均年化+7.11% | 中位数年化+5.09%
       美股99只(盈利73) 年化+5.93%
       港股30只(盈利26) 年化+10.95%
    🌐 多标的回测: 130只 | 盈利占比76.9% | 中位年化+5.10% | 美股+5.93% | 港股+10.95%

  📋 [91/159] [高股息轮动] 高股息轮动_12M+5d缓冲

    🌐 [US市场回测]

    🌐 [HK市场回测]

    🌐 [CN市场回测]
      ❌ [美股] 最大回撤>30% | 年化+9.37% | 回撤32.90%
      ❌ [港股] 最大回撤>30% | 年化+8.87% | 回撤32.95%
      ✅ [A股] 得分29.72分 | 年化+4.46% | 回撤22.14% | 夏普0.24  ⚠️
/usr/local/lib64/python3.11/site-packages/numpy/_core/fromnumeric.py:3824: RuntimeWarning: Mean of empty slice
  return _methods._mean(a, axis=axis, dtype=dtype,
/usr/local/lib64/python3.11/site-packages/numpy/_core/_methods.py:142: RuntimeWarning: invalid value encountered in scalar divide
  ret = ret.dtype.type(ret / rcount)
/usr/local/lib64/python3.11/site-packages/numpy/_core/fromnumeric.py:3824: RuntimeWarning: Mean of empty slice
  return _methods._mean(a, axis=axis, dtype=dtype,
/usr/local/lib64/python3.11/site-packages/numpy/_core/_methods.py:142: RuntimeWarning: invalid value encountered in scalar divide
  ret = ret.dtype.type(ret / rcount)
/usr/local/lib64/python3.11/site-packages/numpy/_core/fromnumeric.py:3824: RuntimeWarning: Mean of empty slice
  return _methods._mean(a, axis=axis, dtype=dtype,
/usr/local/lib64/python3.11/site-packages/numpy/_core/_methods.py:142: RuntimeWarning: invalid value encountered in scalar divide
  ret = ret.dtype.type(ret / rcount)
/usr/local/lib64/python3.11/site-packages/numpy/_core/fromnumeric.py:3824: RuntimeWarning: Mean of empty slice
  return _methods._mean(a, axis=axis, dtype=dtype,
/usr/local/lib64/python3.11/site-packages/numpy/_core/_methods.py:142: RuntimeWarning: invalid value encountered in scalar divide
  ret = ret.dtype.type(ret / rcount)
/usr/local/lib64/python3.11/site-packages/numpy/_core/fromnumeric.py:3824: RuntimeWarning: Mean of empty slice
  return _methods._mean(a, axis=axis, dtype=dtype,
/usr/local/lib64/python3.11/site-packages/numpy/_core/_methods.py:142: RuntimeWarning: invalid value encountered in scalar divide
  ret = ret.dtype.type(ret / rcount)
/usr/local/lib64/python3.11/site-packages/numpy/_core/fromnumeric.py:3824: RuntimeWarning: Mean of empty slice
  return _methods._mean(a, axis=axis, dtype=dtype,
/usr/local/lib64/python3.11/site-packages/numpy/_core/_methods.py:142: RuntimeWarning: invalid value encountered in scalar divide
  ret = ret.dtype.type(ret / rcount)
/usr/local/lib64/python3.11/site-packages/numpy/_core/fromnumeric.py:3824: RuntimeWarning: Mean of empty slice
  return _methods._mean(a, axis=axis, dtype=dtype,
/usr/local/lib64/python3.11/site-packages/numpy/_core/_methods.py:142: RuntimeWarning: invalid value encountered in scalar divide
  ret = ret.dtype.type(ret / rcount)
/usr/local/lib64/python3.11/site-packages/numpy/_core/fromnumeric.py:3824: RuntimeWarning: Mean of empty slice
  return _methods._mean(a, axis=axis, dtype=dtype,
/usr/local/lib64/python3.11/site-packages/numpy/_core/_methods.py:142: RuntimeWarning: invalid value encountered in scalar divide
  ret = ret.dtype.type(ret / rcount)
/usr/local/lib64/python3.11/site-packages/numpy/_core/fromnumeric.py:3824: RuntimeWarning: Mean of empty slice
  return _methods._mean(a, axis=axis, dtype=dtype,
/usr/local/lib64/python3.11/site-packages/numpy/_core/_methods.py:142: RuntimeWarning: invalid value encountered in scalar divide
  ret = ret.dtype.type(ret / rcount)
    📊 多标的回测汇总: 130只标的 | 盈利占比81.5% | 平均年化+7.03% | 中位数年化+4.62%
       美股99只(盈利78) 年化+6.28%
       港股30只(盈利27) 年化+9.45%
    🌐 多标的回测: 130只 | 盈利占比81.5% | 中位年化+4.62% | 美股+6.28% | 港股+9.45%

  📋 [92/159] [事件驱动] 宏观轮动_3M+0d缓冲

    🌐 [US市场回测]

    🌐 [HK市场回测]

    🌐 [CN市场回测]
      ❌ [美股] 最大回撤>30% | 年化-2.58% | 回撤39.48%
      ❌ [港股] 最大回撤>30% | 年化-4.47% | 回撤43.70%
      ✅ [A股] 得分21.85分 | 年化+1.46% | 回撤21.96% | 夏普0.03  ⚠️
    📊 多标的回测汇总: 1只标的 | 盈利占比0.0% | 平均年化-2.58% | 中位数年化-2.58%
    🌐 多标的回测: 1只 | 盈利占比0.0% | 中位年化-2.58% | 美股+0.00% | 港股+0.00%

  📋 [93/159] [事件驱动] 宏观轮动_3M+3d缓冲

    🌐 [US市场回测]

    🌐 [HK市场回测]

    🌐 [CN市场回测]
      ❌ [美股] 最大回撤>30% | 年化-2.22% | 回撤40.26%
      ❌ [港股] 最大回撤>30% | 年化-3.59% | 回撤43.27%
      ✅ [A股] 得分36.78分 | 年化+4.83% | 回撤19.00% | 夏普0.26  ⚠️
    📊 多标的回测汇总: 1只标的 | 盈利占比0.0% | 平均年化-2.22% | 中位数年化-2.22%
    🌐 多标的回测: 1只 | 盈利占比0.0% | 中位年化-2.22% | 美股+0.00% | 港股+0.00%

  📋 [94/159] [事件驱动] 宏观轮动_3M+5d缓冲

    🌐 [US市场回测]

    🌐 [HK市场回测]

    🌐 [CN市场回测]
      ❌ [美股] 最大回撤>30% | 年化+0.54% | 回撤35.42%
      ❌ [港股] 最大回撤>30% | 年化-0.58% | 回撤37.82%
      ✅ [A股] 得分37.49分 | 年化+5.03% | 回撤18.97% | 夏普0.28  ⚠️
    📊 多标的回测汇总: 1只标的 | 盈利占比100.0% | 平均年化+0.54% | 中位数年化+0.54%
    🌐 多标的回测: 1只 | 盈利占比100.0% | 中位年化+0.54% | 美股+0.00% | 港股+0.00%

  📋 [95/159] [事件驱动] 宏观轮动_6M+0d缓冲

    🌐 [US市场回测]

    🌐 [HK市场回测]

    🌐 [CN市场回测]
      ❌ [美股] 最大回撤>30% | 年化+4.00% | 回撤35.53%
      ❌ [港股] 最大回撤>30% | 年化+2.68% | 回撤37.47%
      ✅ [A股] 得分36.5分 | 年化+7.31% | 回撤21.58% | 夏普0.47  ⚠️
    📊 多标的回测汇总: 1只标的 | 盈利占比100.0% | 平均年化+4.00% | 中位数年化+4.00%
    🌐 多标的回测: 1只 | 盈利占比100.0% | 中位年化+4.00% | 美股+0.00% | 港股+0.00%

  📋 [96/159] [事件驱动] 宏观轮动_6M+3d缓冲

    🌐 [US市场回测]

    🌐 [HK市场回测]

    🌐 [CN市场回测]
      ✅ [美股] 得分28.7分 | 年化+6.68% | 回撤26.99% | 夏普0.20  ⚠️
      ✅ [港股] 得分26.66分 | 年化+5.70% | 回撤28.01% | 夏普0.15  ⚠️
      ✅ [A股] 得分46.0分 | 年化+8.41% | 回撤16.77% | 夏普0.55  ⚠️
    📊 多标的回测汇总: 1只标的 | 盈利占比100.0% | 平均年化+6.68% | 中位数年化+6.68%
    🌐 多标的回测: 1只 | 盈利占比100.0% | 中位年化+6.68% | 美股+0.00% | 港股+0.00%

  📋 [97/159] [事件驱动] 宏观轮动_6M+5d缓冲

    🌐 [US市场回测]

    🌐 [HK市场回测]

    🌐 [CN市场回测]
      ✅ [美股] 得分28.78分 | 年化+6.55% | 回撤28.57% | 夏普0.20  ⚠️
      ✅ [港股] 得分26.77分 | 年化+5.67% | 回撤29.67% | 夏普0.14  ⚠️
      ✅ [A股] 得分36.45分 | 年化+7.25% | 回撤21.61% | 夏普0.47  ⚠️
    📊 多标的回测汇总: 1只标的 | 盈利占比100.0% | 平均年化+6.55% | 中位数年化+6.55%
    🌐 多标的回测: 1只 | 盈利占比100.0% | 中位年化+6.55% | 美股+0.00% | 港股+0.00%

  📋 [98/159] [事件驱动] 宏观轮动_9M+0d缓冲

    🌐 [US市场回测]

    🌐 [HK市场回测]

    🌐 [CN市场回测]
      ❌ [美股] 最大回撤>30% | 年化+0.74% | 回撤36.05%
      ❌ [港股] 最大回撤>30% | 年化-0.74% | 回撤37.55%
      ✅ [A股] 得分57.41分 | 年化+13.01% | 回撤11.98% | 夏普0.93  ⚠️
    📊 多标的回测汇总: 1只标的 | 盈利占比100.0% | 平均年化+0.74% | 中位数年化+0.74%
    🌐 多标的回测: 1只 | 盈利占比100.0% | 中位年化+0.74% | 美股+0.00% | 港股+0.00%

  📋 [99/159] [事件驱动] 宏观轮动_9M+3d缓冲

    🌐 [US市场回测]

    🌐 [HK市场回测]

    🌐 [CN市场回测]
      ❌ [美股] 最大回撤>30% | 年化-2.17% | 回撤41.02%
      ❌ [港股] 最大回撤>30% | 年化-3.32% | 回撤42.31%
      ✅ [A股] 得分62.66分 | 年化+13.11% | 回撤9.89% | 夏普0.94  ⚠️
    📊 多标的回测汇总: 1只标的 | 盈利占比0.0% | 平均年化-2.17% | 中位数年化-2.17%
    🌐 多标的回测: 1只 | 盈利占比0.0% | 中位年化-2.17% | 美股+0.00% | 港股+0.00%

  📋 [100/159] [事件驱动] 宏观轮动_9M+5d缓冲

    🌐 [US市场回测]

    🌐 [HK市场回测]

    🌐 [CN市场回测]
      ❌ [美股] 最大回撤>30% | 年化+0.65% | 回撤40.06%
      ❌ [港股] 最大回撤>30% | 年化-0.35% | 回撤41.18%
      ✅ [A股] 得分54.2分 | 年化+11.72% | 回撤13.03% | 夏普0.82  ⚠️
    📊 多标的回测汇总: 1只标的 | 盈利占比100.0% | 平均年化+0.65% | 中位数年化+0.65%
    🌐 多标的回测: 1只 | 盈利占比100.0% | 中位年化+0.65% | 美股+0.00% | 港股+0.00%

  📋 [101/159] [趋势跟踪] MACD8/21轮动+0d缓冲

    🌐 [US市场回测]

    🌐 [HK市场回测]

    🌐 [CN市场回测]
      ✅ [美股] 得分40.85分 | 年化+7.53% | 回撤15.27% | 夏普0.29  ⚠️
      ✅ [港股] 得分32.79分 | 年化+4.17% | 回撤19.30% | 夏普0.03  ⚠️
      ❌ [A股] 年化收益为负 | 年化-4.65% | 回撤29.34%
    📊 多标的回测汇总: 130只标的 | 盈利占比80.0% | 平均年化+19.57% | 中位数年化+8.12%
       美股99只(盈利73) 年化+5.67%
       港股30只(盈利30) 年化+65.83%
    🌐 多标的回测: 130只 | 盈利占比80.0% | 中位年化+8.12% | 美股+5.67% | 港股+65.83%

  📋 [102/159] [趋势跟踪] MACD8/21轮动+3d缓冲

    🌐 [US市场回测]

    🌐 [HK市场回测]

    🌐 [CN市场回测]
      ✅ [美股] 得分41.41分 | 年化+7.75% | 回撤17.12% | 夏普0.30  ⚠️
      ✅ [港股] 得分34.47分 | 年化+4.87% | 回撤19.49% | 夏普0.08  ⚠️
      ❌ [A股] 最大回撤>30% | 年化-4.67% | 回撤32.19%
    📊 多标的回测汇总: 130只标的 | 盈利占比81.5% | 平均年化+15.61% | 中位数年化+8.01%
       美股99只(盈利75) 年化+5.69%
       港股30只(盈利30) 年化+48.58%
    🌐 多标的回测: 130只 | 盈利占比81.5% | 中位年化+8.01% | 美股+5.69% | 港股+48.58%

  📋 [103/159] [趋势跟踪] MACD8/26轮动+0d缓冲

    🌐 [US市场回测]

    🌐 [HK市场回测]

    🌐 [CN市场回测]
      ✅ [美股] 得分31.63分 | 年化+6.60% | 回撤20.36% | 夏普0.22  ⚠️
      ✅ [港股] 得分21.36分 | 年化+3.52% | 回撤25.50% | 夏普-0.02  ⚠️
      ❌ [A股] 最大回撤>30% | 年化-4.58% | 回撤31.12%
    📊 多标的回测汇总: 130只标的 | 盈利占比80.8% | 平均年化+19.08% | 中位数年化+7.12%
       美股99只(盈利74) 年化+5.66%
       港股30只(盈利30) 年化+63.78%
    🌐 多标的回测: 130只 | 盈利占比80.8% | 中位年化+7.12% | 美股+5.66% | 港股+63.78%

  📋 [104/159] [趋势跟踪] MACD8/26轮动+3d缓冲

    🌐 [US市场回测]

    🌐 [HK市场回测]

    🌐 [CN市场回测]
      ✅ [美股] 得分33.01分 | 年化+7.18% | 回撤20.37% | 夏普0.26  ⚠️
      ✅ [港股] 得分26.45分 | 年化+4.46% | 回撤24.45% | 夏普0.05  ⚠️
      ❌ [A股] 最大回撤>30% | 年化-3.24% | 回撤32.43%
    📊 多标的回测汇总: 130只标的 | 盈利占比82.3% | 平均年化+15.34% | 中位数年化+7.46%
       美股99只(盈利76) 年化+5.79%
       港股30只(盈利30) 年化+47.14%
    🌐 多标的回测: 130只 | 盈利占比82.3% | 中位年化+7.46% | 美股+5.79% | 港股+47.14%

  📋 [105/159] [趋势跟踪] MACD12/21轮动+0d缓冲

    🌐 [US市场回测]

    🌐 [HK市场回测]

    🌐 [CN市场回测]
      ✅ [美股] 得分26.88分 | 年化+5.83% | 回撤28.94% | 夏普0.16  ⚠️
      ❌ [港股] 最大回撤>30% | 年化+2.90% | 回撤33.25%
      ❌ [A股] 最大回撤>30% | 年化-4.82% | 回撤30.02%
    📊 多标的回测汇总: 130只标的 | 盈利占比83.8% | 平均年化+17.30% | 中位数年化+7.88%
       美股99只(盈利78) 年化+6.32%
       港股30只(盈利30) 年化+53.95%
    🌐 多标的回测: 130只 | 盈利占比83.8% | 中位年化+7.88% | 美股+6.32% | 港股+53.95%

  📋 [106/159] [趋势跟踪] MACD12/21轮动+3d缓冲

    🌐 [US市场回测]

    🌐 [HK市场回测]

    🌐 [CN市场回测]
      ❌ [美股] 最大回撤>30% | 年化+5.85% | 回撤30.30%
      ❌ [港股] 最大回撤>30% | 年化+3.20% | 回撤33.98%
      ❌ [A股] 年化收益为负 | 年化-1.46% | 回撤21.93%
    📊 多标的回测汇总: 130只标的 | 盈利占比85.4% | 平均年化+14.56% | 中位数年化+8.18%
       美股99只(盈利80) 年化+6.39%
       港股30只(盈利30) 年化+41.81%
    🌐 多标的回测: 130只 | 盈利占比85.4% | 中位年化+8.18% | 美股+6.39% | 港股+41.81%

  📋 [107/159] [趋势跟踪] MACD12/26轮动+0d缓冲

    🌐 [US市场回测]

    🌐 [HK市场回测]

    🌐 [CN市场回测]
      ✅ [美股] 得分25.81分 | 年化+5.38% | 回撤25.43% | 夏普0.12  ⚠️
      ✅ [港股] 得分20.17分 | 年化+2.58% | 回撤29.14% | 夏普-0.10  ⚠️
      ❌ [A股] 最大回撤>30% | 年化-4.34% | 回撤31.64%
    📊 多标的回测汇总: 130只标的 | 盈利占比86.9% | 平均年化+16.61% | 中位数年化+7.23%
       美股99只(盈利82) 年化+6.46%
       港股30只(盈利30) 年化+50.46%
    🌐 多标的回测: 130只 | 盈利占比86.9% | 中位年化+7.24% | 美股+6.46% | 港股+50.46%

  📋 [108/159] [趋势跟踪] MACD12/26轮动+3d缓冲

    🌐 [US市场回测]

    🌐 [HK市场回测]

    🌐 [CN市场回测]
      ✅ [美股] 得分25.99分 | 年化+5.49% | 回撤28.31% | 夏普0.13  ⚠️
      ❌ [港股] 最大回撤>30% | 年化+2.94% | 回撤32.21%
      ❌ [A股] 年化收益为负 | 年化-3.74% | 回撤28.53%
    📊 多标的回测汇总: 130只标的 | 盈利占比86.2% | 平均年化+14.10% | 中位数年化+7.33%
       美股99只(盈利81) 年化+6.42%
       港股30只(盈利30) 年化+39.74%
    🌐 多标的回测: 130只 | 盈利占比86.2% | 中位年化+7.33% | 美股+6.42% | 港股+39.74%

  📋 [109/159] [均值回归] RSI7_25/70轮动

    🌐 [US市场回测]

    🌐 [HK市场回测]

    🌐 [CN市场回测]
      ❌ [美股] 最大回撤>30% | 年化-1.08% | 回撤32.51%
      ❌ [港股] 最大回撤>30% | 年化-2.45% | 回撤32.68%
      ❌ [A股] 最大回撤>30% | 年化-3.80% | 回撤32.82%
    📊 多标的回测汇总: 130只标的 | 盈利占比55.4% | 平均年化-3.39% | 中位数年化+1.12%
       美股99只(盈利72) 年化+3.16%
       港股30只(盈利0) 年化-25.07%
    🌐 多标的回测: 130只 | 盈利占比55.4% | 中位年化+1.12% | 美股+3.16% | 港股-25.07%

  📋 [110/159] [均值回归] RSI7_25/75轮动

    🌐 [US市场回测]

    🌐 [HK市场回测]

    🌐 [CN市场回测]
      ❌ [美股] 最大回撤>30% | 年化-0.42% | 回撤32.51%
      ❌ [港股] 最大回撤>30% | 年化-1.75% | 回撤32.68%
      ❌ [A股] 最大回撤>30% | 年化-6.52% | 回撤39.42%
    📊 多标的回测汇总: 130只标的 | 盈利占比58.5% | 平均年化-2.07% | 中位数年化+1.80%
       美股99只(盈利76) 年化+4.22%
       港股30只(盈利0) 年化-22.89%
    🌐 多标的回测: 130只 | 盈利占比58.5% | 中位年化+1.80% | 美股+4.22% | 港股-22.89%

  📋 [111/159] [均值回归] RSI7_30/70轮动

    🌐 [US市场回测]

    🌐 [HK市场回测]

    🌐 [CN市场回测]
      ❌ [美股] 最大回撤>30% | 年化-2.69% | 回撤36.21%
      ❌ [港股] 最大回撤>30% | 年化-4.23% | 回撤39.39%
      ❌ [A股] 最大回撤>30% | 年化-6.31% | 回撤39.14%
    📊 多标的回测汇总: 130只标的 | 盈利占比55.4% | 平均年化-3.63% | 中位数年化+1.06%
       美股99只(盈利72) 年化+3.63%
       港股30只(盈利0) 年化-27.63%
    🌐 多标的回测: 130只 | 盈利占比55.4% | 中位年化+1.06% | 美股+3.63% | 港股-27.63%

  📋 [112/159] [均值回归] RSI7_30/75轮动

    🌐 [US市场回测]

    🌐 [HK市场回测]

    🌐 [CN市场回测]
      ❌ [美股] 最大回撤>30% | 年化-1.12% | 回撤33.21%
      ❌ [港股] 最大回撤>30% | 年化-2.65% | 回撤36.25%
      ❌ [A股] 最大回撤>30% | 年化-9.04% | 回撤45.11%
    📊 多标的回测汇总: 130只标的 | 盈利占比58.5% | 平均年化-2.12% | 中位数年化+2.26%
       美股99只(盈利76) 年化+4.72%
       港股30只(盈利0) 年化-24.72%
    🌐 多标的回测: 130只 | 盈利占比58.5% | 中位年化+2.26% | 美股+4.72% | 港股-24.72%

  📋 [113/159] [均值回归] RSI14_25/70轮动

    🌐 [US市场回测]

    🌐 [HK市场回测]

    🌐 [CN市场回测]
      ✅ [美股] 得分39.93分 | 年化+9.35% | 回撤29.44% | 夏普0.37 ✅ ⚠️
      ✅ [港股] 得分38.77分 | 年化+8.78% | 回撤29.50% | 夏普0.34 ✅ ⚠️
      ❌ [A股] 最大回撤>30% | 年化-2.12% | 回撤33.96%
    📊 多标的回测汇总: 130只标的 | 盈利占比70.8% | 平均年化+2.96% | 中位数年化+5.21%
       美股99只(盈利90) 年化+6.86%
       港股30只(盈利1) 年化-10.11%
    🌐 多标的回测: 130只 | 盈利占比70.8% | 中位年化+5.20% | 美股+6.86% | 港股-10.11%

  📋 [114/159] [均值回归] RSI14_25/75轮动

    🌐 [US市场回测]

    🌐 [HK市场回测]

    🌐 [CN市场回测]
      ✅ [美股] 得分41.38分 | 年化+10.13% | 回撤29.44% | 夏普0.41 ✅ ⚠️
      ✅ [港股] 得分40.09分 | 年化+9.58% | 回撤29.50% | 夏普0.37 ✅ ⚠️
      ❌ [A股] 最大回撤>30% | 年化-5.13% | 回撤43.43%
    📊 多标的回测汇总: 130只标的 | 盈利占比72.3% | 平均年化+4.89% | 中位数年化+6.72%
       美股99只(盈利89) 年化+8.75%
       港股30只(盈利4) 年化-8.00%
    🌐 多标的回测: 130只 | 盈利占比72.3% | 中位年化+6.72% | 美股+8.75% | 港股-8.00%

  📋 [115/159] [均值回归] RSI14_30/70轮动

    🌐 [US市场回测]

    🌐 [HK市场回测]

    🌐 [CN市场回测]
      ❌ [美股] 最大回撤>30% | 年化+5.54% | 回撤34.74%
      ❌ [港股] 最大回撤>30% | 年化+4.75% | 回撤34.74%
      ❌ [A股] 最大回撤>30% | 年化-6.37% | 回撤42.65%
    📊 多标的回测汇总: 130只标的 | 盈利占比73.1% | 平均年化+3.25% | 中位数年化+5.15%
       美股99只(盈利93) 年化+8.14%
       港股30只(盈利1) 年化-12.95%
    🌐 多标的回测: 130只 | 盈利占比73.1% | 中位年化+5.15% | 美股+8.14% | 港股-12.95%

  📋 [116/159] [均值回归] RSI14_30/75轮动

    🌐 [US市场回测]

    🌐 [HK市场回测]

    🌐 [CN市场回测]
      ❌ [美股] 最大回撤>30% | 年化+9.30% | 回撤34.74%
      ❌ [港股] 最大回撤>30% | 年化+8.48% | 回撤34.74%
      ❌ [A股] 最大回撤>30% | 年化-8.09% | 回撤45.26%
    📊 多标的回测汇总: 130只标的 | 盈利占比73.1% | 平均年化+5.25% | 中位数年化+7.15%
       美股99只(盈利91) 年化+9.84%
       港股30只(盈利3) 年化-10.02%
    🌐 多标的回测: 130只 | 盈利占比73.1% | 中位年化+7.15% | 美股+9.84% | 港股-10.02%

  📋 [117/159] [均值回归] RSI(2)严格均值回归_5/80+0d缓冲

    🌐 [US市场回测]

    🌐 [HK市场回测]

    🌐 [CN市场回测]
      ❌ [美股] 最大回撤>30% | 年化+6.92% | 回撤30.89%
      ❌ [港股] 最大回撤>30% | 年化+2.28% | 回撤31.06%
      ❌ [A股] 最大回撤>30% | 年化-13.19% | 回撤51.13%
    📊 多标的回测汇总: 130只标的 | 盈利占比63.1% | 平均年化-2.50% | 中位数年化+3.04%
       美股99只(盈利81) 年化+7.28%
       港股30只(盈利0) 年化-35.12%
    🌐 多标的回测: 130只 | 盈利占比63.1% | 中位年化+3.04% | 美股+7.28% | 港股-35.12%

  📋 [118/159] [均值回归] RSI(2)严格均值回归_5/80+3d缓冲

    🌐 [US市场回测]

    🌐 [HK市场回测]

    🌐 [CN市场回测]
      ❌ [美股] 最大回撤>30% | 年化+5.67% | 回撤34.52%
      ❌ [港股] 最大回撤>30% | 年化+2.56% | 回撤36.22%
      ❌ [A股] 最大回撤>30% | 年化-10.29% | 回撤49.67%
    📊 多标的回测汇总: 130只标的 | 盈利占比63.1% | 平均年化-1.31% | 中位数年化+2.55%
       美股99只(盈利81) 年化+7.26%
       港股30只(盈利0) 年化-29.83%
    🌐 多标的回测: 130只 | 盈利占比63.1% | 中位年化+2.55% | 美股+7.26% | 港股-29.83%

  📋 [119/159] [均值回归] RSI(2)严格均值回归_5/90+0d缓冲

    🌐 [US市场回测]

    🌐 [HK市场回测]

    🌐 [CN市场回测]
      ❌ [美股] 最大回撤>30% | 年化+7.56% | 回撤30.89%
      ❌ [港股] 最大回撤>30% | 年化+4.13% | 回撤31.06%
      ❌ [A股] 最大回撤>30% | 年化-15.60% | 回撤55.90%
    📊 多标的回测汇总: 130只标的 | 盈利占比71.5% | 平均年化+4.67% | 中位数年化+7.07%
       美股99只(盈利91) 年化+11.41%
       港股30只(盈利1) 年化-17.65%
    🌐 多标的回测: 130只 | 盈利占比71.5% | 中位年化+7.07% | 美股+11.41% | 港股-17.65%

  📋 [120/159] [均值回归] RSI(2)严格均值回归_5/90+3d缓冲

    🌐 [US市场回测]

    🌐 [HK市场回测]

    🌐 [CN市场回测]
      ❌ [美股] 最大回撤>30% | 年化+7.00% | 回撤31.39%
      ❌ [港股] 最大回撤>30% | 年化+4.40% | 回撤31.62%
      ❌ [A股] 最大回撤>30% | 年化-12.73% | 回撤55.41%
    📊 多标的回测汇总: 130只标的 | 盈利占比71.5% | 平均年化+4.90% | 中位数年化+6.38%
       美股99只(盈利90) 年化+11.11%
       港股30只(盈利2) 年化-15.65%
    🌐 多标的回测: 130只 | 盈利占比71.5% | 中位年化+6.38% | 美股+11.11% | 港股-15.65%

  📋 [121/159] [均值回归] RSI(2)严格均值回归_10/80+0d缓冲

    🌐 [US市场回测]

    🌐 [HK市场回测]

    🌐 [CN市场回测]
      ❌ [美股] 最大回撤>30% | 年化+5.62% | 回撤31.46%
      ❌ [港股] 最大回撤>30% | 年化+0.86% | 回撤32.17%
      ❌ [A股] 最大回撤>30% | 年化-13.58% | 回撤52.31%
    📊 多标的回测汇总: 130只标的 | 盈利占比64.6% | 平均年化-2.41% | 中位数年化+3.31%
       美股99只(盈利83) 年化+7.51%
       港股30只(盈利0) 年化-35.41%
    🌐 多标的回测: 130只 | 盈利占比64.6% | 中位年化+3.31% | 美股+7.51% | 港股-35.41%

  📋 [122/159] [均值回归] RSI(2)严格均值回归_10/80+3d缓冲

    🌐 [US市场回测]

    🌐 [HK市场回测]

    🌐 [CN市场回测]
      ❌ [美股] 最大回撤>30% | 年化+4.49% | 回撤33.51%
      ❌ [港股] 最大回撤>30% | 年化+1.31% | 回撤35.45%
      ❌ [A股] 最大回撤>30% | 年化-11.41% | 回撤53.30%
    📊 多标的回测汇总: 130只标的 | 盈利占比65.4% | 平均年化-1.29% | 中位数年化+3.25%
       美股99只(盈利84) 年化+7.43%
       港股30只(盈利0) 年化-30.23%
    🌐 多标的回测: 130只 | 盈利占比65.4% | 中位年化+3.25% | 美股+7.43% | 港股-30.23%

  📋 [123/159] [均值回归] RSI(2)严格均值回归_10/90+0d缓冲

    🌐 [US市场回测]

    🌐 [HK市场回测]

    🌐 [CN市场回测]
      ❌ [美股] 最大回撤>30% | 年化+6.28% | 回撤31.48%
      ❌ [港股] 最大回撤>30% | 年化+2.76% | 回撤31.89%
      ❌ [A股] 最大回撤>30% | 年化-16.08% | 回撤57.19%
    📊 多标的回测汇总: 130只标的 | 盈利占比70.8% | 平均年化+4.72% | 中位数年化+6.88%
       美股99只(盈利90) 年化+11.52%
       港股30只(盈利1) 年化-17.77%
    🌐 多标的回测: 130只 | 盈利占比70.8% | 中位年化+6.88% | 美股+11.52% | 港股-17.77%

  📋 [124/159] [均值回归] RSI(2)严格均值回归_10/90+3d缓冲

    🌐 [US市场回测]

    🌐 [HK市场回测]

    🌐 [CN市场回测]
      ❌ [美股] 最大回撤>30% | 年化+6.04% | 回撤31.49%
      ❌ [港股] 最大回撤>30% | 年化+3.34% | 回撤32.66%
      ❌ [A股] 最大回撤>30% | 年化-13.90% | 回撤57.78%
    📊 多标的回测汇总: 130只标的 | 盈利占比72.3% | 平均年化+4.99% | 中位数年化+6.39%
       美股99只(盈利91) 年化+11.28%
       港股30只(盈利2) 年化-15.79%
    🌐 多标的回测: 130只 | 盈利占比72.3% | 中位年化+6.40% | 美股+11.28% | 港股-15.79%

  📋 [125/159] [趋势跟踪] 双市场自适应_3M+0d缓冲

    🌐 [US市场回测]

    🌐 [HK市场回测]

    🌐 [CN市场回测]
      ✅ [美股] 得分28.3分 | 年化+5.07% | 回撤21.21% | 夏普0.10  ⚠️
      ✅ [港股] 得分24.79分 | 年化+3.53% | 回撤22.51% | 夏普-0.02  ⚠️
      ❌ [A股] 最大回撤>30% | 年化-7.99% | 回撤40.02%
    📊 多标的回测汇总: 130只标的 | 盈利占比70.0% | 平均年化+8.77% | 中位数年化+4.25%
       美股99只(盈利60) 年化+2.81%
       港股30只(盈利30) 年化+28.54%
    🌐 多标的回测: 130只 | 盈利占比70.0% | 中位年化+4.25% | 美股+2.81% | 港股+28.54%

  📋 [126/159] [趋势跟踪] 双市场自适应_3M+3d缓冲

    🌐 [US市场回测]

    🌐 [HK市场回测]

    🌐 [CN市场回测]
      ✅ [美股] 得分19.55分 | 年化+1.88% | 回撤29.08% | 夏普-0.13  ⚠️
      ❌ [港股] 最大回撤>30% | 年化+0.66% | 回撤30.58%
      ❌ [A股] 最大回撤>30% | 年化-7.18% | 回撤37.77%
    📊 多标的回测汇总: 130只标的 | 盈利占比68.5% | 平均年化+6.43% | 中位数年化+3.22%
       美股99只(盈利60) 年化+2.50%
       港股30只(盈利28) 年化+19.54%
    🌐 多标的回测: 130只 | 盈利占比68.5% | 中位年化+3.22% | 美股+2.50% | 港股+19.54%

  📋 [127/159] [趋势跟踪] 双市场自适应_3M+5d缓冲

    🌐 [US市场回测]

    🌐 [HK市场回测]

    🌐 [CN市场回测]
      ✅ [美股] 得分33.44分 | 年化+5.12% | 回撤24.51% | 夏普0.10 ✅ ⚠️
      ✅ [港股] 得分27.93分 | 年化+4.07% | 回撤25.06% | 夏普0.02 ✅ ⚠️
      ❌ [A股] 最大回撤>30% | 年化-7.06% | 回撤38.04%
    📊 多标的回测汇总: 130只标的 | 盈利占比69.2% | 平均年化+5.70% | 中位数年化+4.12%
       美股99只(盈利61) 年化+3.02%
       港股30只(盈利28) 年化+14.55%
    🌐 多标的回测: 130只 | 盈利占比69.2% | 中位年化+4.12% | 美股+3.02% | 港股+14.55%

  📋 [128/159] [趋势跟踪] 双市场自适应_6M+0d缓冲

    🌐 [US市场回测]

    🌐 [HK市场回测]

    🌐 [CN市场回测]
      ✅ [美股] 得分35.65分 | 年化+7.31% | 回撤26.56% | 夏普0.26 ✅ ⚠️
      ✅ [港股] 得分33.75分 | 年化+6.49% | 回撤27.52% | 夏普0.20 ✅ ⚠️
      ❌ [A股] 最大回撤>30% | 年化-7.50% | 回撤37.67%
    📊 多标的回测汇总: 130只标的 | 盈利占比77.7% | 平均年化+8.16% | 中位数年化+6.39%
       美股99只(盈利72) 年化+5.77%
       港股30只(盈利28) 年化+16.08%
    🌐 多标的回测: 130只 | 盈利占比77.7% | 中位年化+6.40% | 美股+5.77% | 港股+16.08%

  📋 [129/159] [趋势跟踪] 双市场自适应_6M+3d缓冲

    🌐 [US市场回测]

    🌐 [HK市场回测]

    🌐 [CN市场回测]
      ✅ [美股] 得分35.45分 | 年化+7.23% | 回撤26.39% | 夏普0.25 ✅ ⚠️
      ✅ [港股] 得分34.02分 | 年化+6.59% | 回撤26.82% | 夏普0.21 ✅ ⚠️
      ❌ [A股] 最大回撤>30% | 年化-6.36% | 回撤34.42%
    📊 多标的回测汇总: 130只标的 | 盈利占比77.7% | 平均年化+7.05% | 中位数年化+5.54%
       美股99只(盈利73) 年化+6.01%
       港股30只(盈利27) 年化+10.44%
    🌐 多标的回测: 130只 | 盈利占比77.7% | 中位年化+5.54% | 美股+6.01% | 港股+10.44%
/usr/local/lib64/python3.11/site-packages/numpy/_core/fromnumeric.py:3824: RuntimeWarning: Mean of empty slice
  return _methods._mean(a, axis=axis, dtype=dtype,
/usr/local/lib64/python3.11/site-packages/numpy/_core/_methods.py:142: RuntimeWarning: invalid value encountered in scalar divide
  ret = ret.dtype.type(ret / rcount)
/usr/local/lib64/python3.11/site-packages/numpy/_core/fromnumeric.py:3824: RuntimeWarning: Mean of empty slice
  return _methods._mean(a, axis=axis, dtype=dtype,
/usr/local/lib64/python3.11/site-packages/numpy/_core/_methods.py:142: RuntimeWarning: invalid value encountered in scalar divide
  ret = ret.dtype.type(ret / rcount)
/usr/local/lib64/python3.11/site-packages/numpy/_core/fromnumeric.py:3824: RuntimeWarning: Mean of empty slice
  return _methods._mean(a, axis=axis, dtype=dtype,
/usr/local/lib64/python3.11/site-packages/numpy/_core/_methods.py:142: RuntimeWarning: invalid value encountered in scalar divide
  ret = ret.dtype.type(ret / rcount)
/usr/local/lib64/python3.11/site-packages/numpy/_core/fromnumeric.py:3824: RuntimeWarning: Mean of empty slice
  return _methods._mean(a, axis=axis, dtype=dtype,
/usr/local/lib64/python3.11/site-packages/numpy/_core/_methods.py:142: RuntimeWarning: invalid value encountered in scalar divide
  ret = ret.dtype.type(ret / rcount)
/usr/local/lib64/python3.11/site-packages/numpy/_core/fromnumeric.py:3824: RuntimeWarning: Mean of empty slice
  return _methods._mean(a, axis=axis, dtype=dtype,
/usr/local/lib64/python3.11/site-packages/numpy/_core/_methods.py:142: RuntimeWarning: invalid value encountered in scalar divide
  ret = ret.dtype.type(ret / rcount)
/usr/local/lib64/python3.11/site-packages/numpy/_core/fromnumeric.py:3824: RuntimeWarning: Mean of empty slice
  return _methods._mean(a, axis=axis, dtype=dtype,
/usr/local/lib64/python3.11/site-packages/numpy/_core/_methods.py:142: RuntimeWarning: invalid value encountered in scalar divide
  ret = ret.dtype.type(ret / rcount)
/usr/local/lib64/python3.11/site-packages/numpy/_core/fromnumeric.py:3824: RuntimeWarning: Mean of empty slice
  return _methods._mean(a, axis=axis, dtype=dtype,
/usr/local/lib64/python3.11/site-packages/numpy/_core/_methods.py:142: RuntimeWarning: invalid value encountered in scalar divide
  ret = ret.dtype.type(ret / rcount)
/usr/local/lib64/python3.11/site-packages/numpy/_core/fromnumeric.py:3824: RuntimeWarning: Mean of empty slice
  return _methods._mean(a, axis=axis, dtype=dtype,
/usr/local/lib64/python3.11/site-packages/numpy/_core/_methods.py:142: RuntimeWarning: invalid value encountered in scalar divide
  ret = ret.dtype.type(ret / rcount)
/usr/local/lib64/python3.11/site-packages/numpy/_core/fromnumeric.py:3824: RuntimeWarning: Mean of empty slice
  return _methods._mean(a, axis=axis, dtype=dtype,
/usr/local/lib64/python3.11/site-packages/numpy/_core/_methods.py:142: RuntimeWarning: invalid value encountered in scalar divide
  ret = ret.dtype.type(ret / rcount)

  📋 [130/159] [趋势跟踪] 双市场自适应_6M+5d缓冲

    🌐 [US市场回测]

    🌐 [HK市场回测]

    🌐 [CN市场回测]
      ✅ [美股] 得分40.6分 | 年化+8.10% | 回撤24.74% | 夏普0.32 ✅ ⚠️
      ✅ [港股] 得分36.34分 | 年化+7.57% | 回撤25.17% | 夏普0.28 ✅ ⚠️
      ❌ [A股] 最大回撤>30% | 年化-5.88% | 回撤33.00%
    📊 多标的回测汇总: 130只标的 | 盈利占比79.2% | 平均年化+6.76% | 中位数年化+5.84%
       美股99只(盈利76) 年化+6.53%
       港股30只(盈利26) 年化+7.49%
    🌐 多标的回测: 130只 | 盈利占比79.2% | 中位年化+5.84% | 美股+6.53% | 港股+7.49%

  📋 [131/159] [趋势跟踪] 双市场自适应_9M+0d缓冲

    🌐 [US市场回测]

    🌐 [HK市场回测]

    🌐 [CN市场回测]
      ✅ [美股] 得分40.18分 | 年化+9.40% | 回撤29.26% | 夏普0.39 ✅ ⚠️
      ✅ [港股] 得分33.33分 | 年化+8.58% | 回撤29.62% | 夏普0.33  ⚠️
      ❌ [A股] 年化收益为负 | 年化-2.16% | 回撤22.77%
    📊 多标的回测汇总: 130只标的 | 盈利占比77.7% | 平均年化+8.26% | 中位数年化+5.88%
       美股99只(盈利72) 年化+6.11%
       港股30只(盈利28) 年化+15.30%
    🌐 多标的回测: 130只 | 盈利占比77.7% | 中位年化+5.88% | 美股+6.11% | 港股+15.30%

  📋 [132/159] [趋势跟踪] 双市场自适应_9M+3d缓冲

    🌐 [US市场回测]

    🌐 [HK市场回测]

    🌐 [CN市场回测]
      ✅ [美股] 得分43.76分 | 年化+9.61% | 回撤24.45% | 夏普0.41 ✅ ⚠️
      ✅ [港股] 得分37.41分 | 年化+9.01% | 回撤24.58% | 夏普0.37  ⚠️
      ❌ [A股] 年化收益为负 | 年化-1.89% | 回撤21.65%
    📊 多标的回测汇总: 130只标的 | 盈利占比78.5% | 平均年化+7.71% | 中位数年化+6.69%
       美股99只(盈利76) 年化+6.59%
       港股30只(盈利25) 年化+11.32%
    🌐 多标的回测: 130只 | 盈利占比78.5% | 中位年化+6.68% | 美股+6.59% | 港股+11.32%

  📋 [133/159] [趋势跟踪] 双市场自适应_9M+5d缓冲

    🌐 [US市场回测]

    🌐 [HK市场回测]

    🌐 [CN市场回测]
      ✅ [美股] 得分45.82分 | 年化+10.60% | 回撤24.28% | 夏普0.47 ✅ ⚠️
      ✅ [港股] 得分44.71分 | 年化+10.07% | 回撤24.35% | 夏普0.44 ✅ ⚠️
      ❌ [A股] 年化收益为负 | 年化-1.75% | 回撤22.20%
    📊 多标的回测汇总: 130只标的 | 盈利占比80.8% | 平均年化+8.00% | 中位数年化+6.72%
       美股99只(盈利81) 年化+7.40%
       港股30只(盈利23) 年化+9.89%
    🌐 多标的回测: 130只 | 盈利占比80.8% | 中位年化+6.72% | 美股+7.40% | 港股+9.89%

  📋 [134/159] [其他] 全天候_3M+3d缓冲

    🌐 [US市场回测]

    🌐 [HK市场回测]

    🌐 [CN市场回测]
      ❌ [美股] 最大回撤>30% | 年化-1.47% | 回撤37.57%
      ❌ [港股] 最大回撤>30% | 年化-2.78% | 回撤40.48%
      ✅ [A股] 得分41.18分 | 年化+10.16% | 回撤21.50% | 夏普0.57  ⚠️
    📊 多标的回测汇总: 1只标的 | 盈利占比0.0% | 平均年化-1.47% | 中位数年化-1.47%
    🌐 多标的回测: 1只 | 盈利占比0.0% | 中位年化-1.47% | 美股+0.00% | 港股+0.00%

  📋 [135/159] [其他] 全天候_3M+5d缓冲

    🌐 [US市场回测]

    🌐 [HK市场回测]

    🌐 [CN市场回测]
      ❌ [美股] 最大回撤>30% | 年化+1.85% | 回撤34.21%
      ❌ [港股] 最大回撤>30% | 年化+0.80% | 回撤35.00%
      ✅ [A股] 得分42.72分 | 年化+10.87% | 回撤22.63% | 夏普0.62  ⚠️
    📊 多标的回测汇总: 1只标的 | 盈利占比100.0% | 平均年化+1.85% | 中位数年化+1.85%
    🌐 多标的回测: 1只 | 盈利占比100.0% | 中位年化+1.85% | 美股+0.00% | 港股+0.00%

  📋 [136/159] [其他] 全天候_3M+7d缓冲

    🌐 [US市场回测]

    🌐 [HK市场回测]

    🌐 [CN市场回测]
      ❌ [美股] 最大回撤>30% | 年化-0.41% | 回撤37.23%
      ❌ [港股] 最大回撤>30% | 年化-1.36% | 回撤38.43%
      ✅ [A股] 得分44.26分 | 年化+11.62% | 回撤21.53% | 夏普0.66  ⚠️
    📊 多标的回测汇总: 1只标的 | 盈利占比0.0% | 平均年化-0.41% | 中位数年化-0.41%
    🌐 多标的回测: 1只 | 盈利占比0.0% | 中位年化-0.41% | 美股+0.00% | 港股+0.00%

  📋 [137/159] [其他] 全天候_6M+3d缓冲

    🌐 [US市场回测]

    🌐 [HK市场回测]

    🌐 [CN市场回测]
      ✅ [美股] 得分33.69分 | 年化+6.63% | 回撤26.99% | 夏普0.20 ✅ ⚠️
      ✅ [港股] 得分26.77分 | 年化+5.74% | 回撤28.01% | 夏普0.15  ⚠️
      ✅ [A股] 得分42.97分 | 年化+7.63% | 回撤16.77% | 夏普0.45  ⚠️
    📊 多标的回测汇总: 1只标的 | 盈利占比100.0% | 平均年化+6.63% | 中位数年化+6.63%
    🌐 多标的回测: 1只 | 盈利占比100.0% | 中位年化+6.63% | 美股+0.00% | 港股+0.00%

  📋 [138/159] [其他] 全天候_6M+5d缓冲

    🌐 [US市场回测]

    🌐 [HK市场回测]

    🌐 [CN市场回测]
      ✅ [美股] 得分30.36分 | 年化+7.29% | 回撤26.14% | 夏普0.24  ⚠️
      ✅ [港股] 得分28.59分 | 年化+6.50% | 回撤26.68% | 夏普0.19  ⚠️
      ✅ [A股] 得分28.67分 | 年化+4.34% | 回撤21.61% | 夏普0.23  ⚠️
    📊 多标的回测汇总: 1只标的 | 盈利占比100.0% | 平均年化+7.29% | 中位数年化+7.29%
    🌐 多标的回测: 1只 | 盈利占比100.0% | 中位年化+7.29% | 美股+0.00% | 港股+0.00%

  📋 [139/159] [其他] 全天候_6M+7d缓冲

    🌐 [US市场回测]

    🌐 [HK市场回测]

    🌐 [CN市场回测]
      ✅ [美股] 得分22.72分 | 年化+3.69% | 回撤29.81% | 夏普0.03  ⚠️
      ❌ [港股] 最大回撤>30% | 年化+2.99% | 回撤30.51%
      ✅ [A股] 得分25.93分 | 年化+3.08% | 回撤21.01% | 夏普0.14  ⚠️
    📊 多标的回测汇总: 1只标的 | 盈利占比100.0% | 平均年化+3.69% | 中位数年化+3.69%
    🌐 多标的回测: 1只 | 盈利占比100.0% | 中位年化+3.69% | 美股+0.00% | 港股+0.00%

  📋 [140/159] [其他] 全天候_9M+3d缓冲

    🌐 [US市场回测]

    🌐 [HK市场回测]

    🌐 [CN市场回测]
      ❌ [美股] 最大回撤>30% | 年化-0.74% | 回撤36.20%
      ❌ [港股] 最大回撤>30% | 年化-1.77% | 回撤37.29%
      ✅ [A股] 得分51.67分 | 年化+11.35% | 回撤14.81% | 夏普0.71  ⚠️
    📊 多标的回测汇总: 1只标的 | 盈利占比0.0% | 平均年化-0.74% | 中位数年化-0.74%
    🌐 多标的回测: 1只 | 盈利占比0.0% | 中位年化-0.74% | 美股+0.00% | 港股+0.00%

  📋 [141/159] [其他] 全天候_9M+5d缓冲

    🌐 [US市场回测]

    🌐 [HK市场回测]

    🌐 [CN市场回测]
      ❌ [美股] 最大回撤>30% | 年化+1.88% | 回撤35.81%
      ❌ [港股] 最大回撤>30% | 年化+0.96% | 回撤36.81%
      ✅ [A股] 得分50.71分 | 年化+10.92% | 回撤13.57% | 夏普0.68  ⚠️
    📊 多标的回测汇总: 1只标的 | 盈利占比100.0% | 平均年化+1.88% | 中位数年化+1.88%
    🌐 多标的回测: 1只 | 盈利占比100.0% | 中位年化+1.88% | 美股+0.00% | 港股+0.00%

  📋 [142/159] [其他] 全天候_9M+7d缓冲

    🌐 [US市场回测]

    🌐 [HK市场回测]

    🌐 [CN市场回测]
      ❌ [美股] 最大回撤>30% | 年化+0.95% | 回撤35.65%
      ❌ [港股] 最大回撤>30% | 年化+0.12% | 回撤36.59%
      ✅ [A股] 得分44.95分 | 年化+8.28% | 回撤17.13% | 夏普0.51  ⚠️
    📊 多标的回测汇总: 1只标的 | 盈利占比100.0% | 平均年化+0.95% | 中位数年化+0.95%
    🌐 多标的回测: 1只 | 盈利占比100.0% | 中位年化+0.95% | 美股+0.00% | 港股+0.00%

  📋 [143/159] [趋势跟踪] 聚宽-ETF轮动策略_动量轮动3M

    🌐 [US市场回测]

    🌐 [HK市场回测]

    🌐 [CN市场回测]
      ✅ [美股] 得分25.47分 | 年化+5.09% | 回撤26.89% | 夏普0.10  ⚠️
      ✅ [港股] 得分22.22分 | 年化+3.60% | 回撤28.91% | 夏普0.01  ⚠️
/usr/local/lib64/python3.11/site-packages/numpy/_core/fromnumeric.py:3824: RuntimeWarning: Mean of empty slice
  return _methods._mean(a, axis=axis, dtype=dtype,
/usr/local/lib64/python3.11/site-packages/numpy/_core/_methods.py:142: RuntimeWarning: invalid value encountered in scalar divide
  ret = ret.dtype.type(ret / rcount)
/usr/local/lib64/python3.11/site-packages/numpy/_core/fromnumeric.py:3824: RuntimeWarning: Mean of empty slice
  return _methods._mean(a, axis=axis, dtype=dtype,
/usr/local/lib64/python3.11/site-packages/numpy/_core/_methods.py:142: RuntimeWarning: invalid value encountered in scalar divide
  ret = ret.dtype.type(ret / rcount)
/usr/local/lib64/python3.11/site-packages/numpy/_core/fromnumeric.py:3824: RuntimeWarning: Mean of empty slice
  return _methods._mean(a, axis=axis, dtype=dtype,
/usr/local/lib64/python3.11/site-packages/numpy/_core/_methods.py:142: RuntimeWarning: invalid value encountered in scalar divide
  ret = ret.dtype.type(ret / rcount)
/usr/local/lib64/python3.11/site-packages/numpy/_core/fromnumeric.py:3824: RuntimeWarning: Mean of empty slice
  return _methods._mean(a, axis=axis, dtype=dtype,
/usr/local/lib64/python3.11/site-packages/numpy/_core/_methods.py:142: RuntimeWarning: invalid value encountered in scalar divide
  ret = ret.dtype.type(ret / rcount)
/usr/local/lib64/python3.11/site-packages/numpy/_core/fromnumeric.py:3824: RuntimeWarning: Mean of empty slice
  return _methods._mean(a, axis=axis, dtype=dtype,
/usr/local/lib64/python3.11/site-packages/numpy/_core/_methods.py:142: RuntimeWarning: invalid value encountered in scalar divide
  ret = ret.dtype.type(ret / rcount)
/usr/local/lib64/python3.11/site-packages/numpy/_core/fromnumeric.py:3824: RuntimeWarning: Mean of empty slice
  return _methods._mean(a, axis=axis, dtype=dtype,
/usr/local/lib64/python3.11/site-packages/numpy/_core/_methods.py:142: RuntimeWarning: invalid value encountered in scalar divide
  ret = ret.dtype.type(ret / rcount)
/usr/local/lib64/python3.11/site-packages/numpy/_core/fromnumeric.py:3824: RuntimeWarning: Mean of empty slice
  return _methods._mean(a, axis=axis, dtype=dtype,
/usr/local/lib64/python3.11/site-packages/numpy/_core/_methods.py:142: RuntimeWarning: invalid value encountered in scalar divide
  ret = ret.dtype.type(ret / rcount)
/usr/local/lib64/python3.11/site-packages/numpy/_core/fromnumeric.py:3824: RuntimeWarning: Mean of empty slice
  return _methods._mean(a, axis=axis, dtype=dtype,
/usr/local/lib64/python3.11/site-packages/numpy/_core/_methods.py:142: RuntimeWarning: invalid value encountered in scalar divide
  ret = ret.dtype.type(ret / rcount)
/usr/local/lib64/python3.11/site-packages/numpy/_core/fromnumeric.py:3824: RuntimeWarning: Mean of empty slice
  return _methods._mean(a, axis=axis, dtype=dtype,
/usr/local/lib64/python3.11/site-packages/numpy/_core/_methods.py:142: RuntimeWarning: invalid value encountered in scalar divide
  ret = ret.dtype.type(ret / rcount)
/usr/local/lib64/python3.11/site-packages/numpy/_core/fromnumeric.py:3824: RuntimeWarning: Mean of empty slice
  return _methods._mean(a, axis=axis, dtype=dtype,
/usr/local/lib64/python3.11/site-packages/numpy/_core/_methods.py:142: RuntimeWarning: invalid value encountered in scalar divide
  ret = ret.dtype.type(ret / rcount)
      ✅ [A股] 得分21.95分 | 年化+1.29% | 回撤22.30% | 夏普0.02  ⚠️
    📊 多标的回测汇总: 1只标的 | 盈利占比100.0% | 平均年化+5.09% | 中位数年化+5.09%
    🌐 多标的回测: 1只 | 盈利占比100.0% | 中位年化+5.09% | 美股+0.00% | 港股+0.00%

  📋 [144/159] [趋势跟踪] 聚宽-ETF轮动策略_动量轮动6M

    🌐 [US市场回测]

    🌐 [HK市场回测]

    🌐 [CN市场回测]
      ❌ [美股] 最大回撤>30% | 年化+5.70% | 回撤33.83%
      ❌ [港股] 最大回撤>30% | 年化+4.56% | 回撤35.69%
      ✅ [A股] 得分35.69分 | 年化+6.91% | 回撤21.58% | 夏普0.44  ⚠️
    📊 多标的回测汇总: 1只标的 | 盈利占比100.0% | 平均年化+5.70% | 中位数年化+5.70%
    🌐 多标的回测: 1只 | 盈利占比100.0% | 中位年化+5.70% | 美股+0.00% | 港股+0.00%

  📋 [145/159] [趋势跟踪] 聚宽-多因子选股策略_SMA20/50交叉

    🌐 [US市场回测]

    🌐 [HK市场回测]

    🌐 [CN市场回测]
      ❌ [美股] 最大回撤>30% | 年化+7.23% | 回撤30.55%
      ❌ [港股] 最大回撤>30% | 年化+6.83% | 回撤31.23%
      ❌ [A股] 最大回撤>30% | 年化-7.34% | 回撤30.89%
    📊 多标的回测汇总: 1只标的 | 盈利占比100.0% | 平均年化+7.23% | 中位数年化+7.23%
    🌐 多标的回测: 1只 | 盈利占比100.0% | 中位年化+7.23% | 美股+0.00% | 港股+0.00%

  📋 [146/159] [其他] 聚宽布林带15日2σ

    🌐 [US市场回测]

    🌐 [HK市场回测]

    🌐 [CN市场回测]
      ❌ [美股] 最大回撤>30% | 年化+8.66% | 回撤32.68%
      ❌ [港股] 最大回撤>30% | 年化+7.62% | 回撤32.79%
      ❌ [A股] 最大回撤>30% | 年化-7.25% | 回撤38.09%
    📊 多标的回测汇总: 130只标的 | 盈利占比72.3% | 平均年化+2.04% | 中位数年化+6.28%
       美股99只(盈利93) 年化+9.50%
       港股30只(盈利0) 年化-22.78%
    🌐 多标的回测: 130只 | 盈利占比72.3% | 中位年化+6.28% | 美股+9.50% | 港股-22.78%

  📋 [147/159] [其他] 聚宽布林带10日1.5σ

    🌐 [US市场回测]

    🌐 [HK市场回测]

    🌐 [CN市场回测]
      ❌ [美股] 最大回撤>30% | 年化+4.42% | 回撤35.02%
      ❌ [港股] 最大回撤>30% | 年化+2.41% | 回撤35.13%
      ❌ [A股] 最大回撤>30% | 年化-12.88% | 回撤52.06%
    📊 多标的回测汇总: 130只标的 | 盈利占比63.1% | 平均年化-4.34% | 中位数年化+3.45%
       美股99只(盈利81) 年化+5.88%
       港股30只(盈利0) 年化-38.37%
    🌐 多标的回测: 130只 | 盈利占比63.1% | 中位年化+3.45% | 美股+5.88% | 港股-38.37%

  📋 [148/159] [其他] 聚宽RSRS-GEM6M+ATR2x

    🌐 [US市场回测]

    🌐 [HK市场回测]

    🌐 [CN市场回测]
      ✅ [美股] 得分27.94分 | 年化+6.17% | 回撤26.54% | 夏普0.18  ⚠️
      ✅ [港股] 得分24.81分 | 年化+4.85% | 回撤27.34% | 夏普0.08  ⚠️
      ❌ [A股] 最大回撤>30% | 年化-8.91% | 回撤40.46%
    📊 多标的回测汇总: 130只标的 | 盈利占比76.9% | 平均年化+9.84% | 中位数年化+6.89%
       美股99只(盈利69) 年化+4.82%
       港股30只(盈利30) 年化+26.49%
    🌐 多标的回测: 130只 | 盈利占比76.9% | 中位年化+6.90% | 美股+4.82% | 港股+26.49%

  📋 [149/159] [其他] 聚宽RSRS-GEM9M+ATR2.5x

    🌐 [US市场回测]

    🌐 [HK市场回测]

    🌐 [CN市场回测]
      ✅ [美股] 得分25.34分 | 年化+5.08% | 回撤25.49% | 夏普0.10  ⚠️
      ✅ [港股] 得分22.56分 | 年化+3.91% | 回撤27.34% | 夏普0.02  ⚠️
      ❌ [A股] 年化收益为负 | 年化-3.17% | 回撤22.40%
    📊 多标的回测汇总: 130只标的 | 盈利占比77.7% | 平均年化+8.06% | 中位数年化+6.19%
       美股99只(盈利71) 年化+5.87%
       港股30只(盈利29) 年化+15.38%
    🌐 多标的回测: 130只 | 盈利占比77.7% | 中位年化+6.19% | 美股+5.87% | 港股+15.38%

  📋 [150/159] [趋势跟踪] 聚宽-Kdj&Macd组合_MACD8/21趋势

    🌐 [US市场回测]

    🌐 [HK市场回测]

    🌐 [CN市场回测]
      ✅ [美股] 得分35.81分 | 年化+8.26% | 回撤23.22% | 夏普0.35  ⚠️
      ✅ [港股] 得分27.28分 | 年化+6.00% | 回撤25.33% | 夏普0.17  ⚠️
      ❌ [A股] 最大回撤>30% | 年化-9.96% | 回撤44.80%
    📊 多标的回测汇总: 1只标的 | 盈利占比100.0% | 平均年化+8.26% | 中位数年化+8.26%
    🌐 多标的回测: 1只 | 盈利占比100.0% | 中位年化+8.26% | 美股+0.00% | 港股+0.00%

  📋 [151/159] [趋势跟踪] 聚宽-Kdj&Macd组合_MACD12/26趋势

    🌐 [US市场回测]

    🌐 [HK市场回测]

    🌐 [CN市场回测]
      ✅ [美股] 得分44.03分 | 年化+8.76% | 回撤17.60% | 夏普0.39  ⚠️
      ✅ [港股] 得分32.22分 | 年化+6.80% | 回撤20.20% | 夏普0.24  ⚠️
      ❌ [A股] 最大回撤>30% | 年化-8.15% | 回撤40.76%
    📊 多标的回测汇总: 1只标的 | 盈利占比100.0% | 平均年化+8.76% | 中位数年化+8.76%
    🌐 多标的回测: 1只 | 盈利占比100.0% | 中位年化+8.76% | 美股+0.00% | 港股+0.00%

  📋 [152/159] [高股息轮动] 聚宽ETF双持仓轮动1M

    🌐 [US市场回测]

    🌐 [HK市场回测]

    🌐 [CN市场回测]
      ❌ [美股] 最大回撤>30% | 年化+3.48% | 回撤36.56%
      ❌ [港股] 最大回撤>30% | 年化-0.25% | 回撤42.33%
      ❌ [A股] 最大回撤>30% | 年化-0.95% | 回撤30.55%
    📊 多标的回测汇总: 1只标的 | 盈利占比100.0% | 平均年化+3.48% | 中位数年化+3.48%
    🌐 多标的回测: 1只 | 盈利占比100.0% | 中位年化+3.48% | 美股+0.00% | 港股+0.00%

  📋 [153/159] [高股息轮动] 聚宽ETF双持仓轮动3M

    🌐 [US市场回测]

    🌐 [HK市场回测]

    🌐 [CN市场回测]
      ❌ [美股] 最大回撤>30% | 年化-2.53% | 回撤36.24%
      ❌ [港股] 最大回撤>30% | 年化-4.62% | 回撤40.44%
      ❌ [A股] 最大回撤>30% | 年化-3.48% | 回撤32.37%
    📊 多标的回测汇总: 1只标的 | 盈利占比0.0% | 平均年化-2.53% | 中位数年化-2.53%
    🌐 多标的回测: 1只 | 盈利占比0.0% | 中位年化-2.53% | 美股+0.00% | 港股+0.00%

  📋 [154/159] [高股息轮动] 聚宽ETF三持仓轮动1M

    🌐 [US市场回测]

    🌐 [HK市场回测]

    🌐 [CN市场回测]
      ❌ [美股] 最大回撤>30% | 年化+3.48% | 回撤36.56%
      ❌ [港股] 最大回撤>30% | 年化-0.25% | 回撤42.33%
      ❌ [A股] 最大回撤>30% | 年化-0.95% | 回撤30.55%
    📊 多标的回测汇总: 1只标的 | 盈利占比100.0% | 平均年化+3.48% | 中位数年化+3.48%
    🌐 多标的回测: 1只 | 盈利占比100.0% | 中位年化+3.48% | 美股+0.00% | 港股+0.00%

  📋 [155/159] [均值回归] TradeSight_RSI14_30/70

    🌐 [US市场回测]

    🌐 [HK市场回测]

    🌐 [CN市场回测]
      ✅ [美股] 得分35.76分 | 年化+2.30% | 回撤12.85% | 夏普-0.22 ✅ ⚠️
      ✅ [港股] 得分34.22分 | 年化+1.46% | 回撤13.14% | 夏普-0.31 ✅ ⚠️
      ❌ [A股] 年化收益为负 | 年化-4.13% | 回撤21.68%
    📊 多标的回测汇总: 1只标的 | 盈利占比100.0% | 平均年化+2.30% | 中位数年化+2.30%
    🌐 多标的回测: 1只 | 盈利占比100.0% | 中位年化+2.30% | 美股+0.00% | 港股+0.00%

  📋 [156/159] [趋势跟踪] Gunbot_Quant_ATR2.0x+SMA50趋势

    🌐 [US市场回测]

    🌐 [HK市场回测]

    🌐 [CN市场回测]
      ✅ [美股] 得分32.86分 | 年化+8.28% | 回撤25.83% | 夏普0.35  ⚠️
      ✅ [港股] 得分29.55分 | 年化+6.92% | 回撤27.99% | 夏普0.24  ⚠️
      ❌ [A股] 年化收益为负 | 年化-2.02% | 回撤25.30%
    📊 多标的回测汇总: 1只标的 | 盈利占比100.0% | 平均年化+8.28% | 中位数年化+8.28%
    🌐 多标的回测: 1只 | 盈利占比100.0% | 中位年化+8.28% | 美股+0.00% | 港股+0.00%

  📋 [157/159] [趋势跟踪] Gunbot_Quant_ATR3.0x+SMA50趋势

    🌐 [US市场回测]

    🌐 [HK市场回测]
/usr/local/lib64/python3.11/site-packages/numpy/_core/fromnumeric.py:3824: RuntimeWarning: Mean of empty slice
  return _methods._mean(a, axis=axis, dtype=dtype,
/usr/local/lib64/python3.11/site-packages/numpy/_core/_methods.py:142: RuntimeWarning: invalid value encountered in scalar divide
  ret = ret.dtype.type(ret / rcount)
/usr/local/lib64/python3.11/site-packages/numpy/_core/fromnumeric.py:3824: RuntimeWarning: Mean of empty slice
  return _methods._mean(a, axis=axis, dtype=dtype,
/usr/local/lib64/python3.11/site-packages/numpy/_core/_methods.py:142: RuntimeWarning: invalid value encountered in scalar divide
  ret = ret.dtype.type(ret / rcount)
/usr/local/lib64/python3.11/site-packages/numpy/_core/fromnumeric.py:3824: RuntimeWarning: Mean of empty slice
  return _methods._mean(a, axis=axis, dtype=dtype,
/usr/local/lib64/python3.11/site-packages/numpy/_core/_methods.py:142: RuntimeWarning: invalid value encountered in scalar divide
  ret = ret.dtype.type(ret / rcount)

    🌐 [CN市场回测]
      ✅ [美股] 得分32.86分 | 年化+8.28% | 回撤25.83% | 夏普0.35  ⚠️
      ✅ [港股] 得分29.55分 | 年化+6.92% | 回撤27.99% | 夏普0.24  ⚠️
      ❌ [A股] 年化收益为负 | 年化-2.02% | 回撤25.30%
    📊 多标的回测汇总: 1只标的 | 盈利占比100.0% | 平均年化+8.28% | 中位数年化+8.28%
    🌐 多标的回测: 1只 | 盈利占比100.0% | 中位年化+8.28% | 美股+0.00% | 港股+0.00%

  📋 [158/159] [趋势跟踪] Gunbot_Quant_波动率调节20日

    🌐 [US市场回测]

    🌐 [HK市场回测]

    🌐 [CN市场回测]
      ✅ [美股] 得分51.44分 | 年化+13.22% | 回撤20.79% | 夏普0.65 ✅ ⚠️
      ✅ [港股] 得分50.2分 | 年化+12.63% | 回撤21.83% | 夏普0.61 ✅ ⚠️
      ❌ [A股] 最大回撤>30% | 年化-16.62% | 回撤56.09%
    📊 多标的回测汇总: 1只标的 | 盈利占比100.0% | 平均年化+13.22% | 中位数年化+13.22%
    🌐 多标的回测: 1只 | 盈利占比100.0% | 中位年化+13.22% | 美股+0.00% | 港股+0.00%

  📋 [159/159] [趋势跟踪] Gunbot_Quant_波动率调节60日

    🌐 [US市场回测]

    🌐 [HK市场回测]

    🌐 [CN市场回测]
      ✅ [美股] 得分52.31分 | 年化+15.01% | 回撤26.23% | 夏普0.76 ✅ ⚠️
      ✅ [港股] 得分51.82分 | 年化+14.82% | 回撤26.59% | 夏普0.74 ✅ ⚠️
      ❌ [A股] 最大回撤>30% | 年化-8.28% | 回撤44.11%
    📊 多标的回测汇总: 1只标的 | 盈利占比100.0% | 平均年化+15.01% | 中位数年化+15.01%
    🌐 多标的回测: 1只 | 盈利占比100.0% | 中位年化+15.01% | 美股+0.00% | 港股+0.00%

======================================================================
  🖥️ 步骤5b: 本地回测策略扫描（世界最好的策略，无论来源）
======================================================================

  🖥️ 运行: RSI(2)严格均值回归 (rsi2_strict_backtest.py)
    🔄 跳过非全周期结果: RSI(2)严格均值回归 (牛市1(2019-21), 0.0年)
    🔄 跳过非全周期结果: RSI(2)严格均值回归 (熊市(2022), 0.0年)
    🔄 跳过非全周期结果: RSI(2)严格均值回归 (震荡(2023), 0.0年)
    🔄 跳过非全周期结果: RSI(2)严格均值回归 (牛市2(2024), 0.0年)
    ✅ RSI(2)严格均值回归(QQQ): 58.51分 | 年化+14.11% | 回撤15.15% | 夏普0.56 

  🖥️ 运行: 双市场自适应策略 (dual_market_strategy_backtest.py)
    ✅ 双市场自适应策略（趋势+震荡）v4.5(us): 68.91分 | 年化+22.09% | 回撤19.38% | 夏普0.99 

  🖥️ 运行: Blakever V6.5 利率维度修正 (blakever_v65_backtest.py)
    ⚠️ 无JSON输出，尝试subprocess直接回测...
    ✅ Blakever V6.5 利率维度修正(SPY/SHY)(US): 36.86分 | 年化+8.74% | 回撤24.74% | 夏普0.36 

  🖥️ 本地回测汇总: 3个通过 / 0个废弃

======================================================================
  📊 步骤6: 样本外滚动验证
======================================================================

  📊 样本外滚动验证 (排行榜10个策略)...
    🔄 双市场自适应策略（趋势+震荡）v4.5(us): 观察中（仅1周数据）
    🔄 RSI(2)严格均值回归(QQQ): 观察中（仅1周数据）
    🔄 Gunbot_Quant_波动率调节60日: 观察中（仅1周数据）
    🔄 Gunbot_Quant_波动率调节20日: 观察中（仅1周数据）
    🔄 GEM4资产_9M+5d缓冲: 观察中（仅1周数据）
    🔄 双市场自适应_9M+5d缓冲: 观察中（仅1周数据）
    🔄 聚宽-Kdj&Macd组合_MACD12/26趋势: 观察中（仅1周数据）
    🔄 GEM4资产_9M+3d缓冲: 观察中（仅1周数据）
    🔄 双重动量_9M_阈值0%+3d缓冲: 观察中（仅1周数据）
    🔄 双市场自适应_9M+3d缓冲: 观察中（仅1周数据）

======================================================================
  📊 扫描汇总（v5: 三市场独立排行）
======================================================================
  策略变体: 159个
  GitHub搜索: 20个
  Pine Script否决: 0个
  本地回测: 3个脚本
  通过回测: 197个
  废弃策略: 283个

  🏆 三市场排行榜:
    [美股] 前十: 10个策略 | 最佳: 双市场自适应策略（趋势+震荡）v4.5(us)(68.91分)
    [港股] 前十: 10个策略 | 最佳: Gunbot_Quant_波动率调节60日(51.82分)
    [A股] 前十: 10个策略 | 最佳: GEM6资产_12M+3d缓冲(64.2分)
  废弃库累计: US 50 + HK 50 + CN 50
  🌐 多标的覆盖: 160只 (美股ETF 6 + 美股 99 + 港股 30 + A股ETF 5 + A股蓝筹 20)
  🆕 [美股]新上榜策略: Gunbot_Quant_波动率调节60日
  🆕 [港股]新上榜策略: Gunbot_Quant_波动率调节60日
  🆕 [A股]新上榜策略: GEM6资产_12M+3d缓冲
  ⏱️ 耗时: 3766秒
  📏 无风险利率: 美股0.0450 | A股0.0200
  📧 邮件已发送至: 848786642@qq.com

✅ 扫描完成，耗时3766秒
📊 搜索方式: github
📊 Pine否决: 0个
📊 无风险利率: 0.0450
