2026-04-26 10:14:19,113 [INFO] ============================================================
2026-04-26 10:14:19,114 [INFO] 港股安全资产ETF数据获取器 启动
2026-04-26 10:14:19,114 [INFO] 时间: 2026-04-26 10:14:19
2026-04-26 10:14:19,114 [INFO] 目标: 25 只港股ETF
2026-04-26 10:14:19,114 [INFO] ============================================================
2026-04-26 10:14:19,114 [INFO] 
[1/25] SPDR黄金ETF (02840.HK)
2026-04-26 10:14:20,628 [WARNING] yfinance 02840.HK: 空数据 (attempt 1)
2026-04-26 10:14:20,628 [INFO]   等待 10.3s 后重试...
2026-04-26 10:14:30,980 [WARNING] yfinance 02840.HK: 限流 (attempt 2)
2026-04-26 10:14:30,980 [INFO]   等待 23.1s 后重试...
2026-04-26 10:14:54,809 [WARNING] yfinance 02840.HK: 限流 (attempt 3)
2026-04-26 10:14:55,828 [INFO]   ❌ 双源均失败
2026-04-26 10:14:55,829 [INFO]   等待 14.9s 后处理下一只...
2026-04-26 10:15:10,713 [INFO] 
[2/25] ABF港债指数ETF (02819.HK)
2026-04-26 10:15:10,741 [WARNING] yfinance 02819.HK: 限流 (attempt 1)
2026-04-26 10:15:10,741 [INFO]   等待 12.5s 后重试...
2026-04-26 10:15:23,746 [WARNING] yfinance 02819.HK: 限流 (attempt 2)
2026-04-26 10:15:23,746 [INFO]   等待 24.6s 后重试...
2026-04-26 10:15:48,367 [WARNING] yfinance 02819.HK: 限流 (attempt 3)
2026-04-26 10:15:49,114 [INFO]   ❌ 双源均失败
2026-04-26 10:15:49,114 [INFO]   等待 8.4s 后处理下一只...
2026-04-26 10:15:57,483 [INFO] 
[3/25] 恒生高股息率ETF (03110.HK)
2026-04-26 10:15:57,965 [WARNING] yfinance 03110.HK: 限流 (attempt 1)
2026-04-26 10:15:57,965 [INFO]   等待 13.0s 后重试...
2026-04-26 10:16:12,450 [WARNING] yfinance 03110.HK: 空数据 (attempt 2)
2026-04-26 10:16:12,450 [INFO]   等待 22.7s 后重试...
2026-04-26 10:16:35,219 [WARNING] yfinance 03110.HK: 限流 (attempt 3)
2026-04-26 10:16:35,937 [INFO]   ❌ 双源均失败
2026-04-26 10:16:35,937 [INFO]   等待 9.4s 后处理下一只...
2026-04-26 10:16:45,318 [INFO] 
[4/25] 价值黄金ETF (03081.HK)
2026-04-26 10:16:45,975 [WARNING] yfinance 03081.HK: 限流 (attempt 1)
2026-04-26 10:16:45,975 [INFO]   等待 13.7s 后重试...
2026-04-26 10:17:00,027 [WARNING] yfinance 03081.HK: 空数据 (attempt 2)
2026-04-26 10:17:00,027 [INFO]   等待 20.6s 后重试...
2026-04-26 10:17:20,596 [WARNING] yfinance 03081.HK: 空数据 (attempt 3)
2026-04-26 10:17:21,265 [INFO]   ❌ 双源均失败
2026-04-26 10:17:21,266 [INFO]   等待 14.2s 后处理下一只...
2026-04-26 10:17:35,462 [INFO] 
[5/25] iShares安硕A50 (02822.HK)
2026-04-26 10:17:35,946 [WARNING] yfinance 02822.HK: 限流 (attempt 1)
2026-04-26 10:17:35,946 [INFO]   等待 14.0s 后重试...
2026-04-26 10:17:49,979 [WARNING] yfinance 02822.HK: 限流 (attempt 2)
2026-04-26 10:17:49,979 [INFO]   等待 22.5s 后重试...
2026-04-26 10:18:12,968 [WARNING] yfinance 02822.HK: 限流 (attempt 3)
2026-04-26 10:18:13,832 [INFO]   ❌ 双源均失败
2026-04-26 10:18:13,833 [INFO]   等待 13.8s 后处理下一只...
2026-04-26 10:18:27,597 [INFO] 
[6/25] iShares安硕恒指ETF (02833.HK)
2026-04-26 10:18:27,624 [WARNING] yfinance 02833.HK: 限流 (attempt 1)
2026-04-26 10:18:27,624 [INFO]   等待 15.0s 后重试...
2026-04-26 10:18:43,073 [WARNING] yfinance 02833.HK: 限流 (attempt 2)
2026-04-26 10:18:43,074 [INFO]   等待 22.8s 后重试...
2026-04-26 10:19:05,900 [WARNING] yfinance 02833.HK: 限流 (attempt 3)
2026-04-26 10:19:06,719 [INFO]   ❌ 双源均失败
2026-04-26 10:19:06,719 [INFO]   等待 9.6s 后处理下一只...
2026-04-26 10:19:16,325 [INFO] 
[7/25] 标智香港100 (02825.HK)
2026-04-26 10:19:16,849 [WARNING] yfinance 02825.HK: 空数据 (attempt 1)
2026-04-26 10:19:16,849 [INFO]   等待 11.4s 后重试...
2026-04-26 10:19:28,294 [WARNING] yfinance 02825.HK: 空数据 (attempt 2)
2026-04-26 10:19:28,294 [INFO]   等待 23.3s 后重试...
2026-04-26 10:19:51,639 [WARNING] yfinance 02825.HK: 空数据 (attempt 3)
2026-04-26 10:19:52,335 [INFO]   ❌ 双源均失败
2026-04-26 10:19:52,335 [INFO]   等待 9.9s 后处理下一只...
2026-04-26 10:20:02,226 [INFO] 
[8/25] 辉立香港新股ETF (02835.HK)
2026-04-26 10:20:02,570 [WARNING] yfinance 02835.HK: 空数据 (attempt 1)
2026-04-26 10:20:02,570 [INFO]   等待 14.1s 后重试...
2026-04-26 10:20:16,678 [WARNING] yfinance 02835.HK: 空数据 (attempt 2)
2026-04-26 10:20:16,678 [INFO]   等待 20.5s 后重试...
2026-04-26 10:20:37,192 [WARNING] yfinance 02835.HK: 空数据 (attempt 3)
2026-04-26 10:20:37,949 [INFO]   ❌ 双源均失败
2026-04-26 10:20:37,949 [INFO]   等待 11.9s 后处理下一只...
2026-04-26 10:20:49,873 [INFO] 
[9/25] GX中国电车ETF (02845.HK)
2026-04-26 10:20:50,445 [WARNING] yfinance 02845.HK: 空数据 (attempt 1)
2026-04-26 10:20:50,445 [INFO]   等待 12.0s 后重试...
2026-04-26 10:21:02,481 [WARNING] yfinance 02845.HK: 空数据 (attempt 2)
2026-04-26 10:21:02,481 [INFO]   等待 24.1s 后重试...
2026-04-26 10:21:26,563 [WARNING] yfinance 02845.HK: 空数据 (attempt 3)
2026-04-26 10:21:27,237 [INFO]   ❌ 双源均失败
2026-04-26 10:21:27,238 [INFO]   等待 10.8s 后处理下一只...
2026-04-26 10:21:38,024 [INFO] 
[10/25] GX中国政银债券ETF (03041.HK)
2026-04-26 10:21:38,376 [WARNING] yfinance 03041.HK: 空数据 (attempt 1)
2026-04-26 10:21:38,376 [INFO]   等待 12.7s 后重试...
2026-04-26 10:21:51,030 [WARNING] yfinance 03041.HK: 空数据 (attempt 2)
2026-04-26 10:21:51,030 [INFO]   等待 21.8s 后重试...
2026-04-26 10:22:12,824 [WARNING] yfinance 03041.HK: 空数据 (attempt 3)
2026-04-26 10:22:13,751 [INFO]   ❌ 双源均失败
2026-04-26 10:22:13,751 [INFO]   等待 14.8s 后处理下一只...
2026-04-26 10:22:28,560 [INFO] 
[11/25] GX中国ETF (03040.HK)
2026-04-26 10:22:29,263 [WARNING] yfinance 03040.HK: 空数据 (attempt 1)
2026-04-26 10:22:29,263 [INFO]   等待 12.2s 后重试...
2026-04-26 10:22:41,480 [WARNING] yfinance 03040.HK: 空数据 (attempt 2)
2026-04-26 10:22:41,480 [INFO]   等待 24.9s 后重试...
2026-04-26 10:23:06,360 [WARNING] yfinance 03040.HK: 空数据 (attempt 3)
2026-04-26 10:23:06,995 [INFO]   ❌ 双源均失败
2026-04-26 10:23:06,995 [INFO]   等待 11.6s 后处理下一只...
2026-04-26 10:23:18,638 [INFO] 
[12/25] iShares安硕恒生科技ETF (02836.HK)
2026-04-26 10:23:18,992 [WARNING] yfinance 02836.HK: 空数据 (attempt 1)
2026-04-26 10:23:18,993 [INFO]   等待 10.6s 后重试...
2026-04-26 10:23:29,578 [WARNING] yfinance 02836.HK: 空数据 (attempt 2)
2026-04-26 10:23:29,578 [INFO]   等待 24.2s 后重试...
2026-04-26 10:23:53,757 [WARNING] yfinance 02836.HK: 空数据 (attempt 3)
2026-04-26 10:23:54,637 [INFO]   ❌ 双源均失败
2026-04-26 10:23:54,637 [INFO]   等待 13.9s 后处理下一只...
2026-04-26 10:24:08,535 [INFO] 
[13/25] iShares安硕MSCI香港ETF (02837.HK)
2026-04-26 10:24:09,027 [WARNING] yfinance 02837.HK: 限流 (attempt 1)
2026-04-26 10:24:09,027 [INFO]   等待 10.4s 后重试...
2026-04-26 10:24:19,433 [WARNING] yfinance 02837.HK: 限流 (attempt 2)
2026-04-26 10:24:19,433 [INFO]   等待 24.1s 后重试...
2026-04-26 10:27:51,918 [INFO] ============================================================
2026-04-26 10:27:51,919 [INFO] 港股ETF数据获取器（定时版）启动
2026-04-26 10:27:51,919 [INFO] 时间: 2026-04-26 10:27:51
2026-04-26 10:27:51,919 [INFO] ============================================================
2026-04-26 10:27:51,919 [INFO] 待处理: 25 只ETF（本次最多处理 2 只）
2026-04-26 10:27:51,919 [INFO] 
▶ 恒生高股息率ETF (03110.HK) [优先级5, 现有0行, 未获取]
2026-04-26 10:27:52,523 [WARNING] yfinance 03110.HK: Too Many Requests. Rate limited. Try after a while.
2026-04-26 10:27:53,295 [INFO]   ❌ 双源均失败，留待下次尝试
2026-04-26 10:27:53,296 [INFO] 
▶ 盈富基金(恒指ETF) (02800.HK) [优先级5, 现有0行, 未获取]
2026-04-26 10:27:54,153 [WARNING] yfinance 02800.HK: Too Many Requests. Rate limited. Try after a while.
2026-04-26 10:27:54,968 [INFO]   ❌ 双源均失败，留待下次尝试
2026-04-26 10:27:54,993 [INFO] 
============================================================
2026-04-26 10:27:54,993 [INFO] 本轮: 成功0, 失败2
2026-04-26 10:27:54,993 [INFO] 剩余待处理: 25 只
2026-04-26 10:27:54,993 [INFO] ============================================================
2026-04-26 10:30:07,059 [INFO] ============================================================
2026-04-26 10:30:07,059 [INFO] 港股ETF数据获取器（定时版）启动
2026-04-26 10:30:07,059 [INFO] 时间: 2026-04-26 10:30:07
2026-04-26 10:30:07,059 [INFO] ============================================================
2026-04-26 10:30:07,059 [INFO] 待处理: 25 只ETF（本次最多处理 2 只）
2026-04-26 10:30:07,059 [INFO] 
▶ 恒生高股息率ETF (03110.HK) [优先级5, 现有0行, failed]
2026-04-26 10:30:07,729 [WARNING] yfinance 03110.HK: Too Many Requests. Rate limited. Try after a while.
2026-04-26 10:30:08,457 [INFO]   ❌ 双源均失败，留待下次尝试
2026-04-26 10:30:08,458 [INFO] 
▶ 盈富基金(恒指ETF) (02800.HK) [优先级5, 现有0行, failed]
2026-04-26 10:30:08,975 [WARNING] yfinance 02800.HK: Too Many Requests. Rate limited. Try after a while.
2026-04-26 10:30:09,826 [INFO]   ❌ 双源均失败，留待下次尝试
2026-04-26 10:30:09,827 [INFO] 
============================================================
2026-04-26 10:30:09,827 [INFO] 本轮: 成功0, 失败2
2026-04-26 10:30:09,827 [INFO] 剩余待处理: 25 只
2026-04-26 10:30:09,827 [INFO] ============================================================
2026-04-26 11:00:07,524 [INFO] ============================================================
2026-04-26 11:00:07,524 [INFO] 港股ETF数据获取器（定时版）启动
2026-04-26 11:00:07,524 [INFO] 时间: 2026-04-26 11:00:07
2026-04-26 11:00:07,524 [INFO] ============================================================
2026-04-26 11:00:07,524 [INFO] 待处理: 25 只ETF（本次最多处理 2 只）
2026-04-26 11:00:07,524 [INFO] 
▶ 恒生高股息率ETF (03110.HK) [优先级5, 现有0行, failed]
2026-04-26 11:00:10,681 [WARNING] yfinance 03110.HK: 空数据
2026-04-26 11:00:11,460 [INFO]   ❌ 双源均失败，留待下次尝试
2026-04-26 11:00:11,461 [INFO] 
▶ 盈富基金(恒指ETF) (02800.HK) [优先级5, 现有0行, failed]
2026-04-26 11:00:12,913 [WARNING] yfinance 02800.HK: 空数据
2026-04-26 11:00:13,758 [INFO]   ❌ 双源均失败，留待下次尝试
2026-04-26 11:00:13,758 [INFO] 
============================================================
2026-04-26 11:00:13,758 [INFO] 本轮: 成功0, 失败2
2026-04-26 11:00:13,759 [INFO] 剩余待处理: 25 只
2026-04-26 11:00:13,759 [INFO] ============================================================
2026-04-26 11:30:06,026 [INFO] ============================================================
2026-04-26 11:30:06,027 [INFO] 港股ETF数据获取器（定时版）启动
2026-04-26 11:30:06,027 [INFO] 时间: 2026-04-26 11:30:06
2026-04-26 11:30:06,027 [INFO] ============================================================
2026-04-26 11:30:06,027 [INFO] 待处理: 25 只ETF（本次最多处理 2 只）
2026-04-26 11:30:06,027 [INFO] 
▶ 恒生高股息率ETF (03110.HK) [优先级5, 现有0行, failed]
2026-04-26 11:30:06,695 [WARNING] yfinance 03110.HK: Too Many Requests. Rate limited. Try after a while.
2026-04-26 11:30:07,533 [INFO]   ❌ 双源均失败，留待下次尝试
2026-04-26 11:30:07,533 [INFO] 
▶ 盈富基金(恒指ETF) (02800.HK) [优先级5, 现有0行, failed]
2026-04-26 11:30:07,606 [WARNING] yfinance 02800.HK: Too Many Requests. Rate limited. Try after a while.
2026-04-26 11:30:08,315 [INFO]   ❌ 双源均失败，留待下次尝试
2026-04-26 11:30:08,316 [INFO] 
============================================================
2026-04-26 11:30:08,316 [INFO] 本轮: 成功0, 失败2
2026-04-26 11:30:08,316 [INFO] 剩余待处理: 25 只
2026-04-26 11:30:08,316 [INFO] ============================================================
2026-04-26 12:00:11,698 [INFO] ============================================================
2026-04-26 12:00:11,698 [INFO] 港股ETF数据获取器（定时版）启动
2026-04-26 12:00:11,698 [INFO] 时间: 2026-04-26 12:00:11
2026-04-26 12:00:11,698 [INFO] ============================================================
2026-04-26 12:00:11,698 [INFO] 待处理: 25 只ETF（本次最多处理 2 只）
2026-04-26 12:00:11,698 [INFO] 
▶ 恒生高股息率ETF (03110.HK) [优先级5, 现有0行, failed]
2026-04-26 12:00:12,329 [WARNING] yfinance 03110.HK: Too Many Requests. Rate limited. Try after a while.
2026-04-26 12:00:13,256 [INFO]   ❌ 双源均失败，留待下次尝试
2026-04-26 12:00:13,257 [INFO] 
▶ 盈富基金(恒指ETF) (02800.HK) [优先级5, 现有0行, failed]
2026-04-26 12:00:13,821 [WARNING] yfinance 02800.HK: Too Many Requests. Rate limited. Try after a while.
2026-04-26 12:00:14,635 [INFO]   ❌ 双源均失败，留待下次尝试
2026-04-26 12:00:14,636 [INFO] 
============================================================
2026-04-26 12:00:14,636 [INFO] 本轮: 成功0, 失败2
2026-04-26 12:00:14,636 [INFO] 剩余待处理: 25 只
2026-04-26 12:00:14,636 [INFO] ============================================================
2026-04-26 12:30:07,196 [INFO] ============================================================
2026-04-26 12:30:07,196 [INFO] 港股ETF数据获取器（定时版）启动
2026-04-26 12:30:07,196 [INFO] 时间: 2026-04-26 12:30:07
2026-04-26 12:30:07,196 [INFO] ============================================================
2026-04-26 12:30:07,196 [INFO] 待处理: 25 只ETF（本次最多处理 2 只）
2026-04-26 12:30:07,196 [INFO] 
▶ 恒生高股息率ETF (03110.HK) [优先级5, 现有0行, failed]
2026-04-26 12:30:07,817 [WARNING] yfinance 03110.HK: Too Many Requests. Rate limited. Try after a while.
2026-04-26 12:30:08,839 [INFO]   ❌ 双源均失败，留待下次尝试
2026-04-26 12:30:08,840 [INFO] 
▶ 盈富基金(恒指ETF) (02800.HK) [优先级5, 现有0行, failed]
2026-04-26 12:30:09,766 [WARNING] yfinance 02800.HK: Too Many Requests. Rate limited. Try after a while.
2026-04-26 12:30:10,665 [INFO]   ❌ 双源均失败，留待下次尝试
2026-04-26 12:30:10,666 [INFO] 
============================================================
2026-04-26 12:30:10,666 [INFO] 本轮: 成功0, 失败2
2026-04-26 12:30:10,667 [INFO] 剩余待处理: 25 只
2026-04-26 12:30:10,667 [INFO] ============================================================
2026-04-26 12:43:40,931 [INFO] ============================================================
2026-04-26 12:43:40,932 [INFO] 港股ETF数据获取器（腾讯财经版）启动
2026-04-26 12:43:40,932 [INFO] 时间: 2026-04-26 12:43:40
2026-04-26 12:43:40,932 [INFO] ============================================================
2026-04-26 12:43:40,950 [INFO] 待处理: 23 只ETF（本次最多处理 5 只）
2026-04-26 12:43:40,950 [INFO] 
▶ 盈富基金(恒指ETF) (02800) [优先级5, 现有0行, failed]
2026-04-26 12:43:41,094 [WARNING] 腾讯接口 02800: 6 columns passed, passed data had 7 columns
2026-04-26 12:43:42,557 [WARNING] yfinance 02800.HK: Too Many Requests. Rate limited. Try after a while.
2026-04-26 12:43:42,557 [INFO]   ❌ 三源均失败，留待下次尝试
2026-04-26 12:43:43,058 [INFO] 
▶ 恒生高股息率ETF (03110) [优先级5, 现有0行, failed]
2026-04-26 12:43:43,135 [WARNING] 腾讯接口 03110: 6 columns passed, passed data had 7 columns
2026-04-26 12:43:44,712 [WARNING] yfinance 03110.HK: Too Many Requests. Rate limited. Try after a while.
2026-04-26 12:43:44,713 [INFO]   ❌ 三源均失败，留待下次尝试
2026-04-26 12:43:45,213 [INFO] 
▶ SPDR黄金ETF (02840) [优先级4, 现有1306行, 未获取]
2026-04-26 12:43:45,306 [INFO] 腾讯接口 02840: 获取 1306 天数据 (2021-01-04 ~ 2026-04-24)
2026-04-26 12:44:13,351 [INFO] ============================================================
2026-04-26 12:44:13,351 [INFO] 港股ETF数据获取器（腾讯财经版）启动
2026-04-26 12:44:13,351 [INFO] 时间: 2026-04-26 12:44:13
2026-04-26 12:44:13,351 [INFO] ============================================================
2026-04-26 12:44:13,408 [INFO] 待处理: 23 只ETF（本次最多处理 5 只）
2026-04-26 12:44:13,408 [INFO] 
▶ 盈富基金(恒指ETF) (02800) [优先级5, 现有0行, 未获取]
2026-04-26 12:44:13,507 [INFO] 腾讯接口 02800: 获取 1306 天数据 (2021-01-04 ~ 2026-04-24)
2026-04-26 12:44:13,518 [INFO]   ✅ 成功: 总计 1306 行, 最新 2026-04-24
2026-04-26 12:44:14,018 [INFO] 
▶ 恒生高股息率ETF (03110) [优先级5, 现有0行, 未获取]
2026-04-26 12:44:14,475 [INFO] 腾讯接口 03110: 获取 1306 天数据 (2021-01-04 ~ 2026-04-24)
2026-04-26 12:44:14,484 [INFO]   ✅ 成功: 总计 1306 行, 最新 2026-04-24
2026-04-26 12:44:14,993 [INFO] 
▶ SPDR黄金ETF (02840) [优先级4, 现有1306行, 未获取]
2026-04-26 12:44:15,210 [INFO] 腾讯接口 02840: 获取 5 天数据 (2026-04-20 ~ 2026-04-24)
2026-04-26 12:44:15,222 [INFO]   ✅ 成功: 总计 1306 行, 最新 2026-04-24
2026-04-26 12:44:15,722 [INFO] 
▶ iShares安硕恒生指数ETF (02819) [优先级4, 现有0行, 未获取]
2026-04-26 12:44:15,822 [INFO] 腾讯接口 02819: 获取 1306 天数据 (2021-01-04 ~ 2026-04-24)
2026-04-26 12:44:15,831 [INFO]   ✅ 成功: 总计 1306 行, 最新 2026-04-24
2026-04-26 12:44:16,332 [INFO] 
▶ 南方恒生科技指数ETF (02878) [优先级4, 现有0行, 未获取]
2026-04-26 12:44:16,425 [INFO] 腾讯接口 02878: 获取 1306 天数据 (2021-01-04 ~ 2026-04-24)
2026-04-26 12:44:16,434 [INFO]   ✅ 成功: 总计 1306 行, 最新 2026-04-24
2026-04-26 12:44:16,935 [INFO] 
============================================================
2026-04-26 12:44:16,935 [INFO] 本轮: 成功5, 失败0
2026-04-26 12:44:16,954 [INFO] 剩余待处理: 23 只
2026-04-26 12:44:16,954 [INFO] ============================================================
2026-04-26 12:44:20,452 [INFO] ============================================================
2026-04-26 12:44:20,452 [INFO] 港股ETF数据获取器（腾讯财经版）启动
2026-04-26 12:44:20,452 [INFO] 时间: 2026-04-26 12:44:20
2026-04-26 12:44:20,452 [INFO] ============================================================
2026-04-26 12:44:20,506 [INFO] 待处理: 23 只ETF（本次最多处理 5 只）
2026-04-26 12:44:20,507 [INFO] 
▶ 盈富基金(恒指ETF) (02800) [优先级5, 现有1306行, ok]
2026-04-26 12:44:20,596 [INFO] 腾讯接口 02800: 获取 5 天数据 (2026-04-20 ~ 2026-04-24)
2026-04-26 12:44:20,609 [INFO]   ✅ 成功: 总计 1306 行, 最新 2026-04-24
2026-04-26 12:44:21,109 [INFO] 
▶ 恒生高股息率ETF (03110) [优先级5, 现有1306行, ok]
2026-04-26 12:44:21,196 [INFO] 腾讯接口 03110: 获取 5 天数据 (2026-04-20 ~ 2026-04-24)
2026-04-26 12:44:21,207 [INFO]   ✅ 成功: 总计 1306 行, 最新 2026-04-24
2026-04-26 12:44:21,708 [INFO] 
▶ SPDR黄金ETF (02840) [优先级4, 现有1306行, ok]
2026-04-26 12:44:21,795 [INFO] 腾讯接口 02840: 获取 5 天数据 (2026-04-20 ~ 2026-04-24)
2026-04-26 12:44:21,807 [INFO]   ✅ 成功: 总计 1306 行, 最新 2026-04-24
2026-04-26 12:44:22,308 [INFO] 
▶ iShares安硕恒生指数ETF (02819) [优先级4, 现有1306行, ok]
2026-04-26 12:44:22,538 [INFO] 腾讯接口 02819: 获取 5 天数据 (2026-04-20 ~ 2026-04-24)
2026-04-26 12:44:22,549 [INFO]   ✅ 成功: 总计 1306 行, 最新 2026-04-24
2026-04-26 12:44:23,050 [INFO] 
▶ 南方恒生科技指数ETF (02878) [优先级4, 现有1306行, ok]
2026-04-26 12:44:23,256 [INFO] 腾讯接口 02878: 获取 5 天数据 (2026-04-20 ~ 2026-04-24)
2026-04-26 12:44:23,266 [INFO]   ✅ 成功: 总计 1306 行, 最新 2026-04-24
2026-04-26 12:44:23,767 [INFO] 
============================================================
2026-04-26 12:44:23,767 [INFO] 本轮: 成功5, 失败0
2026-04-26 12:44:23,794 [INFO] 剩余待处理: 23 只
2026-04-26 12:44:23,794 [INFO] ============================================================
2026-04-26 12:44:24,698 [INFO] ============================================================
2026-04-26 12:44:24,698 [INFO] 港股ETF数据获取器（腾讯财经版）启动
2026-04-26 12:44:24,698 [INFO] 时间: 2026-04-26 12:44:24
2026-04-26 12:44:24,698 [INFO] ============================================================
2026-04-26 12:44:24,719 [INFO] 待处理: 23 只ETF（本次最多处理 5 只）
2026-04-26 12:44:24,719 [INFO] 
▶ 盈富基金(恒指ETF) (02800) [优先级5, 现有1306行, ok]
2026-04-26 12:44:24,795 [INFO] 腾讯接口 02800: 获取 5 天数据 (2026-04-20 ~ 2026-04-24)
2026-04-26 12:44:24,809 [INFO]   ✅ 成功: 总计 1306 行, 最新 2026-04-24
2026-04-26 12:44:25,310 [INFO] 
▶ 恒生高股息率ETF (03110) [优先级5, 现有1306行, ok]
2026-04-26 12:44:25,395 [INFO] 腾讯接口 03110: 获取 5 天数据 (2026-04-20 ~ 2026-04-24)
2026-04-26 12:44:25,407 [INFO]   ✅ 成功: 总计 1306 行, 最新 2026-04-24
2026-04-26 12:44:25,907 [INFO] 
▶ SPDR黄金ETF (02840) [优先级4, 现有1306行, ok]
2026-04-26 12:44:26,124 [INFO] 腾讯接口 02840: 获取 5 天数据 (2026-04-20 ~ 2026-04-24)
2026-04-26 12:44:26,136 [INFO]   ✅ 成功: 总计 1306 行, 最新 2026-04-24
2026-04-26 12:44:26,636 [INFO] 
▶ iShares安硕恒生指数ETF (02819) [优先级4, 现有1306行, ok]
2026-04-26 12:44:26,711 [INFO] 腾讯接口 02819: 获取 5 天数据 (2026-04-20 ~ 2026-04-24)
2026-04-26 12:44:26,722 [INFO]   ✅ 成功: 总计 1306 行, 最新 2026-04-24
2026-04-26 12:44:27,223 [INFO] 
▶ 南方恒生科技指数ETF (02878) [优先级4, 现有1306行, ok]
2026-04-26 12:44:27,299 [INFO] 腾讯接口 02878: 获取 5 天数据 (2026-04-20 ~ 2026-04-24)
2026-04-26 12:44:27,310 [INFO]   ✅ 成功: 总计 1306 行, 最新 2026-04-24
2026-04-26 12:44:27,811 [INFO] 
============================================================
2026-04-26 12:44:27,811 [INFO] 本轮: 成功5, 失败0
2026-04-26 12:44:27,829 [INFO] 剩余待处理: 23 只
2026-04-26 12:44:27,829 [INFO] ============================================================
2026-04-26 12:44:28,696 [INFO] ============================================================
2026-04-26 12:44:28,696 [INFO] 港股ETF数据获取器（腾讯财经版）启动
2026-04-26 12:44:28,696 [INFO] 时间: 2026-04-26 12:44:28
2026-04-26 12:44:28,697 [INFO] ============================================================
2026-04-26 12:44:28,717 [INFO] 待处理: 23 只ETF（本次最多处理 5 只）
2026-04-26 12:44:28,717 [INFO] 
▶ 盈富基金(恒指ETF) (02800) [优先级5, 现有1306行, ok]
2026-04-26 12:44:28,930 [INFO] 腾讯接口 02800: 获取 5 天数据 (2026-04-20 ~ 2026-04-24)
2026-04-26 12:44:28,951 [INFO]   ✅ 成功: 总计 1306 行, 最新 2026-04-24
2026-04-26 12:44:29,452 [INFO] 
▶ 恒生高股息率ETF (03110) [优先级5, 现有1306行, ok]
2026-04-26 12:44:29,654 [INFO] 腾讯接口 03110: 获取 5 天数据 (2026-04-20 ~ 2026-04-24)
2026-04-26 12:44:29,666 [INFO]   ✅ 成功: 总计 1306 行, 最新 2026-04-24
2026-04-26 12:44:30,167 [INFO] 
▶ SPDR黄金ETF (02840) [优先级4, 现有1306行, ok]
2026-04-26 12:44:30,242 [INFO] 腾讯接口 02840: 获取 5 天数据 (2026-04-20 ~ 2026-04-24)
2026-04-26 12:44:30,254 [INFO]   ✅ 成功: 总计 1306 行, 最新 2026-04-24
2026-04-26 12:44:30,754 [INFO] 
▶ iShares安硕恒生指数ETF (02819) [优先级4, 现有1306行, ok]
2026-04-26 12:44:30,844 [INFO] 腾讯接口 02819: 获取 5 天数据 (2026-04-20 ~ 2026-04-24)
2026-04-26 12:44:30,855 [INFO]   ✅ 成功: 总计 1306 行, 最新 2026-04-24
2026-04-26 12:44:31,356 [INFO] 
▶ 南方恒生科技指数ETF (02878) [优先级4, 现有1306行, ok]
2026-04-26 12:44:31,422 [INFO] 腾讯接口 02878: 获取 5 天数据 (2026-04-20 ~ 2026-04-24)
2026-04-26 12:44:31,433 [INFO]   ✅ 成功: 总计 1306 行, 最新 2026-04-24
2026-04-26 12:44:31,934 [INFO] 
============================================================
2026-04-26 12:44:31,934 [INFO] 本轮: 成功5, 失败0
2026-04-26 12:44:31,951 [INFO] 剩余待处理: 23 只
2026-04-26 12:44:31,951 [INFO] ============================================================
2026-04-26 12:44:32,756 [INFO] ============================================================
2026-04-26 12:44:32,756 [INFO] 港股ETF数据获取器（腾讯财经版）启动
2026-04-26 12:44:32,757 [INFO] 时间: 2026-04-26 12:44:32
2026-04-26 12:44:32,792 [INFO] ============================================================
2026-04-26 12:44:32,813 [INFO] 待处理: 23 只ETF（本次最多处理 5 只）
2026-04-26 12:44:32,813 [INFO] 
▶ 盈富基金(恒指ETF) (02800) [优先级5, 现有1306行, ok]
2026-04-26 12:44:33,039 [INFO] 腾讯接口 02800: 获取 5 天数据 (2026-04-20 ~ 2026-04-24)
2026-04-26 12:44:33,054 [INFO]   ✅ 成功: 总计 1306 行, 最新 2026-04-24
2026-04-26 12:44:33,554 [INFO] 
▶ 恒生高股息率ETF (03110) [优先级5, 现有1306行, ok]
2026-04-26 12:44:33,808 [INFO] 腾讯接口 03110: 获取 5 天数据 (2026-04-20 ~ 2026-04-24)
2026-04-26 12:44:33,819 [INFO]   ✅ 成功: 总计 1306 行, 最新 2026-04-24
2026-04-26 12:44:34,319 [INFO] 
▶ SPDR黄金ETF (02840) [优先级4, 现有1306行, ok]
2026-04-26 12:44:34,539 [INFO] 腾讯接口 02840: 获取 5 天数据 (2026-04-20 ~ 2026-04-24)
2026-04-26 12:44:34,551 [INFO]   ✅ 成功: 总计 1306 行, 最新 2026-04-24
2026-04-26 12:44:35,052 [INFO] 
▶ iShares安硕恒生指数ETF (02819) [优先级4, 现有1306行, ok]
2026-04-26 12:44:35,300 [INFO] 腾讯接口 02819: 获取 5 天数据 (2026-04-20 ~ 2026-04-24)
2026-04-26 12:44:35,312 [INFO]   ✅ 成功: 总计 1306 行, 最新 2026-04-24
2026-04-26 12:44:35,812 [INFO] 
▶ 南方恒生科技指数ETF (02878) [优先级4, 现有1306行, ok]
2026-04-26 12:44:35,895 [INFO] 腾讯接口 02878: 获取 5 天数据 (2026-04-20 ~ 2026-04-24)
2026-04-26 12:44:35,907 [INFO]   ✅ 成功: 总计 1306 行, 最新 2026-04-24
2026-04-26 12:44:36,408 [INFO] 
============================================================
2026-04-26 12:44:36,408 [INFO] 本轮: 成功5, 失败0
2026-04-26 12:44:36,424 [INFO] 剩余待处理: 23 只
2026-04-26 12:44:36,424 [INFO] ============================================================
2026-04-26 12:44:45,246 [INFO] ============================================================
2026-04-26 12:44:45,246 [INFO] 港股ETF数据获取器（腾讯财经版）启动
2026-04-26 12:44:45,246 [INFO] 时间: 2026-04-26 12:44:45
2026-04-26 12:44:45,246 [INFO] ============================================================
2026-04-26 12:44:45,304 [INFO] 待处理: 23 只ETF（本次最多处理 5 只）
2026-04-26 12:44:45,304 [INFO] 
▶ 盈富基金(恒指ETF) (02800) [优先级5, 现有1306行, 未获取]
2026-04-26 12:44:45,430 [INFO] 腾讯接口 02800: 获取 5 天数据 (2026-04-20 ~ 2026-04-24)
2026-04-26 12:44:45,444 [INFO]   ✅ 成功: 总计 1306 行, 最新 2026-04-24
2026-04-26 12:44:45,945 [INFO] 
▶ 恒生高股息率ETF (03110) [优先级5, 现有1306行, 未获取]
2026-04-26 12:44:46,021 [INFO] 腾讯接口 03110: 获取 5 天数据 (2026-04-20 ~ 2026-04-24)
2026-04-26 12:44:46,032 [INFO]   ✅ 成功: 总计 1306 行, 最新 2026-04-24
2026-04-26 12:44:46,533 [INFO] 
▶ SPDR黄金ETF (02840) [优先级4, 现有1306行, 未获取]
2026-04-26 12:44:46,610 [INFO] 腾讯接口 02840: 获取 5 天数据 (2026-04-20 ~ 2026-04-24)
2026-04-26 12:44:46,622 [INFO]   ✅ 成功: 总计 1306 行, 最新 2026-04-24
2026-04-26 12:44:47,122 [INFO] 
▶ iShares安硕恒生指数ETF (02819) [优先级4, 现有1306行, 未获取]
2026-04-26 12:44:47,205 [INFO] 腾讯接口 02819: 获取 5 天数据 (2026-04-20 ~ 2026-04-24)
2026-04-26 12:44:47,216 [INFO]   ✅ 成功: 总计 1306 行, 最新 2026-04-24
2026-04-26 12:44:47,717 [INFO] 
▶ 南方恒生科技指数ETF (02878) [优先级4, 现有1306行, 未获取]
2026-04-26 12:44:47,795 [INFO] 腾讯接口 02878: 获取 5 天数据 (2026-04-20 ~ 2026-04-24)
2026-04-26 12:44:47,806 [INFO]   ✅ 成功: 总计 1306 行, 最新 2026-04-24
2026-04-26 12:44:48,306 [INFO] 
============================================================
2026-04-26 12:44:48,307 [INFO] 本轮: 成功5, 失败0
2026-04-26 12:44:48,323 [INFO] 剩余待处理: 18 只
2026-04-26 12:44:48,324 [INFO] ============================================================
2026-04-26 12:44:51,593 [INFO] ============================================================
2026-04-26 12:44:51,593 [INFO] 港股ETF数据获取器（腾讯财经版）启动
2026-04-26 12:44:51,594 [INFO] 时间: 2026-04-26 12:44:51
2026-04-26 12:44:51,594 [INFO] ============================================================
2026-04-26 12:44:51,615 [INFO] 待处理: 18 只ETF（本次最多处理 5 只）
2026-04-26 12:44:51,615 [INFO] 
▶ iShares安硕恒生科技ETF (03067) [优先级4, 现有0行, 未获取]
2026-04-26 12:44:51,707 [INFO] 腾讯接口 03067: 获取 1306 天数据 (2021-01-04 ~ 2026-04-24)
2026-04-26 12:44:51,719 [INFO]   ✅ 成功: 总计 1306 行, 最新 2026-04-24
2026-04-26 12:44:52,220 [INFO] 
▶ iShares安硕明晟中国ETF (02845) [优先级3, 现有1306行, 未获取]
2026-04-26 12:44:52,334 [INFO] 腾讯接口 02845: 获取 5 天数据 (2026-04-20 ~ 2026-04-24)
2026-04-26 12:44:52,346 [INFO]   ✅ 成功: 总计 1306 行, 最新 2026-04-24
2026-04-26 12:44:52,846 [INFO] 
▶ iShares安硕中国大型股ETF (02846) [优先级3, 现有0行, 未获取]
2026-04-26 12:44:52,942 [INFO] 腾讯接口 02846: 获取 1306 天数据 (2021-01-04 ~ 2026-04-24)
2026-04-26 12:44:52,952 [INFO]   ✅ 成功: 总计 1306 行, 最新 2026-04-24
2026-04-26 12:44:53,452 [INFO] 
▶ 华夏沪深三百指数ETF (03040) [优先级3, 现有1306行, 未获取]
2026-04-26 12:44:53,561 [INFO] 腾讯接口 03040: 获取 5 天数据 (2026-04-20 ~ 2026-04-24)
2026-04-26 12:44:53,597 [INFO]   ✅ 成功: 总计 1306 行, 最新 2026-04-24
2026-04-26 12:44:54,097 [INFO] 
▶ 华夏上证五十ETF (03096) [优先级3, 现有1306行, 未获取]
2026-04-26 12:44:54,195 [INFO] 腾讯接口 03096: 获取 5 天数据 (2026-04-20 ~ 2026-04-24)
2026-04-26 12:44:54,207 [INFO]   ✅ 成功: 总计 1306 行, 最新 2026-04-24
2026-04-26 12:44:54,708 [INFO] 
============================================================
2026-04-26 12:44:54,708 [INFO] 本轮: 成功5, 失败0
2026-04-26 12:44:54,726 [INFO] 剩余待处理: 13 只
2026-04-26 12:44:54,726 [INFO] ============================================================
2026-04-26 12:44:55,605 [INFO] ============================================================
2026-04-26 12:44:55,605 [INFO] 港股ETF数据获取器（腾讯财经版）启动
2026-04-26 12:44:55,605 [INFO] 时间: 2026-04-26 12:44:55
2026-04-26 12:44:55,605 [INFO] ============================================================
2026-04-26 12:44:55,629 [INFO] 待处理: 13 只ETF（本次最多处理 5 只）
2026-04-26 12:44:55,629 [INFO] 
▶ 易方达中证一百ETF (03032) [优先级3, 现有1306行, 未获取]
2026-04-26 12:44:55,736 [INFO] 腾讯接口 03032: 获取 5 天数据 (2026-04-20 ~ 2026-04-24)
2026-04-26 12:44:55,797 [INFO]   ✅ 成功: 总计 1306 行, 最新 2026-04-24
2026-04-26 12:44:56,297 [INFO] 
▶ 嘉实明晟中国A股ETF (02827) [优先级3, 现有1306行, 未获取]
2026-04-26 12:44:56,395 [INFO] 腾讯接口 02827: 获取 5 天数据 (2026-04-20 ~ 2026-04-24)
2026-04-26 12:44:56,406 [INFO]   ✅ 成功: 总计 1306 行, 最新 2026-04-24
2026-04-26 12:44:56,906 [INFO] 
▶ 南方A50ETF (02837) [优先级3, 现有754行, 未获取]
2026-04-26 12:44:56,994 [INFO] 腾讯接口 02837: 获取 5 天数据 (2026-04-20 ~ 2026-04-24)
2026-04-26 12:44:57,003 [INFO]   ✅ 成功: 总计 754 行, 最新 2026-04-24
2026-04-26 12:44:57,503 [INFO] 
▶ 华夏恒生ESG指数ETF (03039) [优先级3, 现有871行, 未获取]
2026-04-26 12:44:57,597 [INFO] 腾讯接口 03039: 获取 5 天数据 (2026-04-20 ~ 2026-04-24)
2026-04-26 12:44:57,605 [INFO]   ✅ 成功: 总计 871 行, 最新 2026-04-24
2026-04-26 12:44:58,106 [INFO] 
▶ 华夏恒生中国企业ETF (03060) [优先级3, 现有660行, 未获取]
2026-04-26 12:44:58,194 [INFO] 腾讯接口 03060: 获取 1 天数据 (2024-12-31 ~ 2024-12-31)
2026-04-26 12:44:58,202 [INFO]   ✅ 成功: 总计 660 行, 最新 2024-12-31
2026-04-26 12:44:58,703 [INFO] 
============================================================
2026-04-26 12:44:58,703 [INFO] 本轮: 成功5, 失败0
2026-04-26 12:44:58,721 [INFO] 剩余待处理: 9 只
2026-04-26 12:44:58,721 [INFO] ============================================================
2026-04-26 12:44:59,550 [INFO] ============================================================
2026-04-26 12:44:59,550 [INFO] 港股ETF数据获取器（腾讯财经版）启动
2026-04-26 12:44:59,551 [INFO] 时间: 2026-04-26 12:44:59
2026-04-26 12:44:59,551 [INFO] ============================================================
2026-04-26 12:44:59,612 [INFO] 待处理: 9 只ETF（本次最多处理 5 只）
2026-04-26 12:44:59,612 [INFO] 
▶ 华夏恒生中国企业ETF (03060) [优先级3, 现有660行, ok]
2026-04-26 12:44:59,695 [INFO] 腾讯接口 03060: 获取 1 天数据 (2024-12-31 ~ 2024-12-31)
2026-04-26 12:44:59,705 [INFO]   ✅ 成功: 总计 660 行, 最新 2024-12-31
2026-04-26 12:45:00,205 [INFO] 
▶ iShares安硕富时A50中国指数ETF (02833) [优先级2, 现有0行, 未获取]
2026-04-26 12:45:00,296 [INFO] 腾讯接口 02833: 获取 417 天数据 (2021-01-04 ~ 2022-09-09)
2026-04-26 12:45:00,301 [INFO]   ✅ 成功: 总计 417 行, 最新 2022-09-09
2026-04-26 12:45:00,802 [INFO] 
▶ XDB中国ETF (02849) [优先级2, 现有687行, 未获取]
2026-04-26 12:45:00,895 [INFO] 腾讯接口 02849: 获取 4 天数据 (2024-09-19 ~ 2024-09-24)
2026-04-26 12:45:00,903 [INFO]   ✅ 成功: 总计 687 行, 最新 2024-09-24
2026-04-26 12:45:01,403 [INFO] 
▶ 华夏创业板ETF (03042) [优先级2, 现有487行, 未获取]
2026-04-26 12:45:01,821 [INFO] 腾讯接口 03042: 获取 5 天数据 (2026-04-20 ~ 2026-04-24)
2026-04-26 12:45:01,828 [INFO]   ✅ 成功: 总计 487 行, 最新 2026-04-24
2026-04-26 12:45:02,328 [INFO] 
▶ FXI(中国大盘ETF) (03049) [优先级2, 现有0行, 未获取]
2026-04-26 12:45:02,541 [INFO] 腾讯接口 03049: 获取 230 天数据 (2021-01-04 ~ 2021-12-07)
2026-04-26 12:45:02,546 [INFO]   ✅ 成功: 总计 230 行, 最新 2021-12-07
2026-04-26 12:45:03,047 [INFO] 
============================================================
2026-04-26 12:45:03,047 [INFO] 本轮: 成功5, 失败0
2026-04-26 12:45:03,066 [INFO] 剩余待处理: 8 只
2026-04-26 12:45:03,066 [INFO] ============================================================
2026-04-26 12:45:03,905 [INFO] ============================================================
2026-04-26 12:45:03,905 [INFO] 港股ETF数据获取器（腾讯财经版）启动
2026-04-26 12:45:03,905 [INFO] 时间: 2026-04-26 12:45:03
2026-04-26 12:45:03,905 [INFO] ============================================================
2026-04-26 12:45:03,927 [INFO] 待处理: 8 只ETF（本次最多处理 5 只）
2026-04-26 12:45:03,927 [INFO] 
▶ 华夏恒生中国企业ETF (03060) [优先级3, 现有660行, ok]
2026-04-26 12:45:04,203 [INFO] 腾讯接口 03060: 获取 1 天数据 (2024-12-31 ~ 2024-12-31)
2026-04-26 12:45:04,213 [INFO]   ✅ 成功: 总计 660 行, 最新 2024-12-31
2026-04-26 12:45:04,714 [INFO] 
▶ iShares安硕富时A50中国指数ETF (02833) [优先级2, 现有417行, ok]
2026-04-26 12:45:04,815 [INFO] 腾讯接口 02833: 获取 5 天数据 (2022-09-05 ~ 2022-09-09)
2026-04-26 12:45:04,822 [INFO]   ✅ 成功: 总计 417 行, 最新 2022-09-09
2026-04-26 12:45:05,323 [INFO] 
▶ XDB中国ETF (02849) [优先级2, 现有687行, ok]
2026-04-26 12:45:05,395 [INFO] 腾讯接口 02849: 获取 4 天数据 (2024-09-19 ~ 2024-09-24)
2026-04-26 12:45:05,403 [INFO]   ✅ 成功: 总计 687 行, 最新 2024-09-24
2026-04-26 12:45:05,904 [INFO] 
▶ FXI(中国大盘ETF) (03049) [优先级2, 现有230行, ok]
2026-04-26 12:45:05,995 [INFO] 腾讯接口 03049: 获取 4 天数据 (2021-12-02 ~ 2021-12-07)
2026-04-26 12:45:06,001 [INFO]   ✅ 成功: 总计 230 行, 最新 2021-12-07
2026-04-26 12:45:06,501 [INFO] 
▶ 华夏恒生科技ETF (03014) [优先级2, 现有0行, 未获取]
2026-04-26 12:45:06,721 [WARNING] 腾讯接口 03014: 无K线数据（可能该ETF不在腾讯数据库中）
2026-04-26 12:45:07,832 [WARNING] yfinance 03014.HK: Too Many Requests. Rate limited. Try after a while.
2026-04-26 12:45:07,833 [INFO]   ❌ 三源均失败，留待下次尝试
2026-04-26 12:45:08,335 [INFO] 
============================================================
2026-04-26 12:45:08,335 [INFO] 本轮: 成功4, 失败1
2026-04-26 12:45:08,355 [INFO] 剩余待处理: 8 只
2026-04-26 12:45:08,355 [INFO] ============================================================
2026-04-26 12:45:12,334 [INFO] ============================================================
2026-04-26 12:45:12,335 [INFO] 港股ETF数据获取器（腾讯财经版）启动
2026-04-26 12:45:12,335 [INFO] 时间: 2026-04-26 12:45:12
2026-04-26 12:45:12,335 [INFO] ============================================================
2026-04-26 12:45:12,401 [INFO] 待处理: 8 只ETF（本次最多处理 5 只）
2026-04-26 12:45:12,402 [INFO] 
▶ 华夏恒生中国企业ETF (03060) [优先级3, 现有660行, ok]
2026-04-26 12:45:12,496 [INFO] 腾讯接口 03060: 获取 1 天数据 (2024-12-31 ~ 2024-12-31)
2026-04-26 12:45:12,509 [INFO]   ✅ 成功: 总计 660 行, 最新 2024-12-31
2026-04-26 12:45:13,009 [INFO] 
▶ iShares安硕富时A50中国指数ETF (02833) [优先级2, 现有417行, ok]
2026-04-26 12:45:13,228 [INFO] 腾讯接口 02833: 获取 5 天数据 (2022-09-05 ~ 2022-09-09)
2026-04-26 12:45:13,235 [INFO]   ✅ 成功: 总计 417 行, 最新 2022-09-09
2026-04-26 12:45:13,736 [INFO] 
▶ XDB中国ETF (02849) [优先级2, 现有687行, ok]
2026-04-26 12:45:13,949 [INFO] 腾讯接口 02849: 获取 4 天数据 (2024-09-19 ~ 2024-09-24)
2026-04-26 12:45:13,958 [INFO]   ✅ 成功: 总计 687 行, 最新 2024-09-24
2026-04-26 12:45:14,458 [INFO] 
▶ FXI(中国大盘ETF) (03049) [优先级2, 现有230行, ok]
2026-04-26 12:45:14,539 [INFO] 腾讯接口 03049: 获取 4 天数据 (2021-12-02 ~ 2021-12-07)
2026-04-26 12:45:14,545 [INFO]   ✅ 成功: 总计 230 行, 最新 2021-12-07
2026-04-26 12:45:15,045 [INFO] 
▶ 华夏恒生科技ETF (03014) [优先级2, 现有0行, failed]
2026-04-26 12:45:15,267 [WARNING] 腾讯接口 03014: 无K线数据（可能该ETF不在腾讯数据库中）
2026-04-26 12:45:16,405 [WARNING] yfinance 03014.HK: Too Many Requests. Rate limited. Try after a while.
2026-04-26 12:45:16,405 [INFO]   ❌ 三源均失败，留待下次尝试
2026-04-26 12:45:16,907 [INFO] 
============================================================
2026-04-26 12:45:16,907 [INFO] 本轮: 成功4, 失败1
2026-04-26 12:45:16,925 [INFO] 剩余待处理: 8 只
2026-04-26 12:45:16,925 [INFO] ============================================================
2026-04-26 12:45:26,551 [INFO] ============================================================
2026-04-26 12:45:26,551 [INFO] 港股ETF数据获取器（腾讯财经版）启动
2026-04-26 12:45:26,551 [INFO] 时间: 2026-04-26 12:45:26
2026-04-26 12:45:26,551 [INFO] ============================================================
2026-04-26 12:45:26,606 [INFO] 待处理: 23 只ETF（本次最多处理 5 只）
2026-04-26 12:45:26,606 [INFO] 
▶ 盈富基金(恒指ETF) (02800) [优先级5, 现有1306行, 未获取]
2026-04-26 12:45:26,834 [INFO] 腾讯接口 02800: 获取 5 天数据 (2026-04-20 ~ 2026-04-24)
2026-04-26 12:45:26,847 [INFO]   ✅ 成功: 总计 1306 行, 最新 2026-04-24
2026-04-26 12:45:27,347 [INFO] 
▶ 恒生高股息率ETF (03110) [优先级5, 现有1306行, 未获取]
2026-04-26 12:45:27,424 [INFO] 腾讯接口 03110: 获取 5 天数据 (2026-04-20 ~ 2026-04-24)
2026-04-26 12:45:27,437 [INFO]   ✅ 成功: 总计 1306 行, 最新 2026-04-24
2026-04-26 12:45:27,938 [INFO] 
▶ SPDR黄金ETF (02840) [优先级4, 现有1306行, 未获取]
2026-04-26 12:45:28,014 [INFO] 腾讯接口 02840: 获取 5 天数据 (2026-04-20 ~ 2026-04-24)
2026-04-26 12:45:28,025 [INFO]   ✅ 成功: 总计 1306 行, 最新 2026-04-24
2026-04-26 12:45:28,526 [INFO] 
▶ iShares安硕恒生指数ETF (02819) [优先级4, 现有1306行, 未获取]
2026-04-26 12:45:28,733 [INFO] 腾讯接口 02819: 获取 5 天数据 (2026-04-20 ~ 2026-04-24)
2026-04-26 12:45:28,743 [INFO]   ✅ 成功: 总计 1306 行, 最新 2026-04-24
2026-04-26 12:45:29,244 [INFO] 
▶ 南方恒生科技指数ETF (02878) [优先级4, 现有1306行, 未获取]
2026-04-26 12:45:29,318 [INFO] 腾讯接口 02878: 获取 5 天数据 (2026-04-20 ~ 2026-04-24)
2026-04-26 12:45:29,329 [INFO]   ✅ 成功: 总计 1306 行, 最新 2026-04-24
2026-04-26 12:45:29,830 [INFO] 
============================================================
2026-04-26 12:45:29,830 [INFO] 本轮: 成功5, 失败0
2026-04-26 12:45:29,844 [INFO] 剩余待处理: 18 只
2026-04-26 12:45:29,845 [INFO] ============================================================
2026-04-26 12:45:30,722 [INFO] ============================================================
2026-04-26 12:45:30,722 [INFO] 港股ETF数据获取器（腾讯财经版）启动
2026-04-26 12:45:30,722 [INFO] 时间: 2026-04-26 12:45:30
2026-04-26 12:45:30,722 [INFO] ============================================================
2026-04-26 12:45:30,742 [INFO] 待处理: 18 只ETF（本次最多处理 5 只）
2026-04-26 12:45:30,742 [INFO] 
▶ iShares安硕恒生科技ETF (03067) [优先级4, 现有1306行, 未获取]
2026-04-26 12:45:31,005 [INFO] 腾讯接口 03067: 获取 5 天数据 (2026-04-20 ~ 2026-04-24)
2026-04-26 12:45:31,019 [INFO]   ✅ 成功: 总计 1306 行, 最新 2026-04-24
2026-04-26 12:45:31,520 [INFO] 
▶ iShares安硕明晟中国ETF (02845) [优先级3, 现有1306行, 未获取]
2026-04-26 12:45:31,595 [INFO] 腾讯接口 02845: 获取 5 天数据 (2026-04-20 ~ 2026-04-24)
2026-04-26 12:45:31,608 [INFO]   ✅ 成功: 总计 1306 行, 最新 2026-04-24
2026-04-26 12:45:32,109 [INFO] 
▶ iShares安硕中国大型股ETF (02846) [优先级3, 现有1306行, 未获取]
2026-04-26 12:45:32,207 [INFO] 腾讯接口 02846: 获取 5 天数据 (2026-04-20 ~ 2026-04-24)
2026-04-26 12:45:32,218 [INFO]   ✅ 成功: 总计 1306 行, 最新 2026-04-24
2026-04-26 12:45:32,719 [INFO] 
▶ 华夏沪深三百指数ETF (03040) [优先级3, 现有1306行, 未获取]
2026-04-26 12:45:32,850 [INFO] 腾讯接口 03040: 获取 5 天数据 (2026-04-20 ~ 2026-04-24)
2026-04-26 12:45:32,861 [INFO]   ✅ 成功: 总计 1306 行, 最新 2026-04-24
2026-04-26 12:45:33,361 [INFO] 
▶ 华夏上证五十ETF (03096) [优先级3, 现有1306行, 未获取]
2026-04-26 12:45:33,439 [INFO] 腾讯接口 03096: 获取 5 天数据 (2026-04-20 ~ 2026-04-24)
2026-04-26 12:45:33,450 [INFO]   ✅ 成功: 总计 1306 行, 最新 2026-04-24
2026-04-26 12:45:33,951 [INFO] 
============================================================
2026-04-26 12:45:33,951 [INFO] 本轮: 成功5, 失败0
2026-04-26 12:45:33,968 [INFO] 剩余待处理: 13 只
2026-04-26 12:45:33,968 [INFO] ============================================================
2026-04-26 12:45:34,798 [INFO] ============================================================
2026-04-26 12:45:34,798 [INFO] 港股ETF数据获取器（腾讯财经版）启动
2026-04-26 12:45:34,798 [INFO] 时间: 2026-04-26 12:45:34
2026-04-26 12:45:34,799 [INFO] ============================================================
2026-04-26 12:45:34,819 [INFO] 待处理: 13 只ETF（本次最多处理 5 只）
2026-04-26 12:45:34,819 [INFO] 
▶ 易方达中证一百ETF (03032) [优先级3, 现有1306行, 未获取]
2026-04-26 12:45:34,918 [INFO] 腾讯接口 03032: 获取 5 天数据 (2026-04-20 ~ 2026-04-24)
2026-04-26 12:45:34,931 [INFO]   ✅ 成功: 总计 1306 行, 最新 2026-04-24
2026-04-26 12:45:35,432 [INFO] 
▶ 嘉实明晟中国A股ETF (02827) [优先级3, 现有1306行, 未获取]
2026-04-26 12:45:35,708 [INFO] 腾讯接口 02827: 获取 5 天数据 (2026-04-20 ~ 2026-04-24)
2026-04-26 12:45:35,719 [INFO]   ✅ 成功: 总计 1306 行, 最新 2026-04-24
2026-04-26 12:45:36,220 [INFO] 
▶ 南方A50ETF (02837) [优先级3, 现有754行, 未获取]
2026-04-26 12:45:36,296 [INFO] 腾讯接口 02837: 获取 5 天数据 (2026-04-20 ~ 2026-04-24)
2026-04-26 12:45:36,304 [INFO]   ✅ 成功: 总计 754 行, 最新 2026-04-24
2026-04-26 12:45:36,805 [INFO] 
▶ 华夏恒生ESG指数ETF (03039) [优先级3, 现有871行, 未获取]
2026-04-26 12:45:36,895 [INFO] 腾讯接口 03039: 获取 5 天数据 (2026-04-20 ~ 2026-04-24)
2026-04-26 12:45:36,904 [INFO]   ✅ 成功: 总计 871 行, 最新 2026-04-24
2026-04-26 12:45:37,405 [INFO] 
▶ 华夏恒生中国企业ETF (03060) [优先级3, 现有0行, 未获取]
2026-04-26 12:45:37,497 [INFO] 腾讯接口 03060: 获取 660 天数据 (2022-03-23 ~ 2024-12-31)
2026-04-26 12:45:37,503 [INFO]   ✅ 成功: 总计 660 行, 最新 2024-12-31
2026-04-26 12:45:38,005 [INFO] 
============================================================
2026-04-26 12:45:38,005 [INFO] 本轮: 成功5, 失败0
2026-04-26 12:45:38,020 [INFO]   数据量不足(754行)，将从2021年重新拉取
2026-04-26 12:45:38,021 [INFO]   数据量不足(871行)，将从2021年重新拉取
2026-04-26 12:45:38,021 [INFO]   数据量不足(660行)，将从2021年重新拉取
2026-04-26 12:45:38,022 [INFO] 剩余待处理: 11 只
2026-04-26 12:45:38,022 [INFO] ============================================================
2026-04-26 12:45:38,853 [INFO] ============================================================
2026-04-26 12:45:38,853 [INFO] 港股ETF数据获取器（腾讯财经版）启动
2026-04-26 12:45:38,853 [INFO] 时间: 2026-04-26 12:45:38
2026-04-26 12:45:38,853 [INFO] ============================================================
2026-04-26 12:45:38,909 [INFO]   数据量不足(754行)，将从2021年重新拉取
2026-04-26 12:45:38,910 [INFO]   数据量不足(871行)，将从2021年重新拉取
2026-04-26 12:45:38,911 [INFO]   数据量不足(660行)，将从2021年重新拉取
2026-04-26 12:45:38,912 [INFO] 待处理: 11 只ETF（本次最多处理 5 只）
2026-04-26 12:45:38,912 [INFO] 
▶ 南方A50ETF (02837) [优先级3, 现有754行, ok]
2026-04-26 12:45:38,995 [INFO] 腾讯接口 02837: 获取 5 天数据 (2026-04-20 ~ 2026-04-24)
2026-04-26 12:45:39,006 [INFO]   ✅ 成功: 总计 754 行, 最新 2026-04-24
2026-04-26 12:45:39,506 [INFO] 
▶ 华夏恒生ESG指数ETF (03039) [优先级3, 现有871行, ok]
2026-04-26 12:45:39,711 [INFO] 腾讯接口 03039: 获取 5 天数据 (2026-04-20 ~ 2026-04-24)
2026-04-26 12:45:39,721 [INFO]   ✅ 成功: 总计 871 行, 最新 2026-04-24
2026-04-26 12:45:40,221 [INFO] 
▶ 华夏恒生中国企业ETF (03060) [优先级3, 现有660行, ok]
2026-04-26 12:45:40,295 [INFO] 腾讯接口 03060: 获取 1 天数据 (2024-12-31 ~ 2024-12-31)
2026-04-26 12:45:40,306 [INFO]   ✅ 成功: 总计 660 行, 最新 2024-12-31
2026-04-26 12:45:40,806 [INFO] 
▶ iShares安硕富时A50中国指数ETF (02833) [优先级2, 现有0行, 未获取]
2026-04-26 12:45:40,896 [INFO] 腾讯接口 02833: 获取 417 天数据 (2021-01-04 ~ 2022-09-09)
2026-04-26 12:45:40,902 [INFO]   ✅ 成功: 总计 417 行, 最新 2022-09-09
2026-04-26 12:45:41,402 [INFO] 
▶ XDB中国ETF (02849) [优先级2, 现有0行, 未获取]
2026-04-26 12:45:41,618 [INFO] 腾讯接口 02849: 获取 687 天数据 (2021-12-10 ~ 2024-09-24)
2026-04-26 12:45:41,624 [INFO]   ✅ 成功: 总计 687 行, 最新 2024-09-24
2026-04-26 12:45:42,125 [INFO] 
============================================================
2026-04-26 12:45:42,125 [INFO] 本轮: 成功5, 失败0
2026-04-26 12:45:42,144 [INFO]   数据量不足(754行)，将从2021年重新拉取
2026-04-26 12:45:42,145 [INFO]   数据量不足(871行)，将从2021年重新拉取
2026-04-26 12:45:42,146 [INFO]   数据量不足(660行)，将从2021年重新拉取
2026-04-26 12:45:42,147 [INFO]   数据量不足(417行)，将从2021年重新拉取
2026-04-26 12:45:42,148 [INFO]   数据量不足(687行)，将从2021年重新拉取
2026-04-26 12:45:42,148 [INFO] 剩余待处理: 11 只
2026-04-26 12:45:42,149 [INFO] ============================================================
2026-04-26 12:45:43,007 [INFO] ============================================================
2026-04-26 12:45:43,007 [INFO] 港股ETF数据获取器（腾讯财经版）启动
2026-04-26 12:45:43,007 [INFO] 时间: 2026-04-26 12:45:43
2026-04-26 12:45:43,007 [INFO] ============================================================
2026-04-26 12:45:43,026 [INFO]   数据量不足(754行)，将从2021年重新拉取
2026-04-26 12:45:43,027 [INFO]   数据量不足(871行)，将从2021年重新拉取
2026-04-26 12:45:43,028 [INFO]   数据量不足(660行)，将从2021年重新拉取
2026-04-26 12:45:43,029 [INFO]   数据量不足(417行)，将从2021年重新拉取
2026-04-26 12:45:43,030 [INFO]   数据量不足(687行)，将从2021年重新拉取
2026-04-26 12:45:43,031 [INFO] 待处理: 11 只ETF（本次最多处理 5 只）
2026-04-26 12:45:43,031 [INFO] 
▶ 南方A50ETF (02837) [优先级3, 现有754行, ok]
2026-04-26 12:45:43,237 [INFO] 腾讯接口 02837: 获取 5 天数据 (2026-04-20 ~ 2026-04-24)
2026-04-26 12:45:43,247 [INFO]   ✅ 成功: 总计 754 行, 最新 2026-04-24
2026-04-26 12:45:43,748 [INFO] 
▶ 华夏恒生ESG指数ETF (03039) [优先级3, 现有871行, ok]
2026-04-26 12:45:43,963 [INFO] 腾讯接口 03039: 获取 5 天数据 (2026-04-20 ~ 2026-04-24)
2026-04-26 12:45:43,973 [INFO]   ✅ 成功: 总计 871 行, 最新 2026-04-24
2026-04-26 12:45:44,474 [INFO] 
▶ 华夏恒生中国企业ETF (03060) [优先级3, 现有660行, ok]
2026-04-26 12:45:44,695 [INFO] 腾讯接口 03060: 获取 1 天数据 (2024-12-31 ~ 2024-12-31)
2026-04-26 12:45:44,706 [INFO]   ✅ 成功: 总计 660 行, 最新 2024-12-31
2026-04-26 12:45:45,207 [INFO] 
▶ iShares安硕富时A50中国指数ETF (02833) [优先级2, 现有417行, ok]
2026-04-26 12:45:45,421 [INFO] 腾讯接口 02833: 获取 5 天数据 (2022-09-05 ~ 2022-09-09)
2026-04-26 12:45:45,430 [INFO]   ✅ 成功: 总计 417 行, 最新 2022-09-09
2026-04-26 12:45:45,931 [INFO] 
▶ XDB中国ETF (02849) [优先级2, 现有687行, ok]
2026-04-26 12:45:46,023 [INFO] 腾讯接口 02849: 获取 4 天数据 (2024-09-19 ~ 2024-09-24)
2026-04-26 12:45:46,034 [INFO]   ✅ 成功: 总计 687 行, 最新 2024-09-24
2026-04-26 12:45:46,535 [INFO] 
============================================================
2026-04-26 12:45:46,535 [INFO] 本轮: 成功5, 失败0
2026-04-26 12:45:46,556 [INFO]   数据量不足(754行)，将从2021年重新拉取
2026-04-26 12:45:46,557 [INFO]   数据量不足(871行)，将从2021年重新拉取
2026-04-26 12:45:46,558 [INFO]   数据量不足(660行)，将从2021年重新拉取
2026-04-26 12:45:46,559 [INFO]   数据量不足(417行)，将从2021年重新拉取
2026-04-26 12:45:46,560 [INFO]   数据量不足(687行)，将从2021年重新拉取
2026-04-26 12:45:46,561 [INFO] 剩余待处理: 11 只
2026-04-26 12:45:46,561 [INFO] ============================================================
2026-04-26 12:45:47,417 [INFO] ============================================================
2026-04-26 12:45:47,417 [INFO] 港股ETF数据获取器（腾讯财经版）启动
2026-04-26 12:45:47,417 [INFO] 时间: 2026-04-26 12:45:47
2026-04-26 12:45:47,417 [INFO] ============================================================
2026-04-26 12:45:47,436 [INFO]   数据量不足(754行)，将从2021年重新拉取
2026-04-26 12:45:47,437 [INFO]   数据量不足(871行)，将从2021年重新拉取
2026-04-26 12:45:47,438 [INFO]   数据量不足(660行)，将从2021年重新拉取
2026-04-26 12:45:47,438 [INFO]   数据量不足(417行)，将从2021年重新拉取
2026-04-26 12:45:47,439 [INFO]   数据量不足(687行)，将从2021年重新拉取
2026-04-26 12:45:47,440 [INFO] 待处理: 11 只ETF（本次最多处理 5 只）
2026-04-26 12:45:47,440 [INFO] 
▶ 南方A50ETF (02837) [优先级3, 现有754行, ok]
2026-04-26 12:45:47,550 [INFO] 腾讯接口 02837: 获取 5 天数据 (2026-04-20 ~ 2026-04-24)
2026-04-26 12:45:47,561 [INFO]   ✅ 成功: 总计 754 行, 最新 2026-04-24
2026-04-26 12:45:48,062 [INFO] 
▶ 华夏恒生ESG指数ETF (03039) [优先级3, 现有871行, ok]
2026-04-26 12:45:48,152 [INFO] 腾讯接口 03039: 获取 5 天数据 (2026-04-20 ~ 2026-04-24)
2026-04-26 12:45:48,161 [INFO]   ✅ 成功: 总计 871 行, 最新 2026-04-24
2026-04-26 12:45:48,662 [INFO] 
▶ 华夏恒生中国企业ETF (03060) [优先级3, 现有660行, ok]
2026-04-26 12:45:48,741 [INFO] 腾讯接口 03060: 获取 1 天数据 (2024-12-31 ~ 2024-12-31)
2026-04-26 12:45:48,749 [INFO]   ✅ 成功: 总计 660 行, 最新 2024-12-31
2026-04-26 12:45:49,250 [INFO] 
▶ iShares安硕富时A50中国指数ETF (02833) [优先级2, 现有417行, ok]
2026-04-26 12:45:49,319 [INFO] 腾讯接口 02833: 获取 5 天数据 (2022-09-05 ~ 2022-09-09)
2026-04-26 12:45:49,326 [INFO]   ✅ 成功: 总计 417 行, 最新 2022-09-09
2026-04-26 12:45:49,827 [INFO] 
▶ XDB中国ETF (02849) [优先级2, 现有687行, ok]
2026-04-26 12:45:50,049 [INFO] 腾讯接口 02849: 获取 4 天数据 (2024-09-19 ~ 2024-09-24)
2026-04-26 12:45:50,056 [INFO]   ✅ 成功: 总计 687 行, 最新 2024-09-24
2026-04-26 12:45:50,558 [INFO] 
============================================================
2026-04-26 12:45:50,558 [INFO] 本轮: 成功5, 失败0
2026-04-26 12:45:50,575 [INFO]   数据量不足(754行)，将从2021年重新拉取
2026-04-26 12:45:50,576 [INFO]   数据量不足(871行)，将从2021年重新拉取
2026-04-26 12:45:50,576 [INFO]   数据量不足(660行)，将从2021年重新拉取
2026-04-26 12:45:50,577 [INFO]   数据量不足(417行)，将从2021年重新拉取
2026-04-26 12:45:50,578 [INFO]   数据量不足(687行)，将从2021年重新拉取
2026-04-26 12:45:50,579 [INFO] 剩余待处理: 11 只
2026-04-26 12:45:50,579 [INFO] ============================================================
2026-04-26 12:45:58,706 [INFO]   数据量不足(754行)，将从2021年重新拉取
2026-04-26 12:45:58,707 [INFO]   数据量不足(871行)，将从2021年重新拉取
2026-04-26 12:45:58,708 [INFO]   数据量不足(660行)，将从2021年重新拉取
2026-04-26 12:45:58,709 [INFO]   数据量不足(417行)，将从2021年重新拉取
2026-04-26 12:45:58,710 [INFO]   数据量不足(687行)，将从2021年重新拉取
2026-04-26 13:00:27,143 [INFO] ============================================================
2026-04-26 13:00:27,143 [INFO] 港股ETF数据获取器（腾讯财经版）启动
2026-04-26 13:00:27,144 [INFO] 时间: 2026-04-26 13:00:27
2026-04-26 13:00:27,144 [INFO] ============================================================
2026-04-26 13:00:27,214 [INFO] 待处理: 4 只ETF（本次最多处理 5 只）
2026-04-26 13:00:27,214 [INFO] 
▶ 华夏恒生中国企业ETF (03060) [优先级3, 现有660行, ok]
2026-04-26 13:00:27,297 [INFO] 腾讯接口 03060: 获取 1 天数据 (2024-12-31 ~ 2024-12-31)
2026-04-26 13:00:27,311 [INFO]   ✅ 成功: 总计 660 行, 最新 2024-12-31
2026-04-26 13:00:27,812 [INFO] 
▶ iShares安硕富时A50中国指数ETF (02833) [优先级2, 现有417行, ok]
2026-04-26 13:00:27,895 [INFO] 腾讯接口 02833: 获取 5 天数据 (2022-09-05 ~ 2022-09-09)
2026-04-26 13:00:27,903 [INFO]   ✅ 成功: 总计 417 行, 最新 2022-09-09
2026-04-26 13:00:28,404 [INFO] 
▶ XDB中国ETF (02849) [优先级2, 现有687行, ok]
2026-04-26 13:00:28,496 [INFO] 腾讯接口 02849: 获取 4 天数据 (2024-09-19 ~ 2024-09-24)
2026-04-26 13:00:28,504 [INFO]   ✅ 成功: 总计 687 行, 最新 2024-09-24
2026-04-26 13:00:29,005 [INFO] 
▶ FXI(中国大盘ETF) (03049) [优先级2, 现有230行, ok]
2026-04-26 13:00:29,073 [INFO] 腾讯接口 03049: 获取 4 天数据 (2021-12-02 ~ 2021-12-07)
2026-04-26 13:00:29,096 [INFO]   ✅ 成功: 总计 230 行, 最新 2021-12-07
2026-04-26 13:00:29,598 [INFO] 
============================================================
2026-04-26 13:00:29,598 [INFO] 本轮: 成功4, 失败0
2026-04-26 13:00:29,624 [INFO] 剩余待处理: 4 只
2026-04-26 13:00:29,624 [INFO] ============================================================
2026-04-26 13:30:06,312 [INFO] ============================================================
2026-04-26 13:30:06,312 [INFO] 港股ETF数据获取器（腾讯财经版）启动
2026-04-26 13:30:06,312 [INFO] 时间: 2026-04-26 13:30:06
2026-04-26 13:30:06,312 [INFO] ============================================================
2026-04-26 13:30:06,349 [INFO] 待处理: 3 只ETF（本次最多处理 5 只）
2026-04-26 13:30:06,349 [INFO] 
▶ iShares安硕富时A50中国指数ETF (02833) [优先级2, 现有4429行, ok]
2026-04-26 13:30:06,641 [INFO] 腾讯接口 02833: 获取 5 天数据 (2022-09-05 ~ 2022-09-09)
2026-04-26 13:30:06,669 [INFO]   ✅ 成功: 总计 4429 行, 最新 2022-09-09
2026-04-26 13:30:07,170 [INFO] 
▶ XDB中国ETF (02849) [优先级2, 现有687行, ok]
2026-04-26 13:30:07,256 [INFO] 腾讯接口 02849: 获取 4 天数据 (2024-09-19 ~ 2024-09-24)
2026-04-26 13:30:07,264 [INFO]   ✅ 成功: 总计 687 行, 最新 2024-09-24
2026-04-26 13:30:07,765 [INFO] 
▶ FXI(中国大盘ETF) (03049) [优先级2, 现有2689行, ok]
2026-04-26 13:30:07,968 [INFO] 腾讯接口 03049: 获取 4 天数据 (2021-12-02 ~ 2021-12-07)
2026-04-26 13:30:08,012 [INFO]   ✅ 成功: 总计 2689 行, 最新 2021-12-07
2026-04-26 13:30:08,514 [INFO] 
============================================================
2026-04-26 13:30:08,514 [INFO] 本轮: 成功3, 失败0
2026-04-26 13:30:08,537 [INFO] 剩余待处理: 3 只
2026-04-26 13:30:08,537 [INFO] ============================================================
2026-04-26 13:30:18,035 [INFO] ============================================================
2026-04-26 13:30:18,035 [INFO] 港股ETF数据获取器（腾讯财经版）启动
2026-04-26 13:30:18,035 [INFO] 时间: 2026-04-26 13:30:18
2026-04-26 13:30:18,035 [INFO] ============================================================
2026-04-26 13:30:18,105 [INFO] 待处理: 3 只ETF（本次最多处理 5 只）
2026-04-26 13:30:18,106 [INFO] 
▶ iShares安硕富时A50中国指数ETF (02833) [优先级2, 现有4429行, ok]
2026-04-26 13:30:18,228 [INFO] 腾讯接口 02833: 获取 5 天数据 (2022-09-05 ~ 2022-09-09)
2026-04-26 13:30:18,257 [INFO]   ✅ 成功: 总计 4429 行, 最新 2022-09-09
2026-04-26 13:30:18,758 [INFO] 
▶ XDB中国ETF (02849) [优先级2, 现有687行, ok]
2026-04-26 13:30:18,995 [INFO] 腾讯接口 02849: 获取 4 天数据 (2024-09-19 ~ 2024-09-24)
2026-04-26 13:30:19,004 [INFO]   ✅ 成功: 总计 687 行, 最新 2024-09-24
2026-04-26 13:30:19,505 [INFO] 
▶ FXI(中国大盘ETF) (03049) [优先级2, 现有2689行, ok]
2026-04-26 13:30:19,713 [INFO] 腾讯接口 03049: 获取 4 天数据 (2021-12-02 ~ 2021-12-07)
2026-04-26 13:30:19,731 [INFO]   ✅ 成功: 总计 2689 行, 最新 2021-12-07
2026-04-26 13:30:20,233 [INFO] 
============================================================
2026-04-26 13:30:20,233 [INFO] 本轮: 成功3, 失败0
2026-04-26 13:30:20,255 [INFO] 剩余待处理: 3 只
2026-04-26 13:30:20,255 [INFO] ============================================================
