2026-04-29 17:58:03,457 [INFO] === A股全市场数据补全 ===
2026-04-29 17:58:03,457 [INFO] 目标: 3270只, 已有: 544只, 缺口: 2772只
2026-04-29 17:58:03,457 [INFO] 本次需下载: 2772只 (已跳过0只)
2026-04-29 17:58:03,457 [INFO] 批次 1/28: 下载 100只 (sh600000~sh600207)
2026-04-29 17:58:20,401 [INFO] 批次完成: 成功100, 失败0, 累计成功100/2772
2026-04-29 17:58:22,402 [INFO] 批次 2/28: 下载 100只 (sh600210~sh600461)
2026-04-29 17:58:40,245 [INFO] 批次完成: 成功100, 失败0, 累计成功200/2772
2026-04-29 17:58:42,245 [INFO] 批次 3/28: 下载 100只 (sh600468~sh600686)
2026-04-29 17:59:02,116 [INFO] 批次完成: 成功100, 失败0, 累计成功300/2772
2026-04-29 17:59:04,116 [INFO] 批次 4/28: 下载 100只 (sh600690~sh600908)
2026-04-29 17:59:20,549 [INFO] 批次完成: 成功100, 失败0, 累计成功400/2772
2026-04-29 17:59:22,549 [INFO] 批次 5/28: 下载 100只 (sh600916~sh601326)
2026-04-29 17:59:37,285 [INFO] 批次完成: 成功100, 失败0, 累计成功500/2772
2026-04-29 17:59:39,285 [INFO] 批次 6/28: 下载 100只 (sh601328~sh603009)
2026-04-29 17:59:58,408 [INFO] 批次完成: 成功100, 失败0, 累计成功600/2772
2026-04-29 18:00:00,409 [INFO] 批次 7/28: 下载 100只 (sh603010~sh603256)
2026-04-29 18:00:13,325 [INFO] 批次完成: 成功100, 失败0, 累计成功700/2772
2026-04-29 18:00:15,326 [INFO] 批次 8/28: 下载 100只 (sh603258~sh603662)
2026-04-29 18:00:27,787 [INFO] 批次完成: 成功100, 失败0, 累计成功800/2772
2026-04-29 18:00:29,787 [INFO] 批次 9/28: 下载 100只 (sh603663~sh605128)
2026-04-29 18:00:49,202 [INFO] 批次完成: 成功100, 失败0, 累计成功900/2772
2026-04-29 18:00:51,203 [INFO] 批次 10/28: 下载 100只 (sh605133~sh688126)
2026-04-29 18:01:00,521 [INFO] 批次完成: 成功100, 失败0, 累计成功1000/2772
2026-04-29 18:01:02,521 [INFO] 批次 11/28: 下载 100只 (sh688127~sh688343)
2026-04-29 18:01:11,202 [INFO] 批次完成: 成功100, 失败0, 累计成功1100/2772
2026-04-29 18:01:13,203 [INFO] 批次 12/28: 下载 100只 (sh688347~sh688606)
2026-04-29 18:01:20,094 [INFO] 批次完成: 成功100, 失败0, 累计成功1200/2772
2026-04-29 18:01:22,094 [INFO] 批次 13/28: 下载 100只 (sh688608~sz000158)
2026-04-29 18:01:32,311 [INFO] 批次完成: 成功100, 失败0, 累计成功1300/2772
2026-04-29 18:01:34,311 [INFO] 批次 14/28: 下载 100只 (sz000166~sz000751)
2026-04-29 18:01:50,747 [INFO] 批次完成: 成功100, 失败0, 累计成功1400/2772
2026-04-29 18:01:52,747 [INFO] 批次 15/28: 下载 100只 (sz000753~sz001221)
2026-04-29 18:02:10,598 [INFO] 批次完成: 成功100, 失败0, 累计成功1500/2772
2026-04-29 18:02:12,598 [INFO] 批次 16/28: 下载 100只 (sz001233~sz002081)
2026-04-29 18:02:24,482 [INFO] 批次完成: 成功98, 失败0, 累计成功1598/2772
2026-04-29 18:02:26,483 [INFO] 批次 17/28: 下载 100只 (sz002082~sz002241)
2026-04-29 18:02:43,166 [INFO] 批次完成: 成功100, 失败0, 累计成功1698/2772
2026-04-29 18:02:45,166 [INFO] 批次 18/28: 下载 100只 (sz002242~sz002422)
2026-04-29 18:03:00,920 [INFO] 批次完成: 成功100, 失败0, 累计成功1798/2772
2026-04-29 18:03:02,921 [INFO] 批次 19/28: 下载 100只 (sz002426~sz002617)
2026-04-29 18:03:19,183 [INFO] 批次完成: 成功100, 失败0, 累计成功1898/2772
2026-04-29 18:03:21,183 [INFO] 批次 20/28: 下载 100只 (sz002626~sz002865)
2026-04-29 18:03:37,863 [INFO] 批次完成: 成功100, 失败0, 累计成功1998/2772
2026-04-29 18:03:39,863 [INFO] 批次 21/28: 下载 100只 (sz002866~sz300041)
2026-04-29 18:03:52,166 [INFO] 批次完成: 成功100, 失败0, 累计成功2098/2772
2026-04-29 18:03:54,166 [INFO] 批次 22/28: 下载 100只 (sz300042~sz300248)
2026-04-29 18:04:11,919 [INFO] 批次完成: 成功100, 失败0, 累计成功2198/2772
2026-04-29 18:04:13,919 [INFO] 批次 23/28: 下载 100只 (sz300249~sz300442)
2026-04-29 18:04:28,607 [INFO] 批次完成: 成功100, 失败0, 累计成功2298/2772
2026-04-29 18:04:30,608 [INFO] 批次 24/28: 下载 100只 (sz300443~sz300661)
2026-04-29 18:04:44,384 [INFO] 批次完成: 成功100, 失败0, 累计成功2398/2772
2026-04-29 18:04:46,384 [INFO] 批次 25/28: 下载 100只 (sz300662~sz300847)
2026-04-29 18:04:57,500 [INFO] 批次完成: 成功100, 失败0, 累计成功2498/2772
2026-04-29 18:04:59,501 [INFO] 批次 26/28: 下载 100只 (sz300848~sz301116)
2026-04-29 18:05:06,709 [INFO] 批次完成: 成功100, 失败0, 累计成功2598/2772
2026-04-29 18:05:08,710 [INFO] 批次 27/28: 下载 100只 (sz301120~sz301398)
2026-04-29 18:05:15,642 [INFO] 批次完成: 成功100, 失败0, 累计成功2698/2772
2026-04-29 18:05:17,642 [INFO] 批次 28/28: 下载 72只 (sz301408~sz301687)
2026-04-29 18:05:21,602 [INFO] 批次完成: 成功68, 失败0, 累计成功2766/2772
2026-04-29 18:05:21,602 [INFO] === 下载完成 === 总成功: 2766, 总失败: 0
2026-04-29 19:04:11,497 [INFO] 正在更新A股代码列表...
2026-04-29 19:04:11,497 [INFO] 获取沪深300成分股...
2026-04-29 19:04:12,226 [INFO] 沪深300: 301只
2026-04-29 19:04:12,226 [INFO] 获取沪股通成分股...
2026-04-29 19:04:12,677 [INFO]   沪股通 offset=0: +100只
2026-04-29 19:04:13,167 [INFO]   沪股通 offset=100: +100只
2026-04-29 19:04:13,746 [INFO]   沪股通 offset=200: +100只
2026-04-29 19:04:14,314 [INFO]   沪股通 offset=300: +100只
2026-04-29 19:04:14,751 [INFO]   沪股通 offset=400: +100只
2026-04-29 19:04:15,327 [INFO]   沪股通 offset=500: +100只
2026-04-29 19:04:15,916 [INFO]   沪股通 offset=600: +100只
2026-04-29 19:04:16,482 [INFO]   沪股通 offset=700: +100只
2026-04-29 19:04:16,925 [INFO]   沪股通 offset=800: +100只
2026-04-29 19:04:17,357 [INFO]   沪股通 offset=900: +100只
2026-04-29 19:04:17,964 [INFO]   沪股通 offset=1000: +100只
2026-04-29 19:04:18,404 [INFO]   沪股通 offset=1100: +100只
2026-04-29 19:04:18,900 [INFO]   沪股通 offset=1200: +100只
2026-04-29 19:04:20,786 [INFO]   沪股通 offset=1300: +100只
2026-04-29 19:04:21,277 [INFO]   沪股通 offset=1400: +100只
2026-04-29 19:04:21,852 [INFO]   沪股通 offset=1500: +40只
2026-04-29 19:04:21,852 [INFO] 获取深股通成分股...
2026-04-29 19:04:22,536 [INFO]   深股通 offset=0: +100只
2026-04-29 19:04:23,188 [INFO]   深股通 offset=100: +100只
2026-04-29 19:04:23,666 [INFO]   深股通 offset=200: +100只
2026-04-29 19:04:24,233 [INFO]   深股通 offset=300: +100只
2026-04-29 19:04:24,695 [INFO]   深股通 offset=400: +100只
2026-04-29 19:04:25,273 [INFO]   深股通 offset=500: +100只
2026-04-29 19:04:25,730 [INFO]   深股通 offset=600: +100只
2026-04-29 19:04:26,208 [INFO]   深股通 offset=700: +100只
2026-04-29 19:04:26,677 [INFO]   深股通 offset=800: +100只
2026-04-29 19:04:27,256 [INFO]   深股通 offset=900: +100只
2026-04-29 19:04:27,829 [INFO]   深股通 offset=1000: +100只
2026-04-29 19:04:28,283 [INFO]   深股通 offset=1100: +100只
2026-04-29 19:04:28,872 [INFO]   深股通 offset=1200: +100只
2026-04-29 19:04:29,327 [INFO]   深股通 offset=1300: +100只
2026-04-29 19:04:29,779 [INFO]   深股通 offset=1400: +100只
2026-04-29 19:04:30,256 [INFO]   深股通 offset=1500: +100只
2026-04-29 19:04:30,725 [INFO]   深股通 offset=1600: +100只
2026-04-29 19:04:31,588 [INFO]   深股通 offset=1700: +27只
2026-04-29 19:04:31,588 [INFO] 代码列表已更新: 2只 -> /tmp/all_cn_stock_codes.txt
2026-04-29 19:04:31,588 [INFO] === A股全市场数据补全 ===
2026-04-29 19:04:31,588 [INFO] 目标: 2只, 已有: 0只, 缺口: 2只
2026-04-29 19:04:31,589 [INFO] 本次需下载: 2只 (已跳过0只)
2026-04-29 19:04:31,589 [INFO] 批次 1/1: 下载 2只 (sh~sz)
2026-04-29 19:04:32,575 [INFO] 批次完成: 成功0, 失败2, 累计成功0/2
2026-04-29 19:04:32,575 [INFO] === 下载完成 === 总成功: 0, 总失败: 2
2026-04-29 19:05:49,662 [INFO] === A股全市场数据补全 ===
2026-04-29 19:05:49,662 [INFO] 目标: 2620只, 已有: 0只, 缺口: 2620只
2026-04-29 19:05:49,663 [INFO] 本次需下载: 2620只 (已跳过0只)
2026-04-29 19:05:49,663 [INFO] 批次 1/27: 下载 100只 (sh600000~sh600241)
2026-04-29 19:06:07,876 [INFO] 批次完成: 成功100, 失败0, 累计成功100/2620
2026-04-29 19:06:09,876 [INFO] 批次 2/27: 下载 100只 (sh600252~sh600523)
2026-04-29 19:06:26,913 [INFO] 批次完成: 成功100, 失败0, 累计成功200/2620
2026-04-29 19:06:28,913 [INFO] 批次 3/27: 下载 100只 (sh600525~sh600793)
2026-04-29 19:06:45,309 [INFO] 批次完成: 成功100, 失败0, 累计成功300/2620
2026-04-29 19:06:47,309 [INFO] 批次 4/27: 下载 100只 (sh600794~sh601121)
2026-04-29 19:07:01,524 [INFO] 批次完成: 成功99, 失败0, 累计成功399/2620
2026-04-29 19:07:03,524 [INFO] 批次 5/27: 下载 100只 (sh601128~sh601998)
2026-04-29 19:07:18,439 [INFO] 批次完成: 成功100, 失败0, 累计成功499/2620
2026-04-29 19:07:20,439 [INFO] 批次 6/27: 下载 100只 (sh603000~sh603290)
2026-04-29 19:07:31,174 [INFO] 批次完成: 成功99, 失败0, 累计成功598/2620
2026-04-29 19:07:33,174 [INFO] 批次 7/27: 下载 100只 (sh603291~sh603687)
2026-04-29 19:07:44,251 [INFO] 批次完成: 成功100, 失败0, 累计成功698/2620
2026-04-29 19:07:46,251 [INFO] 批次 8/27: 下载 100只 (sh603688~sh605050)
2026-04-29 19:07:58,642 [INFO] 批次完成: 成功100, 失败0, 累计成功798/2620
2026-04-29 19:08:00,642 [INFO] 批次 9/27: 下载 100只 (sh605068~sh688120)
2026-04-29 19:08:08,544 [INFO] 批次完成: 成功100, 失败0, 累计成功898/2620
2026-04-29 19:08:10,544 [INFO] 批次 10/27: 下载 100只 (sh688121~sh688353)
2026-04-29 19:08:17,477 [INFO] 批次完成: 成功100, 失败0, 累计成功998/2620
2026-04-29 19:08:19,477 [INFO] 批次 11/27: 下载 100只 (sh688357~sh688669)
2026-04-29 19:08:26,520 [INFO] 批次完成: 成功100, 失败0, 累计成功1098/2620
2026-04-29 19:08:28,520 [INFO] 批次 12/27: 下载 100只 (sh688680~sz000526)
2026-04-29 19:08:40,209 [INFO] 批次完成: 成功95, 失败0, 累计成功1193/2620
2026-04-29 19:08:42,209 [INFO] 批次 13/27: 下载 100只 (sz000528~sz000852)
2026-04-29 19:08:58,050 [INFO] 批次完成: 成功100, 失败0, 累计成功1293/2620
2026-04-29 19:09:00,050 [INFO] 批次 14/27: 下载 100只 (sz000862~sz001367)
2026-04-29 19:09:11,595 [INFO] 批次完成: 成功97, 失败0, 累计成功1390/2620
2026-04-29 19:09:13,595 [INFO] 批次 15/27: 下载 100只 (sz001369~sz002198)
2026-04-29 19:09:29,226 [INFO] 批次完成: 成功99, 失败0, 累计成功1489/2620
2026-04-29 19:09:31,226 [INFO] 批次 16/27: 下载 100只 (sz002203~sz002385)
2026-04-29 19:09:48,684 [INFO] 批次完成: 成功100, 失败0, 累计成功1589/2620
2026-04-29 19:09:50,684 [INFO] 批次 17/27: 下载 100只 (sz002387~sz002576)
2026-04-29 19:10:08,497 [INFO] 批次完成: 成功100, 失败0, 累计成功1689/2620
2026-04-29 19:10:10,497 [INFO] 批次 18/27: 下载 100只 (sz002577~sz002818)
2026-04-29 19:10:24,505 [INFO] 批次完成: 成功100, 失败0, 累计成功1789/2620
2026-04-29 19:10:26,505 [INFO] 批次 19/27: 下载 100只 (sz002821~sz003021)
2026-04-29 19:10:37,314 [INFO] 批次完成: 成功100, 失败0, 累计成功1889/2620
2026-04-29 19:10:39,314 [INFO] 批次 20/27: 下载 100只 (sz003022~sz300188)
2026-04-29 19:10:55,167 [INFO] 批次完成: 成功100, 失败0, 累计成功1989/2620
2026-04-29 19:10:57,167 [INFO] 批次 21/27: 下载 100只 (sz300194~sz300408)
2026-04-29 19:11:11,615 [INFO] 批次完成: 成功100, 失败0, 累计成功2089/2620
2026-04-29 19:11:13,615 [INFO] 批次 22/27: 下载 100只 (sz300410~sz300595)
2026-04-29 19:11:26,093 [INFO] 批次完成: 成功100, 失败0, 累计成功2189/2620
2026-04-29 19:11:28,093 [INFO] 批次 23/27: 下载 100只 (sz300596~sz300816)
2026-04-29 19:11:38,656 [INFO] 批次完成: 成功100, 失败0, 累计成功2289/2620
2026-04-29 19:11:40,656 [INFO] 批次 24/27: 下载 100只 (sz300819~sz301029)
2026-04-29 19:11:48,165 [INFO] 批次完成: 成功100, 失败0, 累计成功2389/2620
2026-04-29 19:11:50,165 [INFO] 批次 25/27: 下载 100只 (sz301031~sz301252)
2026-04-29 19:11:58,274 [INFO] 批次完成: 成功100, 失败0, 累计成功2489/2620
2026-04-29 19:12:00,274 [INFO] 批次 26/27: 下载 100只 (sz301261~sz301586)
2026-04-29 19:12:06,540 [INFO] 批次完成: 成功100, 失败0, 累计成功2589/2620
2026-04-29 19:12:08,540 [INFO] 批次 27/27: 下载 20只 (sz301587~sz301683)
2026-04-29 19:12:09,871 [INFO] 批次完成: 成功19, 失败0, 累计成功2608/2620
2026-04-29 19:12:09,871 [INFO] === 下载完成 === 总成功: 2608, 总失败: 0
